performance-test	UNKNOWN STEP	ï»¿2025-09-29T16:04:49.1970933Z Current runner version: '2.328.0'
performance-test	UNKNOWN STEP	2025-09-29T16:04:49.2005377Z ##[group]Runner Image Provisioner
performance-test	UNKNOWN STEP	2025-09-29T16:04:49.2006627Z Hosted Compute Agent
performance-test	UNKNOWN STEP	2025-09-29T16:04:49.2007537Z Version: 20250912.392
performance-test	UNKNOWN STEP	2025-09-29T16:04:49.2008695Z Commit: d921fda672a98b64f4f82364647e2f10b2267d0b
performance-test	UNKNOWN STEP	2025-09-29T16:04:49.2009914Z Build Date: 2025-09-12T15:23:14Z
performance-test	UNKNOWN STEP	2025-09-29T16:04:49.2010946Z ##[endgroup]
performance-test	UNKNOWN STEP	2025-09-29T16:04:49.2011899Z ##[group]Operating System
performance-test	UNKNOWN STEP	2025-09-29T16:04:49.2012892Z Ubuntu
performance-test	UNKNOWN STEP	2025-09-29T16:04:49.2013668Z 24.04.3
performance-test	UNKNOWN STEP	2025-09-29T16:04:49.2014552Z LTS
performance-test	UNKNOWN STEP	2025-09-29T16:04:49.2015584Z ##[endgroup]
performance-test	UNKNOWN STEP	2025-09-29T16:04:49.2016544Z ##[group]Runner Image
performance-test	UNKNOWN STEP	2025-09-29T16:04:49.2017680Z Image: ubuntu-24.04
performance-test	UNKNOWN STEP	2025-09-29T16:04:49.2018531Z Version: 20250922.53.1
performance-test	UNKNOWN STEP	2025-09-29T16:04:49.2020305Z Included Software: https://github.com/actions/runner-images/blob/ubuntu24/20250922.53/images/ubuntu/Ubuntu2404-Readme.md
performance-test	UNKNOWN STEP	2025-09-29T16:04:49.2023108Z Image Release: https://github.com/actions/runner-images/releases/tag/ubuntu24%2F20250922.53
performance-test	UNKNOWN STEP	2025-09-29T16:04:49.2024813Z ##[endgroup]
performance-test	UNKNOWN STEP	2025-09-29T16:04:49.2029359Z ##[group]GITHUB_TOKEN Permissions
performance-test	UNKNOWN STEP	2025-09-29T16:04:49.2032452Z Actions: write
performance-test	UNKNOWN STEP	2025-09-29T16:04:49.2033352Z Attestations: write
performance-test	UNKNOWN STEP	2025-09-29T16:04:49.2034173Z Checks: write
performance-test	UNKNOWN STEP	2025-09-29T16:04:49.2035002Z Contents: write
performance-test	UNKNOWN STEP	2025-09-29T16:04:49.2036072Z Deployments: write
performance-test	UNKNOWN STEP	2025-09-29T16:04:49.2036869Z Discussions: write
performance-test	UNKNOWN STEP	2025-09-29T16:04:49.2037892Z Issues: write
performance-test	UNKNOWN STEP	2025-09-29T16:04:49.2038639Z Metadata: read
performance-test	UNKNOWN STEP	2025-09-29T16:04:49.2039453Z Models: read
performance-test	UNKNOWN STEP	2025-09-29T16:04:49.2040385Z Packages: write
performance-test	UNKNOWN STEP	2025-09-29T16:04:49.2041260Z Pages: write
performance-test	UNKNOWN STEP	2025-09-29T16:04:49.2042064Z PullRequests: write
performance-test	UNKNOWN STEP	2025-09-29T16:04:49.2043177Z RepositoryProjects: write
performance-test	UNKNOWN STEP	2025-09-29T16:04:49.2044157Z SecurityEvents: write
performance-test	UNKNOWN STEP	2025-09-29T16:04:49.2045321Z Statuses: write
performance-test	UNKNOWN STEP	2025-09-29T16:04:49.2046339Z ##[endgroup]
performance-test	UNKNOWN STEP	2025-09-29T16:04:49.2049308Z Secret source: Actions
performance-test	UNKNOWN STEP	2025-09-29T16:04:49.2050624Z Prepare workflow directory
performance-test	UNKNOWN STEP	2025-09-29T16:04:49.2526045Z Prepare all required actions
performance-test	UNKNOWN STEP	2025-09-29T16:04:49.2583545Z Getting action download info
performance-test	UNKNOWN STEP	2025-09-29T16:04:49.4899473Z Download action repository 'actions/checkout@v4' (SHA:08eba0b27e820071cde6df949e0beb9ba4906955)
performance-test	UNKNOWN STEP	2025-09-29T16:04:49.5648975Z Download action repository 'actions/upload-artifact@v4' (SHA:ea165f8d65b6e75b540449e92b4886f43607fa02)
performance-test	UNKNOWN STEP	2025-09-29T16:04:49.9940269Z Complete job name: performance-test
performance-test	UNKNOWN STEP	2025-09-29T16:04:50.0699602Z ##[group]Run actions/checkout@v4
performance-test	UNKNOWN STEP	2025-09-29T16:04:50.0700517Z with:
performance-test	UNKNOWN STEP	2025-09-29T16:04:50.0700968Z   repository: ClanClanClanClan/latex_perf
performance-test	UNKNOWN STEP	2025-09-29T16:04:50.0701745Z   token: ***
performance-test	UNKNOWN STEP	2025-09-29T16:04:50.0702158Z   ssh-strict: true
performance-test	UNKNOWN STEP	2025-09-29T16:04:50.0702566Z   ssh-user: git
performance-test	UNKNOWN STEP	2025-09-29T16:04:50.0702992Z   persist-credentials: true
performance-test	UNKNOWN STEP	2025-09-29T16:04:50.0703524Z   clean: true
performance-test	UNKNOWN STEP	2025-09-29T16:04:50.0703954Z   sparse-checkout-cone-mode: true
performance-test	UNKNOWN STEP	2025-09-29T16:04:50.0704466Z   fetch-depth: 1
performance-test	UNKNOWN STEP	2025-09-29T16:04:50.0704874Z   fetch-tags: false
performance-test	UNKNOWN STEP	2025-09-29T16:04:50.0705467Z   show-progress: true
performance-test	UNKNOWN STEP	2025-09-29T16:04:50.0705906Z   lfs: false
performance-test	UNKNOWN STEP	2025-09-29T16:04:50.0706342Z   submodules: false
performance-test	UNKNOWN STEP	2025-09-29T16:04:50.0706793Z   set-safe-directory: true
performance-test	UNKNOWN STEP	2025-09-29T16:04:50.0707525Z ##[endgroup]
performance-test	UNKNOWN STEP	2025-09-29T16:04:50.1779831Z Syncing repository: ClanClanClanClan/latex_perf
performance-test	UNKNOWN STEP	2025-09-29T16:04:50.1781756Z ##[group]Getting Git version info
performance-test	UNKNOWN STEP	2025-09-29T16:04:50.1782786Z Working directory is '/home/runner/work/latex_perf/latex_perf'
performance-test	UNKNOWN STEP	2025-09-29T16:04:50.1783821Z [command]/usr/bin/git version
performance-test	UNKNOWN STEP	2025-09-29T16:04:50.1832715Z git version 2.51.0
performance-test	UNKNOWN STEP	2025-09-29T16:04:50.1859897Z ##[endgroup]
performance-test	UNKNOWN STEP	2025-09-29T16:04:50.1873622Z Temporarily overriding HOME='/home/runner/work/_temp/45bd0a81-a0e4-4efc-ba21-0f6661b344cc' before making global git config changes
performance-test	UNKNOWN STEP	2025-09-29T16:04:50.1875080Z Adding repository directory to the temporary git global config as a safe directory
performance-test	UNKNOWN STEP	2025-09-29T16:04:50.1879042Z [command]/usr/bin/git config --global --add safe.directory /home/runner/work/latex_perf/latex_perf
performance-test	UNKNOWN STEP	2025-09-29T16:04:50.1914970Z Deleting the contents of '/home/runner/work/latex_perf/latex_perf'
performance-test	UNKNOWN STEP	2025-09-29T16:04:50.1920151Z ##[group]Initializing the repository
performance-test	UNKNOWN STEP	2025-09-29T16:04:50.1924244Z [command]/usr/bin/git init /home/runner/work/latex_perf/latex_perf
performance-test	UNKNOWN STEP	2025-09-29T16:04:50.1990742Z hint: Using 'master' as the name for the initial branch. This default branch name
performance-test	UNKNOWN STEP	2025-09-29T16:04:50.1992885Z hint: is subject to change. To configure the initial branch name to use in all
performance-test	UNKNOWN STEP	2025-09-29T16:04:50.1994808Z hint: of your new repositories, which will suppress this warning, call:
performance-test	UNKNOWN STEP	2025-09-29T16:04:50.1996400Z hint:
performance-test	UNKNOWN STEP	2025-09-29T16:04:50.1997395Z hint: 	git config --global init.defaultBranch <name>
performance-test	UNKNOWN STEP	2025-09-29T16:04:50.1998523Z hint:
performance-test	UNKNOWN STEP	2025-09-29T16:04:50.1999611Z hint: Names commonly chosen instead of 'master' are 'main', 'trunk' and
performance-test	UNKNOWN STEP	2025-09-29T16:04:50.2001467Z hint: 'development'. The just-created branch can be renamed via this command:
performance-test	UNKNOWN STEP	2025-09-29T16:04:50.2002913Z hint:
performance-test	UNKNOWN STEP	2025-09-29T16:04:50.2003633Z hint: 	git branch -m <name>
performance-test	UNKNOWN STEP	2025-09-29T16:04:50.2004522Z hint:
performance-test	UNKNOWN STEP	2025-09-29T16:04:50.2005952Z hint: Disable this message with "git config set advice.defaultBranchName false"
performance-test	UNKNOWN STEP	2025-09-29T16:04:50.2008034Z Initialized empty Git repository in /home/runner/work/latex_perf/latex_perf/.git/
performance-test	UNKNOWN STEP	2025-09-29T16:04:50.2011171Z [command]/usr/bin/git remote add origin https://github.com/ClanClanClanClan/latex_perf
performance-test	UNKNOWN STEP	2025-09-29T16:04:50.2042698Z ##[endgroup]
performance-test	UNKNOWN STEP	2025-09-29T16:04:50.2044157Z ##[group]Disabling automatic garbage collection
performance-test	UNKNOWN STEP	2025-09-29T16:04:50.2046846Z [command]/usr/bin/git config --local gc.auto 0
performance-test	UNKNOWN STEP	2025-09-29T16:04:50.2078078Z ##[endgroup]
performance-test	UNKNOWN STEP	2025-09-29T16:04:50.2079442Z ##[group]Setting up auth
performance-test	UNKNOWN STEP	2025-09-29T16:04:50.2085098Z [command]/usr/bin/git config --local --name-only --get-regexp core\.sshCommand
performance-test	UNKNOWN STEP	2025-09-29T16:04:50.2117715Z [command]/usr/bin/git submodule foreach --recursive sh -c "git config --local --name-only --get-regexp 'core\.sshCommand' && git config --local --unset-all 'core.sshCommand' || :"
performance-test	UNKNOWN STEP	2025-09-29T16:04:50.2410187Z [command]/usr/bin/git config --local --name-only --get-regexp http\.https\:\/\/github\.com\/\.extraheader
performance-test	UNKNOWN STEP	2025-09-29T16:04:50.2443837Z [command]/usr/bin/git submodule foreach --recursive sh -c "git config --local --name-only --get-regexp 'http\.https\:\/\/github\.com\/\.extraheader' && git config --local --unset-all 'http.https://github.com/.extraheader' || :"
performance-test	UNKNOWN STEP	2025-09-29T16:04:50.2696418Z [command]/usr/bin/git config --local http.https://github.com/.extraheader AUTHORIZATION: basic ***
performance-test	UNKNOWN STEP	2025-09-29T16:04:50.2735754Z ##[endgroup]
performance-test	UNKNOWN STEP	2025-09-29T16:04:50.2737156Z ##[group]Fetching the repository
performance-test	UNKNOWN STEP	2025-09-29T16:04:50.2745407Z [command]/usr/bin/git -c protocol.version=2 fetch --no-tags --prune --no-recurse-submodules --depth=1 origin +e167bb188a8890254dc95f21c9cfe762eb605444:refs/remotes/pull/4/merge
performance-test	UNKNOWN STEP	2025-09-29T16:04:50.5767792Z From https://github.com/ClanClanClanClan/latex_perf
performance-test	UNKNOWN STEP	2025-09-29T16:04:50.5770278Z  * [new ref]         e167bb188a8890254dc95f21c9cfe762eb605444 -> pull/4/merge
performance-test	UNKNOWN STEP	2025-09-29T16:04:50.5798883Z ##[endgroup]
performance-test	UNKNOWN STEP	2025-09-29T16:04:50.5799609Z ##[group]Determining the checkout info
performance-test	UNKNOWN STEP	2025-09-29T16:04:50.5801863Z ##[endgroup]
performance-test	UNKNOWN STEP	2025-09-29T16:04:50.5808064Z [command]/usr/bin/git sparse-checkout disable
performance-test	UNKNOWN STEP	2025-09-29T16:04:50.5846529Z [command]/usr/bin/git config --local --unset-all extensions.worktreeConfig
performance-test	UNKNOWN STEP	2025-09-29T16:04:50.5875016Z ##[group]Checking out the ref
performance-test	UNKNOWN STEP	2025-09-29T16:04:50.5879421Z [command]/usr/bin/git checkout --progress --force refs/remotes/pull/4/merge
performance-test	UNKNOWN STEP	2025-09-29T16:04:50.6301904Z Note: switching to 'refs/remotes/pull/4/merge'.
performance-test	UNKNOWN STEP	2025-09-29T16:04:50.6302747Z 
performance-test	UNKNOWN STEP	2025-09-29T16:04:50.6303338Z You are in 'detached HEAD' state. You can look around, make experimental
performance-test	UNKNOWN STEP	2025-09-29T16:04:50.6304831Z changes and commit them, and you can discard any commits you make in this
performance-test	UNKNOWN STEP	2025-09-29T16:04:50.6306189Z state without impacting any branches by switching back to a branch.
performance-test	UNKNOWN STEP	2025-09-29T16:04:50.6306727Z 
performance-test	UNKNOWN STEP	2025-09-29T16:04:50.6307088Z If you want to create a new branch to retain commits you create, you may
performance-test	UNKNOWN STEP	2025-09-29T16:04:50.6307945Z do so (now or later) by using -c with the switch command. Example:
performance-test	UNKNOWN STEP	2025-09-29T16:04:50.6308418Z 
performance-test	UNKNOWN STEP	2025-09-29T16:04:50.6308706Z   git switch -c <new-branch-name>
performance-test	UNKNOWN STEP	2025-09-29T16:04:50.6309675Z 
performance-test	UNKNOWN STEP	2025-09-29T16:04:50.6310005Z Or undo this operation with:
performance-test	UNKNOWN STEP	2025-09-29T16:04:50.6310341Z 
performance-test	UNKNOWN STEP	2025-09-29T16:04:50.6310558Z   git switch -
performance-test	UNKNOWN STEP	2025-09-29T16:04:50.6310862Z 
performance-test	UNKNOWN STEP	2025-09-29T16:04:50.6311326Z Turn off this advice by setting config variable advice.detachedHead to false
performance-test	UNKNOWN STEP	2025-09-29T16:04:50.6311900Z 
performance-test	UNKNOWN STEP	2025-09-29T16:04:50.6312541Z HEAD is now at e167bb1 Merge 480a98b5e7688b73fa82795a80fa3b941cc2ef25 into 92bdfe28e9a19447735918ce6f6c8395415acf11
performance-test	UNKNOWN STEP	2025-09-29T16:04:50.6314834Z ##[endgroup]
performance-test	UNKNOWN STEP	2025-09-29T16:04:50.6348658Z [command]/usr/bin/git log -1 --format=%H
performance-test	UNKNOWN STEP	2025-09-29T16:04:50.6371703Z e167bb188a8890254dc95f21c9cfe762eb605444
performance-test	UNKNOWN STEP	2025-09-29T16:04:50.6672885Z Prepare all required actions
performance-test	UNKNOWN STEP	2025-09-29T16:04:50.6673679Z Getting action download info
performance-test	UNKNOWN STEP	2025-09-29T16:04:50.8134973Z Download action repository 'ocaml/setup-ocaml@v2' (SHA:8cc6339f55862749298d198ef84788b8d6acdacc)
performance-test	UNKNOWN STEP	2025-09-29T16:04:51.4698215Z ##[group]Run ./.github/actions/setup-ocaml
performance-test	UNKNOWN STEP	2025-09-29T16:04:51.4698863Z with:
performance-test	UNKNOWN STEP	2025-09-29T16:04:51.4699277Z   ocaml-compiler: 4.14.1
performance-test	UNKNOWN STEP	2025-09-29T16:04:51.4700008Z   opam-repositories: default,https://github.com/ocaml/opam-repository.git
performance-test	UNKNOWN STEP	
performance-test	UNKNOWN STEP	2025-09-29T16:04:51.4700790Z   opam-depext: false
performance-test	UNKNOWN STEP	2025-09-29T16:04:51.4701288Z   allow-prerelease-opam: false
performance-test	UNKNOWN STEP	2025-09-29T16:04:51.4701796Z   opam-pin: true
performance-test	UNKNOWN STEP	2025-09-29T16:04:51.4702261Z   opam-local-packages: *.opam
performance-test	UNKNOWN STEP	2025-09-29T16:04:51.4702801Z   opam-disable-sandboxing: false
performance-test	UNKNOWN STEP	2025-09-29T16:04:51.4703311Z   dune-cache: false
performance-test	UNKNOWN STEP	2025-09-29T16:04:51.4703759Z   cache-prefix: v1
performance-test	UNKNOWN STEP	2025-09-29T16:04:51.4704198Z ##[endgroup]
performance-test	UNKNOWN STEP	2025-09-29T16:04:51.4814978Z ##[group]Run sudo apt-get update
performance-test	UNKNOWN STEP	2025-09-29T16:04:51.4815873Z [36;1msudo apt-get update[0m
performance-test	UNKNOWN STEP	2025-09-29T16:04:51.4816427Z [36;1msudo apt-get install -y \[0m
performance-test	UNKNOWN STEP	2025-09-29T16:04:51.4816993Z [36;1m  bubblewrap \[0m
performance-test	UNKNOWN STEP	2025-09-29T16:04:51.4817477Z [36;1m  g++-multilib \[0m
performance-test	UNKNOWN STEP	2025-09-29T16:04:51.4817982Z [36;1m  gcc-multilib \[0m
performance-test	UNKNOWN STEP	2025-09-29T16:04:51.4818474Z [36;1m  mercurial \[0m
performance-test	UNKNOWN STEP	2025-09-29T16:04:51.4818975Z [36;1m  musl-tools \[0m
performance-test	UNKNOWN STEP	2025-09-29T16:04:51.4819446Z [36;1m  rsync[0m
performance-test	UNKNOWN STEP	2025-09-29T16:04:51.4856638Z shell: /usr/bin/bash --noprofile --norc -e -o pipefail {0}
performance-test	UNKNOWN STEP	2025-09-29T16:04:51.4857346Z ##[endgroup]
performance-test	UNKNOWN STEP	2025-09-29T16:04:51.6228382Z Get:1 file:/etc/apt/apt-mirrors.txt Mirrorlist [144 B]
performance-test	UNKNOWN STEP	2025-09-29T16:04:51.6527966Z Hit:6 https://packages.microsoft.com/repos/azure-cli noble InRelease
performance-test	UNKNOWN STEP	2025-09-29T16:04:51.6530452Z Hit:2 http://azure.archive.ubuntu.com/ubuntu noble InRelease
performance-test	UNKNOWN STEP	2025-09-29T16:04:51.6532616Z Get:7 https://packages.microsoft.com/ubuntu/24.04/prod noble InRelease [3600 B]
performance-test	UNKNOWN STEP	2025-09-29T16:04:51.6561929Z Get:3 http://azure.archive.ubuntu.com/ubuntu noble-updates InRelease [126 kB]
performance-test	UNKNOWN STEP	2025-09-29T16:04:51.6638661Z Get:4 http://azure.archive.ubuntu.com/ubuntu noble-backports InRelease [126 kB]
performance-test	UNKNOWN STEP	2025-09-29T16:04:51.6656832Z Get:5 http://azure.archive.ubuntu.com/ubuntu noble-security InRelease [126 kB]
performance-test	UNKNOWN STEP	2025-09-29T16:04:51.8836267Z Get:8 https://packages.microsoft.com/ubuntu/24.04/prod noble/main arm64 Packages [39.7 kB]
performance-test	UNKNOWN STEP	2025-09-29T16:04:51.9008482Z Get:9 https://packages.microsoft.com/ubuntu/24.04/prod noble/main amd64 Packages [57.3 kB]
performance-test	UNKNOWN STEP	2025-09-29T16:04:51.9386505Z Get:10 http://azure.archive.ubuntu.com/ubuntu noble-updates/main amd64 Packages [1443 kB]
performance-test	UNKNOWN STEP	2025-09-29T16:04:51.9476265Z Get:11 http://azure.archive.ubuntu.com/ubuntu noble-updates/main Translation-en [282 kB]
performance-test	UNKNOWN STEP	2025-09-29T16:04:51.9496304Z Get:12 http://azure.archive.ubuntu.com/ubuntu noble-updates/main amd64 Components [175 kB]
performance-test	UNKNOWN STEP	2025-09-29T16:04:51.9514620Z Get:13 http://azure.archive.ubuntu.com/ubuntu noble-updates/main amd64 c-n-f Metadata [15.3 kB]
performance-test	UNKNOWN STEP	2025-09-29T16:04:51.9523991Z Get:14 http://azure.archive.ubuntu.com/ubuntu noble-updates/universe amd64 Packages [1485 kB]
performance-test	UNKNOWN STEP	2025-09-29T16:04:51.9605472Z Get:15 http://azure.archive.ubuntu.com/ubuntu noble-updates/universe Translation-en [299 kB]
performance-test	UNKNOWN STEP	2025-09-29T16:04:51.9627513Z Get:16 http://azure.archive.ubuntu.com/ubuntu noble-updates/universe amd64 Components [377 kB]
performance-test	UNKNOWN STEP	2025-09-29T16:04:51.9655470Z Get:17 http://azure.archive.ubuntu.com/ubuntu noble-updates/universe amd64 c-n-f Metadata [31.0 kB]
performance-test	UNKNOWN STEP	2025-09-29T16:04:51.9663595Z Get:18 http://azure.archive.ubuntu.com/ubuntu noble-updates/restricted amd64 Packages [1957 kB]
performance-test	UNKNOWN STEP	2025-09-29T16:04:51.9799759Z Get:19 http://azure.archive.ubuntu.com/ubuntu noble-updates/restricted Translation-en [441 kB]
performance-test	UNKNOWN STEP	2025-09-29T16:04:52.0315576Z Get:20 http://azure.archive.ubuntu.com/ubuntu noble-updates/restricted amd64 Components [212 B]
performance-test	UNKNOWN STEP	2025-09-29T16:04:52.0327735Z Get:21 http://azure.archive.ubuntu.com/ubuntu noble-updates/multiverse amd64 Components [940 B]
performance-test	UNKNOWN STEP	2025-09-29T16:04:52.0349634Z Get:22 http://azure.archive.ubuntu.com/ubuntu noble-backports/main amd64 Packages [40.4 kB]
performance-test	UNKNOWN STEP	2025-09-29T16:04:52.0366549Z Get:23 http://azure.archive.ubuntu.com/ubuntu noble-backports/main Translation-en [9208 B]
performance-test	UNKNOWN STEP	2025-09-29T16:04:52.0376325Z Get:24 http://azure.archive.ubuntu.com/ubuntu noble-backports/main amd64 Components [7124 B]
performance-test	UNKNOWN STEP	2025-09-29T16:04:52.0384922Z Get:25 http://azure.archive.ubuntu.com/ubuntu noble-backports/main amd64 c-n-f Metadata [368 B]
performance-test	UNKNOWN STEP	2025-09-29T16:04:52.0446474Z Get:26 http://azure.archive.ubuntu.com/ubuntu noble-backports/universe amd64 Packages [28.9 kB]
performance-test	UNKNOWN STEP	2025-09-29T16:04:52.0487615Z Get:27 http://azure.archive.ubuntu.com/ubuntu noble-backports/universe Translation-en [17.5 kB]
performance-test	UNKNOWN STEP	2025-09-29T16:04:52.0490379Z Get:28 http://azure.archive.ubuntu.com/ubuntu noble-backports/universe amd64 Components [11.0 kB]
performance-test	UNKNOWN STEP	2025-09-29T16:04:52.0499099Z Get:29 http://azure.archive.ubuntu.com/ubuntu noble-backports/universe amd64 c-n-f Metadata [1444 B]
performance-test	UNKNOWN STEP	2025-09-29T16:04:52.0508945Z Get:30 http://azure.archive.ubuntu.com/ubuntu noble-backports/restricted amd64 Components [216 B]
performance-test	UNKNOWN STEP	2025-09-29T16:04:52.0516648Z Get:31 http://azure.archive.ubuntu.com/ubuntu noble-backports/multiverse amd64 Components [212 B]
performance-test	UNKNOWN STEP	2025-09-29T16:04:52.0826698Z Get:32 http://azure.archive.ubuntu.com/ubuntu noble-security/main amd64 Packages [1171 kB]
performance-test	UNKNOWN STEP	2025-09-29T16:04:52.0894401Z Get:33 http://azure.archive.ubuntu.com/ubuntu noble-security/main Translation-en [198 kB]
performance-test	UNKNOWN STEP	2025-09-29T16:04:52.1352975Z Get:34 http://azure.archive.ubuntu.com/ubuntu noble-security/main amd64 Components [21.6 kB]
performance-test	UNKNOWN STEP	2025-09-29T16:04:52.1379597Z Get:35 http://azure.archive.ubuntu.com/ubuntu noble-security/main amd64 c-n-f Metadata [8744 B]
performance-test	UNKNOWN STEP	2025-09-29T16:04:52.1388402Z Get:36 http://azure.archive.ubuntu.com/ubuntu noble-security/universe amd64 Packages [880 kB]
performance-test	UNKNOWN STEP	2025-09-29T16:04:52.1449245Z Get:37 http://azure.archive.ubuntu.com/ubuntu noble-security/universe Translation-en [195 kB]
performance-test	UNKNOWN STEP	2025-09-29T16:04:52.1468944Z Get:38 http://azure.archive.ubuntu.com/ubuntu noble-security/universe amd64 Components [52.3 kB]
performance-test	UNKNOWN STEP	2025-09-29T16:04:52.1478859Z Get:39 http://azure.archive.ubuntu.com/ubuntu noble-security/universe amd64 c-n-f Metadata [18.0 kB]
performance-test	UNKNOWN STEP	2025-09-29T16:04:52.1487417Z Get:40 http://azure.archive.ubuntu.com/ubuntu noble-security/restricted amd64 Packages [1872 kB]
performance-test	UNKNOWN STEP	2025-09-29T16:04:52.1684569Z Get:41 http://azure.archive.ubuntu.com/ubuntu noble-security/restricted Translation-en [423 kB]
performance-test	UNKNOWN STEP	2025-09-29T16:04:52.1719546Z Get:42 http://azure.archive.ubuntu.com/ubuntu noble-security/restricted amd64 Components [212 B]
performance-test	UNKNOWN STEP	2025-09-29T16:04:52.1726312Z Get:43 http://azure.archive.ubuntu.com/ubuntu noble-security/multiverse amd64 Components [212 B]
performance-test	UNKNOWN STEP	2025-09-29T16:05:01.1333560Z Fetched 11.9 MB in 2s (7683 kB/s)
performance-test	UNKNOWN STEP	2025-09-29T16:05:01.8584127Z Reading package lists...
performance-test	UNKNOWN STEP	2025-09-29T16:05:01.8902713Z Reading package lists...
performance-test	UNKNOWN STEP	2025-09-29T16:05:02.0660994Z Building dependency tree...
performance-test	UNKNOWN STEP	2025-09-29T16:05:02.0668481Z Reading state information...
performance-test	UNKNOWN STEP	2025-09-29T16:05:02.2338517Z mercurial is already the newest version (6.7.2-1ubuntu2.2).
performance-test	UNKNOWN STEP	2025-09-29T16:05:02.2339797Z rsync is already the newest version (3.2.7-1ubuntu1.2).
performance-test	UNKNOWN STEP	2025-09-29T16:05:02.2340566Z The following additional packages will be installed:
performance-test	UNKNOWN STEP	2025-09-29T16:05:02.2341433Z   g++-13-multilib gcc-13-multilib lib32asan8 lib32atomic1 lib32gcc-13-dev
performance-test	UNKNOWN STEP	2025-09-29T16:05:02.2342467Z   lib32gomp1 lib32itm1 lib32quadmath0 lib32stdc++-13-dev lib32ubsan1
performance-test	UNKNOWN STEP	2025-09-29T16:05:02.2343332Z   libc6-dev-i386 libc6-dev-x32 libc6-x32 libx32asan8 libx32atomic1
performance-test	UNKNOWN STEP	2025-09-29T16:05:02.2344805Z   libx32gcc-13-dev libx32gcc-s1 libx32gomp1 libx32itm1 libx32quadmath0
performance-test	UNKNOWN STEP	2025-09-29T16:05:02.2347165Z   libx32stdc++-13-dev libx32stdc++6 libx32ubsan1 musl musl-dev
performance-test	UNKNOWN STEP	2025-09-29T16:05:02.2354572Z Suggested packages:
performance-test	UNKNOWN STEP	2025-09-29T16:05:02.2354951Z   lib32stdc++6-13-dbg libx32stdc++6-13-dbg
performance-test	UNKNOWN STEP	2025-09-29T16:05:02.2877949Z The following NEW packages will be installed:
performance-test	UNKNOWN STEP	2025-09-29T16:05:02.2878915Z   bubblewrap g++-13-multilib g++-multilib gcc-13-multilib gcc-multilib
performance-test	UNKNOWN STEP	2025-09-29T16:05:02.2879554Z   lib32asan8 lib32atomic1 lib32gcc-13-dev lib32gomp1 lib32itm1 lib32quadmath0
performance-test	UNKNOWN STEP	2025-09-29T16:05:02.2885045Z   lib32stdc++-13-dev lib32ubsan1 libc6-dev-i386 libc6-dev-x32 libc6-x32
performance-test	UNKNOWN STEP	2025-09-29T16:05:02.2885933Z   libx32asan8 libx32atomic1 libx32gcc-13-dev libx32gcc-s1 libx32gomp1
performance-test	UNKNOWN STEP	2025-09-29T16:05:02.2886470Z   libx32itm1 libx32quadmath0 libx32stdc++-13-dev libx32stdc++6 libx32ubsan1
performance-test	UNKNOWN STEP	2025-09-29T16:05:02.2887375Z   musl musl-dev musl-tools
performance-test	UNKNOWN STEP	2025-09-29T16:05:02.3075027Z 0 upgraded, 29 newly installed, 0 to remove and 17 not upgraded.
performance-test	UNKNOWN STEP	2025-09-29T16:05:02.3075792Z Need to get 23.6 MB of archives.
performance-test	UNKNOWN STEP	2025-09-29T16:05:02.3076140Z After this operation, 94.1 MB of additional disk space will be used.
performance-test	UNKNOWN STEP	2025-09-29T16:05:02.3076703Z Get:1 file:/etc/apt/apt-mirrors.txt Mirrorlist [144 B]
performance-test	UNKNOWN STEP	2025-09-29T16:05:02.4277734Z Get:2 http://azure.archive.ubuntu.com/ubuntu noble-updates/main amd64 bubblewrap amd64 0.9.0-1ubuntu0.1 [50.2 kB]
performance-test	UNKNOWN STEP	2025-09-29T16:05:02.4475483Z Get:3 http://azure.archive.ubuntu.com/ubuntu noble-updates/main amd64 libc6-dev-i386 amd64 2.39-0ubuntu8.6 [1447 kB]
performance-test	UNKNOWN STEP	2025-09-29T16:05:02.4937330Z Get:4 http://azure.archive.ubuntu.com/ubuntu noble-updates/main amd64 libc6-x32 amd64 2.39-0ubuntu8.6 [2913 kB]
performance-test	UNKNOWN STEP	2025-09-29T16:05:02.5570978Z Get:5 http://azure.archive.ubuntu.com/ubuntu noble-updates/main amd64 libc6-dev-x32 amd64 2.39-0ubuntu8.6 [1637 kB]
performance-test	UNKNOWN STEP	2025-09-29T16:05:02.6020914Z Get:6 http://azure.archive.ubuntu.com/ubuntu noble-updates/main amd64 libx32gcc-s1 amd64 14.2.0-4ubuntu2~24.04 [78.5 kB]
performance-test	UNKNOWN STEP	2025-09-29T16:05:02.6217438Z Get:7 http://azure.archive.ubuntu.com/ubuntu noble-updates/main amd64 lib32gomp1 amd64 14.2.0-4ubuntu2~24.04 [141 kB]
performance-test	UNKNOWN STEP	2025-09-29T16:05:02.6426549Z Get:8 http://azure.archive.ubuntu.com/ubuntu noble-updates/main amd64 libx32gomp1 amd64 14.2.0-4ubuntu2~24.04 [145 kB]
performance-test	UNKNOWN STEP	2025-09-29T16:05:02.6623126Z Get:9 http://azure.archive.ubuntu.com/ubuntu noble-updates/main amd64 lib32itm1 amd64 14.2.0-4ubuntu2~24.04 [29.6 kB]
performance-test	UNKNOWN STEP	2025-09-29T16:05:02.6861295Z Get:10 http://azure.archive.ubuntu.com/ubuntu noble-updates/main amd64 libx32itm1 amd64 14.2.0-4ubuntu2~24.04 [29.8 kB]
performance-test	UNKNOWN STEP	2025-09-29T16:05:02.7059295Z Get:11 http://azure.archive.ubuntu.com/ubuntu noble-updates/main amd64 lib32atomic1 amd64 14.2.0-4ubuntu2~24.04 [8586 B]
performance-test	UNKNOWN STEP	2025-09-29T16:05:02.7254630Z Get:12 http://azure.archive.ubuntu.com/ubuntu noble-updates/main amd64 libx32atomic1 amd64 14.2.0-4ubuntu2~24.04 [10.3 kB]
performance-test	UNKNOWN STEP	2025-09-29T16:05:02.7448307Z Get:13 http://azure.archive.ubuntu.com/ubuntu noble-updates/main amd64 lib32asan8 amd64 14.2.0-4ubuntu2~24.04 [2879 kB]
performance-test	UNKNOWN STEP	2025-09-29T16:05:02.8357160Z Get:14 http://azure.archive.ubuntu.com/ubuntu noble-updates/main amd64 libx32asan8 amd64 14.2.0-4ubuntu2~24.04 [2893 kB]
performance-test	UNKNOWN STEP	2025-09-29T16:05:02.8975082Z Get:15 http://azure.archive.ubuntu.com/ubuntu noble-updates/main amd64 lib32ubsan1 amd64 14.2.0-4ubuntu2~24.04 [1150 kB]
performance-test	UNKNOWN STEP	2025-09-29T16:05:02.9379757Z Get:16 http://azure.archive.ubuntu.com/ubuntu noble-updates/main amd64 libx32stdc++6 amd64 14.2.0-4ubuntu2~24.04 [778 kB]
performance-test	UNKNOWN STEP	2025-09-29T16:05:02.9799734Z Get:17 http://azure.archive.ubuntu.com/ubuntu noble-updates/main amd64 libx32ubsan1 amd64 14.2.0-4ubuntu2~24.04 [1169 kB]
performance-test	UNKNOWN STEP	2025-09-29T16:05:03.0198825Z Get:18 http://azure.archive.ubuntu.com/ubuntu noble-updates/main amd64 lib32quadmath0 amd64 14.2.0-4ubuntu2~24.04 [227 kB]
performance-test	UNKNOWN STEP	2025-09-29T16:05:03.0416114Z Get:19 http://azure.archive.ubuntu.com/ubuntu noble-updates/main amd64 libx32quadmath0 amd64 14.2.0-4ubuntu2~24.04 [157 kB]
performance-test	UNKNOWN STEP	2025-09-29T16:05:03.1052202Z Get:20 http://azure.archive.ubuntu.com/ubuntu noble-updates/main amd64 lib32gcc-13-dev amd64 13.3.0-6ubuntu2~24.04 [2380 kB]
performance-test	UNKNOWN STEP	2025-09-29T16:05:03.1792880Z Get:21 http://azure.archive.ubuntu.com/ubuntu noble-updates/main amd64 libx32gcc-13-dev amd64 13.3.0-6ubuntu2~24.04 [2190 kB]
performance-test	UNKNOWN STEP	2025-09-29T16:05:03.2243084Z Get:22 http://azure.archive.ubuntu.com/ubuntu noble-updates/main amd64 gcc-13-multilib amd64 13.3.0-6ubuntu2~24.04 [878 B]
performance-test	UNKNOWN STEP	2025-09-29T16:05:03.2475788Z Get:23 http://azure.archive.ubuntu.com/ubuntu noble-updates/main amd64 lib32stdc++-13-dev amd64 13.3.0-6ubuntu2~24.04 [1150 kB]
performance-test	UNKNOWN STEP	2025-09-29T16:05:03.2938101Z Get:24 http://azure.archive.ubuntu.com/ubuntu noble-updates/main amd64 libx32stdc++-13-dev amd64 13.3.0-6ubuntu2~24.04 [1086 kB]
performance-test	UNKNOWN STEP	2025-09-29T16:05:03.3232540Z Get:25 http://azure.archive.ubuntu.com/ubuntu noble-updates/main amd64 g++-13-multilib amd64 13.3.0-6ubuntu2~24.04 [890 B]
performance-test	UNKNOWN STEP	2025-09-29T16:05:03.3409418Z Get:26 http://azure.archive.ubuntu.com/ubuntu noble/main amd64 gcc-multilib amd64 4:13.2.0-7ubuntu1 [1474 B]
performance-test	UNKNOWN STEP	2025-09-29T16:05:03.3586508Z Get:27 http://azure.archive.ubuntu.com/ubuntu noble/main amd64 g++-multilib amd64 4:13.2.0-7ubuntu1 [884 B]
performance-test	UNKNOWN STEP	2025-09-29T16:05:03.3766196Z Get:28 http://azure.archive.ubuntu.com/ubuntu noble/universe amd64 musl amd64 1.2.4-2 [416 kB]
performance-test	UNKNOWN STEP	2025-09-29T16:05:03.3973402Z Get:29 http://azure.archive.ubuntu.com/ubuntu noble/universe amd64 musl-dev amd64 1.2.4-2 [616 kB]
performance-test	UNKNOWN STEP	2025-09-29T16:05:03.4334050Z Get:30 http://azure.archive.ubuntu.com/ubuntu noble/universe amd64 musl-tools amd64 1.2.4-2 [5540 B]
performance-test	UNKNOWN STEP	2025-09-29T16:05:03.7069710Z Fetched 23.6 MB in 1s (20.8 MB/s)
performance-test	UNKNOWN STEP	2025-09-29T16:05:03.7692733Z Selecting previously unselected package bubblewrap.
performance-test	UNKNOWN STEP	2025-09-29T16:05:03.7975344Z (Reading database ... 
performance-test	UNKNOWN STEP	2025-09-29T16:05:03.7975757Z (Reading database ... 5%
performance-test	UNKNOWN STEP	2025-09-29T16:05:03.7975985Z (Reading database ... 10%
performance-test	UNKNOWN STEP	2025-09-29T16:05:03.7976187Z (Reading database ... 15%
performance-test	UNKNOWN STEP	2025-09-29T16:05:03.7976389Z (Reading database ... 20%
performance-test	UNKNOWN STEP	2025-09-29T16:05:03.7976575Z (Reading database ... 25%
performance-test	UNKNOWN STEP	2025-09-29T16:05:03.7976770Z (Reading database ... 30%
performance-test	UNKNOWN STEP	2025-09-29T16:05:03.7976982Z (Reading database ... 35%
performance-test	UNKNOWN STEP	2025-09-29T16:05:03.7977188Z (Reading database ... 40%
performance-test	UNKNOWN STEP	2025-09-29T16:05:03.7977374Z (Reading database ... 45%
performance-test	UNKNOWN STEP	2025-09-29T16:05:03.7977565Z (Reading database ... 50%
performance-test	UNKNOWN STEP	2025-09-29T16:05:03.9328833Z (Reading database ... 55%
performance-test	UNKNOWN STEP	2025-09-29T16:05:04.6193810Z (Reading database ... 60%
performance-test	UNKNOWN STEP	2025-09-29T16:05:04.8467416Z (Reading database ... 65%
performance-test	UNKNOWN STEP	2025-09-29T16:05:04.9456767Z (Reading database ... 70%
performance-test	UNKNOWN STEP	2025-09-29T16:05:05.4542604Z (Reading database ... 75%
performance-test	UNKNOWN STEP	2025-09-29T16:05:06.1943454Z (Reading database ... 80%
performance-test	UNKNOWN STEP	2025-09-29T16:05:06.9736063Z (Reading database ... 85%
performance-test	UNKNOWN STEP	2025-09-29T16:05:07.9418305Z (Reading database ... 90%
performance-test	UNKNOWN STEP	2025-09-29T16:05:08.8129272Z (Reading database ... 95%
performance-test	UNKNOWN STEP	2025-09-29T16:05:08.8129586Z (Reading database ... 100%
performance-test	UNKNOWN STEP	2025-09-29T16:05:08.8129930Z (Reading database ... 214164 files and directories currently installed.)
performance-test	UNKNOWN STEP	2025-09-29T16:05:08.8174328Z Preparing to unpack .../00-bubblewrap_0.9.0-1ubuntu0.1_amd64.deb ...
performance-test	UNKNOWN STEP	2025-09-29T16:05:08.8201066Z Unpacking bubblewrap (0.9.0-1ubuntu0.1) ...
performance-test	UNKNOWN STEP	2025-09-29T16:05:08.8498822Z Selecting previously unselected package libc6-dev-i386.
performance-test	UNKNOWN STEP	2025-09-29T16:05:08.8630149Z Preparing to unpack .../01-libc6-dev-i386_2.39-0ubuntu8.6_amd64.deb ...
performance-test	UNKNOWN STEP	2025-09-29T16:05:08.8649685Z Unpacking libc6-dev-i386 (2.39-0ubuntu8.6) ...
performance-test	UNKNOWN STEP	2025-09-29T16:05:08.9415654Z Selecting previously unselected package libc6-x32.
performance-test	UNKNOWN STEP	2025-09-29T16:05:08.9549300Z Preparing to unpack .../02-libc6-x32_2.39-0ubuntu8.6_amd64.deb ...
performance-test	UNKNOWN STEP	2025-09-29T16:05:08.9611184Z Unpacking libc6-x32 (2.39-0ubuntu8.6) ...
performance-test	UNKNOWN STEP	2025-09-29T16:05:09.0712034Z Selecting previously unselected package libc6-dev-x32.
performance-test	UNKNOWN STEP	2025-09-29T16:05:09.0846263Z Preparing to unpack .../03-libc6-dev-x32_2.39-0ubuntu8.6_amd64.deb ...
performance-test	UNKNOWN STEP	2025-09-29T16:05:09.0857758Z Unpacking libc6-dev-x32 (2.39-0ubuntu8.6) ...
performance-test	UNKNOWN STEP	2025-09-29T16:05:09.1448419Z Selecting previously unselected package libx32gcc-s1.
performance-test	UNKNOWN STEP	2025-09-29T16:05:09.1581681Z Preparing to unpack .../04-libx32gcc-s1_14.2.0-4ubuntu2~24.04_amd64.deb ...
performance-test	UNKNOWN STEP	2025-09-29T16:05:09.1592568Z Unpacking libx32gcc-s1 (14.2.0-4ubuntu2~24.04) ...
performance-test	UNKNOWN STEP	2025-09-29T16:05:09.1849743Z Selecting previously unselected package lib32gomp1.
performance-test	UNKNOWN STEP	2025-09-29T16:05:09.1982350Z Preparing to unpack .../05-lib32gomp1_14.2.0-4ubuntu2~24.04_amd64.deb ...
performance-test	UNKNOWN STEP	2025-09-29T16:05:09.1996524Z Unpacking lib32gomp1 (14.2.0-4ubuntu2~24.04) ...
performance-test	UNKNOWN STEP	2025-09-29T16:05:09.2250878Z Selecting previously unselected package libx32gomp1.
performance-test	UNKNOWN STEP	2025-09-29T16:05:09.2383734Z Preparing to unpack .../06-libx32gomp1_14.2.0-4ubuntu2~24.04_amd64.deb ...
performance-test	UNKNOWN STEP	2025-09-29T16:05:09.2400594Z Unpacking libx32gomp1 (14.2.0-4ubuntu2~24.04) ...
performance-test	UNKNOWN STEP	2025-09-29T16:05:09.2670246Z Selecting previously unselected package lib32itm1.
performance-test	UNKNOWN STEP	2025-09-29T16:05:09.2802913Z Preparing to unpack .../07-lib32itm1_14.2.0-4ubuntu2~24.04_amd64.deb ...
performance-test	UNKNOWN STEP	2025-09-29T16:05:09.2814028Z Unpacking lib32itm1 (14.2.0-4ubuntu2~24.04) ...
performance-test	UNKNOWN STEP	2025-09-29T16:05:09.3106730Z Selecting previously unselected package libx32itm1.
performance-test	UNKNOWN STEP	2025-09-29T16:05:09.3236555Z Preparing to unpack .../08-libx32itm1_14.2.0-4ubuntu2~24.04_amd64.deb ...
performance-test	UNKNOWN STEP	2025-09-29T16:05:09.3256541Z Unpacking libx32itm1 (14.2.0-4ubuntu2~24.04) ...
performance-test	UNKNOWN STEP	2025-09-29T16:05:09.3504135Z Selecting previously unselected package lib32atomic1.
performance-test	UNKNOWN STEP	2025-09-29T16:05:09.3634971Z Preparing to unpack .../09-lib32atomic1_14.2.0-4ubuntu2~24.04_amd64.deb ...
performance-test	UNKNOWN STEP	2025-09-29T16:05:09.3646820Z Unpacking lib32atomic1 (14.2.0-4ubuntu2~24.04) ...
performance-test	UNKNOWN STEP	2025-09-29T16:05:09.3889790Z Selecting previously unselected package libx32atomic1.
performance-test	UNKNOWN STEP	2025-09-29T16:05:09.4021988Z Preparing to unpack .../10-libx32atomic1_14.2.0-4ubuntu2~24.04_amd64.deb ...
performance-test	UNKNOWN STEP	2025-09-29T16:05:09.4056809Z Unpacking libx32atomic1 (14.2.0-4ubuntu2~24.04) ...
performance-test	UNKNOWN STEP	2025-09-29T16:05:09.4293647Z Selecting previously unselected package lib32asan8.
performance-test	UNKNOWN STEP	2025-09-29T16:05:09.4428097Z Preparing to unpack .../11-lib32asan8_14.2.0-4ubuntu2~24.04_amd64.deb ...
performance-test	UNKNOWN STEP	2025-09-29T16:05:09.4445543Z Unpacking lib32asan8 (14.2.0-4ubuntu2~24.04) ...
performance-test	UNKNOWN STEP	2025-09-29T16:05:09.5141820Z Selecting previously unselected package libx32asan8.
performance-test	UNKNOWN STEP	2025-09-29T16:05:09.5275464Z Preparing to unpack .../12-libx32asan8_14.2.0-4ubuntu2~24.04_amd64.deb ...
performance-test	UNKNOWN STEP	2025-09-29T16:05:09.5288355Z Unpacking libx32asan8 (14.2.0-4ubuntu2~24.04) ...
performance-test	UNKNOWN STEP	2025-09-29T16:05:09.5944900Z Selecting previously unselected package lib32ubsan1.
performance-test	UNKNOWN STEP	2025-09-29T16:05:09.6077227Z Preparing to unpack .../13-lib32ubsan1_14.2.0-4ubuntu2~24.04_amd64.deb ...
performance-test	UNKNOWN STEP	2025-09-29T16:05:09.6089479Z Unpacking lib32ubsan1 (14.2.0-4ubuntu2~24.04) ...
performance-test	UNKNOWN STEP	2025-09-29T16:05:09.6506099Z Selecting previously unselected package libx32stdc++6.
performance-test	UNKNOWN STEP	2025-09-29T16:05:09.6637265Z Preparing to unpack .../14-libx32stdc++6_14.2.0-4ubuntu2~24.04_amd64.deb ...
performance-test	UNKNOWN STEP	2025-09-29T16:05:09.6650023Z Unpacking libx32stdc++6 (14.2.0-4ubuntu2~24.04) ...
performance-test	UNKNOWN STEP	2025-09-29T16:05:09.6998740Z Selecting previously unselected package libx32ubsan1.
performance-test	UNKNOWN STEP	2025-09-29T16:05:09.7134013Z Preparing to unpack .../15-libx32ubsan1_14.2.0-4ubuntu2~24.04_amd64.deb ...
performance-test	UNKNOWN STEP	2025-09-29T16:05:09.7146450Z Unpacking libx32ubsan1 (14.2.0-4ubuntu2~24.04) ...
performance-test	UNKNOWN STEP	2025-09-29T16:05:09.7580267Z Selecting previously unselected package lib32quadmath0.
performance-test	UNKNOWN STEP	2025-09-29T16:05:09.7716139Z Preparing to unpack .../16-lib32quadmath0_14.2.0-4ubuntu2~24.04_amd64.deb ...
performance-test	UNKNOWN STEP	2025-09-29T16:05:09.7730767Z Unpacking lib32quadmath0 (14.2.0-4ubuntu2~24.04) ...
performance-test	UNKNOWN STEP	2025-09-29T16:05:09.8011344Z Selecting previously unselected package libx32quadmath0.
performance-test	UNKNOWN STEP	2025-09-29T16:05:09.8152013Z Preparing to unpack .../17-libx32quadmath0_14.2.0-4ubuntu2~24.04_amd64.deb ...
performance-test	UNKNOWN STEP	2025-09-29T16:05:09.8167672Z Unpacking libx32quadmath0 (14.2.0-4ubuntu2~24.04) ...
performance-test	UNKNOWN STEP	2025-09-29T16:05:09.8414686Z Selecting previously unselected package lib32gcc-13-dev.
performance-test	UNKNOWN STEP	2025-09-29T16:05:09.8550725Z Preparing to unpack .../18-lib32gcc-13-dev_13.3.0-6ubuntu2~24.04_amd64.deb ...
performance-test	UNKNOWN STEP	2025-09-29T16:05:09.8563830Z Unpacking lib32gcc-13-dev (13.3.0-6ubuntu2~24.04) ...
performance-test	UNKNOWN STEP	2025-09-29T16:05:09.9117753Z Selecting previously unselected package libx32gcc-13-dev.
performance-test	UNKNOWN STEP	2025-09-29T16:05:09.9255826Z Preparing to unpack .../19-libx32gcc-13-dev_13.3.0-6ubuntu2~24.04_amd64.deb ...
performance-test	UNKNOWN STEP	2025-09-29T16:05:09.9267260Z Unpacking libx32gcc-13-dev (13.3.0-6ubuntu2~24.04) ...
performance-test	UNKNOWN STEP	2025-09-29T16:05:09.9799903Z Selecting previously unselected package gcc-13-multilib.
performance-test	UNKNOWN STEP	2025-09-29T16:05:09.9935964Z Preparing to unpack .../20-gcc-13-multilib_13.3.0-6ubuntu2~24.04_amd64.deb ...
performance-test	UNKNOWN STEP	2025-09-29T16:05:09.9948524Z Unpacking gcc-13-multilib (13.3.0-6ubuntu2~24.04) ...
performance-test	UNKNOWN STEP	2025-09-29T16:05:10.0175550Z Selecting previously unselected package lib32stdc++-13-dev.
performance-test	UNKNOWN STEP	2025-09-29T16:05:10.0311705Z Preparing to unpack .../21-lib32stdc++-13-dev_13.3.0-6ubuntu2~24.04_amd64.deb ...
performance-test	UNKNOWN STEP	2025-09-29T16:05:10.0322866Z Unpacking lib32stdc++-13-dev (13.3.0-6ubuntu2~24.04) ...
performance-test	UNKNOWN STEP	2025-09-29T16:05:10.1012154Z Selecting previously unselected package libx32stdc++-13-dev.
performance-test	UNKNOWN STEP	2025-09-29T16:05:10.1157383Z Preparing to unpack .../22-libx32stdc++-13-dev_13.3.0-6ubuntu2~24.04_amd64.deb ...
performance-test	UNKNOWN STEP	2025-09-29T16:05:10.1177855Z Unpacking libx32stdc++-13-dev (13.3.0-6ubuntu2~24.04) ...
performance-test	UNKNOWN STEP	2025-09-29T16:05:10.3118888Z Selecting previously unselected package g++-13-multilib.
performance-test	UNKNOWN STEP	2025-09-29T16:05:10.3250824Z Preparing to unpack .../23-g++-13-multilib_13.3.0-6ubuntu2~24.04_amd64.deb ...
performance-test	UNKNOWN STEP	2025-09-29T16:05:10.3263228Z Unpacking g++-13-multilib (13.3.0-6ubuntu2~24.04) ...
performance-test	UNKNOWN STEP	2025-09-29T16:05:10.3471983Z Selecting previously unselected package gcc-multilib.
performance-test	UNKNOWN STEP	2025-09-29T16:05:10.3606541Z Preparing to unpack .../24-gcc-multilib_4%3a13.2.0-7ubuntu1_amd64.deb ...
performance-test	UNKNOWN STEP	2025-09-29T16:05:10.3617812Z Unpacking gcc-multilib (4:13.2.0-7ubuntu1) ...
performance-test	UNKNOWN STEP	2025-09-29T16:05:10.3821625Z Selecting previously unselected package g++-multilib.
performance-test	UNKNOWN STEP	2025-09-29T16:05:10.3955821Z Preparing to unpack .../25-g++-multilib_4%3a13.2.0-7ubuntu1_amd64.deb ...
performance-test	UNKNOWN STEP	2025-09-29T16:05:10.3967296Z Unpacking g++-multilib (4:13.2.0-7ubuntu1) ...
performance-test	UNKNOWN STEP	2025-09-29T16:05:10.4182749Z Selecting previously unselected package musl:amd64.
performance-test	UNKNOWN STEP	2025-09-29T16:05:10.4320632Z Preparing to unpack .../26-musl_1.2.4-2_amd64.deb ...
performance-test	UNKNOWN STEP	2025-09-29T16:05:10.4334104Z Unpacking musl:amd64 (1.2.4-2) ...
performance-test	UNKNOWN STEP	2025-09-29T16:05:10.4630360Z Selecting previously unselected package musl-dev:amd64.
performance-test	UNKNOWN STEP	2025-09-29T16:05:10.4763815Z Preparing to unpack .../27-musl-dev_1.2.4-2_amd64.deb ...
performance-test	UNKNOWN STEP	2025-09-29T16:05:10.4778663Z Unpacking musl-dev:amd64 (1.2.4-2) ...
performance-test	UNKNOWN STEP	2025-09-29T16:05:10.5448020Z Selecting previously unselected package musl-tools.
performance-test	UNKNOWN STEP	2025-09-29T16:05:10.5582731Z Preparing to unpack .../28-musl-tools_1.2.4-2_amd64.deb ...
performance-test	UNKNOWN STEP	2025-09-29T16:05:10.5597262Z Unpacking musl-tools (1.2.4-2) ...
performance-test	UNKNOWN STEP	2025-09-29T16:05:10.6083664Z Setting up bubblewrap (0.9.0-1ubuntu0.1) ...
performance-test	UNKNOWN STEP	2025-09-29T16:05:10.6149895Z Setting up libc6-dev-i386 (2.39-0ubuntu8.6) ...
performance-test	UNKNOWN STEP	2025-09-29T16:05:10.6182478Z Setting up lib32itm1 (14.2.0-4ubuntu2~24.04) ...
performance-test	UNKNOWN STEP	2025-09-29T16:05:10.6264518Z Setting up lib32ubsan1 (14.2.0-4ubuntu2~24.04) ...
performance-test	UNKNOWN STEP	2025-09-29T16:05:10.6319918Z Setting up libc6-x32 (2.39-0ubuntu8.6) ...
performance-test	UNKNOWN STEP	2025-09-29T16:05:10.6394667Z Setting up libc6-dev-x32 (2.39-0ubuntu8.6) ...
performance-test	UNKNOWN STEP	2025-09-29T16:05:10.6434830Z Setting up lib32gomp1 (14.2.0-4ubuntu2~24.04) ...
performance-test	UNKNOWN STEP	2025-09-29T16:05:10.6478793Z Setting up lib32asan8 (14.2.0-4ubuntu2~24.04) ...
performance-test	UNKNOWN STEP	2025-09-29T16:05:10.6521010Z Setting up libx32gomp1 (14.2.0-4ubuntu2~24.04) ...
performance-test	UNKNOWN STEP	2025-09-29T16:05:10.6553314Z Setting up musl:amd64 (1.2.4-2) ...
performance-test	UNKNOWN STEP	2025-09-29T16:05:10.6615918Z Setting up lib32quadmath0 (14.2.0-4ubuntu2~24.04) ...
performance-test	UNKNOWN STEP	2025-09-29T16:05:10.6656001Z Setting up libx32quadmath0 (14.2.0-4ubuntu2~24.04) ...
performance-test	UNKNOWN STEP	2025-09-29T16:05:10.6695494Z Setting up lib32atomic1 (14.2.0-4ubuntu2~24.04) ...
performance-test	UNKNOWN STEP	2025-09-29T16:05:10.6733778Z Setting up libx32atomic1 (14.2.0-4ubuntu2~24.04) ...
performance-test	UNKNOWN STEP	2025-09-29T16:05:10.6773795Z Setting up libx32gcc-s1 (14.2.0-4ubuntu2~24.04) ...
performance-test	UNKNOWN STEP	2025-09-29T16:05:10.6828703Z Setting up libx32itm1 (14.2.0-4ubuntu2~24.04) ...
performance-test	UNKNOWN STEP	2025-09-29T16:05:10.6869095Z Setting up libx32asan8 (14.2.0-4ubuntu2~24.04) ...
performance-test	UNKNOWN STEP	2025-09-29T16:05:10.6921861Z Setting up musl-dev:amd64 (1.2.4-2) ...
performance-test	UNKNOWN STEP	2025-09-29T16:05:10.6978240Z Setting up libx32stdc++6 (14.2.0-4ubuntu2~24.04) ...
performance-test	UNKNOWN STEP	2025-09-29T16:05:10.7025565Z Setting up libx32ubsan1 (14.2.0-4ubuntu2~24.04) ...
performance-test	UNKNOWN STEP	2025-09-29T16:05:10.7061392Z Setting up lib32gcc-13-dev (13.3.0-6ubuntu2~24.04) ...
performance-test	UNKNOWN STEP	2025-09-29T16:05:10.7097455Z Setting up musl-tools (1.2.4-2) ...
performance-test	UNKNOWN STEP	2025-09-29T16:05:10.7141424Z Setting up libx32gcc-13-dev (13.3.0-6ubuntu2~24.04) ...
performance-test	UNKNOWN STEP	2025-09-29T16:05:10.7186041Z Setting up gcc-13-multilib (13.3.0-6ubuntu2~24.04) ...
performance-test	UNKNOWN STEP	2025-09-29T16:05:10.7227945Z Setting up lib32stdc++-13-dev (13.3.0-6ubuntu2~24.04) ...
performance-test	UNKNOWN STEP	2025-09-29T16:05:10.7273879Z Setting up gcc-multilib (4:13.2.0-7ubuntu1) ...
performance-test	UNKNOWN STEP	2025-09-29T16:05:10.7306993Z Setting up libx32stdc++-13-dev (13.3.0-6ubuntu2~24.04) ...
performance-test	UNKNOWN STEP	2025-09-29T16:05:10.7355015Z Setting up g++-13-multilib (13.3.0-6ubuntu2~24.04) ...
performance-test	UNKNOWN STEP	2025-09-29T16:05:10.7394935Z Setting up g++-multilib (4:13.2.0-7ubuntu1) ...
performance-test	UNKNOWN STEP	2025-09-29T16:05:10.7458519Z Processing triggers for libc-bin (2.39-0ubuntu8.6) ...
performance-test	UNKNOWN STEP	2025-09-29T16:05:12.7261011Z Processing triggers for man-db (2.12.0-4build2) ...
performance-test	UNKNOWN STEP	2025-09-29T16:06:27.1631355Z 
performance-test	UNKNOWN STEP	2025-09-29T16:06:27.1631788Z Running kernel seems to be up-to-date.
performance-test	UNKNOWN STEP	2025-09-29T16:06:27.1632131Z 
performance-test	UNKNOWN STEP	2025-09-29T16:06:27.1632258Z Restarting services...
performance-test	UNKNOWN STEP	2025-09-29T16:06:27.1704773Z 
performance-test	UNKNOWN STEP	2025-09-29T16:06:27.1705398Z Service restarts being deferred:
performance-test	UNKNOWN STEP	2025-09-29T16:06:27.1706446Z  systemctl restart hosted-compute-agent.service
performance-test	UNKNOWN STEP	2025-09-29T16:06:27.1706764Z 
performance-test	UNKNOWN STEP	2025-09-29T16:06:27.1707254Z No containers need to be restarted.
performance-test	UNKNOWN STEP	2025-09-29T16:06:27.1707557Z 
performance-test	UNKNOWN STEP	2025-09-29T16:06:27.1708585Z No user sessions are running outdated binaries.
performance-test	UNKNOWN STEP	2025-09-29T16:06:27.1708920Z 
performance-test	UNKNOWN STEP	2025-09-29T16:06:27.1709213Z No VM guests are running outdated hypervisor (qemu) binaries on this host.
performance-test	UNKNOWN STEP	2025-09-29T16:06:28.1746436Z ##[group]Run mkdir -p "$HOME/.github-tools"
performance-test	UNKNOWN STEP	2025-09-29T16:06:28.1746784Z [36;1mmkdir -p "$HOME/.github-tools"[0m
performance-test	UNKNOWN STEP	2025-09-29T16:06:28.1747014Z [36;1m{[0m
performance-test	UNKNOWN STEP	2025-09-29T16:06:28.1747211Z [36;1m  printf '%s\n' '#!/usr/bin/env bash'[0m
performance-test	UNKNOWN STEP	2025-09-29T16:06:28.1747531Z [36;1m  printf '%s\n' 'if [[ "$1" == "apt-get" ]]; then'[0m
performance-test	UNKNOWN STEP	2025-09-29T16:06:28.1747820Z [36;1m  printf '%s\n' '  args=()'[0m
performance-test	UNKNOWN STEP	2025-09-29T16:06:28.1748212Z [36;1m  printf '%s\n' '  install_seen=false'[0m
performance-test	UNKNOWN STEP	2025-09-29T16:06:28.1748494Z [36;1m  printf '%s\n' '  for arg in "$@"; do'[0m
performance-test	UNKNOWN STEP	2025-09-29T16:06:28.1748794Z [36;1m  printf '%s\n' '    if [[ "$arg" == "install" ]]; then'[0m
performance-test	UNKNOWN STEP	2025-09-29T16:06:28.1749110Z [36;1m  printf '%s\n' '      install_seen=true'[0m
performance-test	UNKNOWN STEP	2025-09-29T16:06:28.1749362Z [36;1m  printf '%s\n' '    fi'[0m
performance-test	UNKNOWN STEP	2025-09-29T16:06:28.1749667Z [36;1m  printf '%s\n' '    if [[ "$install_seen" == true && "$arg" == "darcs" ]]; then'[0m
performance-test	UNKNOWN STEP	2025-09-29T16:06:28.1750000Z [36;1m  printf '%s\n' '      continue'[0m
performance-test	UNKNOWN STEP	2025-09-29T16:06:28.1750235Z [36;1m  printf '%s\n' '    fi'[0m
performance-test	UNKNOWN STEP	2025-09-29T16:06:28.1750458Z [36;1m  printf '%s\n' '    args+=("$arg")'[0m
performance-test	UNKNOWN STEP	2025-09-29T16:06:28.1750697Z [36;1m  printf '%s\n' '  done'[0m
performance-test	UNKNOWN STEP	2025-09-29T16:06:28.1750948Z [36;1m  printf '%s\n' '  exec /usr/bin/sudo "${args[@]}"'[0m
performance-test	UNKNOWN STEP	2025-09-29T16:06:28.1751220Z [36;1m  printf '%s\n' 'fi'[0m
performance-test	UNKNOWN STEP	2025-09-29T16:06:28.1751454Z [36;1m  printf '%s\n' 'exec /usr/bin/sudo "$@"'[0m
performance-test	UNKNOWN STEP	2025-09-29T16:06:28.1751716Z [36;1m} > "$HOME/.github-tools/sudo"[0m
performance-test	UNKNOWN STEP	2025-09-29T16:06:28.1751973Z [36;1mchmod +x "$HOME/.github-tools/sudo"[0m
performance-test	UNKNOWN STEP	2025-09-29T16:06:28.1752275Z [36;1mecho "PATH=$HOME/.github-tools:$PATH" >> "$GITHUB_ENV"[0m
performance-test	UNKNOWN STEP	2025-09-29T16:06:28.1786984Z shell: /usr/bin/bash --noprofile --norc -e -o pipefail {0}
performance-test	UNKNOWN STEP	2025-09-29T16:06:28.1787304Z ##[endgroup]
performance-test	UNKNOWN STEP	2025-09-29T16:06:28.1924225Z ##[group]Run ocaml/setup-ocaml@v2
performance-test	UNKNOWN STEP	2025-09-29T16:06:28.1924462Z with:
performance-test	UNKNOWN STEP	2025-09-29T16:06:28.1924626Z   ocaml-compiler: 4.14.1
performance-test	UNKNOWN STEP	2025-09-29T16:06:28.1924890Z   allow-prerelease-opam: false
performance-test	UNKNOWN STEP	2025-09-29T16:06:28.1925472Z   opam-repositories: default,https://github.com/ocaml/opam-repository.git
performance-test	UNKNOWN STEP	
performance-test	UNKNOWN STEP	2025-09-29T16:06:28.1925839Z   opam-pin: true
performance-test	UNKNOWN STEP	2025-09-29T16:06:28.1926011Z   opam-depext: false
performance-test	UNKNOWN STEP	2025-09-29T16:06:28.1926209Z   opam-local-packages: *.opam
performance-test	UNKNOWN STEP	2025-09-29T16:06:28.1926431Z   opam-disable-sandboxing: false
performance-test	UNKNOWN STEP	2025-09-29T16:06:28.1926655Z   dune-cache: false
performance-test	UNKNOWN STEP	2025-09-29T16:06:28.1926823Z   cache-prefix: v1
performance-test	UNKNOWN STEP	2025-09-29T16:06:28.1927298Z   github-token: ***
performance-test	UNKNOWN STEP	2025-09-29T16:06:28.1927483Z env:
performance-test	UNKNOWN STEP	2025-09-29T16:06:28.1928445Z   PATH: /home/runner/.github-tools:/snap/bin:/home/runner/.local/bin:/opt/pipx_bin:/home/runner/.cargo/bin:/home/runner/.config/composer/vendor/bin:/usr/local/.ghcup/bin:/home/runner/.dotnet/tools:/usr/local/sbin:/usr/local/bin:/usr/sbin:/usr/bin:/sbin:/bin:/usr/games:/usr/local/games:/snap/bin
performance-test	UNKNOWN STEP	2025-09-29T16:06:28.1929657Z ##[endgroup]
performance-test	UNKNOWN STEP	2025-09-29T16:06:28.3816867Z ##[group]Retrieve the opam cache
performance-test	UNKNOWN STEP	2025-09-29T16:06:29.1334707Z ##[warning]Failed to restore: Cache service responded with 400
performance-test	UNKNOWN STEP	2025-09-29T16:06:29.1336950Z Cache not found for input keys: v1-setup-ocaml-opam-2.1.6-sandbox-linux-24.04-x86_64-ocaml_base_compiler_4_14_1-2025-40, v1-setup-ocaml-opam-2.1.6-sandbox-linux-24.04-x86_64-ocaml_base_compiler_4_14_1-2025-40, v1-setup-ocaml-opam-2.1.6-sandbox-linux-24.04-x86_64-ocaml_base_compiler_4_14_1-2025-, v1-setup-ocaml-opam-2.1.6-sandbox-linux-24.04-x86_64-ocaml_base_compiler_4_14_1-
performance-test	UNKNOWN STEP	2025-09-29T16:06:29.1338354Z ##[endgroup]
performance-test	UNKNOWN STEP	2025-09-29T16:06:29.1338695Z ##[group]Install opam
performance-test	UNKNOWN STEP	2025-09-29T16:06:29.7347461Z Acquired 2.1.6 from https://github.com/ocaml/opam/releases/download/2.1.6/opam-2.1.6-x86_64-linux
performance-test	UNKNOWN STEP	2025-09-29T16:06:29.7433736Z Successfully cached opam to /opt/hostedtoolcache/opam/2.1.6/x86_64
performance-test	UNKNOWN STEP	2025-09-29T16:06:29.7435981Z Added opam to the path
performance-test	UNKNOWN STEP	2025-09-29T16:06:29.7436662Z ##[endgroup]
performance-test	UNKNOWN STEP	2025-09-29T16:06:29.7437174Z ##[group]Initialise the opam state
performance-test	UNKNOWN STEP	2025-09-29T16:06:29.7458151Z [command]/home/runner/.github-tools/sudo apt-get --yes install bubblewrap darcs g++-multilib gcc-multilib mercurial musl-tools rsync
performance-test	UNKNOWN STEP	2025-09-29T16:06:29.7717630Z Reading package lists...
performance-test	UNKNOWN STEP	2025-09-29T16:06:29.9585561Z Building dependency tree...
performance-test	UNKNOWN STEP	2025-09-29T16:06:29.9592489Z Reading state information...
performance-test	UNKNOWN STEP	2025-09-29T16:06:30.1461594Z bubblewrap is already the newest version (0.9.0-1ubuntu0.1).
performance-test	UNKNOWN STEP	2025-09-29T16:06:30.1462124Z g++-multilib is already the newest version (4:13.2.0-7ubuntu1).
performance-test	UNKNOWN STEP	2025-09-29T16:06:30.1462591Z gcc-multilib is already the newest version (4:13.2.0-7ubuntu1).
performance-test	UNKNOWN STEP	2025-09-29T16:06:30.1463026Z mercurial is already the newest version (6.7.2-1ubuntu2.2).
performance-test	UNKNOWN STEP	2025-09-29T16:06:30.1463422Z musl-tools is already the newest version (1.2.4-2).
performance-test	UNKNOWN STEP	2025-09-29T16:06:30.1463798Z rsync is already the newest version (3.2.7-1ubuntu1.2).
performance-test	UNKNOWN STEP	2025-09-29T16:06:30.1464213Z 0 upgraded, 0 newly installed, 0 to remove and 17 not upgraded.
performance-test	UNKNOWN STEP	2025-09-29T16:06:30.1500532Z [command]/opt/hostedtoolcache/opam/2.1.6/x86_64/opam init --auto-setup --bare --enable-shell-hook
performance-test	UNKNOWN STEP	2025-09-29T16:06:30.1637897Z No configuration file found, using built-in defaults.
performance-test	UNKNOWN STEP	2025-09-29T16:06:30.1641010Z Checking for available remotes: rsync and local, git, mercurial.
performance-test	UNKNOWN STEP	2025-09-29T16:06:30.1642230Z   - you won't be able to use darcs repositories unless you install the [01mdarcs[0m command on your system.
performance-test	UNKNOWN STEP	2025-09-29T16:06:30.1642844Z 
performance-test	UNKNOWN STEP	2025-09-29T16:06:30.1812562Z [31m[ERROR][0m Sandboxing is not working on your platform ubuntu:
performance-test	UNKNOWN STEP	2025-09-29T16:06:30.1813695Z         "~/.opam/opam-init/hooks/sandbox.sh build sh -c echo SUCCESS >$TMPDIR/opam-sandbox-check-out && cat $TMPDIR/opam-sandbox-check-out; rm -f $TMPDIR/opam-sandbox-check-out" exited with code 1 "bwrap: loopback: Failed RTM_NEWADDR: Operation not permitted"
performance-test	UNKNOWN STEP	2025-09-29T16:06:30.1815802Z Do you want to disable it?  Note that this will result in less secure package builds, so please ensure that you have some other isolation mechanisms in place (such as running within a container or virtual machine). [y/N] y
performance-test	UNKNOWN STEP	2025-09-29T16:06:30.1817578Z 
performance-test	UNKNOWN STEP	2025-09-29T16:06:30.1818498Z [36m<><>[0m [01mFetching repository information[0m [36m><><><><><><><><><><><><><><><><><><><><><>[0m
performance-test	UNKNOWN STEP	2025-09-29T16:06:32.5772754Z [[32mdefault[0m] Initialised
performance-test	UNKNOWN STEP	2025-09-29T16:06:44.5539263Z 
performance-test	UNKNOWN STEP	2025-09-29T16:06:44.5539685Z User configuration:
performance-test	UNKNOWN STEP	2025-09-29T16:06:44.5546028Z   Updating ~/.bash_profile.
performance-test	UNKNOWN STEP	2025-09-29T16:06:44.5547324Z [1;34m[NOTE][0m Make sure that ~/.bash_profile is well [04msourced[0m in your ~/.bashrc.
performance-test	UNKNOWN STEP	2025-09-29T16:06:44.5548550Z 
performance-test	UNKNOWN STEP	2025-09-29T16:06:45.7648537Z ##[endgroup]
performance-test	UNKNOWN STEP	2025-09-29T16:06:45.7651270Z ##[group]Remove the opam repositories
performance-test	UNKNOWN STEP	2025-09-29T16:06:45.7679857Z [command]/opt/hostedtoolcache/opam/2.1.6/x86_64/opam repository list --all-switches --short
performance-test	UNKNOWN STEP	2025-09-29T16:06:45.8238490Z default
performance-test	UNKNOWN STEP	2025-09-29T16:06:45.8271443Z [command]/opt/hostedtoolcache/opam/2.1.6/x86_64/opam repository remove default --all-switches
performance-test	UNKNOWN STEP	2025-09-29T16:06:45.8874203Z ##[endgroup]
performance-test	UNKNOWN STEP	2025-09-29T16:06:45.8875701Z ##[group]Initialise the opam repositories
performance-test	UNKNOWN STEP	2025-09-29T16:06:45.8892212Z [command]/opt/hostedtoolcache/opam/2.1.6/x86_64/opam repository add 51 t --all-switches --set-default
performance-test	UNKNOWN STEP	2025-09-29T16:06:45.9054687Z [31m[ERROR][0m Could not update repository "51": rsync failed
performance-test	UNKNOWN STEP	2025-09-29T16:06:45.9059591Z [31m[ERROR][0m Initial repository fetch failed
performance-test	UNKNOWN STEP	2025-09-29T16:06:45.9075584Z ##[endgroup]
performance-test	UNKNOWN STEP	2025-09-29T16:06:45.9079164Z ##[error]The process '/opt/hostedtoolcache/opam/2.1.6/x86_64/opam' failed with exit code 40
performance-test	UNKNOWN STEP	2025-09-29T16:06:45.9266373Z Post job cleanup.
performance-test	UNKNOWN STEP	2025-09-29T16:06:45.9317254Z Post job cleanup.
performance-test	UNKNOWN STEP	2025-09-29T16:06:46.0262842Z [command]/usr/bin/git version
performance-test	UNKNOWN STEP	2025-09-29T16:06:46.0310483Z git version 2.51.0
performance-test	UNKNOWN STEP	2025-09-29T16:06:46.0353285Z Temporarily overriding HOME='/home/runner/work/_temp/a5d30f83-bbf3-4ee3-a370-ecc1e6463e14' before making global git config changes
performance-test	UNKNOWN STEP	2025-09-29T16:06:46.0354473Z Adding repository directory to the temporary git global config as a safe directory
performance-test	UNKNOWN STEP	2025-09-29T16:06:46.0359252Z [command]/usr/bin/git config --global --add safe.directory /home/runner/work/latex_perf/latex_perf
performance-test	UNKNOWN STEP	2025-09-29T16:06:46.0395710Z [command]/usr/bin/git config --local --name-only --get-regexp core\.sshCommand
performance-test	UNKNOWN STEP	2025-09-29T16:06:46.0428447Z [command]/usr/bin/git submodule foreach --recursive sh -c "git config --local --name-only --get-regexp 'core\.sshCommand' && git config --local --unset-all 'core.sshCommand' || :"
performance-test	UNKNOWN STEP	2025-09-29T16:06:46.0659728Z [command]/usr/bin/git config --local --name-only --get-regexp http\.https\:\/\/github\.com\/\.extraheader
performance-test	UNKNOWN STEP	2025-09-29T16:06:46.0682066Z http.https://github.com/.extraheader
performance-test	UNKNOWN STEP	2025-09-29T16:06:46.0696198Z [command]/usr/bin/git config --local --unset-all http.https://github.com/.extraheader
performance-test	UNKNOWN STEP	2025-09-29T16:06:46.0730972Z [command]/usr/bin/git submodule foreach --recursive sh -c "git config --local --name-only --get-regexp 'http\.https\:\/\/github\.com\/\.extraheader' && git config --local --unset-all 'http.https://github.com/.extraheader' || :"
performance-test	UNKNOWN STEP	2025-09-29T16:06:46.1079799Z Cleaning up orphan processes
