proof-ci	Set up job	ï»¿2025-09-29T18:08:02.6036035Z Current runner version: '2.328.0'
proof-ci	Set up job	2025-09-29T18:08:02.6070685Z ##[group]Runner Image Provisioner
proof-ci	Set up job	2025-09-29T18:08:02.6071926Z Hosted Compute Agent
proof-ci	Set up job	2025-09-29T18:08:02.6072864Z Version: 20250912.392
proof-ci	Set up job	2025-09-29T18:08:02.6073762Z Commit: d921fda672a98b64f4f82364647e2f10b2267d0b
proof-ci	Set up job	2025-09-29T18:08:02.6074943Z Build Date: 2025-09-12T15:23:14Z
proof-ci	Set up job	2025-09-29T18:08:02.6075812Z ##[endgroup]
proof-ci	Set up job	2025-09-29T18:08:02.6076709Z ##[group]Operating System
proof-ci	Set up job	2025-09-29T18:08:02.6077570Z Ubuntu
proof-ci	Set up job	2025-09-29T18:08:02.6078331Z 24.04.3
proof-ci	Set up job	2025-09-29T18:08:02.6079106Z LTS
proof-ci	Set up job	2025-09-29T18:08:02.6080040Z ##[endgroup]
proof-ci	Set up job	2025-09-29T18:08:02.6080966Z ##[group]Runner Image
proof-ci	Set up job	2025-09-29T18:08:02.6081847Z Image: ubuntu-24.04
proof-ci	Set up job	2025-09-29T18:08:02.6082646Z Version: 20250922.53.1
proof-ci	Set up job	2025-09-29T18:08:02.6084238Z Included Software: https://github.com/actions/runner-images/blob/ubuntu24/20250922.53/images/ubuntu/Ubuntu2404-Readme.md
proof-ci	Set up job	2025-09-29T18:08:02.6086760Z Image Release: https://github.com/actions/runner-images/releases/tag/ubuntu24%2F20250922.53
proof-ci	Set up job	2025-09-29T18:08:02.6088716Z ##[endgroup]
proof-ci	Set up job	2025-09-29T18:08:02.6092981Z ##[group]GITHUB_TOKEN Permissions
proof-ci	Set up job	2025-09-29T18:08:02.6096213Z Actions: write
proof-ci	Set up job	2025-09-29T18:08:02.6097114Z Attestations: write
proof-ci	Set up job	2025-09-29T18:08:02.6097892Z Checks: write
proof-ci	Set up job	2025-09-29T18:08:02.6098732Z Contents: write
proof-ci	Set up job	2025-09-29T18:08:02.6099450Z Deployments: write
proof-ci	Set up job	2025-09-29T18:08:02.6100499Z Discussions: write
proof-ci	Set up job	2025-09-29T18:08:02.6101393Z Issues: write
proof-ci	Set up job	2025-09-29T18:08:02.6102154Z Metadata: read
proof-ci	Set up job	2025-09-29T18:08:02.6102852Z Models: read
proof-ci	Set up job	2025-09-29T18:08:02.6103723Z Packages: write
proof-ci	Set up job	2025-09-29T18:08:02.6104549Z Pages: write
proof-ci	Set up job	2025-09-29T18:08:02.6105257Z PullRequests: write
proof-ci	Set up job	2025-09-29T18:08:02.6106205Z RepositoryProjects: write
proof-ci	Set up job	2025-09-29T18:08:02.6107095Z SecurityEvents: write
proof-ci	Set up job	2025-09-29T18:08:02.6108053Z Statuses: write
proof-ci	Set up job	2025-09-29T18:08:02.6108813Z ##[endgroup]
proof-ci	Set up job	2025-09-29T18:08:02.6111931Z Secret source: Actions
proof-ci	Set up job	2025-09-29T18:08:02.6113009Z Prepare workflow directory
proof-ci	Set up job	2025-09-29T18:08:02.6572522Z Prepare all required actions
proof-ci	Set up job	2025-09-29T18:08:02.6627705Z Getting action download info
proof-ci	Set up job	2025-09-29T18:08:02.9221776Z Download action repository 'actions/checkout@v4' (SHA:08eba0b27e820071cde6df949e0beb9ba4906955)
proof-ci	Set up job	2025-09-29T18:08:03.0922014Z Complete job name: proof-ci
proof-ci	Run actions/checkout@v4	ï»¿2025-09-29T18:08:03.1671136Z ##[group]Run actions/checkout@v4
proof-ci	Run actions/checkout@v4	2025-09-29T18:08:03.1672063Z with:
proof-ci	Run actions/checkout@v4	2025-09-29T18:08:03.1672492Z   repository: ClanClanClanClan/latex_perf
proof-ci	Run actions/checkout@v4	2025-09-29T18:08:03.1673244Z   token: ***
proof-ci	Run actions/checkout@v4	2025-09-29T18:08:03.1673631Z   ssh-strict: true
proof-ci	Run actions/checkout@v4	2025-09-29T18:08:03.1674017Z   ssh-user: git
proof-ci	Run actions/checkout@v4	2025-09-29T18:08:03.1674420Z   persist-credentials: true
proof-ci	Run actions/checkout@v4	2025-09-29T18:08:03.1674858Z   clean: true
proof-ci	Run actions/checkout@v4	2025-09-29T18:08:03.1675263Z   sparse-checkout-cone-mode: true
proof-ci	Run actions/checkout@v4	2025-09-29T18:08:03.1675734Z   fetch-depth: 1
proof-ci	Run actions/checkout@v4	2025-09-29T18:08:03.1676121Z   fetch-tags: false
proof-ci	Run actions/checkout@v4	2025-09-29T18:08:03.1676508Z   show-progress: true
proof-ci	Run actions/checkout@v4	2025-09-29T18:08:03.1677122Z   lfs: false
proof-ci	Run actions/checkout@v4	2025-09-29T18:08:03.1677611Z   submodules: false
proof-ci	Run actions/checkout@v4	2025-09-29T18:08:03.1678229Z   set-safe-directory: true
proof-ci	Run actions/checkout@v4	2025-09-29T18:08:03.1678907Z ##[endgroup]
proof-ci	Run actions/checkout@v4	2025-09-29T18:08:03.2786662Z Syncing repository: ClanClanClanClan/latex_perf
proof-ci	Run actions/checkout@v4	2025-09-29T18:08:03.2788638Z ##[group]Getting Git version info
proof-ci	Run actions/checkout@v4	2025-09-29T18:08:03.2789357Z Working directory is '/home/runner/work/latex_perf/latex_perf'
proof-ci	Run actions/checkout@v4	2025-09-29T18:08:03.2790685Z [command]/usr/bin/git version
proof-ci	Run actions/checkout@v4	2025-09-29T18:08:03.2886065Z git version 2.51.0
proof-ci	Run actions/checkout@v4	2025-09-29T18:08:03.2913102Z ##[endgroup]
proof-ci	Run actions/checkout@v4	2025-09-29T18:08:03.2927805Z Temporarily overriding HOME='/home/runner/work/_temp/72479e48-e96e-4b81-bbee-e602c00a9115' before making global git config changes
proof-ci	Run actions/checkout@v4	2025-09-29T18:08:03.2929175Z Adding repository directory to the temporary git global config as a safe directory
proof-ci	Run actions/checkout@v4	2025-09-29T18:08:03.2933643Z [command]/usr/bin/git config --global --add safe.directory /home/runner/work/latex_perf/latex_perf
proof-ci	Run actions/checkout@v4	2025-09-29T18:08:03.2970601Z Deleting the contents of '/home/runner/work/latex_perf/latex_perf'
proof-ci	Run actions/checkout@v4	2025-09-29T18:08:03.2974415Z ##[group]Initializing the repository
proof-ci	Run actions/checkout@v4	2025-09-29T18:08:03.2978318Z [command]/usr/bin/git init /home/runner/work/latex_perf/latex_perf
proof-ci	Run actions/checkout@v4	2025-09-29T18:08:03.3082148Z hint: Using 'master' as the name for the initial branch. This default branch name
proof-ci	Run actions/checkout@v4	2025-09-29T18:08:03.3083938Z hint: is subject to change. To configure the initial branch name to use in all
proof-ci	Run actions/checkout@v4	2025-09-29T18:08:03.3085003Z hint: of your new repositories, which will suppress this warning, call:
proof-ci	Run actions/checkout@v4	2025-09-29T18:08:03.3086150Z hint:
proof-ci	Run actions/checkout@v4	2025-09-29T18:08:03.3086981Z hint: 	git config --global init.defaultBranch <name>
proof-ci	Run actions/checkout@v4	2025-09-29T18:08:03.3088042Z hint:
proof-ci	Run actions/checkout@v4	2025-09-29T18:08:03.3089016Z hint: Names commonly chosen instead of 'master' are 'main', 'trunk' and
proof-ci	Run actions/checkout@v4	2025-09-29T18:08:03.3090918Z hint: 'development'. The just-created branch can be renamed via this command:
proof-ci	Run actions/checkout@v4	2025-09-29T18:08:03.3092222Z hint:
proof-ci	Run actions/checkout@v4	2025-09-29T18:08:03.3092970Z hint: 	git branch -m <name>
proof-ci	Run actions/checkout@v4	2025-09-29T18:08:03.3093718Z hint:
proof-ci	Run actions/checkout@v4	2025-09-29T18:08:03.3094759Z hint: Disable this message with "git config set advice.defaultBranchName false"
proof-ci	Run actions/checkout@v4	2025-09-29T18:08:03.3096498Z Initialized empty Git repository in /home/runner/work/latex_perf/latex_perf/.git/
proof-ci	Run actions/checkout@v4	2025-09-29T18:08:03.3099523Z [command]/usr/bin/git remote add origin https://github.com/ClanClanClanClan/latex_perf
proof-ci	Run actions/checkout@v4	2025-09-29T18:08:03.3134241Z ##[endgroup]
proof-ci	Run actions/checkout@v4	2025-09-29T18:08:03.3135391Z ##[group]Disabling automatic garbage collection
proof-ci	Run actions/checkout@v4	2025-09-29T18:08:03.3139130Z [command]/usr/bin/git config --local gc.auto 0
proof-ci	Run actions/checkout@v4	2025-09-29T18:08:03.3168288Z ##[endgroup]
proof-ci	Run actions/checkout@v4	2025-09-29T18:08:03.3169484Z ##[group]Setting up auth
proof-ci	Run actions/checkout@v4	2025-09-29T18:08:03.3176139Z [command]/usr/bin/git config --local --name-only --get-regexp core\.sshCommand
proof-ci	Run actions/checkout@v4	2025-09-29T18:08:03.3208022Z [command]/usr/bin/git submodule foreach --recursive sh -c "git config --local --name-only --get-regexp 'core\.sshCommand' && git config --local --unset-all 'core.sshCommand' || :"
proof-ci	Run actions/checkout@v4	2025-09-29T18:08:03.3485148Z [command]/usr/bin/git config --local --name-only --get-regexp http\.https\:\/\/github\.com\/\.extraheader
proof-ci	Run actions/checkout@v4	2025-09-29T18:08:03.3518073Z [command]/usr/bin/git submodule foreach --recursive sh -c "git config --local --name-only --get-regexp 'http\.https\:\/\/github\.com\/\.extraheader' && git config --local --unset-all 'http.https://github.com/.extraheader' || :"
proof-ci	Run actions/checkout@v4	2025-09-29T18:08:03.3744406Z [command]/usr/bin/git config --local http.https://github.com/.extraheader AUTHORIZATION: basic ***
proof-ci	Run actions/checkout@v4	2025-09-29T18:08:03.3780955Z ##[endgroup]
proof-ci	Run actions/checkout@v4	2025-09-29T18:08:03.3781824Z ##[group]Fetching the repository
proof-ci	Run actions/checkout@v4	2025-09-29T18:08:03.3789381Z [command]/usr/bin/git -c protocol.version=2 fetch --no-tags --prune --no-recurse-submodules --depth=1 origin +81733f378884f06fc30671a9c24ad89d031a09bd:refs/remotes/pull/4/merge
proof-ci	Run actions/checkout@v4	2025-09-29T18:08:03.6997084Z From https://github.com/ClanClanClanClan/latex_perf
proof-ci	Run actions/checkout@v4	2025-09-29T18:08:03.6998153Z  * [new ref]         81733f378884f06fc30671a9c24ad89d031a09bd -> pull/4/merge
proof-ci	Run actions/checkout@v4	2025-09-29T18:08:03.7027267Z ##[endgroup]
proof-ci	Run actions/checkout@v4	2025-09-29T18:08:03.7028070Z ##[group]Determining the checkout info
proof-ci	Run actions/checkout@v4	2025-09-29T18:08:03.7029344Z ##[endgroup]
proof-ci	Run actions/checkout@v4	2025-09-29T18:08:03.7034432Z [command]/usr/bin/git sparse-checkout disable
proof-ci	Run actions/checkout@v4	2025-09-29T18:08:03.7073534Z [command]/usr/bin/git config --local --unset-all extensions.worktreeConfig
proof-ci	Run actions/checkout@v4	2025-09-29T18:08:03.7101128Z ##[group]Checking out the ref
proof-ci	Run actions/checkout@v4	2025-09-29T18:08:03.7104164Z [command]/usr/bin/git checkout --progress --force refs/remotes/pull/4/merge
proof-ci	Run actions/checkout@v4	2025-09-29T18:08:03.7526742Z Note: switching to 'refs/remotes/pull/4/merge'.
proof-ci	Run actions/checkout@v4	2025-09-29T18:08:03.7527830Z 
proof-ci	Run actions/checkout@v4	2025-09-29T18:08:03.7528362Z You are in 'detached HEAD' state. You can look around, make experimental
proof-ci	Run actions/checkout@v4	2025-09-29T18:08:03.7529534Z changes and commit them, and you can discard any commits you make in this
proof-ci	Run actions/checkout@v4	2025-09-29T18:08:03.7531483Z state without impacting any branches by switching back to a branch.
proof-ci	Run actions/checkout@v4	2025-09-29T18:08:03.7532855Z 
proof-ci	Run actions/checkout@v4	2025-09-29T18:08:03.7533565Z If you want to create a new branch to retain commits you create, you may
proof-ci	Run actions/checkout@v4	2025-09-29T18:08:03.7535126Z do so (now or later) by using -c with the switch command. Example:
proof-ci	Run actions/checkout@v4	2025-09-29T18:08:03.7535974Z 
proof-ci	Run actions/checkout@v4	2025-09-29T18:08:03.7536356Z   git switch -c <new-branch-name>
proof-ci	Run actions/checkout@v4	2025-09-29T18:08:03.7537000Z 
proof-ci	Run actions/checkout@v4	2025-09-29T18:08:03.7537369Z Or undo this operation with:
proof-ci	Run actions/checkout@v4	2025-09-29T18:08:03.7538279Z 
proof-ci	Run actions/checkout@v4	2025-09-29T18:08:03.7538605Z   git switch -
proof-ci	Run actions/checkout@v4	2025-09-29T18:08:03.7539064Z 
proof-ci	Run actions/checkout@v4	2025-09-29T18:08:03.7539968Z Turn off this advice by setting config variable advice.detachedHead to false
proof-ci	Run actions/checkout@v4	2025-09-29T18:08:03.7541033Z 
proof-ci	Run actions/checkout@v4	2025-09-29T18:08:03.7542318Z HEAD is now at 81733f3 Merge 4887232aba7d6b962bad0d84a547356f48bed82c into 92bdfe28e9a19447735918ce6f6c8395415acf11
proof-ci	Run actions/checkout@v4	2025-09-29T18:08:03.7546031Z ##[endgroup]
proof-ci	Run actions/checkout@v4	2025-09-29T18:08:03.7578687Z [command]/usr/bin/git log -1 --format=%H
proof-ci	Run actions/checkout@v4	2025-09-29T18:08:03.7601263Z 81733f378884f06fc30671a9c24ad89d031a09bd
proof-ci	Set up OCaml and OPAM	ï»¿2025-09-29T18:08:03.7919117Z Prepare all required actions
proof-ci	Set up OCaml and OPAM	2025-09-29T18:08:03.7920082Z Getting action download info
proof-ci	Set up OCaml and OPAM	2025-09-29T18:08:03.9483946Z Download action repository 'ocaml/setup-ocaml@v2' (SHA:8cc6339f55862749298d198ef84788b8d6acdacc)
proof-ci	Set up OCaml and OPAM	2025-09-29T18:08:04.2575632Z ##[group]Run ./.github/actions/setup-ocaml
proof-ci	Set up OCaml and OPAM	2025-09-29T18:08:04.2576286Z with:
proof-ci	Set up OCaml and OPAM	2025-09-29T18:08:04.2576668Z   ocaml-compiler: 4.14.1
proof-ci	Set up OCaml and OPAM	2025-09-29T18:08:04.2577131Z   opam-depext: false
proof-ci	Set up OCaml and OPAM	2025-09-29T18:08:04.2577630Z   allow-prerelease-opam: false
proof-ci	Set up OCaml and OPAM	2025-09-29T18:08:04.2578120Z   opam-pin: true
proof-ci	Set up OCaml and OPAM	2025-09-29T18:08:04.2578549Z   opam-local-packages: *.opam
proof-ci	Set up OCaml and OPAM	2025-09-29T18:08:04.2579047Z   opam-disable-sandboxing: false
proof-ci	Set up OCaml and OPAM	2025-09-29T18:08:04.2579535Z   dune-cache: false
proof-ci	Set up OCaml and OPAM	2025-09-29T18:08:04.2580388Z   cache-prefix: v1
proof-ci	Set up OCaml and OPAM	2025-09-29T18:08:04.2580840Z ##[endgroup]
proof-ci	Set up OCaml and OPAM	2025-09-29T18:08:04.2692958Z ##[group]Run sudo apt-get update
proof-ci	Set up OCaml and OPAM	2025-09-29T18:08:04.2693668Z [36;1msudo apt-get update[0m
proof-ci	Set up OCaml and OPAM	2025-09-29T18:08:04.2694190Z [36;1msudo apt-get install -y \[0m
proof-ci	Set up OCaml and OPAM	2025-09-29T18:08:04.2694722Z [36;1m  bubblewrap \[0m
proof-ci	Set up OCaml and OPAM	2025-09-29T18:08:04.2695245Z [36;1m  g++-multilib \[0m
proof-ci	Set up OCaml and OPAM	2025-09-29T18:08:04.2695710Z [36;1m  gcc-multilib \[0m
proof-ci	Set up OCaml and OPAM	2025-09-29T18:08:04.2696165Z [36;1m  mercurial \[0m
proof-ci	Set up OCaml and OPAM	2025-09-29T18:08:04.2696616Z [36;1m  musl-tools \[0m
proof-ci	Set up OCaml and OPAM	2025-09-29T18:08:04.2697048Z [36;1m  rsync[0m
proof-ci	Set up OCaml and OPAM	2025-09-29T18:08:04.2734267Z shell: /usr/bin/bash --noprofile --norc -e -o pipefail {0}
proof-ci	Set up OCaml and OPAM	2025-09-29T18:08:04.2735001Z ##[endgroup]
proof-ci	Set up OCaml and OPAM	2025-09-29T18:08:04.4145951Z Get:1 file:/etc/apt/apt-mirrors.txt Mirrorlist [144 B]
proof-ci	Set up OCaml and OPAM	2025-09-29T18:08:04.4514533Z Hit:2 http://azure.archive.ubuntu.com/ubuntu noble InRelease
proof-ci	Set up OCaml and OPAM	2025-09-29T18:08:04.4524383Z Hit:6 https://packages.microsoft.com/repos/azure-cli noble InRelease
proof-ci	Set up OCaml and OPAM	2025-09-29T18:08:04.4527799Z Get:7 https://packages.microsoft.com/ubuntu/24.04/prod noble InRelease [3600 B]
proof-ci	Set up OCaml and OPAM	2025-09-29T18:08:04.4567561Z Get:3 http://azure.archive.ubuntu.com/ubuntu noble-updates InRelease [126 kB]
proof-ci	Set up OCaml and OPAM	2025-09-29T18:08:04.4628664Z Get:4 http://azure.archive.ubuntu.com/ubuntu noble-backports InRelease [126 kB]
proof-ci	Set up OCaml and OPAM	2025-09-29T18:08:04.4722224Z Get:5 http://azure.archive.ubuntu.com/ubuntu noble-security InRelease [126 kB]
proof-ci	Set up OCaml and OPAM	2025-09-29T18:08:04.6865004Z Get:8 https://packages.microsoft.com/ubuntu/24.04/prod noble/main arm64 Packages [39.7 kB]
proof-ci	Set up OCaml and OPAM	2025-09-29T18:08:04.7037480Z Get:9 https://packages.microsoft.com/ubuntu/24.04/prod noble/main amd64 Packages [57.3 kB]
proof-ci	Set up OCaml and OPAM	2025-09-29T18:08:04.7268641Z Get:10 http://azure.archive.ubuntu.com/ubuntu noble-updates/main amd64 Packages [1443 kB]
proof-ci	Set up OCaml and OPAM	2025-09-29T18:08:04.7358263Z Get:11 http://azure.archive.ubuntu.com/ubuntu noble-updates/main Translation-en [282 kB]
proof-ci	Set up OCaml and OPAM	2025-09-29T18:08:04.7402190Z Get:12 http://azure.archive.ubuntu.com/ubuntu noble-updates/main amd64 Components [175 kB]
proof-ci	Set up OCaml and OPAM	2025-09-29T18:08:04.7411383Z Get:13 http://azure.archive.ubuntu.com/ubuntu noble-updates/main amd64 c-n-f Metadata [15.3 kB]
proof-ci	Set up OCaml and OPAM	2025-09-29T18:08:04.7423627Z Get:14 http://azure.archive.ubuntu.com/ubuntu noble-updates/universe amd64 Packages [1485 kB]
proof-ci	Set up OCaml and OPAM	2025-09-29T18:08:04.7516011Z Get:15 http://azure.archive.ubuntu.com/ubuntu noble-updates/universe Translation-en [299 kB]
proof-ci	Set up OCaml and OPAM	2025-09-29T18:08:04.7542684Z Get:16 http://azure.archive.ubuntu.com/ubuntu noble-updates/universe amd64 Components [377 kB]
proof-ci	Set up OCaml and OPAM	2025-09-29T18:08:04.7574660Z Get:17 http://azure.archive.ubuntu.com/ubuntu noble-updates/universe amd64 c-n-f Metadata [31.0 kB]
proof-ci	Set up OCaml and OPAM	2025-09-29T18:08:04.7587980Z Get:18 http://azure.archive.ubuntu.com/ubuntu noble-updates/restricted amd64 Packages [1957 kB]
proof-ci	Set up OCaml and OPAM	2025-09-29T18:08:04.7718290Z Get:19 http://azure.archive.ubuntu.com/ubuntu noble-updates/restricted Translation-en [441 kB]
proof-ci	Set up OCaml and OPAM	2025-09-29T18:08:04.8229278Z Get:20 http://azure.archive.ubuntu.com/ubuntu noble-updates/restricted amd64 Components [212 B]
proof-ci	Set up OCaml and OPAM	2025-09-29T18:08:04.8238947Z Get:21 http://azure.archive.ubuntu.com/ubuntu noble-updates/multiverse amd64 Components [940 B]
proof-ci	Set up OCaml and OPAM	2025-09-29T18:08:04.8247841Z Get:22 http://azure.archive.ubuntu.com/ubuntu noble-backports/main amd64 Packages [40.4 kB]
proof-ci	Set up OCaml and OPAM	2025-09-29T18:08:04.8264030Z Get:23 http://azure.archive.ubuntu.com/ubuntu noble-backports/main Translation-en [9208 B]
proof-ci	Set up OCaml and OPAM	2025-09-29T18:08:04.8272489Z Get:24 http://azure.archive.ubuntu.com/ubuntu noble-backports/main amd64 Components [7124 B]
proof-ci	Set up OCaml and OPAM	2025-09-29T18:08:04.8284165Z Get:25 http://azure.archive.ubuntu.com/ubuntu noble-backports/main amd64 c-n-f Metadata [368 B]
proof-ci	Set up OCaml and OPAM	2025-09-29T18:08:04.8294452Z Get:26 http://azure.archive.ubuntu.com/ubuntu noble-backports/universe amd64 Packages [28.9 kB]
proof-ci	Set up OCaml and OPAM	2025-09-29T18:08:04.8304257Z Get:27 http://azure.archive.ubuntu.com/ubuntu noble-backports/universe Translation-en [17.5 kB]
proof-ci	Set up OCaml and OPAM	2025-09-29T18:08:04.8313893Z Get:28 http://azure.archive.ubuntu.com/ubuntu noble-backports/universe amd64 Components [11.0 kB]
proof-ci	Set up OCaml and OPAM	2025-09-29T18:08:04.8321829Z Get:29 http://azure.archive.ubuntu.com/ubuntu noble-backports/universe amd64 c-n-f Metadata [1444 B]
proof-ci	Set up OCaml and OPAM	2025-09-29T18:08:04.8334799Z Get:30 http://azure.archive.ubuntu.com/ubuntu noble-backports/restricted amd64 Components [216 B]
proof-ci	Set up OCaml and OPAM	2025-09-29T18:08:04.8341417Z Get:31 http://azure.archive.ubuntu.com/ubuntu noble-backports/multiverse amd64 Components [212 B]
proof-ci	Set up OCaml and OPAM	2025-09-29T18:08:04.8425550Z Get:32 http://azure.archive.ubuntu.com/ubuntu noble-security/main amd64 Packages [1171 kB]
proof-ci	Set up OCaml and OPAM	2025-09-29T18:08:04.8503601Z Get:33 http://azure.archive.ubuntu.com/ubuntu noble-security/main Translation-en [198 kB]
proof-ci	Set up OCaml and OPAM	2025-09-29T18:08:04.8942319Z Get:34 http://azure.archive.ubuntu.com/ubuntu noble-security/main amd64 Components [21.6 kB]
proof-ci	Set up OCaml and OPAM	2025-09-29T18:08:04.8950836Z Get:35 http://azure.archive.ubuntu.com/ubuntu noble-security/main amd64 c-n-f Metadata [8744 B]
proof-ci	Set up OCaml and OPAM	2025-09-29T18:08:04.8959490Z Get:36 http://azure.archive.ubuntu.com/ubuntu noble-security/universe amd64 Packages [880 kB]
proof-ci	Set up OCaml and OPAM	2025-09-29T18:08:04.9008667Z Get:37 http://azure.archive.ubuntu.com/ubuntu noble-security/universe Translation-en [195 kB]
proof-ci	Set up OCaml and OPAM	2025-09-29T18:08:04.9031943Z Get:38 http://azure.archive.ubuntu.com/ubuntu noble-security/universe amd64 Components [52.3 kB]
proof-ci	Set up OCaml and OPAM	2025-09-29T18:08:04.9042876Z Get:39 http://azure.archive.ubuntu.com/ubuntu noble-security/universe amd64 c-n-f Metadata [18.0 kB]
proof-ci	Set up OCaml and OPAM	2025-09-29T18:08:04.9051951Z Get:40 http://azure.archive.ubuntu.com/ubuntu noble-security/restricted amd64 Packages [1872 kB]
proof-ci	Set up OCaml and OPAM	2025-09-29T18:08:04.9148592Z Get:41 http://azure.archive.ubuntu.com/ubuntu noble-security/restricted Translation-en [423 kB]
proof-ci	Set up OCaml and OPAM	2025-09-29T18:08:04.9177006Z Get:42 http://azure.archive.ubuntu.com/ubuntu noble-security/restricted amd64 Components [212 B]
proof-ci	Set up OCaml and OPAM	2025-09-29T18:08:04.9186175Z Get:43 http://azure.archive.ubuntu.com/ubuntu noble-security/multiverse amd64 Components [212 B]
proof-ci	Set up OCaml and OPAM	2025-09-29T18:08:15.8567905Z Fetched 11.9 MB in 2s (7817 kB/s)
proof-ci	Set up OCaml and OPAM	2025-09-29T18:08:16.6342211Z Reading package lists...
proof-ci	Set up OCaml and OPAM	2025-09-29T18:08:16.6682354Z Reading package lists...
proof-ci	Set up OCaml and OPAM	2025-09-29T18:08:16.8492072Z Building dependency tree...
proof-ci	Set up OCaml and OPAM	2025-09-29T18:08:16.8499654Z Reading state information...
proof-ci	Set up OCaml and OPAM	2025-09-29T18:08:17.0153229Z mercurial is already the newest version (6.7.2-1ubuntu2.2).
proof-ci	Set up OCaml and OPAM	2025-09-29T18:08:17.0154272Z rsync is already the newest version (3.2.7-1ubuntu1.2).
proof-ci	Set up OCaml and OPAM	2025-09-29T18:08:17.0155193Z The following additional packages will be installed:
proof-ci	Set up OCaml and OPAM	2025-09-29T18:08:17.0156442Z   g++-13-multilib gcc-13-multilib lib32asan8 lib32atomic1 lib32gcc-13-dev
proof-ci	Set up OCaml and OPAM	2025-09-29T18:08:17.0157701Z   lib32gomp1 lib32itm1 lib32quadmath0 lib32stdc++-13-dev lib32ubsan1
proof-ci	Set up OCaml and OPAM	2025-09-29T18:08:17.0159004Z   libc6-dev-i386 libc6-dev-x32 libc6-x32 libx32asan8 libx32atomic1
proof-ci	Set up OCaml and OPAM	2025-09-29T18:08:17.0160495Z   libx32gcc-13-dev libx32gcc-s1 libx32gomp1 libx32itm1 libx32quadmath0
proof-ci	Set up OCaml and OPAM	2025-09-29T18:08:17.0161757Z   libx32stdc++-13-dev libx32stdc++6 libx32ubsan1 musl musl-dev
proof-ci	Set up OCaml and OPAM	2025-09-29T18:08:17.0168284Z Suggested packages:
proof-ci	Set up OCaml and OPAM	2025-09-29T18:08:17.0168882Z   lib32stdc++6-13-dbg libx32stdc++6-13-dbg
proof-ci	Set up OCaml and OPAM	2025-09-29T18:08:17.0734215Z The following NEW packages will be installed:
proof-ci	Set up OCaml and OPAM	2025-09-29T18:08:17.0735456Z   bubblewrap g++-13-multilib g++-multilib gcc-13-multilib gcc-multilib
proof-ci	Set up OCaml and OPAM	2025-09-29T18:08:17.0736616Z   lib32asan8 lib32atomic1 lib32gcc-13-dev lib32gomp1 lib32itm1 lib32quadmath0
proof-ci	Set up OCaml and OPAM	2025-09-29T18:08:17.0741097Z   lib32stdc++-13-dev lib32ubsan1 libc6-dev-i386 libc6-dev-x32 libc6-x32
proof-ci	Set up OCaml and OPAM	2025-09-29T18:08:17.0742150Z   libx32asan8 libx32atomic1 libx32gcc-13-dev libx32gcc-s1 libx32gomp1
proof-ci	Set up OCaml and OPAM	2025-09-29T18:08:17.0743442Z   libx32itm1 libx32quadmath0 libx32stdc++-13-dev libx32stdc++6 libx32ubsan1
proof-ci	Set up OCaml and OPAM	2025-09-29T18:08:17.0744569Z   musl musl-dev musl-tools
proof-ci	Set up OCaml and OPAM	2025-09-29T18:08:17.0940647Z 0 upgraded, 29 newly installed, 0 to remove and 18 not upgraded.
proof-ci	Set up OCaml and OPAM	2025-09-29T18:08:17.0941324Z Need to get 23.6 MB of archives.
proof-ci	Set up OCaml and OPAM	2025-09-29T18:08:17.0941722Z After this operation, 94.1 MB of additional disk space will be used.
proof-ci	Set up OCaml and OPAM	2025-09-29T18:08:17.1285571Z Get:1 file:/etc/apt/apt-mirrors.txt Mirrorlist [144 B]
proof-ci	Set up OCaml and OPAM	2025-09-29T18:08:17.1286717Z Get:2 http://azure.archive.ubuntu.com/ubuntu noble-updates/main amd64 bubblewrap amd64 0.9.0-1ubuntu0.1 [50.2 kB]
proof-ci	Set up OCaml and OPAM	2025-09-29T18:08:17.1487481Z Get:3 http://azure.archive.ubuntu.com/ubuntu noble-updates/main amd64 libc6-dev-i386 amd64 2.39-0ubuntu8.6 [1447 kB]
proof-ci	Set up OCaml and OPAM	2025-09-29T18:08:17.2138121Z Get:4 http://azure.archive.ubuntu.com/ubuntu noble-updates/main amd64 libc6-x32 amd64 2.39-0ubuntu8.6 [2913 kB]
proof-ci	Set up OCaml and OPAM	2025-09-29T18:08:17.2748918Z Get:5 http://azure.archive.ubuntu.com/ubuntu noble-updates/main amd64 libc6-dev-x32 amd64 2.39-0ubuntu8.6 [1637 kB]
proof-ci	Set up OCaml and OPAM	2025-09-29T18:08:17.3361603Z Get:6 http://azure.archive.ubuntu.com/ubuntu noble-updates/main amd64 libx32gcc-s1 amd64 14.2.0-4ubuntu2~24.04 [78.5 kB]
proof-ci	Set up OCaml and OPAM	2025-09-29T18:08:17.3591556Z Get:7 http://azure.archive.ubuntu.com/ubuntu noble-updates/main amd64 lib32gomp1 amd64 14.2.0-4ubuntu2~24.04 [141 kB]
proof-ci	Set up OCaml and OPAM	2025-09-29T18:08:17.3792943Z Get:8 http://azure.archive.ubuntu.com/ubuntu noble-updates/main amd64 libx32gomp1 amd64 14.2.0-4ubuntu2~24.04 [145 kB]
proof-ci	Set up OCaml and OPAM	2025-09-29T18:08:17.3986294Z Get:9 http://azure.archive.ubuntu.com/ubuntu noble-updates/main amd64 lib32itm1 amd64 14.2.0-4ubuntu2~24.04 [29.6 kB]
proof-ci	Set up OCaml and OPAM	2025-09-29T18:08:17.4220236Z Get:10 http://azure.archive.ubuntu.com/ubuntu noble-updates/main amd64 libx32itm1 amd64 14.2.0-4ubuntu2~24.04 [29.8 kB]
proof-ci	Set up OCaml and OPAM	2025-09-29T18:08:17.4404515Z Get:11 http://azure.archive.ubuntu.com/ubuntu noble-updates/main amd64 lib32atomic1 amd64 14.2.0-4ubuntu2~24.04 [8586 B]
proof-ci	Set up OCaml and OPAM	2025-09-29T18:08:17.4601232Z Get:12 http://azure.archive.ubuntu.com/ubuntu noble-updates/main amd64 libx32atomic1 amd64 14.2.0-4ubuntu2~24.04 [10.3 kB]
proof-ci	Set up OCaml and OPAM	2025-09-29T18:08:17.4799215Z Get:13 http://azure.archive.ubuntu.com/ubuntu noble-updates/main amd64 lib32asan8 amd64 14.2.0-4ubuntu2~24.04 [2879 kB]
proof-ci	Set up OCaml and OPAM	2025-09-29T18:08:17.5503866Z Get:14 http://azure.archive.ubuntu.com/ubuntu noble-updates/main amd64 libx32asan8 amd64 14.2.0-4ubuntu2~24.04 [2893 kB]
proof-ci	Set up OCaml and OPAM	2025-09-29T18:08:17.6351270Z Get:15 http://azure.archive.ubuntu.com/ubuntu noble-updates/main amd64 lib32ubsan1 amd64 14.2.0-4ubuntu2~24.04 [1150 kB]
proof-ci	Set up OCaml and OPAM	2025-09-29T18:08:17.7007283Z Get:16 http://azure.archive.ubuntu.com/ubuntu noble-updates/main amd64 libx32stdc++6 amd64 14.2.0-4ubuntu2~24.04 [778 kB]
proof-ci	Set up OCaml and OPAM	2025-09-29T18:08:17.7420812Z Get:17 http://azure.archive.ubuntu.com/ubuntu noble-updates/main amd64 libx32ubsan1 amd64 14.2.0-4ubuntu2~24.04 [1169 kB]
proof-ci	Set up OCaml and OPAM	2025-09-29T18:08:17.7884858Z Get:18 http://azure.archive.ubuntu.com/ubuntu noble-updates/main amd64 lib32quadmath0 amd64 14.2.0-4ubuntu2~24.04 [227 kB]
proof-ci	Set up OCaml and OPAM	2025-09-29T18:08:17.8204395Z Get:19 http://azure.archive.ubuntu.com/ubuntu noble-updates/main amd64 libx32quadmath0 amd64 14.2.0-4ubuntu2~24.04 [157 kB]
proof-ci	Set up OCaml and OPAM	2025-09-29T18:08:17.8838066Z Get:20 http://azure.archive.ubuntu.com/ubuntu noble-updates/main amd64 lib32gcc-13-dev amd64 13.3.0-6ubuntu2~24.04 [2380 kB]
proof-ci	Set up OCaml and OPAM	2025-09-29T18:08:17.9605008Z Get:21 http://azure.archive.ubuntu.com/ubuntu noble-updates/main amd64 libx32gcc-13-dev amd64 13.3.0-6ubuntu2~24.04 [2190 kB]
proof-ci	Set up OCaml and OPAM	2025-09-29T18:08:18.0298225Z Get:22 http://azure.archive.ubuntu.com/ubuntu noble-updates/main amd64 gcc-13-multilib amd64 13.3.0-6ubuntu2~24.04 [878 B]
proof-ci	Set up OCaml and OPAM	2025-09-29T18:08:18.0483178Z Get:23 http://azure.archive.ubuntu.com/ubuntu noble-updates/main amd64 lib32stdc++-13-dev amd64 13.3.0-6ubuntu2~24.04 [1150 kB]
proof-ci	Set up OCaml and OPAM	2025-09-29T18:08:18.0943635Z Get:24 http://azure.archive.ubuntu.com/ubuntu noble-updates/main amd64 libx32stdc++-13-dev amd64 13.3.0-6ubuntu2~24.04 [1086 kB]
proof-ci	Set up OCaml and OPAM	2025-09-29T18:08:18.1395824Z Get:25 http://azure.archive.ubuntu.com/ubuntu noble-updates/main amd64 g++-13-multilib amd64 13.3.0-6ubuntu2~24.04 [890 B]
proof-ci	Set up OCaml and OPAM	2025-09-29T18:08:18.1585142Z Get:26 http://azure.archive.ubuntu.com/ubuntu noble/main amd64 gcc-multilib amd64 4:13.2.0-7ubuntu1 [1474 B]
proof-ci	Set up OCaml and OPAM	2025-09-29T18:08:18.1779687Z Get:27 http://azure.archive.ubuntu.com/ubuntu noble/main amd64 g++-multilib amd64 4:13.2.0-7ubuntu1 [884 B]
proof-ci	Set up OCaml and OPAM	2025-09-29T18:08:18.1974493Z Get:28 http://azure.archive.ubuntu.com/ubuntu noble/universe amd64 musl amd64 1.2.4-2 [416 kB]
proof-ci	Set up OCaml and OPAM	2025-09-29T18:08:18.2319666Z Get:29 http://azure.archive.ubuntu.com/ubuntu noble/universe amd64 musl-dev amd64 1.2.4-2 [616 kB]
proof-ci	Set up OCaml and OPAM	2025-09-29T18:08:18.2729510Z Get:30 http://azure.archive.ubuntu.com/ubuntu noble/universe amd64 musl-tools amd64 1.2.4-2 [5540 B]
proof-ci	Set up OCaml and OPAM	2025-09-29T18:08:18.5509001Z Fetched 23.6 MB in 1s (19.8 MB/s)
proof-ci	Set up OCaml and OPAM	2025-09-29T18:08:18.6054995Z Selecting previously unselected package bubblewrap.
proof-ci	Set up OCaml and OPAM	2025-09-29T18:08:18.6811994Z (Reading database ... 
proof-ci	Set up OCaml and OPAM	2025-09-29T18:08:18.6812563Z (Reading database ... 5%
proof-ci	Set up OCaml and OPAM	2025-09-29T18:08:18.6812946Z (Reading database ... 10%
proof-ci	Set up OCaml and OPAM	2025-09-29T18:08:18.6813344Z (Reading database ... 15%
proof-ci	Set up OCaml and OPAM	2025-09-29T18:08:18.6813681Z (Reading database ... 20%
proof-ci	Set up OCaml and OPAM	2025-09-29T18:08:18.6814005Z (Reading database ... 25%
proof-ci	Set up OCaml and OPAM	2025-09-29T18:08:18.6814332Z (Reading database ... 30%
proof-ci	Set up OCaml and OPAM	2025-09-29T18:08:18.6814664Z (Reading database ... 35%
proof-ci	Set up OCaml and OPAM	2025-09-29T18:08:18.6814991Z (Reading database ... 40%
proof-ci	Set up OCaml and OPAM	2025-09-29T18:08:18.6815327Z (Reading database ... 45%
proof-ci	Set up OCaml and OPAM	2025-09-29T18:08:18.6815673Z (Reading database ... 50%
proof-ci	Set up OCaml and OPAM	2025-09-29T18:08:18.7816286Z (Reading database ... 55%
proof-ci	Set up OCaml and OPAM	2025-09-29T18:08:19.2416371Z (Reading database ... 60%
proof-ci	Set up OCaml and OPAM	2025-09-29T18:08:19.3900659Z (Reading database ... 65%
proof-ci	Set up OCaml and OPAM	2025-09-29T18:08:19.4666501Z (Reading database ... 70%
proof-ci	Set up OCaml and OPAM	2025-09-29T18:08:19.7791640Z (Reading database ... 75%
proof-ci	Set up OCaml and OPAM	2025-09-29T18:08:20.2569179Z (Reading database ... 80%
proof-ci	Set up OCaml and OPAM	2025-09-29T18:08:20.7737791Z (Reading database ... 85%
proof-ci	Set up OCaml and OPAM	2025-09-29T18:08:21.3632063Z (Reading database ... 90%
proof-ci	Set up OCaml and OPAM	2025-09-29T18:08:21.9268567Z (Reading database ... 95%
proof-ci	Set up OCaml and OPAM	2025-09-29T18:08:21.9269120Z (Reading database ... 100%
proof-ci	Set up OCaml and OPAM	2025-09-29T18:08:21.9269567Z (Reading database ... 214164 files and directories currently installed.)
proof-ci	Set up OCaml and OPAM	2025-09-29T18:08:21.9313561Z Preparing to unpack .../00-bubblewrap_0.9.0-1ubuntu0.1_amd64.deb ...
proof-ci	Set up OCaml and OPAM	2025-09-29T18:08:21.9347609Z Unpacking bubblewrap (0.9.0-1ubuntu0.1) ...
proof-ci	Set up OCaml and OPAM	2025-09-29T18:08:21.9690548Z Selecting previously unselected package libc6-dev-i386.
proof-ci	Set up OCaml and OPAM	2025-09-29T18:08:21.9823865Z Preparing to unpack .../01-libc6-dev-i386_2.39-0ubuntu8.6_amd64.deb ...
proof-ci	Set up OCaml and OPAM	2025-09-29T18:08:21.9838814Z Unpacking libc6-dev-i386 (2.39-0ubuntu8.6) ...
proof-ci	Set up OCaml and OPAM	2025-09-29T18:08:22.0775933Z Selecting previously unselected package libc6-x32.
proof-ci	Set up OCaml and OPAM	2025-09-29T18:08:22.0910150Z Preparing to unpack .../02-libc6-x32_2.39-0ubuntu8.6_amd64.deb ...
proof-ci	Set up OCaml and OPAM	2025-09-29T18:08:22.0966586Z Unpacking libc6-x32 (2.39-0ubuntu8.6) ...
proof-ci	Set up OCaml and OPAM	2025-09-29T18:08:22.1995978Z Selecting previously unselected package libc6-dev-x32.
proof-ci	Set up OCaml and OPAM	2025-09-29T18:08:22.2130083Z Preparing to unpack .../03-libc6-dev-x32_2.39-0ubuntu8.6_amd64.deb ...
proof-ci	Set up OCaml and OPAM	2025-09-29T18:08:22.2144351Z Unpacking libc6-dev-x32 (2.39-0ubuntu8.6) ...
proof-ci	Set up OCaml and OPAM	2025-09-29T18:08:22.2763794Z Selecting previously unselected package libx32gcc-s1.
proof-ci	Set up OCaml and OPAM	2025-09-29T18:08:22.2901547Z Preparing to unpack .../04-libx32gcc-s1_14.2.0-4ubuntu2~24.04_amd64.deb ...
proof-ci	Set up OCaml and OPAM	2025-09-29T18:08:22.2914580Z Unpacking libx32gcc-s1 (14.2.0-4ubuntu2~24.04) ...
proof-ci	Set up OCaml and OPAM	2025-09-29T18:08:22.3181645Z Selecting previously unselected package lib32gomp1.
proof-ci	Set up OCaml and OPAM	2025-09-29T18:08:22.3315697Z Preparing to unpack .../05-lib32gomp1_14.2.0-4ubuntu2~24.04_amd64.deb ...
proof-ci	Set up OCaml and OPAM	2025-09-29T18:08:22.3331769Z Unpacking lib32gomp1 (14.2.0-4ubuntu2~24.04) ...
proof-ci	Set up OCaml and OPAM	2025-09-29T18:08:22.3646432Z Selecting previously unselected package libx32gomp1.
proof-ci	Set up OCaml and OPAM	2025-09-29T18:08:22.3781511Z Preparing to unpack .../06-libx32gomp1_14.2.0-4ubuntu2~24.04_amd64.deb ...
proof-ci	Set up OCaml and OPAM	2025-09-29T18:08:22.3801045Z Unpacking libx32gomp1 (14.2.0-4ubuntu2~24.04) ...
proof-ci	Set up OCaml and OPAM	2025-09-29T18:08:22.4087345Z Selecting previously unselected package lib32itm1.
proof-ci	Set up OCaml and OPAM	2025-09-29T18:08:22.4224461Z Preparing to unpack .../07-lib32itm1_14.2.0-4ubuntu2~24.04_amd64.deb ...
proof-ci	Set up OCaml and OPAM	2025-09-29T18:08:22.4240980Z Unpacking lib32itm1 (14.2.0-4ubuntu2~24.04) ...
proof-ci	Set up OCaml and OPAM	2025-09-29T18:08:22.4528777Z Selecting previously unselected package libx32itm1.
proof-ci	Set up OCaml and OPAM	2025-09-29T18:08:22.4661130Z Preparing to unpack .../08-libx32itm1_14.2.0-4ubuntu2~24.04_amd64.deb ...
proof-ci	Set up OCaml and OPAM	2025-09-29T18:08:22.4677607Z Unpacking libx32itm1 (14.2.0-4ubuntu2~24.04) ...
proof-ci	Set up OCaml and OPAM	2025-09-29T18:08:22.4949949Z Selecting previously unselected package lib32atomic1.
proof-ci	Set up OCaml and OPAM	2025-09-29T18:08:22.5083439Z Preparing to unpack .../09-lib32atomic1_14.2.0-4ubuntu2~24.04_amd64.deb ...
proof-ci	Set up OCaml and OPAM	2025-09-29T18:08:22.5098776Z Unpacking lib32atomic1 (14.2.0-4ubuntu2~24.04) ...
proof-ci	Set up OCaml and OPAM	2025-09-29T18:08:22.5385264Z Selecting previously unselected package libx32atomic1.
proof-ci	Set up OCaml and OPAM	2025-09-29T18:08:22.5520007Z Preparing to unpack .../10-libx32atomic1_14.2.0-4ubuntu2~24.04_amd64.deb ...
proof-ci	Set up OCaml and OPAM	2025-09-29T18:08:22.5542417Z Unpacking libx32atomic1 (14.2.0-4ubuntu2~24.04) ...
proof-ci	Set up OCaml and OPAM	2025-09-29T18:08:22.5815196Z Selecting previously unselected package lib32asan8.
proof-ci	Set up OCaml and OPAM	2025-09-29T18:08:22.5947919Z Preparing to unpack .../11-lib32asan8_14.2.0-4ubuntu2~24.04_amd64.deb ...
proof-ci	Set up OCaml and OPAM	2025-09-29T18:08:22.5964356Z Unpacking lib32asan8 (14.2.0-4ubuntu2~24.04) ...
proof-ci	Set up OCaml and OPAM	2025-09-29T18:08:22.6646635Z Selecting previously unselected package libx32asan8.
proof-ci	Set up OCaml and OPAM	2025-09-29T18:08:22.6781171Z Preparing to unpack .../12-libx32asan8_14.2.0-4ubuntu2~24.04_amd64.deb ...
proof-ci	Set up OCaml and OPAM	2025-09-29T18:08:22.6801864Z Unpacking libx32asan8 (14.2.0-4ubuntu2~24.04) ...
proof-ci	Set up OCaml and OPAM	2025-09-29T18:08:22.7464271Z Selecting previously unselected package lib32ubsan1.
proof-ci	Set up OCaml and OPAM	2025-09-29T18:08:22.7598842Z Preparing to unpack .../13-lib32ubsan1_14.2.0-4ubuntu2~24.04_amd64.deb ...
proof-ci	Set up OCaml and OPAM	2025-09-29T18:08:22.7617732Z Unpacking lib32ubsan1 (14.2.0-4ubuntu2~24.04) ...
proof-ci	Set up OCaml and OPAM	2025-09-29T18:08:22.8041827Z Selecting previously unselected package libx32stdc++6.
proof-ci	Set up OCaml and OPAM	2025-09-29T18:08:22.8177386Z Preparing to unpack .../14-libx32stdc++6_14.2.0-4ubuntu2~24.04_amd64.deb ...
proof-ci	Set up OCaml and OPAM	2025-09-29T18:08:22.8197998Z Unpacking libx32stdc++6 (14.2.0-4ubuntu2~24.04) ...
proof-ci	Set up OCaml and OPAM	2025-09-29T18:08:22.8564511Z Selecting previously unselected package libx32ubsan1.
proof-ci	Set up OCaml and OPAM	2025-09-29T18:08:22.8703869Z Preparing to unpack .../15-libx32ubsan1_14.2.0-4ubuntu2~24.04_amd64.deb ...
proof-ci	Set up OCaml and OPAM	2025-09-29T18:08:22.8721585Z Unpacking libx32ubsan1 (14.2.0-4ubuntu2~24.04) ...
proof-ci	Set up OCaml and OPAM	2025-09-29T18:08:22.9140030Z Selecting previously unselected package lib32quadmath0.
proof-ci	Set up OCaml and OPAM	2025-09-29T18:08:22.9276116Z Preparing to unpack .../16-lib32quadmath0_14.2.0-4ubuntu2~24.04_amd64.deb ...
proof-ci	Set up OCaml and OPAM	2025-09-29T18:08:22.9289334Z Unpacking lib32quadmath0 (14.2.0-4ubuntu2~24.04) ...
proof-ci	Set up OCaml and OPAM	2025-09-29T18:08:22.9581432Z Selecting previously unselected package libx32quadmath0.
proof-ci	Set up OCaml and OPAM	2025-09-29T18:08:22.9717377Z Preparing to unpack .../17-libx32quadmath0_14.2.0-4ubuntu2~24.04_amd64.deb ...
proof-ci	Set up OCaml and OPAM	2025-09-29T18:08:22.9736731Z Unpacking libx32quadmath0 (14.2.0-4ubuntu2~24.04) ...
proof-ci	Set up OCaml and OPAM	2025-09-29T18:08:23.0038073Z Selecting previously unselected package lib32gcc-13-dev.
proof-ci	Set up OCaml and OPAM	2025-09-29T18:08:23.0173400Z Preparing to unpack .../18-lib32gcc-13-dev_13.3.0-6ubuntu2~24.04_amd64.deb ...
proof-ci	Set up OCaml and OPAM	2025-09-29T18:08:23.0193764Z Unpacking lib32gcc-13-dev (13.3.0-6ubuntu2~24.04) ...
proof-ci	Set up OCaml and OPAM	2025-09-29T18:08:23.0754729Z Selecting previously unselected package libx32gcc-13-dev.
proof-ci	Set up OCaml and OPAM	2025-09-29T18:08:23.0891268Z Preparing to unpack .../19-libx32gcc-13-dev_13.3.0-6ubuntu2~24.04_amd64.deb ...
proof-ci	Set up OCaml and OPAM	2025-09-29T18:08:23.0937945Z Unpacking libx32gcc-13-dev (13.3.0-6ubuntu2~24.04) ...
proof-ci	Set up OCaml and OPAM	2025-09-29T18:08:23.1450720Z Selecting previously unselected package gcc-13-multilib.
proof-ci	Set up OCaml and OPAM	2025-09-29T18:08:23.1584091Z Preparing to unpack .../20-gcc-13-multilib_13.3.0-6ubuntu2~24.04_amd64.deb ...
proof-ci	Set up OCaml and OPAM	2025-09-29T18:08:23.1596302Z Unpacking gcc-13-multilib (13.3.0-6ubuntu2~24.04) ...
proof-ci	Set up OCaml and OPAM	2025-09-29T18:08:23.1810462Z Selecting previously unselected package lib32stdc++-13-dev.
proof-ci	Set up OCaml and OPAM	2025-09-29T18:08:23.1946469Z Preparing to unpack .../21-lib32stdc++-13-dev_13.3.0-6ubuntu2~24.04_amd64.deb ...
proof-ci	Set up OCaml and OPAM	2025-09-29T18:08:23.1957198Z Unpacking lib32stdc++-13-dev (13.3.0-6ubuntu2~24.04) ...
proof-ci	Set up OCaml and OPAM	2025-09-29T18:08:23.2505504Z Selecting previously unselected package libx32stdc++-13-dev.
proof-ci	Set up OCaml and OPAM	2025-09-29T18:08:23.2645791Z Preparing to unpack .../22-libx32stdc++-13-dev_13.3.0-6ubuntu2~24.04_amd64.deb ...
proof-ci	Set up OCaml and OPAM	2025-09-29T18:08:23.2671458Z Unpacking libx32stdc++-13-dev (13.3.0-6ubuntu2~24.04) ...
proof-ci	Set up OCaml and OPAM	2025-09-29T18:08:23.3194786Z Selecting previously unselected package g++-13-multilib.
proof-ci	Set up OCaml and OPAM	2025-09-29T18:08:23.3329617Z Preparing to unpack .../23-g++-13-multilib_13.3.0-6ubuntu2~24.04_amd64.deb ...
proof-ci	Set up OCaml and OPAM	2025-09-29T18:08:23.3344557Z Unpacking g++-13-multilib (13.3.0-6ubuntu2~24.04) ...
proof-ci	Set up OCaml and OPAM	2025-09-29T18:08:23.3568747Z Selecting previously unselected package gcc-multilib.
proof-ci	Set up OCaml and OPAM	2025-09-29T18:08:23.3704302Z Preparing to unpack .../24-gcc-multilib_4%3a13.2.0-7ubuntu1_amd64.deb ...
proof-ci	Set up OCaml and OPAM	2025-09-29T18:08:23.3718398Z Unpacking gcc-multilib (4:13.2.0-7ubuntu1) ...
proof-ci	Set up OCaml and OPAM	2025-09-29T18:08:23.3950085Z Selecting previously unselected package g++-multilib.
proof-ci	Set up OCaml and OPAM	2025-09-29T18:08:23.4086752Z Preparing to unpack .../25-g++-multilib_4%3a13.2.0-7ubuntu1_amd64.deb ...
proof-ci	Set up OCaml and OPAM	2025-09-29T18:08:23.4102668Z Unpacking g++-multilib (4:13.2.0-7ubuntu1) ...
proof-ci	Set up OCaml and OPAM	2025-09-29T18:08:23.4354004Z Selecting previously unselected package musl:amd64.
proof-ci	Set up OCaml and OPAM	2025-09-29T18:08:23.4487332Z Preparing to unpack .../26-musl_1.2.4-2_amd64.deb ...
proof-ci	Set up OCaml and OPAM	2025-09-29T18:08:23.4503240Z Unpacking musl:amd64 (1.2.4-2) ...
proof-ci	Set up OCaml and OPAM	2025-09-29T18:08:23.4871396Z Selecting previously unselected package musl-dev:amd64.
proof-ci	Set up OCaml and OPAM	2025-09-29T18:08:23.5004997Z Preparing to unpack .../27-musl-dev_1.2.4-2_amd64.deb ...
proof-ci	Set up OCaml and OPAM	2025-09-29T18:08:23.5018697Z Unpacking musl-dev:amd64 (1.2.4-2) ...
proof-ci	Set up OCaml and OPAM	2025-09-29T18:08:23.5706578Z Selecting previously unselected package musl-tools.
proof-ci	Set up OCaml and OPAM	2025-09-29T18:08:23.5842499Z Preparing to unpack .../28-musl-tools_1.2.4-2_amd64.deb ...
proof-ci	Set up OCaml and OPAM	2025-09-29T18:08:23.5858077Z Unpacking musl-tools (1.2.4-2) ...
proof-ci	Set up OCaml and OPAM	2025-09-29T18:08:23.6333516Z Setting up bubblewrap (0.9.0-1ubuntu0.1) ...
proof-ci	Set up OCaml and OPAM	2025-09-29T18:08:23.6401616Z Setting up libc6-dev-i386 (2.39-0ubuntu8.6) ...
proof-ci	Set up OCaml and OPAM	2025-09-29T18:08:23.6438358Z Setting up lib32itm1 (14.2.0-4ubuntu2~24.04) ...
proof-ci	Set up OCaml and OPAM	2025-09-29T18:08:23.6484013Z Setting up lib32ubsan1 (14.2.0-4ubuntu2~24.04) ...
proof-ci	Set up OCaml and OPAM	2025-09-29T18:08:23.6564670Z Setting up libc6-x32 (2.39-0ubuntu8.6) ...
proof-ci	Set up OCaml and OPAM	2025-09-29T18:08:23.6631950Z Setting up libc6-dev-x32 (2.39-0ubuntu8.6) ...
proof-ci	Set up OCaml and OPAM	2025-09-29T18:08:23.6667046Z Setting up lib32gomp1 (14.2.0-4ubuntu2~24.04) ...
proof-ci	Set up OCaml and OPAM	2025-09-29T18:08:23.6716996Z Setting up lib32asan8 (14.2.0-4ubuntu2~24.04) ...
proof-ci	Set up OCaml and OPAM	2025-09-29T18:08:23.6758795Z Setting up libx32gomp1 (14.2.0-4ubuntu2~24.04) ...
proof-ci	Set up OCaml and OPAM	2025-09-29T18:08:23.6790854Z Setting up musl:amd64 (1.2.4-2) ...
proof-ci	Set up OCaml and OPAM	2025-09-29T18:08:23.6847944Z Setting up lib32quadmath0 (14.2.0-4ubuntu2~24.04) ...
proof-ci	Set up OCaml and OPAM	2025-09-29T18:08:23.6893330Z Setting up libx32quadmath0 (14.2.0-4ubuntu2~24.04) ...
proof-ci	Set up OCaml and OPAM	2025-09-29T18:08:23.6929506Z Setting up lib32atomic1 (14.2.0-4ubuntu2~24.04) ...
proof-ci	Set up OCaml and OPAM	2025-09-29T18:08:23.6971874Z Setting up libx32atomic1 (14.2.0-4ubuntu2~24.04) ...
proof-ci	Set up OCaml and OPAM	2025-09-29T18:08:23.7011733Z Setting up libx32gcc-s1 (14.2.0-4ubuntu2~24.04) ...
proof-ci	Set up OCaml and OPAM	2025-09-29T18:08:23.7063599Z Setting up libx32itm1 (14.2.0-4ubuntu2~24.04) ...
proof-ci	Set up OCaml and OPAM	2025-09-29T18:08:23.7093350Z Setting up libx32asan8 (14.2.0-4ubuntu2~24.04) ...
proof-ci	Set up OCaml and OPAM	2025-09-29T18:08:23.7132049Z Setting up musl-dev:amd64 (1.2.4-2) ...
proof-ci	Set up OCaml and OPAM	2025-09-29T18:08:23.7186555Z Setting up libx32stdc++6 (14.2.0-4ubuntu2~24.04) ...
proof-ci	Set up OCaml and OPAM	2025-09-29T18:08:23.7228673Z Setting up libx32ubsan1 (14.2.0-4ubuntu2~24.04) ...
proof-ci	Set up OCaml and OPAM	2025-09-29T18:08:23.7269308Z Setting up lib32gcc-13-dev (13.3.0-6ubuntu2~24.04) ...
proof-ci	Set up OCaml and OPAM	2025-09-29T18:08:23.7308804Z Setting up musl-tools (1.2.4-2) ...
proof-ci	Set up OCaml and OPAM	2025-09-29T18:08:23.7423350Z Setting up libx32gcc-13-dev (13.3.0-6ubuntu2~24.04) ...
proof-ci	Set up OCaml and OPAM	2025-09-29T18:08:23.7468136Z Setting up gcc-13-multilib (13.3.0-6ubuntu2~24.04) ...
proof-ci	Set up OCaml and OPAM	2025-09-29T18:08:23.7514299Z Setting up lib32stdc++-13-dev (13.3.0-6ubuntu2~24.04) ...
proof-ci	Set up OCaml and OPAM	2025-09-29T18:08:23.7563389Z Setting up gcc-multilib (4:13.2.0-7ubuntu1) ...
proof-ci	Set up OCaml and OPAM	2025-09-29T18:08:23.7612281Z Setting up libx32stdc++-13-dev (13.3.0-6ubuntu2~24.04) ...
proof-ci	Set up OCaml and OPAM	2025-09-29T18:08:23.7681635Z Setting up g++-13-multilib (13.3.0-6ubuntu2~24.04) ...
proof-ci	Set up OCaml and OPAM	2025-09-29T18:08:23.7728357Z Setting up g++-multilib (4:13.2.0-7ubuntu1) ...
proof-ci	Set up OCaml and OPAM	2025-09-29T18:08:23.7789110Z Processing triggers for libc-bin (2.39-0ubuntu8.6) ...
proof-ci	Set up OCaml and OPAM	2025-09-29T18:08:25.3280149Z Processing triggers for man-db (2.12.0-4build2) ...
proof-ci	Set up OCaml and OPAM	2025-09-29T18:09:20.2354968Z 
proof-ci	Set up OCaml and OPAM	2025-09-29T18:09:20.2355476Z Running kernel seems to be up-to-date.
proof-ci	Set up OCaml and OPAM	2025-09-29T18:09:20.2355729Z 
proof-ci	Set up OCaml and OPAM	2025-09-29T18:09:20.2356118Z Restarting services...
proof-ci	Set up OCaml and OPAM	2025-09-29T18:09:20.2429412Z 
proof-ci	Set up OCaml and OPAM	2025-09-29T18:09:20.2429943Z Service restarts being deferred:
proof-ci	Set up OCaml and OPAM	2025-09-29T18:09:20.2431904Z  systemctl restart hosted-compute-agent.service
proof-ci	Set up OCaml and OPAM	2025-09-29T18:09:20.2432257Z 
proof-ci	Set up OCaml and OPAM	2025-09-29T18:09:20.2432466Z No containers need to be restarted.
proof-ci	Set up OCaml and OPAM	2025-09-29T18:09:20.2432751Z 
proof-ci	Set up OCaml and OPAM	2025-09-29T18:09:20.2432936Z No user sessions are running outdated binaries.
proof-ci	Set up OCaml and OPAM	2025-09-29T18:09:20.2433253Z 
proof-ci	Set up OCaml and OPAM	2025-09-29T18:09:20.2433561Z No VM guests are running outdated hypervisor (qemu) binaries on this host.
proof-ci	Set up OCaml and OPAM	2025-09-29T18:09:21.3173732Z ##[group]Run mkdir -p "$HOME/.github-tools"
proof-ci	Set up OCaml and OPAM	2025-09-29T18:09:21.3174078Z [36;1mmkdir -p "$HOME/.github-tools"[0m
proof-ci	Set up OCaml and OPAM	2025-09-29T18:09:21.3174317Z [36;1m{[0m
proof-ci	Set up OCaml and OPAM	2025-09-29T18:09:21.3174508Z [36;1m  printf '%s\n' '#!/usr/bin/env bash'[0m
proof-ci	Set up OCaml and OPAM	2025-09-29T18:09:21.3174806Z [36;1m  printf '%s\n' 'if [[ "$1" == "apt-get" ]]; then'[0m
proof-ci	Set up OCaml and OPAM	2025-09-29T18:09:21.3175077Z [36;1m  printf '%s\n' '  args=()'[0m
proof-ci	Set up OCaml and OPAM	2025-09-29T18:09:21.3175332Z [36;1m  printf '%s\n' '  install_seen=false'[0m
proof-ci	Set up OCaml and OPAM	2025-09-29T18:09:21.3175611Z [36;1m  printf '%s\n' '  for arg in "$@"; do'[0m
proof-ci	Set up OCaml and OPAM	2025-09-29T18:09:21.3175904Z [36;1m  printf '%s\n' '    if [[ "$arg" == "install" ]]; then'[0m
proof-ci	Set up OCaml and OPAM	2025-09-29T18:09:21.3176206Z [36;1m  printf '%s\n' '      install_seen=true'[0m
proof-ci	Set up OCaml and OPAM	2025-09-29T18:09:21.3176452Z [36;1m  printf '%s\n' '    fi'[0m
proof-ci	Set up OCaml and OPAM	2025-09-29T18:09:21.3176748Z [36;1m  printf '%s\n' '    if [[ "$install_seen" == true && "$arg" == "darcs" ]]; then'[0m
proof-ci	Set up OCaml and OPAM	2025-09-29T18:09:21.3177084Z [36;1m  printf '%s\n' '      continue'[0m
proof-ci	Set up OCaml and OPAM	2025-09-29T18:09:21.3177316Z [36;1m  printf '%s\n' '    fi'[0m
proof-ci	Set up OCaml and OPAM	2025-09-29T18:09:21.3177537Z [36;1m  printf '%s\n' '    args+=("$arg")'[0m
proof-ci	Set up OCaml and OPAM	2025-09-29T18:09:21.3177773Z [36;1m  printf '%s\n' '  done'[0m
proof-ci	Set up OCaml and OPAM	2025-09-29T18:09:21.3178024Z [36;1m  printf '%s\n' '  exec /usr/bin/sudo "${args[@]}"'[0m
proof-ci	Set up OCaml and OPAM	2025-09-29T18:09:21.3178288Z [36;1m  printf '%s\n' 'fi'[0m
proof-ci	Set up OCaml and OPAM	2025-09-29T18:09:21.3178519Z [36;1m  printf '%s\n' 'exec /usr/bin/sudo "$@"'[0m
proof-ci	Set up OCaml and OPAM	2025-09-29T18:09:21.3178776Z [36;1m} > "$HOME/.github-tools/sudo"[0m
proof-ci	Set up OCaml and OPAM	2025-09-29T18:09:21.3179042Z [36;1mchmod +x "$HOME/.github-tools/sudo"[0m
proof-ci	Set up OCaml and OPAM	2025-09-29T18:09:21.3179343Z [36;1mecho "PATH=$HOME/.github-tools:$PATH" >> "$GITHUB_ENV"[0m
proof-ci	Set up OCaml and OPAM	2025-09-29T18:09:21.3213790Z shell: /usr/bin/bash --noprofile --norc -e -o pipefail {0}
proof-ci	Set up OCaml and OPAM	2025-09-29T18:09:21.3214111Z ##[endgroup]
proof-ci	Set up OCaml and OPAM	2025-09-29T18:09:21.3367530Z ##[group]Run ocaml/setup-ocaml@v2
proof-ci	Set up OCaml and OPAM	2025-09-29T18:09:21.3367762Z with:
proof-ci	Set up OCaml and OPAM	2025-09-29T18:09:21.3367943Z   ocaml-compiler: 4.14.1
proof-ci	Set up OCaml and OPAM	2025-09-29T18:09:21.3368149Z   allow-prerelease-opam: false
proof-ci	Set up OCaml and OPAM	2025-09-29T18:09:21.3368364Z   opam-pin: true
proof-ci	Set up OCaml and OPAM	2025-09-29T18:09:21.3368543Z   opam-depext: false
proof-ci	Set up OCaml and OPAM	2025-09-29T18:09:21.3368745Z   opam-local-packages: *.opam
proof-ci	Set up OCaml and OPAM	2025-09-29T18:09:21.3368980Z   opam-disable-sandboxing: false
proof-ci	Set up OCaml and OPAM	2025-09-29T18:09:21.3369190Z   dune-cache: false
proof-ci	Set up OCaml and OPAM	2025-09-29T18:09:21.3369367Z   cache-prefix: v1
proof-ci	Set up OCaml and OPAM	2025-09-29T18:09:21.3370076Z   github-token: ***
proof-ci	Set up OCaml and OPAM	2025-09-29T18:09:21.3370278Z env:
proof-ci	Set up OCaml and OPAM	2025-09-29T18:09:21.3371255Z   PATH: /home/runner/.github-tools:/snap/bin:/home/runner/.local/bin:/opt/pipx_bin:/home/runner/.cargo/bin:/home/runner/.config/composer/vendor/bin:/usr/local/.ghcup/bin:/home/runner/.dotnet/tools:/usr/local/sbin:/usr/local/bin:/usr/sbin:/usr/bin:/sbin:/bin:/usr/games:/usr/local/games:/snap/bin
proof-ci	Set up OCaml and OPAM	2025-09-29T18:09:21.3372301Z ##[endgroup]
proof-ci	Set up OCaml and OPAM	2025-09-29T18:09:21.5211243Z ##[group]Retrieve the opam cache
proof-ci	Set up OCaml and OPAM	2025-09-29T18:09:22.5135776Z ##[warning]Failed to restore: Cache service responded with 400
proof-ci	Set up OCaml and OPAM	2025-09-29T18:09:22.5137821Z Cache not found for input keys: v1-setup-ocaml-opam-2.1.6-sandbox-linux-24.04-x86_64-ocaml_base_compiler_4_14_1-2025-40, v1-setup-ocaml-opam-2.1.6-sandbox-linux-24.04-x86_64-ocaml_base_compiler_4_14_1-2025-40, v1-setup-ocaml-opam-2.1.6-sandbox-linux-24.04-x86_64-ocaml_base_compiler_4_14_1-2025-, v1-setup-ocaml-opam-2.1.6-sandbox-linux-24.04-x86_64-ocaml_base_compiler_4_14_1-
proof-ci	Set up OCaml and OPAM	2025-09-29T18:09:22.5139193Z ##[endgroup]
proof-ci	Set up OCaml and OPAM	2025-09-29T18:09:22.5139518Z ##[group]Install opam
proof-ci	Set up OCaml and OPAM	2025-09-29T18:09:23.2947053Z Acquired 2.1.6 from https://github.com/ocaml/opam/releases/download/2.1.6/opam-2.1.6-x86_64-linux
proof-ci	Set up OCaml and OPAM	2025-09-29T18:09:23.3034180Z Successfully cached opam to /opt/hostedtoolcache/opam/2.1.6/x86_64
proof-ci	Set up OCaml and OPAM	2025-09-29T18:09:23.3035206Z Added opam to the path
proof-ci	Set up OCaml and OPAM	2025-09-29T18:09:23.3035889Z ##[endgroup]
proof-ci	Set up OCaml and OPAM	2025-09-29T18:09:23.3036440Z ##[group]Initialise the opam state
proof-ci	Set up OCaml and OPAM	2025-09-29T18:09:23.3057937Z [command]/home/runner/.github-tools/sudo apt-get --yes install bubblewrap darcs g++-multilib gcc-multilib mercurial musl-tools rsync
proof-ci	Set up OCaml and OPAM	2025-09-29T18:09:23.3320433Z Reading package lists...
proof-ci	Set up OCaml and OPAM	2025-09-29T18:09:23.5339074Z Building dependency tree...
proof-ci	Set up OCaml and OPAM	2025-09-29T18:09:23.5346345Z Reading state information...
proof-ci	Set up OCaml and OPAM	2025-09-29T18:09:23.7433708Z bubblewrap is already the newest version (0.9.0-1ubuntu0.1).
proof-ci	Set up OCaml and OPAM	2025-09-29T18:09:23.7434441Z g++-multilib is already the newest version (4:13.2.0-7ubuntu1).
proof-ci	Set up OCaml and OPAM	2025-09-29T18:09:23.7435098Z gcc-multilib is already the newest version (4:13.2.0-7ubuntu1).
proof-ci	Set up OCaml and OPAM	2025-09-29T18:09:23.7435723Z mercurial is already the newest version (6.7.2-1ubuntu2.2).
proof-ci	Set up OCaml and OPAM	2025-09-29T18:09:23.7436300Z musl-tools is already the newest version (1.2.4-2).
proof-ci	Set up OCaml and OPAM	2025-09-29T18:09:23.7436854Z rsync is already the newest version (3.2.7-1ubuntu1.2).
proof-ci	Set up OCaml and OPAM	2025-09-29T18:09:23.7437431Z 0 upgraded, 0 newly installed, 0 to remove and 18 not upgraded.
proof-ci	Set up OCaml and OPAM	2025-09-29T18:09:23.7545916Z [command]/opt/hostedtoolcache/opam/2.1.6/x86_64/opam init --auto-setup --bare --enable-shell-hook
proof-ci	Set up OCaml and OPAM	2025-09-29T18:09:23.7687937Z No configuration file found, using built-in defaults.
proof-ci	Set up OCaml and OPAM	2025-09-29T18:09:23.7690627Z Checking for available remotes: rsync and local, git, mercurial.
proof-ci	Set up OCaml and OPAM	2025-09-29T18:09:23.7691932Z   - you won't be able to use darcs repositories unless you install the [01mdarcs[0m command on your system.
proof-ci	Set up OCaml and OPAM	2025-09-29T18:09:23.7692360Z 
proof-ci	Set up OCaml and OPAM	2025-09-29T18:09:23.7889244Z [31m[ERROR][0m Sandboxing is not working on your platform ubuntu:
proof-ci	Set up OCaml and OPAM	2025-09-29T18:09:23.7890843Z         "~/.opam/opam-init/hooks/sandbox.sh build sh -c echo SUCCESS >$TMPDIR/opam-sandbox-check-out && cat $TMPDIR/opam-sandbox-check-out; rm -f $TMPDIR/opam-sandbox-check-out" exited with code 1 "bwrap: loopback: Failed RTM_NEWADDR: Operation not permitted"
proof-ci	Set up OCaml and OPAM	2025-09-29T18:09:23.7892447Z Do you want to disable it?  Note that this will result in less secure package builds, so please ensure that you have some other isolation mechanisms in place (such as running within a container or virtual machine). [y/N] y
proof-ci	Set up OCaml and OPAM	2025-09-29T18:09:23.7894527Z 
proof-ci	Set up OCaml and OPAM	2025-09-29T18:09:23.7895301Z [36m<><>[0m [01mFetching repository information[0m [36m><><><><><><><><><><><><><><><><><><><><><>[0m
proof-ci	Set up OCaml and OPAM	2025-09-29T18:09:26.6237867Z [[32mdefault[0m] Initialised
proof-ci	Set up OCaml and OPAM	2025-09-29T18:09:38.9684852Z 
proof-ci	Set up OCaml and OPAM	2025-09-29T18:09:38.9685565Z User configuration:
proof-ci	Set up OCaml and OPAM	2025-09-29T18:09:38.9691154Z   Updating ~/.bash_profile.
proof-ci	Set up OCaml and OPAM	2025-09-29T18:09:38.9692375Z [1;34m[NOTE][0m Make sure that ~/.bash_profile is well [04msourced[0m in your ~/.bashrc.
proof-ci	Set up OCaml and OPAM	2025-09-29T18:09:38.9692934Z 
proof-ci	Set up OCaml and OPAM	2025-09-29T18:09:40.1915248Z ##[endgroup]
proof-ci	Set up OCaml and OPAM	2025-09-29T18:09:40.1917672Z ##[group]Remove the opam repositories
proof-ci	Set up OCaml and OPAM	2025-09-29T18:09:40.1941921Z [command]/opt/hostedtoolcache/opam/2.1.6/x86_64/opam repository list --all-switches --short
proof-ci	Set up OCaml and OPAM	2025-09-29T18:09:40.2500920Z default
proof-ci	Set up OCaml and OPAM	2025-09-29T18:09:40.2531797Z [command]/opt/hostedtoolcache/opam/2.1.6/x86_64/opam repository remove default --all-switches
proof-ci	Set up OCaml and OPAM	2025-09-29T18:09:40.3153609Z ##[endgroup]
proof-ci	Set up OCaml and OPAM	2025-09-29T18:09:40.3154639Z ##[group]Initialise the opam repositories
proof-ci	Set up OCaml and OPAM	2025-09-29T18:09:40.3172592Z [command]/opt/hostedtoolcache/opam/2.1.6/x86_64/opam repository add default https://github.com/ocaml/opam-repository.git --all-switches --set-default
proof-ci	Set up OCaml and OPAM	2025-09-29T18:10:15.6667897Z [[32mdefault[0m] Initialised
proof-ci	Set up OCaml and OPAM	2025-09-29T18:10:27.0755663Z ##[endgroup]
proof-ci	Set up OCaml and OPAM	2025-09-29T18:10:27.2460203Z ##[group]Install OCaml
proof-ci	Set up OCaml and OPAM	2025-09-29T18:10:27.2475867Z [command]/opt/hostedtoolcache/opam/2.1.6/x86_64/opam switch create . --no-install --packages ocaml-base-compiler.4.14.1
proof-ci	Set up OCaml and OPAM	2025-09-29T18:10:27.4548800Z 
proof-ci	Set up OCaml and OPAM	2025-09-29T18:10:31.6350688Z [36m<><>[0m [01mInstalling new switch packages[0m [36m<><><><><><><><><><><><><><><><><><><><><><>[0m
proof-ci	Set up OCaml and OPAM	2025-09-29T18:10:31.6351382Z Switch invariant: ["ocaml-base-compiler" {= "4.14.1"}]
proof-ci	Set up OCaml and OPAM	2025-09-29T18:10:31.6352061Z 
proof-ci	Set up OCaml and OPAM	2025-09-29T18:10:31.6352452Z [36m<><>[0m [01mProcessing actions[0m [36m<><><><><><><><><><><><><><><><><><><><><><><><><><><><>[0m
proof-ci	Set up OCaml and OPAM	2025-09-29T18:10:34.1039229Z [32mâ[0m installed [01mbase-bigarray[0m.base
proof-ci	Set up OCaml and OPAM	2025-09-29T18:10:34.1045063Z [32mâ[0m installed [01mbase-threads[0m.base
proof-ci	Set up OCaml and OPAM	2025-09-29T18:10:34.1052738Z [32mâ[0m installed [01mbase-unix[0m.base
proof-ci	Set up OCaml and OPAM	2025-09-29T18:10:34.1063281Z [32mâ[0m installed [01mocaml-options-vanilla[0m.1
proof-ci	Set up OCaml and OPAM	2025-09-29T18:10:34.2009080Z [36mâ¬[0m retrieved [01mocaml-config[0m.2  (2 extra sources)
proof-ci	Set up OCaml and OPAM	2025-09-29T18:10:34.6537942Z [36mâ¬[0m retrieved [01mocaml-base-compiler[0m.4.14.1  (https://github.com/ocaml/ocaml/archive/4.14.1.tar.gz)
proof-ci	Set up OCaml and OPAM	2025-09-29T18:13:07.4253596Z [32mâ[0m installed [01mocaml-base-compiler[0m.4.14.1
proof-ci	Set up OCaml and OPAM	2025-09-29T18:13:07.4341109Z [32mâ[0m installed [01mocaml-config[0m.2
proof-ci	Set up OCaml and OPAM	2025-09-29T18:13:07.4861674Z [32mâ[0m installed [01mocaml[0m.4.14.1
proof-ci	Set up OCaml and OPAM	2025-09-29T18:13:07.8736698Z Done.
proof-ci	Set up OCaml and OPAM	2025-09-29T18:13:07.8742069Z # Run [01meval $(opam env)[0m to update the current shell environment
proof-ci	Set up OCaml and OPAM	2025-09-29T18:13:09.0864830Z ##[endgroup]
proof-ci	Set up OCaml and OPAM	2025-09-29T18:13:09.0865554Z ##[group]Save the opam cache
proof-ci	Set up OCaml and OPAM	2025-09-29T18:13:09.0880261Z [command]/opt/hostedtoolcache/opam/2.1.6/x86_64/opam clean --all-switches --download-cache --logs --repo-cache --unused-repositories
proof-ci	Set up OCaml and OPAM	2025-09-29T18:13:09.2985828Z Cleaning up switch /home/runner/work/latex_perf/latex_perf
proof-ci	Set up OCaml and OPAM	2025-09-29T18:13:09.4039310Z Updating /home/runner/.opam/repo/repos-config
proof-ci	Set up OCaml and OPAM	2025-09-29T18:13:09.4040176Z Clearing repository cache
proof-ci	Set up OCaml and OPAM	2025-09-29T18:13:09.4074299Z Clearing cache of downloaded files
proof-ci	Set up OCaml and OPAM	2025-09-29T18:13:09.4107618Z Clearing logs
proof-ci	Set up OCaml and OPAM	2025-09-29T18:13:10.1487559Z [command]/usr/bin/tar --posix -cf cache.tzst --exclude cache.tzst -P -C /home/runner/work/latex_perf/latex_perf --files-from manifest.txt --use-compress-program zstdmt
proof-ci	Set up OCaml and OPAM	2025-09-29T18:13:12.0089045Z ##[warning]Failed to save: <h2>Our services aren't available right now</h2><p>We're working to restore all services as soon as possible. Please check back soon.</p>0OMzaaAAAAAAFZ3Yqv5ZWR4V1M5rGCsE7UEhMMzBFREdFMDExOABFZGdl
proof-ci	Set up OCaml and OPAM	2025-09-29T18:13:12.0836520Z ##[endgroup]
proof-ci	Set up OCaml and OPAM	2025-09-29T18:13:12.0837416Z ##[group]Retrieve the opam download cache
proof-ci	Set up OCaml and OPAM	2025-09-29T18:13:12.1456739Z ##[warning]Failed to restore: Cache service responded with 400
proof-ci	Set up OCaml and OPAM	2025-09-29T18:13:12.1462573Z Cache not found for input keys: v1-setup-ocaml-opam-download-github.com/ocaml/opam-repository.git-4_14_1-2025-8-29-18106304871-56, v1-setup-ocaml-opam-download-github.com/ocaml/opam-repository.git-4_14_1-2025-8-29-18106304871-56, v1-setup-ocaml-opam-download-github.com/ocaml/opam-repository.git-4_14_1-2025-8-29-18106304871-, v1-setup-ocaml-opam-download-github.com/ocaml/opam-repository.git-4_14_1-2025-8-29-, v1-setup-ocaml-opam-download-github.com/ocaml/opam-repository.git-4_14_1-2025-8-
proof-ci	Set up OCaml and OPAM	2025-09-29T18:13:12.1466509Z ##[endgroup]
proof-ci	Set up OCaml and OPAM	2025-09-29T18:13:12.1505481Z ##[group]Pin local packages
proof-ci	Set up OCaml and OPAM	2025-09-29T18:13:12.1519548Z [command]/opt/hostedtoolcache/opam/2.1.6/x86_64/opam pin add latex-perfectionist.dev . --no-action
proof-ci	Set up OCaml and OPAM	2025-09-29T18:13:18.9347661Z Package latex-perfectionist does not exist, create as a [01mNEW[0m package? [Y/n] y
proof-ci	Set up OCaml and OPAM	2025-09-29T18:13:19.0496265Z [[32mlatex-perfectionist.dev[0m] synchronised (file:///home/runner/work/latex_perf/latex_perf)
proof-ci	Set up OCaml and OPAM	2025-09-29T18:13:19.0501714Z [33m[WARNING][0m Failed checks on latex-perfectionist package definition from source at file:///home/runner/work/latex_perf/latex_perf:
proof-ci	Set up OCaml and OPAM	2025-09-29T18:13:19.0503171Z     [31merror[0m 23: Missing field 'maintainer'
proof-ci	Set up OCaml and OPAM	2025-09-29T18:13:19.0503718Z   [33mwarning[0m 25: Missing field 'authors'
proof-ci	Set up OCaml and OPAM	2025-09-29T18:13:19.0504238Z   [33mwarning[0m 35: Missing field 'homepage'
proof-ci	Set up OCaml and OPAM	2025-09-29T18:13:19.0504789Z   [33mwarning[0m 36: Missing field 'bug-reports'
proof-ci	Set up OCaml and OPAM	2025-09-29T18:13:19.0511350Z latex-perfectionist is now pinned to [01mgit+file:///home/runner/work/latex_perf/latex_perf#HEAD[0m (version [01mdev[0m)
proof-ci	Set up OCaml and OPAM	2025-09-29T18:13:20.1361597Z ##[endgroup]
proof-ci	Set up OCaml and OPAM	2025-09-29T18:13:20.1374755Z [command]/opt/hostedtoolcache/opam/2.1.6/x86_64/opam --version
proof-ci	Set up OCaml and OPAM	2025-09-29T18:13:20.1516358Z 2.1.6
proof-ci	Set up OCaml and OPAM	2025-09-29T18:13:20.1537613Z [command]/opt/hostedtoolcache/opam/2.1.6/x86_64/opam exec -- ocaml -version
proof-ci	Set up OCaml and OPAM	2025-09-29T18:13:20.1827745Z The OCaml toplevel, version 4.14.1
proof-ci	Install system deps	ï»¿2025-09-29T18:13:20.1964656Z ##[group]Run sudo apt-get update -y
proof-ci	Install system deps	2025-09-29T18:13:20.1964977Z [36;1msudo apt-get update -y[0m
proof-ci	Install system deps	2025-09-29T18:13:20.1965256Z [36;1msudo apt-get install -y libgmp-dev pkg-config[0m
proof-ci	Install system deps	2025-09-29T18:13:20.2000255Z shell: /usr/bin/bash -e {0}
proof-ci	Install system deps	2025-09-29T18:13:20.2000500Z env:
proof-ci	Install system deps	2025-09-29T18:13:20.2001462Z   PATH: /home/runner/.github-tools:/snap/bin:/home/runner/.local/bin:/opt/pipx_bin:/home/runner/.cargo/bin:/home/runner/.config/composer/vendor/bin:/usr/local/.ghcup/bin:/home/runner/.dotnet/tools:/usr/local/sbin:/usr/local/bin:/usr/sbin:/usr/bin:/sbin:/bin:/usr/games:/usr/local/games:/snap/bin
proof-ci	Install system deps	2025-09-29T18:13:20.2002489Z   OPAMCLI: 2.0
proof-ci	Install system deps	2025-09-29T18:13:20.2002657Z   OPAMCOLOR: always
proof-ci	Install system deps	2025-09-29T18:13:20.2002837Z   OPAMERRLOGLEN: 0
proof-ci	Install system deps	2025-09-29T18:13:20.2003001Z   OPAMJOBS: 4
proof-ci	Install system deps	2025-09-29T18:13:20.2003171Z   OPAMPRECISETRACKING: 1
proof-ci	Install system deps	2025-09-29T18:13:20.2003369Z   OPAMSOLVERTIMEOUT: 1000
proof-ci	Install system deps	2025-09-29T18:13:20.2003558Z   OPAMYES: 1
proof-ci	Install system deps	2025-09-29T18:13:20.2003712Z   CLICOLOR_FORCE: 1
proof-ci	Install system deps	2025-09-29T18:13:20.2003882Z ##[endgroup]
proof-ci	Install system deps	2025-09-29T18:13:20.2692495Z Get:1 file:/etc/apt/apt-mirrors.txt Mirrorlist [144 B]
proof-ci	Install system deps	2025-09-29T18:13:20.3008382Z Hit:2 http://azure.archive.ubuntu.com/ubuntu noble InRelease
proof-ci	Install system deps	2025-09-29T18:13:20.3021995Z Hit:3 http://azure.archive.ubuntu.com/ubuntu noble-updates InRelease
proof-ci	Install system deps	2025-09-29T18:13:20.3026231Z Hit:6 https://packages.microsoft.com/repos/azure-cli noble InRelease
proof-ci	Install system deps	2025-09-29T18:13:20.3032812Z Hit:4 http://azure.archive.ubuntu.com/ubuntu noble-backports InRelease
proof-ci	Install system deps	2025-09-29T18:13:20.3040302Z Hit:5 http://azure.archive.ubuntu.com/ubuntu noble-security InRelease
proof-ci	Install system deps	2025-09-29T18:13:20.3059508Z Hit:7 https://packages.microsoft.com/ubuntu/24.04/prod noble InRelease
proof-ci	Install system deps	2025-09-29T18:13:21.5723951Z Reading package lists...
proof-ci	Install system deps	2025-09-29T18:13:21.6079219Z Reading package lists...
proof-ci	Install system deps	2025-09-29T18:13:21.8352977Z Building dependency tree...
proof-ci	Install system deps	2025-09-29T18:13:21.8361406Z Reading state information...
proof-ci	Install system deps	2025-09-29T18:13:22.0474848Z libgmp-dev is already the newest version (2:6.3.0+dfsg-2ubuntu6.1).
proof-ci	Install system deps	2025-09-29T18:13:22.0475597Z pkg-config is already the newest version (1.8.1-2build1).
proof-ci	Install system deps	2025-09-29T18:13:22.0476248Z 0 upgraded, 0 newly installed, 0 to remove and 18 not upgraded.
proof-ci	Install Coq toolchain	ï»¿2025-09-29T18:13:22.0532210Z ##[group]Run opam repo add default https://opam.ocaml.org || true
proof-ci	Install Coq toolchain	2025-09-29T18:13:22.0532989Z [36;1mopam repo add default https://opam.ocaml.org || true[0m
proof-ci	Install Coq toolchain	2025-09-29T18:13:22.0533756Z [36;1mopam repo add coq-released https://coq.inria.fr/opam/released || true[0m
proof-ci	Install Coq toolchain	2025-09-29T18:13:22.0534433Z [36;1mopam update -y || true[0m
proof-ci	Install Coq toolchain	2025-09-29T18:13:22.0535060Z [36;1mopam install -y dune coq=8.18.0 coq-core=8.18.0 coq-mathcomp-ssreflect=1.17.0[0m
proof-ci	Install Coq toolchain	2025-09-29T18:13:22.0575278Z shell: /usr/bin/bash -e {0}
proof-ci	Install Coq toolchain	2025-09-29T18:13:22.0575511Z env:
proof-ci	Install Coq toolchain	2025-09-29T18:13:22.0576488Z   PATH: /home/runner/.github-tools:/snap/bin:/home/runner/.local/bin:/opt/pipx_bin:/home/runner/.cargo/bin:/home/runner/.config/composer/vendor/bin:/usr/local/.ghcup/bin:/home/runner/.dotnet/tools:/usr/local/sbin:/usr/local/bin:/usr/sbin:/usr/bin:/sbin:/bin:/usr/games:/usr/local/games:/snap/bin
proof-ci	Install Coq toolchain	2025-09-29T18:13:22.0577531Z   OPAMCLI: 2.0
proof-ci	Install Coq toolchain	2025-09-29T18:13:22.0577704Z   OPAMCOLOR: always
proof-ci	Install Coq toolchain	2025-09-29T18:13:22.0577884Z   OPAMERRLOGLEN: 0
proof-ci	Install Coq toolchain	2025-09-29T18:13:22.0578092Z   OPAMJOBS: 4
proof-ci	Install Coq toolchain	2025-09-29T18:13:22.0578433Z   OPAMPRECISETRACKING: 1
proof-ci	Install Coq toolchain	2025-09-29T18:13:22.0578647Z   OPAMSOLVERTIMEOUT: 1000
proof-ci	Install Coq toolchain	2025-09-29T18:13:22.0578844Z   OPAMYES: 1
proof-ci	Install Coq toolchain	2025-09-29T18:13:22.0579002Z   CLICOLOR_FORCE: 1
proof-ci	Install Coq toolchain	2025-09-29T18:13:22.0579167Z ##[endgroup]
proof-ci	Install Coq toolchain	2025-09-29T18:13:22.1205028Z [31m[ERROR][0m Repository default is already set up and points to git+https://github.com/ocaml/opam-repository.git. To change that, use 'opam repository set-url default https://opam.ocaml.org'.
proof-ci	Install Coq toolchain	2025-09-29T18:13:24.3829530Z [[32mcoq-released[0m] Initialised
proof-ci	Install Coq toolchain	2025-09-29T18:13:26.1580773Z [1;34m[NOTE][0m Repository coq-released has been added to the selections of switch /home/runner/work/latex_perf/latex_perf only.
proof-ci	Install Coq toolchain	2025-09-29T18:13:26.1581931Z        Run `opam repository add coq-released --all-switches|--set-default' to use it in all existing switches, or in newly created switches, respectively.
proof-ci	Install Coq toolchain	2025-09-29T18:13:26.1582528Z 
proof-ci	Install Coq toolchain	2025-09-29T18:13:26.4277942Z [1;34m[NOTE][0m latex-perfectionist.dev has previously been updated with --working-dir, not resetting unless explicitly selected
proof-ci	Install Coq toolchain	2025-09-29T18:13:26.4278512Z 
proof-ci	Install Coq toolchain	2025-09-29T18:13:26.4278851Z [36m<><>[0m [01mUpdating package repositories[0m [36m><><><><><><><><><><><><><><><><><><><><><><>[0m
proof-ci	Install Coq toolchain	2025-09-29T18:13:29.6555624Z [[32mcoq-released[0m] no changes from https://coq.inria.fr/opam/released
proof-ci	Install Coq toolchain	2025-09-29T18:13:30.9992736Z [[32mdefault[0m] no changes from git+https://github.com/ocaml/opam-repository.git
proof-ci	Install Coq toolchain	2025-09-29T18:13:47.8987025Z The following actions will be performed:
proof-ci	Install Coq toolchain	2025-09-29T18:13:47.8988032Z   [32mâ[0m install [01mdune[0m                   3.20.2
proof-ci	Install Coq toolchain	2025-09-29T18:13:47.8988843Z   [32mâ[0m install [01mconf-pkg-config[0m        4      [required by zarith]
proof-ci	Install Coq toolchain	2025-09-29T18:13:47.8989982Z   [32mâ[0m install [01mocamlfind[0m              1.9.8  [required by coq-core]
proof-ci	Install Coq toolchain	2025-09-29T18:13:47.8992695Z   [32mâ[0m install [01mconf-gmp[0m               5      [required by zarith]
proof-ci	Install Coq toolchain	2025-09-29T18:13:47.8993558Z   [32mâ[0m install [01mzarith[0m                 1.14   [required by coq-core]
proof-ci	Install Coq toolchain	2025-09-29T18:13:47.8994298Z   [32mâ[0m install [01mcoq-core[0m               8.18.0
proof-ci	Install Coq toolchain	2025-09-29T18:13:47.8995010Z   [32mâ[0m install [01mcoqide-server[0m          8.18.0 [required by coq]
proof-ci	Install Coq toolchain	2025-09-29T18:13:47.8995797Z   [32mâ[0m install [01mcoq-stdlib[0m             8.18.0 [required by coq]
proof-ci	Install Coq toolchain	2025-09-29T18:13:47.8996493Z   [32mâ[0m install [01mcoq[0m                    8.18.0
proof-ci	Install Coq toolchain	2025-09-29T18:13:47.8997102Z   [32mâ[0m install [01mcoq-mathcomp-ssreflect[0m 1.17.0
proof-ci	Install Coq toolchain	2025-09-29T18:13:47.8997612Z ===== [32mâ[0m 10 =====
proof-ci	Install Coq toolchain	2025-09-29T18:13:47.9001302Z 
proof-ci	Install Coq toolchain	2025-09-29T18:13:47.9002320Z [36m<><>[0m [01mProcessing actions[0m [36m<><><><><><><><><><><><><><><><><><><><><><><><><><><><>[0m
proof-ci	Install Coq toolchain	2025-09-29T18:13:50.3608326Z [36mâ¬[0m retrieved [01mconf-gmp[0m.5  (https://raw.githubusercontent.com/ocaml/opam-source-archives/main/patches/conf-gmp/test.c.4)
proof-ci	Install Coq toolchain	2025-09-29T18:13:50.4811434Z [32mâ[0m installed [01mconf-pkg-config[0m.4
proof-ci	Install Coq toolchain	2025-09-29T18:13:50.4822164Z [32mâ[0m installed [01mconf-gmp[0m.5
proof-ci	Install Coq toolchain	2025-09-29T18:13:50.8868551Z [36mâ¬[0m retrieved [01mcoq-mathcomp-ssreflect[0m.1.17.0  (https://github.com/math-comp/math-comp/archive/mathcomp-1.17.0.tar.gz)
proof-ci	Install Coq toolchain	2025-09-29T18:13:51.3434899Z [36mâ¬[0m retrieved [01mcoq[0m.8.18.0  (https://github.com/coq/coq/releases/download/V8.18.0/coq-8.18.0.tar.gz)
proof-ci	Install Coq toolchain	2025-09-29T18:13:51.9105893Z [36mâ¬[0m retrieved [01mcoq-core[0m.8.18.0  (https://github.com/coq/coq/releases/download/V8.18.0/coq-8.18.0.tar.gz)
proof-ci	Install Coq toolchain	2025-09-29T18:13:52.2888069Z [36mâ¬[0m retrieved [01mcoq-stdlib[0m.8.18.0  (cached)
proof-ci	Install Coq toolchain	2025-09-29T18:13:52.6617085Z [36mâ¬[0m retrieved [01mcoqide-server[0m.8.18.0  (cached)
proof-ci	Install Coq toolchain	2025-09-29T18:13:52.7759014Z [36mâ¬[0m retrieved [01mocamlfind[0m.1.9.8  (https://github.com/ocaml/ocamlfind/archive/refs/tags/findlib-1.9.8.tar.gz)
proof-ci	Install Coq toolchain	2025-09-29T18:13:52.8851643Z [36mâ¬[0m retrieved [01mzarith[0m.1.14  (https://github.com/ocaml/Zarith/archive/release-1.14.tar.gz)
proof-ci	Install Coq toolchain	2025-09-29T18:13:53.8049646Z [36mâ¬[0m retrieved [01mdune[0m.3.20.2  (https://github.com/ocaml/dune/releases/download/3.20.2/dune-3.20.2.tbz)
proof-ci	Install Coq toolchain	2025-09-29T18:13:56.6041745Z [32mâ[0m installed [01mocamlfind[0m.1.9.8
proof-ci	Install Coq toolchain	2025-09-29T18:14:00.2043613Z [32mâ[0m installed [01mzarith[0m.1.14
proof-ci	Install Coq toolchain	2025-09-29T18:14:20.2355926Z [32mâ[0m installed [01mdune[0m.3.20.2
proof-ci	Install Coq toolchain	2025-09-29T18:15:06.2389477Z [32mâ[0m installed [01mcoq-core[0m.8.18.0
proof-ci	Install Coq toolchain	2025-09-29T18:15:09.9635102Z [32mâ[0m installed [01mcoqide-server[0m.8.18.0
proof-ci	Install Coq toolchain	2025-09-29T18:17:32.1003173Z [32mâ[0m installed [01mcoq-stdlib[0m.8.18.0
proof-ci	Install Coq toolchain	2025-09-29T18:17:32.4940037Z [32mâ[0m installed [01mcoq[0m.8.18.0
proof-ci	Install Coq toolchain	2025-09-29T18:17:59.9534547Z [32mâ[0m installed [01mcoq-mathcomp-ssreflect[0m.1.17.0
proof-ci	Install Coq toolchain	2025-09-29T18:18:01.4166877Z Done.
proof-ci	Install Coq toolchain	2025-09-29T18:18:01.4174678Z # Run [01meval $(opam env)[0m to update the current shell environment
proof-ci	Build proofs	ï»¿2025-09-29T18:18:02.8425780Z ##[group]Run opam exec -- dune build proofs
proof-ci	Build proofs	2025-09-29T18:18:02.8426123Z [36;1mopam exec -- dune build proofs[0m
proof-ci	Build proofs	2025-09-29T18:18:02.8458089Z shell: /usr/bin/bash -e {0}
proof-ci	Build proofs	2025-09-29T18:18:02.8458321Z env:
proof-ci	Build proofs	2025-09-29T18:18:02.8459299Z   PATH: /home/runner/.github-tools:/snap/bin:/home/runner/.local/bin:/opt/pipx_bin:/home/runner/.cargo/bin:/home/runner/.config/composer/vendor/bin:/usr/local/.ghcup/bin:/home/runner/.dotnet/tools:/usr/local/sbin:/usr/local/bin:/usr/sbin:/usr/bin:/sbin:/bin:/usr/games:/usr/local/games:/snap/bin
proof-ci	Build proofs	2025-09-29T18:18:02.8460710Z   OPAMCLI: 2.0
proof-ci	Build proofs	2025-09-29T18:18:02.8460884Z   OPAMCOLOR: always
proof-ci	Build proofs	2025-09-29T18:18:02.8461060Z   OPAMERRLOGLEN: 0
proof-ci	Build proofs	2025-09-29T18:18:02.8461231Z   OPAMJOBS: 4
proof-ci	Build proofs	2025-09-29T18:18:02.8461397Z   OPAMPRECISETRACKING: 1
proof-ci	Build proofs	2025-09-29T18:18:02.8461603Z   OPAMSOLVERTIMEOUT: 1000
proof-ci	Build proofs	2025-09-29T18:18:02.8461791Z   OPAMYES: 1
proof-ci	Build proofs	2025-09-29T18:18:02.8461942Z   CLICOLOR_FORCE: 1
proof-ci	Build proofs	2025-09-29T18:18:02.8462109Z ##[endgroup]
proof-ci	Enforce zero admits and zero axioms	ï»¿2025-09-29T18:18:03.7162027Z ##[group]Run # No Admitted. or admit. (exclude archives and disabled files)
proof-ci	Enforce zero admits and zero axioms	2025-09-29T18:18:03.7162531Z [36;1m# No Admitted. or admit. (exclude archives and disabled files)[0m
proof-ci	Enforce zero admits and zero axioms	2025-09-29T18:18:03.7163008Z [36;1mif grep -R -nE '\bAdmitted\.' proofs --exclude-dir=archive --exclude='*.disabled' || \[0m
proof-ci	Enforce zero admits and zero axioms	2025-09-29T18:18:03.7163518Z [36;1m   grep -R -nE '\badmit\.' proofs --exclude-dir=archive --exclude='*.disabled'; then[0m
proof-ci	Enforce zero admits and zero axioms	2025-09-29T18:18:03.7163954Z [36;1m  echo "[proof-gate] ERROR: admits found"; exit 1; fi[0m
proof-ci	Enforce zero admits and zero axioms	2025-09-29T18:18:03.7164329Z [36;1m# No Axiom declarations (exclude archives and disabled files)[0m
proof-ci	Enforce zero admits and zero axioms	2025-09-29T18:18:03.7164759Z [36;1mif grep -R -nE '^\s*Axiom\b' proofs --exclude-dir=archive --exclude='*.disabled'; then[0m
proof-ci	Enforce zero admits and zero axioms	2025-09-29T18:18:03.7165158Z [36;1m  echo "[proof-gate] ERROR: axioms found"; exit 1; fi[0m
proof-ci	Enforce zero admits and zero axioms	2025-09-29T18:18:03.7197789Z shell: /usr/bin/bash -e {0}
proof-ci	Enforce zero admits and zero axioms	2025-09-29T18:18:03.7198011Z env:
proof-ci	Enforce zero admits and zero axioms	2025-09-29T18:18:03.7198974Z   PATH: /home/runner/.github-tools:/snap/bin:/home/runner/.local/bin:/opt/pipx_bin:/home/runner/.cargo/bin:/home/runner/.config/composer/vendor/bin:/usr/local/.ghcup/bin:/home/runner/.dotnet/tools:/usr/local/sbin:/usr/local/bin:/usr/sbin:/usr/bin:/sbin:/bin:/usr/games:/usr/local/games:/snap/bin
proof-ci	Enforce zero admits and zero axioms	2025-09-29T18:18:03.7200308Z   OPAMCLI: 2.0
proof-ci	Enforce zero admits and zero axioms	2025-09-29T18:18:03.7200486Z   OPAMCOLOR: always
proof-ci	Enforce zero admits and zero axioms	2025-09-29T18:18:03.7200667Z   OPAMERRLOGLEN: 0
proof-ci	Enforce zero admits and zero axioms	2025-09-29T18:18:03.7200835Z   OPAMJOBS: 4
proof-ci	Enforce zero admits and zero axioms	2025-09-29T18:18:03.7201008Z   OPAMPRECISETRACKING: 1
proof-ci	Enforce zero admits and zero axioms	2025-09-29T18:18:03.7201207Z   OPAMSOLVERTIMEOUT: 1000
proof-ci	Enforce zero admits and zero axioms	2025-09-29T18:18:03.7201397Z   OPAMYES: 1
proof-ci	Enforce zero admits and zero axioms	2025-09-29T18:18:03.7201552Z   CLICOLOR_FORCE: 1
proof-ci	Enforce zero admits and zero axioms	2025-09-29T18:18:03.7201724Z ##[endgroup]
proof-ci	Enforce zero admits and zero axioms	2025-09-29T18:18:03.7282616Z proofs/LexerSmallstep.v:2:   This is deliberately minimal and admit-free to keep CI zero-admit. *)
proof-ci	Enforce zero admits and zero axioms	2025-09-29T18:18:03.7284094Z [proof-gate] ERROR: admits found
proof-ci	Enforce zero admits and zero axioms	2025-09-29T18:18:03.7289430Z ##[error]Process completed with exit code 1.
proof-ci	Post Set up OCaml and OPAM	ï»¿2025-09-29T18:18:03.7359123Z Post job cleanup.
proof-ci	Post Run actions/checkout@v4	ï»¿2025-09-29T18:18:03.7411505Z Post job cleanup.
proof-ci	Post Run actions/checkout@v4	2025-09-29T18:18:03.8382876Z [command]/usr/bin/git version
proof-ci	Post Run actions/checkout@v4	2025-09-29T18:18:03.8428184Z git version 2.51.0
proof-ci	Post Run actions/checkout@v4	2025-09-29T18:18:03.8480213Z Temporarily overriding HOME='/home/runner/work/_temp/84223c91-56e0-4286-81ec-a183a03e3079' before making global git config changes
proof-ci	Post Run actions/checkout@v4	2025-09-29T18:18:03.8481637Z Adding repository directory to the temporary git global config as a safe directory
proof-ci	Post Run actions/checkout@v4	2025-09-29T18:18:03.8486738Z [command]/usr/bin/git config --global --add safe.directory /home/runner/work/latex_perf/latex_perf
proof-ci	Post Run actions/checkout@v4	2025-09-29T18:18:03.8524451Z [command]/usr/bin/git config --local --name-only --get-regexp core\.sshCommand
proof-ci	Post Run actions/checkout@v4	2025-09-29T18:18:03.8557636Z [command]/usr/bin/git submodule foreach --recursive sh -c "git config --local --name-only --get-regexp 'core\.sshCommand' && git config --local --unset-all 'core.sshCommand' || :"
proof-ci	Post Run actions/checkout@v4	2025-09-29T18:18:03.8788755Z [command]/usr/bin/git config --local --name-only --get-regexp http\.https\:\/\/github\.com\/\.extraheader
proof-ci	Post Run actions/checkout@v4	2025-09-29T18:18:03.8810256Z http.https://github.com/.extraheader
proof-ci	Post Run actions/checkout@v4	2025-09-29T18:18:03.8822928Z [command]/usr/bin/git config --local --unset-all http.https://github.com/.extraheader
proof-ci	Post Run actions/checkout@v4	2025-09-29T18:18:03.8854756Z [command]/usr/bin/git submodule foreach --recursive sh -c "git config --local --name-only --get-regexp 'http\.https\:\/\/github\.com\/\.extraheader' && git config --local --unset-all 'http.https://github.com/.extraheader' || :"
proof-ci	Complete job	ï»¿2025-09-29T18:18:03.9188939Z Cleaning up orphan processes
