unicode-smoke	Set up job	ï»¿2025-09-29T18:07:22.6557036Z Current runner version: '2.328.0'
unicode-smoke	Set up job	2025-09-29T18:07:22.6591059Z ##[group]Runner Image Provisioner
unicode-smoke	Set up job	2025-09-29T18:07:22.6592189Z Hosted Compute Agent
unicode-smoke	Set up job	2025-09-29T18:07:22.6593145Z Version: 20250912.392
unicode-smoke	Set up job	2025-09-29T18:07:22.6593985Z Commit: d921fda672a98b64f4f82364647e2f10b2267d0b
unicode-smoke	Set up job	2025-09-29T18:07:22.6595080Z Build Date: 2025-09-12T15:23:14Z
unicode-smoke	Set up job	2025-09-29T18:07:22.6596076Z ##[endgroup]
unicode-smoke	Set up job	2025-09-29T18:07:22.6596858Z ##[group]Operating System
unicode-smoke	Set up job	2025-09-29T18:07:22.6597727Z Ubuntu
unicode-smoke	Set up job	2025-09-29T18:07:22.6598887Z 24.04.3
unicode-smoke	Set up job	2025-09-29T18:07:22.6599644Z LTS
unicode-smoke	Set up job	2025-09-29T18:07:22.6600286Z ##[endgroup]
unicode-smoke	Set up job	2025-09-29T18:07:22.6601108Z ##[group]Runner Image
unicode-smoke	Set up job	2025-09-29T18:07:22.6601988Z Image: ubuntu-24.04
unicode-smoke	Set up job	2025-09-29T18:07:22.6602796Z Version: 20250922.53.1
unicode-smoke	Set up job	2025-09-29T18:07:22.6604544Z Included Software: https://github.com/actions/runner-images/blob/ubuntu24/20250922.53/images/ubuntu/Ubuntu2404-Readme.md
unicode-smoke	Set up job	2025-09-29T18:07:22.6606852Z Image Release: https://github.com/actions/runner-images/releases/tag/ubuntu24%2F20250922.53
unicode-smoke	Set up job	2025-09-29T18:07:22.6608969Z ##[endgroup]
unicode-smoke	Set up job	2025-09-29T18:07:22.6613037Z ##[group]GITHUB_TOKEN Permissions
unicode-smoke	Set up job	2025-09-29T18:07:22.6616077Z Actions: write
unicode-smoke	Set up job	2025-09-29T18:07:22.6616919Z Attestations: write
unicode-smoke	Set up job	2025-09-29T18:07:22.6617661Z Checks: write
unicode-smoke	Set up job	2025-09-29T18:07:22.6618791Z Contents: write
unicode-smoke	Set up job	2025-09-29T18:07:22.6619614Z Deployments: write
unicode-smoke	Set up job	2025-09-29T18:07:22.6620338Z Discussions: write
unicode-smoke	Set up job	2025-09-29T18:07:22.6621260Z Issues: write
unicode-smoke	Set up job	2025-09-29T18:07:22.6621999Z Metadata: read
unicode-smoke	Set up job	2025-09-29T18:07:22.6622758Z Models: read
unicode-smoke	Set up job	2025-09-29T18:07:22.6623559Z Packages: write
unicode-smoke	Set up job	2025-09-29T18:07:22.6624341Z Pages: write
unicode-smoke	Set up job	2025-09-29T18:07:22.6625075Z PullRequests: write
unicode-smoke	Set up job	2025-09-29T18:07:22.6626111Z RepositoryProjects: write
unicode-smoke	Set up job	2025-09-29T18:07:22.6626949Z SecurityEvents: write
unicode-smoke	Set up job	2025-09-29T18:07:22.6627864Z Statuses: write
unicode-smoke	Set up job	2025-09-29T18:07:22.6629081Z ##[endgroup]
unicode-smoke	Set up job	2025-09-29T18:07:22.6631991Z Secret source: Actions
unicode-smoke	Set up job	2025-09-29T18:07:22.6633140Z Prepare workflow directory
unicode-smoke	Set up job	2025-09-29T18:07:22.7089792Z Prepare all required actions
unicode-smoke	Set up job	2025-09-29T18:07:22.7144734Z Getting action download info
unicode-smoke	Set up job	2025-09-29T18:07:22.9904616Z Download action repository 'actions/checkout@v4' (SHA:08eba0b27e820071cde6df949e0beb9ba4906955)
unicode-smoke	Set up job	2025-09-29T18:07:23.1360407Z Complete job name: unicode-smoke
unicode-smoke	Run actions/checkout@v4	ï»¿2025-09-29T18:07:23.2060981Z ##[group]Run actions/checkout@v4
unicode-smoke	Run actions/checkout@v4	2025-09-29T18:07:23.2061838Z with:
unicode-smoke	Run actions/checkout@v4	2025-09-29T18:07:23.2062258Z   repository: ClanClanClanClan/latex_perf
unicode-smoke	Run actions/checkout@v4	2025-09-29T18:07:23.2062949Z   token: ***
unicode-smoke	Run actions/checkout@v4	2025-09-29T18:07:23.2063314Z   ssh-strict: true
unicode-smoke	Run actions/checkout@v4	2025-09-29T18:07:23.2063975Z   ssh-user: git
unicode-smoke	Run actions/checkout@v4	2025-09-29T18:07:23.2064450Z   persist-credentials: true
unicode-smoke	Run actions/checkout@v4	2025-09-29T18:07:23.2064978Z   clean: true
unicode-smoke	Run actions/checkout@v4	2025-09-29T18:07:23.2065482Z   sparse-checkout-cone-mode: true
unicode-smoke	Run actions/checkout@v4	2025-09-29T18:07:23.2065944Z   fetch-depth: 1
unicode-smoke	Run actions/checkout@v4	2025-09-29T18:07:23.2066311Z   fetch-tags: false
unicode-smoke	Run actions/checkout@v4	2025-09-29T18:07:23.2066711Z   show-progress: true
unicode-smoke	Run actions/checkout@v4	2025-09-29T18:07:23.2067110Z   lfs: false
unicode-smoke	Run actions/checkout@v4	2025-09-29T18:07:23.2067459Z   submodules: false
unicode-smoke	Run actions/checkout@v4	2025-09-29T18:07:23.2067853Z   set-safe-directory: true
unicode-smoke	Run actions/checkout@v4	2025-09-29T18:07:23.2068853Z ##[endgroup]
unicode-smoke	Run actions/checkout@v4	2025-09-29T18:07:23.3143044Z Syncing repository: ClanClanClanClan/latex_perf
unicode-smoke	Run actions/checkout@v4	2025-09-29T18:07:23.3144852Z ##[group]Getting Git version info
unicode-smoke	Run actions/checkout@v4	2025-09-29T18:07:23.3145565Z Working directory is '/home/runner/work/latex_perf/latex_perf'
unicode-smoke	Run actions/checkout@v4	2025-09-29T18:07:23.3146600Z [command]/usr/bin/git version
unicode-smoke	Run actions/checkout@v4	2025-09-29T18:07:23.3197851Z git version 2.51.0
unicode-smoke	Run actions/checkout@v4	2025-09-29T18:07:23.3223899Z ##[endgroup]
unicode-smoke	Run actions/checkout@v4	2025-09-29T18:07:23.3237525Z Temporarily overriding HOME='/home/runner/work/_temp/cb5574f7-3342-41ee-9105-e03b21c5ea0e' before making global git config changes
unicode-smoke	Run actions/checkout@v4	2025-09-29T18:07:23.3239322Z Adding repository directory to the temporary git global config as a safe directory
unicode-smoke	Run actions/checkout@v4	2025-09-29T18:07:23.3243872Z [command]/usr/bin/git config --global --add safe.directory /home/runner/work/latex_perf/latex_perf
unicode-smoke	Run actions/checkout@v4	2025-09-29T18:07:23.3278753Z Deleting the contents of '/home/runner/work/latex_perf/latex_perf'
unicode-smoke	Run actions/checkout@v4	2025-09-29T18:07:23.3282661Z ##[group]Initializing the repository
unicode-smoke	Run actions/checkout@v4	2025-09-29T18:07:23.3287308Z [command]/usr/bin/git init /home/runner/work/latex_perf/latex_perf
unicode-smoke	Run actions/checkout@v4	2025-09-29T18:07:23.3346593Z hint: Using 'master' as the name for the initial branch. This default branch name
unicode-smoke	Run actions/checkout@v4	2025-09-29T18:07:23.3348311Z hint: is subject to change. To configure the initial branch name to use in all
unicode-smoke	Run actions/checkout@v4	2025-09-29T18:07:23.3349667Z hint: of your new repositories, which will suppress this warning, call:
unicode-smoke	Run actions/checkout@v4	2025-09-29T18:07:23.3350844Z hint:
unicode-smoke	Run actions/checkout@v4	2025-09-29T18:07:23.3351715Z hint: 	git config --global init.defaultBranch <name>
unicode-smoke	Run actions/checkout@v4	2025-09-29T18:07:23.3352727Z hint:
unicode-smoke	Run actions/checkout@v4	2025-09-29T18:07:23.3353694Z hint: Names commonly chosen instead of 'master' are 'main', 'trunk' and
unicode-smoke	Run actions/checkout@v4	2025-09-29T18:07:23.3355275Z hint: 'development'. The just-created branch can be renamed via this command:
unicode-smoke	Run actions/checkout@v4	2025-09-29T18:07:23.3356541Z hint:
unicode-smoke	Run actions/checkout@v4	2025-09-29T18:07:23.3357174Z hint: 	git branch -m <name>
unicode-smoke	Run actions/checkout@v4	2025-09-29T18:07:23.3357906Z hint:
unicode-smoke	Run actions/checkout@v4	2025-09-29T18:07:23.3359087Z hint: Disable this message with "git config set advice.defaultBranchName false"
unicode-smoke	Run actions/checkout@v4	2025-09-29T18:07:23.3360883Z Initialized empty Git repository in /home/runner/work/latex_perf/latex_perf/.git/
unicode-smoke	Run actions/checkout@v4	2025-09-29T18:07:23.3363739Z [command]/usr/bin/git remote add origin https://github.com/ClanClanClanClan/latex_perf
unicode-smoke	Run actions/checkout@v4	2025-09-29T18:07:23.3395358Z ##[endgroup]
unicode-smoke	Run actions/checkout@v4	2025-09-29T18:07:23.3396545Z ##[group]Disabling automatic garbage collection
unicode-smoke	Run actions/checkout@v4	2025-09-29T18:07:23.3400396Z [command]/usr/bin/git config --local gc.auto 0
unicode-smoke	Run actions/checkout@v4	2025-09-29T18:07:23.3429538Z ##[endgroup]
unicode-smoke	Run actions/checkout@v4	2025-09-29T18:07:23.3430723Z ##[group]Setting up auth
unicode-smoke	Run actions/checkout@v4	2025-09-29T18:07:23.3436942Z [command]/usr/bin/git config --local --name-only --get-regexp core\.sshCommand
unicode-smoke	Run actions/checkout@v4	2025-09-29T18:07:23.3467372Z [command]/usr/bin/git submodule foreach --recursive sh -c "git config --local --name-only --get-regexp 'core\.sshCommand' && git config --local --unset-all 'core.sshCommand' || :"
unicode-smoke	Run actions/checkout@v4	2025-09-29T18:07:23.3737507Z [command]/usr/bin/git config --local --name-only --get-regexp http\.https\:\/\/github\.com\/\.extraheader
unicode-smoke	Run actions/checkout@v4	2025-09-29T18:07:23.3768636Z [command]/usr/bin/git submodule foreach --recursive sh -c "git config --local --name-only --get-regexp 'http\.https\:\/\/github\.com\/\.extraheader' && git config --local --unset-all 'http.https://github.com/.extraheader' || :"
unicode-smoke	Run actions/checkout@v4	2025-09-29T18:07:23.3994181Z [command]/usr/bin/git config --local http.https://github.com/.extraheader AUTHORIZATION: basic ***
unicode-smoke	Run actions/checkout@v4	2025-09-29T18:07:23.4032196Z ##[endgroup]
unicode-smoke	Run actions/checkout@v4	2025-09-29T18:07:23.4033526Z ##[group]Fetching the repository
unicode-smoke	Run actions/checkout@v4	2025-09-29T18:07:23.4042351Z [command]/usr/bin/git -c protocol.version=2 fetch --no-tags --prune --no-recurse-submodules --depth=1 origin +81733f378884f06fc30671a9c24ad89d031a09bd:refs/remotes/pull/4/merge
unicode-smoke	Run actions/checkout@v4	2025-09-29T18:07:23.7123224Z From https://github.com/ClanClanClanClan/latex_perf
unicode-smoke	Run actions/checkout@v4	2025-09-29T18:07:23.7124815Z  * [new ref]         81733f378884f06fc30671a9c24ad89d031a09bd -> pull/4/merge
unicode-smoke	Run actions/checkout@v4	2025-09-29T18:07:23.7156708Z ##[endgroup]
unicode-smoke	Run actions/checkout@v4	2025-09-29T18:07:23.7157540Z ##[group]Determining the checkout info
unicode-smoke	Run actions/checkout@v4	2025-09-29T18:07:23.7159668Z ##[endgroup]
unicode-smoke	Run actions/checkout@v4	2025-09-29T18:07:23.7166666Z [command]/usr/bin/git sparse-checkout disable
unicode-smoke	Run actions/checkout@v4	2025-09-29T18:07:23.7206966Z [command]/usr/bin/git config --local --unset-all extensions.worktreeConfig
unicode-smoke	Run actions/checkout@v4	2025-09-29T18:07:23.7238836Z ##[group]Checking out the ref
unicode-smoke	Run actions/checkout@v4	2025-09-29T18:07:23.7243485Z [command]/usr/bin/git checkout --progress --force refs/remotes/pull/4/merge
unicode-smoke	Run actions/checkout@v4	2025-09-29T18:07:23.7670955Z Note: switching to 'refs/remotes/pull/4/merge'.
unicode-smoke	Run actions/checkout@v4	2025-09-29T18:07:23.7671966Z 
unicode-smoke	Run actions/checkout@v4	2025-09-29T18:07:23.7672553Z You are in 'detached HEAD' state. You can look around, make experimental
unicode-smoke	Run actions/checkout@v4	2025-09-29T18:07:23.7673950Z changes and commit them, and you can discard any commits you make in this
unicode-smoke	Run actions/checkout@v4	2025-09-29T18:07:23.7675962Z state without impacting any branches by switching back to a branch.
unicode-smoke	Run actions/checkout@v4	2025-09-29T18:07:23.7677533Z 
unicode-smoke	Run actions/checkout@v4	2025-09-29T18:07:23.7678388Z If you want to create a new branch to retain commits you create, you may
unicode-smoke	Run actions/checkout@v4	2025-09-29T18:07:23.7680401Z do so (now or later) by using -c with the switch command. Example:
unicode-smoke	Run actions/checkout@v4	2025-09-29T18:07:23.7681329Z 
unicode-smoke	Run actions/checkout@v4	2025-09-29T18:07:23.7681712Z   git switch -c <new-branch-name>
unicode-smoke	Run actions/checkout@v4	2025-09-29T18:07:23.7682497Z 
unicode-smoke	Run actions/checkout@v4	2025-09-29T18:07:23.7682999Z Or undo this operation with:
unicode-smoke	Run actions/checkout@v4	2025-09-29T18:07:23.7684018Z 
unicode-smoke	Run actions/checkout@v4	2025-09-29T18:07:23.7684415Z   git switch -
unicode-smoke	Run actions/checkout@v4	2025-09-29T18:07:23.7684982Z 
unicode-smoke	Run actions/checkout@v4	2025-09-29T18:07:23.7685793Z Turn off this advice by setting config variable advice.detachedHead to false
unicode-smoke	Run actions/checkout@v4	2025-09-29T18:07:23.7686961Z 
unicode-smoke	Run actions/checkout@v4	2025-09-29T18:07:23.7688377Z HEAD is now at 81733f3 Merge 4887232aba7d6b962bad0d84a547356f48bed82c into 92bdfe28e9a19447735918ce6f6c8395415acf11
unicode-smoke	Run actions/checkout@v4	2025-09-29T18:07:23.7692163Z ##[endgroup]
unicode-smoke	Run actions/checkout@v4	2025-09-29T18:07:23.7724736Z [command]/usr/bin/git log -1 --format=%H
unicode-smoke	Run actions/checkout@v4	2025-09-29T18:07:23.7746354Z 81733f378884f06fc30671a9c24ad89d031a09bd
unicode-smoke	Set up OCaml and OPAM	ï»¿2025-09-29T18:07:23.8063276Z Prepare all required actions
unicode-smoke	Set up OCaml and OPAM	2025-09-29T18:07:23.8064063Z Getting action download info
unicode-smoke	Set up OCaml and OPAM	2025-09-29T18:07:24.0216847Z Download action repository 'ocaml/setup-ocaml@v2' (SHA:8cc6339f55862749298d198ef84788b8d6acdacc)
unicode-smoke	Set up OCaml and OPAM	2025-09-29T18:07:24.7492772Z ##[group]Run ./.github/actions/setup-ocaml
unicode-smoke	Set up OCaml and OPAM	2025-09-29T18:07:24.7493438Z with:
unicode-smoke	Set up OCaml and OPAM	2025-09-29T18:07:24.7493806Z   ocaml-compiler: 4.14.1
unicode-smoke	Set up OCaml and OPAM	2025-09-29T18:07:24.7494272Z   opam-depext: false
unicode-smoke	Set up OCaml and OPAM	2025-09-29T18:07:24.7494797Z   allow-prerelease-opam: false
unicode-smoke	Set up OCaml and OPAM	2025-09-29T18:07:24.7495354Z   opam-pin: true
unicode-smoke	Set up OCaml and OPAM	2025-09-29T18:07:24.7495825Z   opam-local-packages: *.opam
unicode-smoke	Set up OCaml and OPAM	2025-09-29T18:07:24.7496401Z   opam-disable-sandboxing: false
unicode-smoke	Set up OCaml and OPAM	2025-09-29T18:07:24.7496963Z   dune-cache: false
unicode-smoke	Set up OCaml and OPAM	2025-09-29T18:07:24.7497414Z   cache-prefix: v1
unicode-smoke	Set up OCaml and OPAM	2025-09-29T18:07:24.7497864Z ##[endgroup]
unicode-smoke	Set up OCaml and OPAM	2025-09-29T18:07:24.7605420Z ##[group]Run sudo apt-get update
unicode-smoke	Set up OCaml and OPAM	2025-09-29T18:07:24.7606101Z [36;1msudo apt-get update[0m
unicode-smoke	Set up OCaml and OPAM	2025-09-29T18:07:24.7606626Z [36;1msudo apt-get install -y \[0m
unicode-smoke	Set up OCaml and OPAM	2025-09-29T18:07:24.7607180Z [36;1m  bubblewrap \[0m
unicode-smoke	Set up OCaml and OPAM	2025-09-29T18:07:24.7607693Z [36;1m  g++-multilib \[0m
unicode-smoke	Set up OCaml and OPAM	2025-09-29T18:07:24.7608162Z [36;1m  gcc-multilib \[0m
unicode-smoke	Set up OCaml and OPAM	2025-09-29T18:07:24.7608767Z [36;1m  mercurial \[0m
unicode-smoke	Set up OCaml and OPAM	2025-09-29T18:07:24.7609209Z [36;1m  musl-tools \[0m
unicode-smoke	Set up OCaml and OPAM	2025-09-29T18:07:24.7609629Z [36;1m  rsync[0m
unicode-smoke	Set up OCaml and OPAM	2025-09-29T18:07:24.7647194Z shell: /usr/bin/bash --noprofile --norc -e -o pipefail {0}
unicode-smoke	Set up OCaml and OPAM	2025-09-29T18:07:24.7647974Z ##[endgroup]
unicode-smoke	Set up OCaml and OPAM	2025-09-29T18:07:24.8499852Z Get:1 file:/etc/apt/apt-mirrors.txt Mirrorlist [144 B]
unicode-smoke	Set up OCaml and OPAM	2025-09-29T18:07:24.8815065Z Hit:2 http://azure.archive.ubuntu.com/ubuntu noble InRelease
unicode-smoke	Set up OCaml and OPAM	2025-09-29T18:07:24.8830207Z Get:3 http://azure.archive.ubuntu.com/ubuntu noble-updates InRelease [126 kB]
unicode-smoke	Set up OCaml and OPAM	2025-09-29T18:07:24.8869478Z Hit:6 https://packages.microsoft.com/repos/azure-cli noble InRelease
unicode-smoke	Set up OCaml and OPAM	2025-09-29T18:07:24.8907093Z Get:4 http://azure.archive.ubuntu.com/ubuntu noble-backports InRelease [126 kB]
unicode-smoke	Set up OCaml and OPAM	2025-09-29T18:07:24.8920128Z Get:7 https://packages.microsoft.com/ubuntu/24.04/prod noble InRelease [3600 B]
unicode-smoke	Set up OCaml and OPAM	2025-09-29T18:07:24.8947889Z Get:5 http://azure.archive.ubuntu.com/ubuntu noble-security InRelease [126 kB]
unicode-smoke	Set up OCaml and OPAM	2025-09-29T18:07:25.0609826Z Get:8 http://azure.archive.ubuntu.com/ubuntu noble-updates/main amd64 Packages [1443 kB]
unicode-smoke	Set up OCaml and OPAM	2025-09-29T18:07:25.0794593Z Get:9 http://azure.archive.ubuntu.com/ubuntu noble-updates/main Translation-en [282 kB]
unicode-smoke	Set up OCaml and OPAM	2025-09-29T18:07:25.0819034Z Get:10 http://azure.archive.ubuntu.com/ubuntu noble-updates/main amd64 Components [175 kB]
unicode-smoke	Set up OCaml and OPAM	2025-09-29T18:07:25.0837646Z Get:11 http://azure.archive.ubuntu.com/ubuntu noble-updates/main amd64 c-n-f Metadata [15.3 kB]
unicode-smoke	Set up OCaml and OPAM	2025-09-29T18:07:25.0850064Z Get:12 http://azure.archive.ubuntu.com/ubuntu noble-updates/universe amd64 Packages [1485 kB]
unicode-smoke	Set up OCaml and OPAM	2025-09-29T18:07:25.0932772Z Get:13 http://azure.archive.ubuntu.com/ubuntu noble-updates/universe Translation-en [299 kB]
unicode-smoke	Set up OCaml and OPAM	2025-09-29T18:07:25.0964460Z Get:14 http://azure.archive.ubuntu.com/ubuntu noble-updates/universe amd64 Components [377 kB]
unicode-smoke	Set up OCaml and OPAM	2025-09-29T18:07:25.1006005Z Get:15 http://azure.archive.ubuntu.com/ubuntu noble-updates/universe amd64 c-n-f Metadata [31.0 kB]
unicode-smoke	Set up OCaml and OPAM	2025-09-29T18:07:25.1017847Z Get:16 http://azure.archive.ubuntu.com/ubuntu noble-updates/restricted amd64 Packages [1957 kB]
unicode-smoke	Set up OCaml and OPAM	2025-09-29T18:07:25.1112816Z Get:17 http://azure.archive.ubuntu.com/ubuntu noble-updates/restricted Translation-en [441 kB]
unicode-smoke	Set up OCaml and OPAM	2025-09-29T18:07:25.1194082Z Get:20 https://packages.microsoft.com/ubuntu/24.04/prod noble/main amd64 Packages [57.3 kB]
unicode-smoke	Set up OCaml and OPAM	2025-09-29T18:07:25.1236166Z Get:21 https://packages.microsoft.com/ubuntu/24.04/prod noble/main arm64 Packages [39.7 kB]
unicode-smoke	Set up OCaml and OPAM	2025-09-29T18:07:25.1575124Z Get:18 http://azure.archive.ubuntu.com/ubuntu noble-updates/restricted amd64 Components [212 B]
unicode-smoke	Set up OCaml and OPAM	2025-09-29T18:07:25.1583850Z Get:19 http://azure.archive.ubuntu.com/ubuntu noble-updates/multiverse amd64 Components [940 B]
unicode-smoke	Set up OCaml and OPAM	2025-09-29T18:07:25.1674042Z Get:22 http://azure.archive.ubuntu.com/ubuntu noble-backports/main amd64 Packages [40.4 kB]
unicode-smoke	Set up OCaml and OPAM	2025-09-29T18:07:25.1688226Z Get:23 http://azure.archive.ubuntu.com/ubuntu noble-backports/main Translation-en [9208 B]
unicode-smoke	Set up OCaml and OPAM	2025-09-29T18:07:25.1698685Z Get:24 http://azure.archive.ubuntu.com/ubuntu noble-backports/main amd64 Components [7124 B]
unicode-smoke	Set up OCaml and OPAM	2025-09-29T18:07:25.1706377Z Get:25 http://azure.archive.ubuntu.com/ubuntu noble-backports/main amd64 c-n-f Metadata [368 B]
unicode-smoke	Set up OCaml and OPAM	2025-09-29T18:07:25.1717978Z Get:26 http://azure.archive.ubuntu.com/ubuntu noble-backports/universe amd64 Packages [28.9 kB]
unicode-smoke	Set up OCaml and OPAM	2025-09-29T18:07:25.1725595Z Get:27 http://azure.archive.ubuntu.com/ubuntu noble-backports/universe Translation-en [17.5 kB]
unicode-smoke	Set up OCaml and OPAM	2025-09-29T18:07:25.1735957Z Get:28 http://azure.archive.ubuntu.com/ubuntu noble-backports/universe amd64 Components [11.0 kB]
unicode-smoke	Set up OCaml and OPAM	2025-09-29T18:07:25.1743413Z Get:29 http://azure.archive.ubuntu.com/ubuntu noble-backports/universe amd64 c-n-f Metadata [1444 B]
unicode-smoke	Set up OCaml and OPAM	2025-09-29T18:07:25.1750100Z Get:30 http://azure.archive.ubuntu.com/ubuntu noble-backports/restricted amd64 Components [216 B]
unicode-smoke	Set up OCaml and OPAM	2025-09-29T18:07:25.1754821Z Get:31 http://azure.archive.ubuntu.com/ubuntu noble-backports/multiverse amd64 Components [212 B]
unicode-smoke	Set up OCaml and OPAM	2025-09-29T18:07:25.2184414Z Get:32 http://azure.archive.ubuntu.com/ubuntu noble-security/main amd64 Packages [1171 kB]
unicode-smoke	Set up OCaml and OPAM	2025-09-29T18:07:25.2248667Z Get:33 http://azure.archive.ubuntu.com/ubuntu noble-security/main Translation-en [198 kB]
unicode-smoke	Set up OCaml and OPAM	2025-09-29T18:07:25.2694552Z Get:34 http://azure.archive.ubuntu.com/ubuntu noble-security/main amd64 Components [21.6 kB]
unicode-smoke	Set up OCaml and OPAM	2025-09-29T18:07:25.2704102Z Get:35 http://azure.archive.ubuntu.com/ubuntu noble-security/main amd64 c-n-f Metadata [8744 B]
unicode-smoke	Set up OCaml and OPAM	2025-09-29T18:07:25.2715365Z Get:36 http://azure.archive.ubuntu.com/ubuntu noble-security/universe amd64 Packages [880 kB]
unicode-smoke	Set up OCaml and OPAM	2025-09-29T18:07:25.2764457Z Get:37 http://azure.archive.ubuntu.com/ubuntu noble-security/universe Translation-en [195 kB]
unicode-smoke	Set up OCaml and OPAM	2025-09-29T18:07:25.2786103Z Get:38 http://azure.archive.ubuntu.com/ubuntu noble-security/universe amd64 Components [52.3 kB]
unicode-smoke	Set up OCaml and OPAM	2025-09-29T18:07:25.2797253Z Get:39 http://azure.archive.ubuntu.com/ubuntu noble-security/universe amd64 c-n-f Metadata [18.0 kB]
unicode-smoke	Set up OCaml and OPAM	2025-09-29T18:07:25.2809834Z Get:40 http://azure.archive.ubuntu.com/ubuntu noble-security/restricted amd64 Packages [1872 kB]
unicode-smoke	Set up OCaml and OPAM	2025-09-29T18:07:25.2896337Z Get:41 http://azure.archive.ubuntu.com/ubuntu noble-security/restricted Translation-en [423 kB]
unicode-smoke	Set up OCaml and OPAM	2025-09-29T18:07:25.2926873Z Get:42 http://azure.archive.ubuntu.com/ubuntu noble-security/restricted amd64 Components [212 B]
unicode-smoke	Set up OCaml and OPAM	2025-09-29T18:07:25.2935452Z Get:43 http://azure.archive.ubuntu.com/ubuntu noble-security/multiverse amd64 Components [212 B]
unicode-smoke	Set up OCaml and OPAM	2025-09-29T18:07:33.8190863Z Fetched 11.9 MB in 1s (8278 kB/s)
unicode-smoke	Set up OCaml and OPAM	2025-09-29T18:07:34.5912437Z Reading package lists...
unicode-smoke	Set up OCaml and OPAM	2025-09-29T18:07:34.6268240Z Reading package lists...
unicode-smoke	Set up OCaml and OPAM	2025-09-29T18:07:34.8332473Z Building dependency tree...
unicode-smoke	Set up OCaml and OPAM	2025-09-29T18:07:34.8341040Z Reading state information...
unicode-smoke	Set up OCaml and OPAM	2025-09-29T18:07:35.0018998Z mercurial is already the newest version (6.7.2-1ubuntu2.2).
unicode-smoke	Set up OCaml and OPAM	2025-09-29T18:07:35.0019913Z rsync is already the newest version (3.2.7-1ubuntu1.2).
unicode-smoke	Set up OCaml and OPAM	2025-09-29T18:07:35.0020641Z The following additional packages will be installed:
unicode-smoke	Set up OCaml and OPAM	2025-09-29T18:07:35.0021722Z   g++-13-multilib gcc-13-multilib lib32asan8 lib32atomic1 lib32gcc-13-dev
unicode-smoke	Set up OCaml and OPAM	2025-09-29T18:07:35.0022627Z   lib32gomp1 lib32itm1 lib32quadmath0 lib32stdc++-13-dev lib32ubsan1
unicode-smoke	Set up OCaml and OPAM	2025-09-29T18:07:35.0023438Z   libc6-dev-i386 libc6-dev-x32 libc6-x32 libx32asan8 libx32atomic1
unicode-smoke	Set up OCaml and OPAM	2025-09-29T18:07:35.0024262Z   libx32gcc-13-dev libx32gcc-s1 libx32gomp1 libx32itm1 libx32quadmath0
unicode-smoke	Set up OCaml and OPAM	2025-09-29T18:07:35.0025824Z   libx32stdc++-13-dev libx32stdc++6 libx32ubsan1 musl musl-dev
unicode-smoke	Set up OCaml and OPAM	2025-09-29T18:07:35.0034055Z Suggested packages:
unicode-smoke	Set up OCaml and OPAM	2025-09-29T18:07:35.0034634Z   lib32stdc++6-13-dbg libx32stdc++6-13-dbg
unicode-smoke	Set up OCaml and OPAM	2025-09-29T18:07:35.0601439Z The following NEW packages will be installed:
unicode-smoke	Set up OCaml and OPAM	2025-09-29T18:07:35.0604153Z   bubblewrap g++-13-multilib g++-multilib gcc-13-multilib gcc-multilib
unicode-smoke	Set up OCaml and OPAM	2025-09-29T18:07:35.0605094Z   lib32asan8 lib32atomic1 lib32gcc-13-dev lib32gomp1 lib32itm1 lib32quadmath0
unicode-smoke	Set up OCaml and OPAM	2025-09-29T18:07:35.0614215Z   lib32stdc++-13-dev lib32ubsan1 libc6-dev-i386 libc6-dev-x32 libc6-x32
unicode-smoke	Set up OCaml and OPAM	2025-09-29T18:07:35.0615448Z   libx32asan8 libx32atomic1 libx32gcc-13-dev libx32gcc-s1 libx32gomp1
unicode-smoke	Set up OCaml and OPAM	2025-09-29T18:07:35.0617140Z   libx32itm1 libx32quadmath0 libx32stdc++-13-dev libx32stdc++6 libx32ubsan1
unicode-smoke	Set up OCaml and OPAM	2025-09-29T18:07:35.0623396Z   musl musl-dev musl-tools
unicode-smoke	Set up OCaml and OPAM	2025-09-29T18:07:35.0834114Z 0 upgraded, 29 newly installed, 0 to remove and 18 not upgraded.
unicode-smoke	Set up OCaml and OPAM	2025-09-29T18:07:35.0835525Z Need to get 23.6 MB of archives.
unicode-smoke	Set up OCaml and OPAM	2025-09-29T18:07:35.0836737Z After this operation, 94.1 MB of additional disk space will be used.
unicode-smoke	Set up OCaml and OPAM	2025-09-29T18:07:35.0837805Z Get:1 file:/etc/apt/apt-mirrors.txt Mirrorlist [144 B]
unicode-smoke	Set up OCaml and OPAM	2025-09-29T18:07:35.1196057Z Get:2 http://azure.archive.ubuntu.com/ubuntu noble-updates/main amd64 bubblewrap amd64 0.9.0-1ubuntu0.1 [50.2 kB]
unicode-smoke	Set up OCaml and OPAM	2025-09-29T18:07:35.1400880Z Get:3 http://azure.archive.ubuntu.com/ubuntu noble-updates/main amd64 libc6-dev-i386 amd64 2.39-0ubuntu8.6 [1447 kB]
unicode-smoke	Set up OCaml and OPAM	2025-09-29T18:07:35.1818917Z Get:4 http://azure.archive.ubuntu.com/ubuntu noble-updates/main amd64 libc6-x32 amd64 2.39-0ubuntu8.6 [2913 kB]
unicode-smoke	Set up OCaml and OPAM	2025-09-29T18:07:35.2517137Z Get:5 http://azure.archive.ubuntu.com/ubuntu noble-updates/main amd64 libc6-dev-x32 amd64 2.39-0ubuntu8.6 [1637 kB]
unicode-smoke	Set up OCaml and OPAM	2025-09-29T18:07:35.3040301Z Get:6 http://azure.archive.ubuntu.com/ubuntu noble-updates/main amd64 libx32gcc-s1 amd64 14.2.0-4ubuntu2~24.04 [78.5 kB]
unicode-smoke	Set up OCaml and OPAM	2025-09-29T18:07:35.3234514Z Get:7 http://azure.archive.ubuntu.com/ubuntu noble-updates/main amd64 lib32gomp1 amd64 14.2.0-4ubuntu2~24.04 [141 kB]
unicode-smoke	Set up OCaml and OPAM	2025-09-29T18:07:35.3425974Z Get:8 http://azure.archive.ubuntu.com/ubuntu noble-updates/main amd64 libx32gomp1 amd64 14.2.0-4ubuntu2~24.04 [145 kB]
unicode-smoke	Set up OCaml and OPAM	2025-09-29T18:07:35.3624177Z Get:9 http://azure.archive.ubuntu.com/ubuntu noble-updates/main amd64 lib32itm1 amd64 14.2.0-4ubuntu2~24.04 [29.6 kB]
unicode-smoke	Set up OCaml and OPAM	2025-09-29T18:07:35.3806914Z Get:10 http://azure.archive.ubuntu.com/ubuntu noble-updates/main amd64 libx32itm1 amd64 14.2.0-4ubuntu2~24.04 [29.8 kB]
unicode-smoke	Set up OCaml and OPAM	2025-09-29T18:07:35.4124232Z Get:11 http://azure.archive.ubuntu.com/ubuntu noble-updates/main amd64 lib32atomic1 amd64 14.2.0-4ubuntu2~24.04 [8586 B]
unicode-smoke	Set up OCaml and OPAM	2025-09-29T18:07:35.4316220Z Get:12 http://azure.archive.ubuntu.com/ubuntu noble-updates/main amd64 libx32atomic1 amd64 14.2.0-4ubuntu2~24.04 [10.3 kB]
unicode-smoke	Set up OCaml and OPAM	2025-09-29T18:07:35.4508661Z Get:13 http://azure.archive.ubuntu.com/ubuntu noble-updates/main amd64 lib32asan8 amd64 14.2.0-4ubuntu2~24.04 [2879 kB]
unicode-smoke	Set up OCaml and OPAM	2025-09-29T18:07:35.5147797Z Get:14 http://azure.archive.ubuntu.com/ubuntu noble-updates/main amd64 libx32asan8 amd64 14.2.0-4ubuntu2~24.04 [2893 kB]
unicode-smoke	Set up OCaml and OPAM	2025-09-29T18:07:35.5880161Z Get:15 http://azure.archive.ubuntu.com/ubuntu noble-updates/main amd64 lib32ubsan1 amd64 14.2.0-4ubuntu2~24.04 [1150 kB]
unicode-smoke	Set up OCaml and OPAM	2025-09-29T18:07:35.6281022Z Get:16 http://azure.archive.ubuntu.com/ubuntu noble-updates/main amd64 libx32stdc++6 amd64 14.2.0-4ubuntu2~24.04 [778 kB]
unicode-smoke	Set up OCaml and OPAM	2025-09-29T18:07:35.6703023Z Get:17 http://azure.archive.ubuntu.com/ubuntu noble-updates/main amd64 libx32ubsan1 amd64 14.2.0-4ubuntu2~24.04 [1169 kB]
unicode-smoke	Set up OCaml and OPAM	2025-09-29T18:07:35.7099197Z Get:18 http://azure.archive.ubuntu.com/ubuntu noble-updates/main amd64 lib32quadmath0 amd64 14.2.0-4ubuntu2~24.04 [227 kB]
unicode-smoke	Set up OCaml and OPAM	2025-09-29T18:07:35.7308187Z Get:19 http://azure.archive.ubuntu.com/ubuntu noble-updates/main amd64 libx32quadmath0 amd64 14.2.0-4ubuntu2~24.04 [157 kB]
unicode-smoke	Set up OCaml and OPAM	2025-09-29T18:07:35.7950720Z Get:20 http://azure.archive.ubuntu.com/ubuntu noble-updates/main amd64 lib32gcc-13-dev amd64 13.3.0-6ubuntu2~24.04 [2380 kB]
unicode-smoke	Set up OCaml and OPAM	2025-09-29T18:07:35.8512589Z Get:21 http://azure.archive.ubuntu.com/ubuntu noble-updates/main amd64 libx32gcc-13-dev amd64 13.3.0-6ubuntu2~24.04 [2190 kB]
unicode-smoke	Set up OCaml and OPAM	2025-09-29T18:07:35.9122892Z Get:22 http://azure.archive.ubuntu.com/ubuntu noble-updates/main amd64 gcc-13-multilib amd64 13.3.0-6ubuntu2~24.04 [878 B]
unicode-smoke	Set up OCaml and OPAM	2025-09-29T18:07:35.9313617Z Get:23 http://azure.archive.ubuntu.com/ubuntu noble-updates/main amd64 lib32stdc++-13-dev amd64 13.3.0-6ubuntu2~24.04 [1150 kB]
unicode-smoke	Set up OCaml and OPAM	2025-09-29T18:07:35.9702185Z Get:24 http://azure.archive.ubuntu.com/ubuntu noble-updates/main amd64 libx32stdc++-13-dev amd64 13.3.0-6ubuntu2~24.04 [1086 kB]
unicode-smoke	Set up OCaml and OPAM	2025-09-29T18:07:36.0099785Z Get:25 http://azure.archive.ubuntu.com/ubuntu noble-updates/main amd64 g++-13-multilib amd64 13.3.0-6ubuntu2~24.04 [890 B]
unicode-smoke	Set up OCaml and OPAM	2025-09-29T18:07:36.0280935Z Get:26 http://azure.archive.ubuntu.com/ubuntu noble/main amd64 gcc-multilib amd64 4:13.2.0-7ubuntu1 [1474 B]
unicode-smoke	Set up OCaml and OPAM	2025-09-29T18:07:36.0464679Z Get:27 http://azure.archive.ubuntu.com/ubuntu noble/main amd64 g++-multilib amd64 4:13.2.0-7ubuntu1 [884 B]
unicode-smoke	Set up OCaml and OPAM	2025-09-29T18:07:36.0649794Z Get:28 http://azure.archive.ubuntu.com/ubuntu noble/universe amd64 musl amd64 1.2.4-2 [416 kB]
unicode-smoke	Set up OCaml and OPAM	2025-09-29T18:07:36.0865853Z Get:29 http://azure.archive.ubuntu.com/ubuntu noble/universe amd64 musl-dev amd64 1.2.4-2 [616 kB]
unicode-smoke	Set up OCaml and OPAM	2025-09-29T18:07:36.1229538Z Get:30 http://azure.archive.ubuntu.com/ubuntu noble/universe amd64 musl-tools amd64 1.2.4-2 [5540 B]
unicode-smoke	Set up OCaml and OPAM	2025-09-29T18:07:36.3947234Z Fetched 23.6 MB in 1s (22.5 MB/s)
unicode-smoke	Set up OCaml and OPAM	2025-09-29T18:07:36.4627939Z Selecting previously unselected package bubblewrap.
unicode-smoke	Set up OCaml and OPAM	2025-09-29T18:07:36.5426542Z (Reading database ... 
unicode-smoke	Set up OCaml and OPAM	2025-09-29T18:07:36.5427287Z (Reading database ... 5%
unicode-smoke	Set up OCaml and OPAM	2025-09-29T18:07:36.5427940Z (Reading database ... 10%
unicode-smoke	Set up OCaml and OPAM	2025-09-29T18:07:36.5428814Z (Reading database ... 15%
unicode-smoke	Set up OCaml and OPAM	2025-09-29T18:07:36.5429271Z (Reading database ... 20%
unicode-smoke	Set up OCaml and OPAM	2025-09-29T18:07:36.5429642Z (Reading database ... 25%
unicode-smoke	Set up OCaml and OPAM	2025-09-29T18:07:36.5429986Z (Reading database ... 30%
unicode-smoke	Set up OCaml and OPAM	2025-09-29T18:07:36.5430326Z (Reading database ... 35%
unicode-smoke	Set up OCaml and OPAM	2025-09-29T18:07:36.5430752Z (Reading database ... 40%
unicode-smoke	Set up OCaml and OPAM	2025-09-29T18:07:36.5431089Z (Reading database ... 45%
unicode-smoke	Set up OCaml and OPAM	2025-09-29T18:07:36.5431438Z (Reading database ... 50%
unicode-smoke	Set up OCaml and OPAM	2025-09-29T18:07:36.6579765Z (Reading database ... 55%
unicode-smoke	Set up OCaml and OPAM	2025-09-29T18:07:37.3391052Z (Reading database ... 60%
unicode-smoke	Set up OCaml and OPAM	2025-09-29T18:07:37.5170356Z (Reading database ... 65%
unicode-smoke	Set up OCaml and OPAM	2025-09-29T18:07:37.5940178Z (Reading database ... 70%
unicode-smoke	Set up OCaml and OPAM	2025-09-29T18:07:37.9678585Z (Reading database ... 75%
unicode-smoke	Set up OCaml and OPAM	2025-09-29T18:07:38.5061390Z (Reading database ... 80%
unicode-smoke	Set up OCaml and OPAM	2025-09-29T18:07:39.1461273Z (Reading database ... 85%
unicode-smoke	Set up OCaml and OPAM	2025-09-29T18:07:40.0135013Z (Reading database ... 90%
unicode-smoke	Set up OCaml and OPAM	2025-09-29T18:07:40.7645709Z (Reading database ... 95%
unicode-smoke	Set up OCaml and OPAM	2025-09-29T18:07:40.7646493Z (Reading database ... 100%
unicode-smoke	Set up OCaml and OPAM	2025-09-29T18:07:40.7647446Z (Reading database ... 214164 files and directories currently installed.)
unicode-smoke	Set up OCaml and OPAM	2025-09-29T18:07:40.7700136Z Preparing to unpack .../00-bubblewrap_0.9.0-1ubuntu0.1_amd64.deb ...
unicode-smoke	Set up OCaml and OPAM	2025-09-29T18:07:40.7725102Z Unpacking bubblewrap (0.9.0-1ubuntu0.1) ...
unicode-smoke	Set up OCaml and OPAM	2025-09-29T18:07:40.8081814Z Selecting previously unselected package libc6-dev-i386.
unicode-smoke	Set up OCaml and OPAM	2025-09-29T18:07:40.8225135Z Preparing to unpack .../01-libc6-dev-i386_2.39-0ubuntu8.6_amd64.deb ...
unicode-smoke	Set up OCaml and OPAM	2025-09-29T18:07:40.8234860Z Unpacking libc6-dev-i386 (2.39-0ubuntu8.6) ...
unicode-smoke	Set up OCaml and OPAM	2025-09-29T18:07:40.8999429Z Selecting previously unselected package libc6-x32.
unicode-smoke	Set up OCaml and OPAM	2025-09-29T18:07:40.9146174Z Preparing to unpack .../02-libc6-x32_2.39-0ubuntu8.6_amd64.deb ...
unicode-smoke	Set up OCaml and OPAM	2025-09-29T18:07:40.9200315Z Unpacking libc6-x32 (2.39-0ubuntu8.6) ...
unicode-smoke	Set up OCaml and OPAM	2025-09-29T18:07:41.0306144Z Selecting previously unselected package libc6-dev-x32.
unicode-smoke	Set up OCaml and OPAM	2025-09-29T18:07:41.0449797Z Preparing to unpack .../03-libc6-dev-x32_2.39-0ubuntu8.6_amd64.deb ...
unicode-smoke	Set up OCaml and OPAM	2025-09-29T18:07:41.0460155Z Unpacking libc6-dev-x32 (2.39-0ubuntu8.6) ...
unicode-smoke	Set up OCaml and OPAM	2025-09-29T18:07:41.1136566Z Selecting previously unselected package libx32gcc-s1.
unicode-smoke	Set up OCaml and OPAM	2025-09-29T18:07:41.1279448Z Preparing to unpack .../04-libx32gcc-s1_14.2.0-4ubuntu2~24.04_amd64.deb ...
unicode-smoke	Set up OCaml and OPAM	2025-09-29T18:07:41.1290624Z Unpacking libx32gcc-s1 (14.2.0-4ubuntu2~24.04) ...
unicode-smoke	Set up OCaml and OPAM	2025-09-29T18:07:41.1537154Z Selecting previously unselected package lib32gomp1.
unicode-smoke	Set up OCaml and OPAM	2025-09-29T18:07:41.1677906Z Preparing to unpack .../05-lib32gomp1_14.2.0-4ubuntu2~24.04_amd64.deb ...
unicode-smoke	Set up OCaml and OPAM	2025-09-29T18:07:41.1689245Z Unpacking lib32gomp1 (14.2.0-4ubuntu2~24.04) ...
unicode-smoke	Set up OCaml and OPAM	2025-09-29T18:07:41.1950603Z Selecting previously unselected package libx32gomp1.
unicode-smoke	Set up OCaml and OPAM	2025-09-29T18:07:41.2093252Z Preparing to unpack .../06-libx32gomp1_14.2.0-4ubuntu2~24.04_amd64.deb ...
unicode-smoke	Set up OCaml and OPAM	2025-09-29T18:07:41.2107000Z Unpacking libx32gomp1 (14.2.0-4ubuntu2~24.04) ...
unicode-smoke	Set up OCaml and OPAM	2025-09-29T18:07:41.2355966Z Selecting previously unselected package lib32itm1.
unicode-smoke	Set up OCaml and OPAM	2025-09-29T18:07:41.2500387Z Preparing to unpack .../07-lib32itm1_14.2.0-4ubuntu2~24.04_amd64.deb ...
unicode-smoke	Set up OCaml and OPAM	2025-09-29T18:07:41.2510590Z Unpacking lib32itm1 (14.2.0-4ubuntu2~24.04) ...
unicode-smoke	Set up OCaml and OPAM	2025-09-29T18:07:41.2754452Z Selecting previously unselected package libx32itm1.
unicode-smoke	Set up OCaml and OPAM	2025-09-29T18:07:41.2903409Z Preparing to unpack .../08-libx32itm1_14.2.0-4ubuntu2~24.04_amd64.deb ...
unicode-smoke	Set up OCaml and OPAM	2025-09-29T18:07:41.2915383Z Unpacking libx32itm1 (14.2.0-4ubuntu2~24.04) ...
unicode-smoke	Set up OCaml and OPAM	2025-09-29T18:07:41.3158932Z Selecting previously unselected package lib32atomic1.
unicode-smoke	Set up OCaml and OPAM	2025-09-29T18:07:41.3304167Z Preparing to unpack .../09-lib32atomic1_14.2.0-4ubuntu2~24.04_amd64.deb ...
unicode-smoke	Set up OCaml and OPAM	2025-09-29T18:07:41.3315510Z Unpacking lib32atomic1 (14.2.0-4ubuntu2~24.04) ...
unicode-smoke	Set up OCaml and OPAM	2025-09-29T18:07:41.3554188Z Selecting previously unselected package libx32atomic1.
unicode-smoke	Set up OCaml and OPAM	2025-09-29T18:07:41.3697701Z Preparing to unpack .../10-libx32atomic1_14.2.0-4ubuntu2~24.04_amd64.deb ...
unicode-smoke	Set up OCaml and OPAM	2025-09-29T18:07:41.3708925Z Unpacking libx32atomic1 (14.2.0-4ubuntu2~24.04) ...
unicode-smoke	Set up OCaml and OPAM	2025-09-29T18:07:41.3938087Z Selecting previously unselected package lib32asan8.
unicode-smoke	Set up OCaml and OPAM	2025-09-29T18:07:41.4079813Z Preparing to unpack .../11-lib32asan8_14.2.0-4ubuntu2~24.04_amd64.deb ...
unicode-smoke	Set up OCaml and OPAM	2025-09-29T18:07:41.4091822Z Unpacking lib32asan8 (14.2.0-4ubuntu2~24.04) ...
unicode-smoke	Set up OCaml and OPAM	2025-09-29T18:07:41.4796151Z Selecting previously unselected package libx32asan8.
unicode-smoke	Set up OCaml and OPAM	2025-09-29T18:07:41.4943008Z Preparing to unpack .../12-libx32asan8_14.2.0-4ubuntu2~24.04_amd64.deb ...
unicode-smoke	Set up OCaml and OPAM	2025-09-29T18:07:41.4952846Z Unpacking libx32asan8 (14.2.0-4ubuntu2~24.04) ...
unicode-smoke	Set up OCaml and OPAM	2025-09-29T18:07:41.5651266Z Selecting previously unselected package lib32ubsan1.
unicode-smoke	Set up OCaml and OPAM	2025-09-29T18:07:41.5789451Z Preparing to unpack .../13-lib32ubsan1_14.2.0-4ubuntu2~24.04_amd64.deb ...
unicode-smoke	Set up OCaml and OPAM	2025-09-29T18:07:41.5800931Z Unpacking lib32ubsan1 (14.2.0-4ubuntu2~24.04) ...
unicode-smoke	Set up OCaml and OPAM	2025-09-29T18:07:41.6191675Z Selecting previously unselected package libx32stdc++6.
unicode-smoke	Set up OCaml and OPAM	2025-09-29T18:07:41.6331958Z Preparing to unpack .../14-libx32stdc++6_14.2.0-4ubuntu2~24.04_amd64.deb ...
unicode-smoke	Set up OCaml and OPAM	2025-09-29T18:07:41.6342440Z Unpacking libx32stdc++6 (14.2.0-4ubuntu2~24.04) ...
unicode-smoke	Set up OCaml and OPAM	2025-09-29T18:07:41.6679595Z Selecting previously unselected package libx32ubsan1.
unicode-smoke	Set up OCaml and OPAM	2025-09-29T18:07:41.6819723Z Preparing to unpack .../15-libx32ubsan1_14.2.0-4ubuntu2~24.04_amd64.deb ...
unicode-smoke	Set up OCaml and OPAM	2025-09-29T18:07:41.6829065Z Unpacking libx32ubsan1 (14.2.0-4ubuntu2~24.04) ...
unicode-smoke	Set up OCaml and OPAM	2025-09-29T18:07:41.7220906Z Selecting previously unselected package lib32quadmath0.
unicode-smoke	Set up OCaml and OPAM	2025-09-29T18:07:41.7359814Z Preparing to unpack .../16-lib32quadmath0_14.2.0-4ubuntu2~24.04_amd64.deb ...
unicode-smoke	Set up OCaml and OPAM	2025-09-29T18:07:41.7370888Z Unpacking lib32quadmath0 (14.2.0-4ubuntu2~24.04) ...
unicode-smoke	Set up OCaml and OPAM	2025-09-29T18:07:41.7632943Z Selecting previously unselected package libx32quadmath0.
unicode-smoke	Set up OCaml and OPAM	2025-09-29T18:07:41.7773621Z Preparing to unpack .../17-libx32quadmath0_14.2.0-4ubuntu2~24.04_amd64.deb ...
unicode-smoke	Set up OCaml and OPAM	2025-09-29T18:07:41.7782900Z Unpacking libx32quadmath0 (14.2.0-4ubuntu2~24.04) ...
unicode-smoke	Set up OCaml and OPAM	2025-09-29T18:07:41.8014698Z Selecting previously unselected package lib32gcc-13-dev.
unicode-smoke	Set up OCaml and OPAM	2025-09-29T18:07:41.8154404Z Preparing to unpack .../18-lib32gcc-13-dev_13.3.0-6ubuntu2~24.04_amd64.deb ...
unicode-smoke	Set up OCaml and OPAM	2025-09-29T18:07:41.8163497Z Unpacking lib32gcc-13-dev (13.3.0-6ubuntu2~24.04) ...
unicode-smoke	Set up OCaml and OPAM	2025-09-29T18:07:41.8726147Z Selecting previously unselected package libx32gcc-13-dev.
unicode-smoke	Set up OCaml and OPAM	2025-09-29T18:07:41.8866999Z Preparing to unpack .../19-libx32gcc-13-dev_13.3.0-6ubuntu2~24.04_amd64.deb ...
unicode-smoke	Set up OCaml and OPAM	2025-09-29T18:07:41.8876905Z Unpacking libx32gcc-13-dev (13.3.0-6ubuntu2~24.04) ...
unicode-smoke	Set up OCaml and OPAM	2025-09-29T18:07:41.9402315Z Selecting previously unselected package gcc-13-multilib.
unicode-smoke	Set up OCaml and OPAM	2025-09-29T18:07:41.9543807Z Preparing to unpack .../20-gcc-13-multilib_13.3.0-6ubuntu2~24.04_amd64.deb ...
unicode-smoke	Set up OCaml and OPAM	2025-09-29T18:07:41.9553406Z Unpacking gcc-13-multilib (13.3.0-6ubuntu2~24.04) ...
unicode-smoke	Set up OCaml and OPAM	2025-09-29T18:07:41.9770024Z Selecting previously unselected package lib32stdc++-13-dev.
unicode-smoke	Set up OCaml and OPAM	2025-09-29T18:07:41.9911801Z Preparing to unpack .../21-lib32stdc++-13-dev_13.3.0-6ubuntu2~24.04_amd64.deb ...
unicode-smoke	Set up OCaml and OPAM	2025-09-29T18:07:41.9921826Z Unpacking lib32stdc++-13-dev (13.3.0-6ubuntu2~24.04) ...
unicode-smoke	Set up OCaml and OPAM	2025-09-29T18:07:42.0459520Z Selecting previously unselected package libx32stdc++-13-dev.
unicode-smoke	Set up OCaml and OPAM	2025-09-29T18:07:42.0600651Z Preparing to unpack .../22-libx32stdc++-13-dev_13.3.0-6ubuntu2~24.04_amd64.deb ...
unicode-smoke	Set up OCaml and OPAM	2025-09-29T18:07:42.0610552Z Unpacking libx32stdc++-13-dev (13.3.0-6ubuntu2~24.04) ...
unicode-smoke	Set up OCaml and OPAM	2025-09-29T18:07:42.1140237Z Selecting previously unselected package g++-13-multilib.
unicode-smoke	Set up OCaml and OPAM	2025-09-29T18:07:42.1284411Z Preparing to unpack .../23-g++-13-multilib_13.3.0-6ubuntu2~24.04_amd64.deb ...
unicode-smoke	Set up OCaml and OPAM	2025-09-29T18:07:42.1295556Z Unpacking g++-13-multilib (13.3.0-6ubuntu2~24.04) ...
unicode-smoke	Set up OCaml and OPAM	2025-09-29T18:07:42.1505343Z Selecting previously unselected package gcc-multilib.
unicode-smoke	Set up OCaml and OPAM	2025-09-29T18:07:42.1651067Z Preparing to unpack .../24-gcc-multilib_4%3a13.2.0-7ubuntu1_amd64.deb ...
unicode-smoke	Set up OCaml and OPAM	2025-09-29T18:07:42.1660714Z Unpacking gcc-multilib (4:13.2.0-7ubuntu1) ...
unicode-smoke	Set up OCaml and OPAM	2025-09-29T18:07:42.1870844Z Selecting previously unselected package g++-multilib.
unicode-smoke	Set up OCaml and OPAM	2025-09-29T18:07:42.2012481Z Preparing to unpack .../25-g++-multilib_4%3a13.2.0-7ubuntu1_amd64.deb ...
unicode-smoke	Set up OCaml and OPAM	2025-09-29T18:07:42.2023532Z Unpacking g++-multilib (4:13.2.0-7ubuntu1) ...
unicode-smoke	Set up OCaml and OPAM	2025-09-29T18:07:42.2242101Z Selecting previously unselected package musl:amd64.
unicode-smoke	Set up OCaml and OPAM	2025-09-29T18:07:42.2384424Z Preparing to unpack .../26-musl_1.2.4-2_amd64.deb ...
unicode-smoke	Set up OCaml and OPAM	2025-09-29T18:07:42.2394606Z Unpacking musl:amd64 (1.2.4-2) ...
unicode-smoke	Set up OCaml and OPAM	2025-09-29T18:07:42.2682478Z Selecting previously unselected package musl-dev:amd64.
unicode-smoke	Set up OCaml and OPAM	2025-09-29T18:07:42.2824357Z Preparing to unpack .../27-musl-dev_1.2.4-2_amd64.deb ...
unicode-smoke	Set up OCaml and OPAM	2025-09-29T18:07:42.2834163Z Unpacking musl-dev:amd64 (1.2.4-2) ...
unicode-smoke	Set up OCaml and OPAM	2025-09-29T18:07:42.3543078Z Selecting previously unselected package musl-tools.
unicode-smoke	Set up OCaml and OPAM	2025-09-29T18:07:42.3683867Z Preparing to unpack .../28-musl-tools_1.2.4-2_amd64.deb ...
unicode-smoke	Set up OCaml and OPAM	2025-09-29T18:07:42.3693378Z Unpacking musl-tools (1.2.4-2) ...
unicode-smoke	Set up OCaml and OPAM	2025-09-29T18:07:42.4145705Z Setting up bubblewrap (0.9.0-1ubuntu0.1) ...
unicode-smoke	Set up OCaml and OPAM	2025-09-29T18:07:42.4199718Z Setting up libc6-dev-i386 (2.39-0ubuntu8.6) ...
unicode-smoke	Set up OCaml and OPAM	2025-09-29T18:07:42.4226196Z Setting up lib32itm1 (14.2.0-4ubuntu2~24.04) ...
unicode-smoke	Set up OCaml and OPAM	2025-09-29T18:07:42.4253579Z Setting up lib32ubsan1 (14.2.0-4ubuntu2~24.04) ...
unicode-smoke	Set up OCaml and OPAM	2025-09-29T18:07:42.4290337Z Setting up libc6-x32 (2.39-0ubuntu8.6) ...
unicode-smoke	Set up OCaml and OPAM	2025-09-29T18:07:42.4341565Z Setting up libc6-dev-x32 (2.39-0ubuntu8.6) ...
unicode-smoke	Set up OCaml and OPAM	2025-09-29T18:07:42.4368757Z Setting up lib32gomp1 (14.2.0-4ubuntu2~24.04) ...
unicode-smoke	Set up OCaml and OPAM	2025-09-29T18:07:42.4393481Z Setting up lib32asan8 (14.2.0-4ubuntu2~24.04) ...
unicode-smoke	Set up OCaml and OPAM	2025-09-29T18:07:42.4419874Z Setting up libx32gomp1 (14.2.0-4ubuntu2~24.04) ...
unicode-smoke	Set up OCaml and OPAM	2025-09-29T18:07:42.4448586Z Setting up musl:amd64 (1.2.4-2) ...
unicode-smoke	Set up OCaml and OPAM	2025-09-29T18:07:42.4495138Z Setting up lib32quadmath0 (14.2.0-4ubuntu2~24.04) ...
unicode-smoke	Set up OCaml and OPAM	2025-09-29T18:07:42.4519799Z Setting up libx32quadmath0 (14.2.0-4ubuntu2~24.04) ...
unicode-smoke	Set up OCaml and OPAM	2025-09-29T18:07:42.4546402Z Setting up lib32atomic1 (14.2.0-4ubuntu2~24.04) ...
unicode-smoke	Set up OCaml and OPAM	2025-09-29T18:07:42.4576417Z Setting up libx32atomic1 (14.2.0-4ubuntu2~24.04) ...
unicode-smoke	Set up OCaml and OPAM	2025-09-29T18:07:42.4604498Z Setting up libx32gcc-s1 (14.2.0-4ubuntu2~24.04) ...
unicode-smoke	Set up OCaml and OPAM	2025-09-29T18:07:42.4631554Z Setting up libx32itm1 (14.2.0-4ubuntu2~24.04) ...
unicode-smoke	Set up OCaml and OPAM	2025-09-29T18:07:42.4659235Z Setting up libx32asan8 (14.2.0-4ubuntu2~24.04) ...
unicode-smoke	Set up OCaml and OPAM	2025-09-29T18:07:42.4686059Z Setting up musl-dev:amd64 (1.2.4-2) ...
unicode-smoke	Set up OCaml and OPAM	2025-09-29T18:07:42.4725142Z Setting up libx32stdc++6 (14.2.0-4ubuntu2~24.04) ...
unicode-smoke	Set up OCaml and OPAM	2025-09-29T18:07:42.4754161Z Setting up libx32ubsan1 (14.2.0-4ubuntu2~24.04) ...
unicode-smoke	Set up OCaml and OPAM	2025-09-29T18:07:42.4791294Z Setting up lib32gcc-13-dev (13.3.0-6ubuntu2~24.04) ...
unicode-smoke	Set up OCaml and OPAM	2025-09-29T18:07:42.4819894Z Setting up musl-tools (1.2.4-2) ...
unicode-smoke	Set up OCaml and OPAM	2025-09-29T18:07:42.4848120Z Setting up libx32gcc-13-dev (13.3.0-6ubuntu2~24.04) ...
unicode-smoke	Set up OCaml and OPAM	2025-09-29T18:07:42.4876118Z Setting up gcc-13-multilib (13.3.0-6ubuntu2~24.04) ...
unicode-smoke	Set up OCaml and OPAM	2025-09-29T18:07:42.4902666Z Setting up lib32stdc++-13-dev (13.3.0-6ubuntu2~24.04) ...
unicode-smoke	Set up OCaml and OPAM	2025-09-29T18:07:42.4931913Z Setting up gcc-multilib (4:13.2.0-7ubuntu1) ...
unicode-smoke	Set up OCaml and OPAM	2025-09-29T18:07:42.4960795Z Setting up libx32stdc++-13-dev (13.3.0-6ubuntu2~24.04) ...
unicode-smoke	Set up OCaml and OPAM	2025-09-29T18:07:42.4989781Z Setting up g++-13-multilib (13.3.0-6ubuntu2~24.04) ...
unicode-smoke	Set up OCaml and OPAM	2025-09-29T18:07:42.5018110Z Setting up g++-multilib (4:13.2.0-7ubuntu1) ...
unicode-smoke	Set up OCaml and OPAM	2025-09-29T18:07:42.5051880Z Processing triggers for libc-bin (2.39-0ubuntu8.6) ...
unicode-smoke	Set up OCaml and OPAM	2025-09-29T18:07:42.5634868Z Processing triggers for man-db (2.12.0-4build2) ...
unicode-smoke	Set up OCaml and OPAM	2025-09-29T18:08:44.8636138Z 
unicode-smoke	Set up OCaml and OPAM	2025-09-29T18:08:44.8636720Z Running kernel seems to be up-to-date.
unicode-smoke	Set up OCaml and OPAM	2025-09-29T18:08:44.8637046Z 
unicode-smoke	Set up OCaml and OPAM	2025-09-29T18:08:44.8637493Z Restarting services...
unicode-smoke	Set up OCaml and OPAM	2025-09-29T18:08:44.8712362Z 
unicode-smoke	Set up OCaml and OPAM	2025-09-29T18:08:44.8712684Z Service restarts being deferred:
unicode-smoke	Set up OCaml and OPAM	2025-09-29T18:08:44.8714035Z  systemctl restart hosted-compute-agent.service
unicode-smoke	Set up OCaml and OPAM	2025-09-29T18:08:44.8714482Z 
unicode-smoke	Set up OCaml and OPAM	2025-09-29T18:08:44.8715162Z No containers need to be restarted.
unicode-smoke	Set up OCaml and OPAM	2025-09-29T18:08:44.8715478Z 
unicode-smoke	Set up OCaml and OPAM	2025-09-29T18:08:44.8715678Z No user sessions are running outdated binaries.
unicode-smoke	Set up OCaml and OPAM	2025-09-29T18:08:44.8716022Z 
unicode-smoke	Set up OCaml and OPAM	2025-09-29T18:08:44.8716387Z No VM guests are running outdated hypervisor (qemu) binaries on this host.
unicode-smoke	Set up OCaml and OPAM	2025-09-29T18:08:45.7961673Z ##[group]Run mkdir -p "$HOME/.github-tools"
unicode-smoke	Set up OCaml and OPAM	2025-09-29T18:08:45.7962056Z [36;1mmkdir -p "$HOME/.github-tools"[0m
unicode-smoke	Set up OCaml and OPAM	2025-09-29T18:08:45.7962310Z [36;1m{[0m
unicode-smoke	Set up OCaml and OPAM	2025-09-29T18:08:45.7962517Z [36;1m  printf '%s\n' '#!/usr/bin/env bash'[0m
unicode-smoke	Set up OCaml and OPAM	2025-09-29T18:08:45.7962830Z [36;1m  printf '%s\n' 'if [[ "$1" == "apt-get" ]]; then'[0m
unicode-smoke	Set up OCaml and OPAM	2025-09-29T18:08:45.7963124Z [36;1m  printf '%s\n' '  args=()'[0m
unicode-smoke	Set up OCaml and OPAM	2025-09-29T18:08:45.7963384Z [36;1m  printf '%s\n' '  install_seen=false'[0m
unicode-smoke	Set up OCaml and OPAM	2025-09-29T18:08:45.7963688Z [36;1m  printf '%s\n' '  for arg in "$@"; do'[0m
unicode-smoke	Set up OCaml and OPAM	2025-09-29T18:08:45.7963998Z [36;1m  printf '%s\n' '    if [[ "$arg" == "install" ]]; then'[0m
unicode-smoke	Set up OCaml and OPAM	2025-09-29T18:08:45.7964318Z [36;1m  printf '%s\n' '      install_seen=true'[0m
unicode-smoke	Set up OCaml and OPAM	2025-09-29T18:08:45.7964588Z [36;1m  printf '%s\n' '    fi'[0m
unicode-smoke	Set up OCaml and OPAM	2025-09-29T18:08:45.7964897Z [36;1m  printf '%s\n' '    if [[ "$install_seen" == true && "$arg" == "darcs" ]]; then'[0m
unicode-smoke	Set up OCaml and OPAM	2025-09-29T18:08:45.7965257Z [36;1m  printf '%s\n' '      continue'[0m
unicode-smoke	Set up OCaml and OPAM	2025-09-29T18:08:45.7965503Z [36;1m  printf '%s\n' '    fi'[0m
unicode-smoke	Set up OCaml and OPAM	2025-09-29T18:08:45.7965735Z [36;1m  printf '%s\n' '    args+=("$arg")'[0m
unicode-smoke	Set up OCaml and OPAM	2025-09-29T18:08:45.7965990Z [36;1m  printf '%s\n' '  done'[0m
unicode-smoke	Set up OCaml and OPAM	2025-09-29T18:08:45.7966251Z [36;1m  printf '%s\n' '  exec /usr/bin/sudo "${args[@]}"'[0m
unicode-smoke	Set up OCaml and OPAM	2025-09-29T18:08:45.7966538Z [36;1m  printf '%s\n' 'fi'[0m
unicode-smoke	Set up OCaml and OPAM	2025-09-29T18:08:45.7966775Z [36;1m  printf '%s\n' 'exec /usr/bin/sudo "$@"'[0m
unicode-smoke	Set up OCaml and OPAM	2025-09-29T18:08:45.7967052Z [36;1m} > "$HOME/.github-tools/sudo"[0m
unicode-smoke	Set up OCaml and OPAM	2025-09-29T18:08:45.7967318Z [36;1mchmod +x "$HOME/.github-tools/sudo"[0m
unicode-smoke	Set up OCaml and OPAM	2025-09-29T18:08:45.7967643Z [36;1mecho "PATH=$HOME/.github-tools:$PATH" >> "$GITHUB_ENV"[0m
unicode-smoke	Set up OCaml and OPAM	2025-09-29T18:08:45.8002891Z shell: /usr/bin/bash --noprofile --norc -e -o pipefail {0}
unicode-smoke	Set up OCaml and OPAM	2025-09-29T18:08:45.8003216Z ##[endgroup]
unicode-smoke	Set up OCaml and OPAM	2025-09-29T18:08:45.8155383Z ##[group]Run ocaml/setup-ocaml@v2
unicode-smoke	Set up OCaml and OPAM	2025-09-29T18:08:45.8155616Z with:
unicode-smoke	Set up OCaml and OPAM	2025-09-29T18:08:45.8155804Z   ocaml-compiler: 4.14.1
unicode-smoke	Set up OCaml and OPAM	2025-09-29T18:08:45.8156020Z   allow-prerelease-opam: false
unicode-smoke	Set up OCaml and OPAM	2025-09-29T18:08:45.8156252Z   opam-pin: true
unicode-smoke	Set up OCaml and OPAM	2025-09-29T18:08:45.8156434Z   opam-depext: false
unicode-smoke	Set up OCaml and OPAM	2025-09-29T18:08:45.8156629Z   opam-local-packages: *.opam
unicode-smoke	Set up OCaml and OPAM	2025-09-29T18:08:45.8156862Z   opam-disable-sandboxing: false
unicode-smoke	Set up OCaml and OPAM	2025-09-29T18:08:45.8157079Z   dune-cache: false
unicode-smoke	Set up OCaml and OPAM	2025-09-29T18:08:45.8157258Z   cache-prefix: v1
unicode-smoke	Set up OCaml and OPAM	2025-09-29T18:08:45.8157709Z   github-token: ***
unicode-smoke	Set up OCaml and OPAM	2025-09-29T18:08:45.8157903Z env:
unicode-smoke	Set up OCaml and OPAM	2025-09-29T18:08:45.8159120Z   PATH: /home/runner/.github-tools:/snap/bin:/home/runner/.local/bin:/opt/pipx_bin:/home/runner/.cargo/bin:/home/runner/.config/composer/vendor/bin:/usr/local/.ghcup/bin:/home/runner/.dotnet/tools:/usr/local/sbin:/usr/local/bin:/usr/sbin:/usr/bin:/sbin:/bin:/usr/games:/usr/local/games:/snap/bin
unicode-smoke	Set up OCaml and OPAM	2025-09-29T18:08:45.8160233Z ##[endgroup]
unicode-smoke	Set up OCaml and OPAM	2025-09-29T18:08:45.9948263Z ##[group]Retrieve the opam cache
unicode-smoke	Set up OCaml and OPAM	2025-09-29T18:08:46.9069762Z ##[warning]Failed to restore: Cache service responded with 400
unicode-smoke	Set up OCaml and OPAM	2025-09-29T18:08:46.9072130Z Cache not found for input keys: v1-setup-ocaml-opam-2.1.6-sandbox-linux-24.04-x86_64-ocaml_base_compiler_4_14_1-2025-40, v1-setup-ocaml-opam-2.1.6-sandbox-linux-24.04-x86_64-ocaml_base_compiler_4_14_1-2025-40, v1-setup-ocaml-opam-2.1.6-sandbox-linux-24.04-x86_64-ocaml_base_compiler_4_14_1-2025-, v1-setup-ocaml-opam-2.1.6-sandbox-linux-24.04-x86_64-ocaml_base_compiler_4_14_1-
unicode-smoke	Set up OCaml and OPAM	2025-09-29T18:08:46.9073516Z ##[endgroup]
unicode-smoke	Set up OCaml and OPAM	2025-09-29T18:08:46.9073849Z ##[group]Install opam
unicode-smoke	Set up OCaml and OPAM	2025-09-29T18:08:47.6252493Z Acquired 2.1.6 from https://github.com/ocaml/opam/releases/download/2.1.6/opam-2.1.6-x86_64-linux
unicode-smoke	Set up OCaml and OPAM	2025-09-29T18:08:47.6342386Z Successfully cached opam to /opt/hostedtoolcache/opam/2.1.6/x86_64
unicode-smoke	Set up OCaml and OPAM	2025-09-29T18:08:47.6345013Z Added opam to the path
unicode-smoke	Set up OCaml and OPAM	2025-09-29T18:08:47.6345743Z ##[endgroup]
unicode-smoke	Set up OCaml and OPAM	2025-09-29T18:08:47.6346419Z ##[group]Initialise the opam state
unicode-smoke	Set up OCaml and OPAM	2025-09-29T18:08:47.6366405Z [command]/home/runner/.github-tools/sudo apt-get --yes install bubblewrap darcs g++-multilib gcc-multilib mercurial musl-tools rsync
unicode-smoke	Set up OCaml and OPAM	2025-09-29T18:08:47.6646898Z Reading package lists...
unicode-smoke	Set up OCaml and OPAM	2025-09-29T18:08:47.8347685Z Building dependency tree...
unicode-smoke	Set up OCaml and OPAM	2025-09-29T18:08:47.8354799Z Reading state information...
unicode-smoke	Set up OCaml and OPAM	2025-09-29T18:08:48.0001007Z bubblewrap is already the newest version (0.9.0-1ubuntu0.1).
unicode-smoke	Set up OCaml and OPAM	2025-09-29T18:08:48.0001704Z g++-multilib is already the newest version (4:13.2.0-7ubuntu1).
unicode-smoke	Set up OCaml and OPAM	2025-09-29T18:08:48.0002336Z gcc-multilib is already the newest version (4:13.2.0-7ubuntu1).
unicode-smoke	Set up OCaml and OPAM	2025-09-29T18:08:48.0002957Z mercurial is already the newest version (6.7.2-1ubuntu2.2).
unicode-smoke	Set up OCaml and OPAM	2025-09-29T18:08:48.0003488Z musl-tools is already the newest version (1.2.4-2).
unicode-smoke	Set up OCaml and OPAM	2025-09-29T18:08:48.0004038Z rsync is already the newest version (3.2.7-1ubuntu1.2).
unicode-smoke	Set up OCaml and OPAM	2025-09-29T18:08:48.0004622Z 0 upgraded, 0 newly installed, 0 to remove and 18 not upgraded.
unicode-smoke	Set up OCaml and OPAM	2025-09-29T18:08:48.0038900Z [command]/opt/hostedtoolcache/opam/2.1.6/x86_64/opam init --auto-setup --bare --enable-shell-hook
unicode-smoke	Set up OCaml and OPAM	2025-09-29T18:08:48.0184230Z No configuration file found, using built-in defaults.
unicode-smoke	Set up OCaml and OPAM	2025-09-29T18:08:48.0216756Z Checking for available remotes: rsync and local, git, mercurial.
unicode-smoke	Set up OCaml and OPAM	2025-09-29T18:08:48.0224234Z   - you won't be able to use darcs repositories unless you install the [01mdarcs[0m command on your system.
unicode-smoke	Set up OCaml and OPAM	2025-09-29T18:08:48.0224860Z 
unicode-smoke	Set up OCaml and OPAM	2025-09-29T18:08:48.0372704Z [31m[ERROR][0m Sandboxing is not working on your platform ubuntu:
unicode-smoke	Set up OCaml and OPAM	2025-09-29T18:08:48.0374208Z         "~/.opam/opam-init/hooks/sandbox.sh build sh -c echo SUCCESS >$TMPDIR/opam-sandbox-check-out && cat $TMPDIR/opam-sandbox-check-out; rm -f $TMPDIR/opam-sandbox-check-out" exited with code 1 "bwrap: loopback: Failed RTM_NEWADDR: Operation not permitted"
unicode-smoke	Set up OCaml and OPAM	2025-09-29T18:08:48.0376159Z Do you want to disable it?  Note that this will result in less secure package builds, so please ensure that you have some other isolation mechanisms in place (such as running within a container or virtual machine). [y/N] y
unicode-smoke	Set up OCaml and OPAM	2025-09-29T18:08:48.0378901Z 
unicode-smoke	Set up OCaml and OPAM	2025-09-29T18:08:48.0379726Z [36m<><>[0m [01mFetching repository information[0m [36m><><><><><><><><><><><><><><><><><><><><><>[0m
unicode-smoke	Set up OCaml and OPAM	2025-09-29T18:08:50.8092168Z [[32mdefault[0m] Initialised
unicode-smoke	Set up OCaml and OPAM	2025-09-29T18:09:02.7161934Z 
unicode-smoke	Set up OCaml and OPAM	2025-09-29T18:09:02.7162499Z User configuration:
unicode-smoke	Set up OCaml and OPAM	2025-09-29T18:09:02.7166497Z   Updating ~/.bash_profile.
unicode-smoke	Set up OCaml and OPAM	2025-09-29T18:09:02.7167921Z [1;34m[NOTE][0m Make sure that ~/.bash_profile is well [04msourced[0m in your ~/.bashrc.
unicode-smoke	Set up OCaml and OPAM	2025-09-29T18:09:02.7169478Z 
unicode-smoke	Set up OCaml and OPAM	2025-09-29T18:09:03.8066754Z ##[endgroup]
unicode-smoke	Set up OCaml and OPAM	2025-09-29T18:09:03.8069424Z ##[group]Remove the opam repositories
unicode-smoke	Set up OCaml and OPAM	2025-09-29T18:09:03.8093051Z [command]/opt/hostedtoolcache/opam/2.1.6/x86_64/opam repository list --all-switches --short
unicode-smoke	Set up OCaml and OPAM	2025-09-29T18:09:03.8670068Z default
unicode-smoke	Set up OCaml and OPAM	2025-09-29T18:09:03.8697593Z [command]/opt/hostedtoolcache/opam/2.1.6/x86_64/opam repository remove default --all-switches
unicode-smoke	Set up OCaml and OPAM	2025-09-29T18:09:03.9326340Z ##[endgroup]
unicode-smoke	Set up OCaml and OPAM	2025-09-29T18:09:03.9327792Z ##[group]Initialise the opam repositories
unicode-smoke	Set up OCaml and OPAM	2025-09-29T18:09:03.9343871Z [command]/opt/hostedtoolcache/opam/2.1.6/x86_64/opam repository add default https://github.com/ocaml/opam-repository.git --all-switches --set-default
unicode-smoke	Set up OCaml and OPAM	2025-09-29T18:09:39.1129614Z [[32mdefault[0m] Initialised
unicode-smoke	Set up OCaml and OPAM	2025-09-29T18:09:50.3684358Z ##[endgroup]
unicode-smoke	Set up OCaml and OPAM	2025-09-29T18:09:50.5572615Z ##[group]Install OCaml
unicode-smoke	Set up OCaml and OPAM	2025-09-29T18:09:50.5591867Z [command]/opt/hostedtoolcache/opam/2.1.6/x86_64/opam switch create . --no-install --packages ocaml-base-compiler.4.14.1
unicode-smoke	Set up OCaml and OPAM	2025-09-29T18:09:50.7650805Z 
unicode-smoke	Set up OCaml and OPAM	2025-09-29T18:09:50.7651882Z [36m<><>[0m [01mInstalling new switch packages[0m [36m<><><><><><><><><><><><><><><><><><><><><><>[0m
unicode-smoke	Set up OCaml and OPAM	2025-09-29T18:09:50.7652568Z Switch invariant: ["ocaml-base-compiler" {= "4.14.1"}]
unicode-smoke	Set up OCaml and OPAM	2025-09-29T18:09:54.8692055Z 
unicode-smoke	Set up OCaml and OPAM	2025-09-29T18:09:54.8693097Z [36m<><>[0m [01mProcessing actions[0m [36m<><><><><><><><><><><><><><><><><><><><><><><><><><><><>[0m
unicode-smoke	Set up OCaml and OPAM	2025-09-29T18:09:57.3721129Z [32mâ[0m installed [01mbase-bigarray[0m.base
unicode-smoke	Set up OCaml and OPAM	2025-09-29T18:09:57.3727973Z [32mâ[0m installed [01mbase-threads[0m.base
unicode-smoke	Set up OCaml and OPAM	2025-09-29T18:09:57.3735380Z [32mâ[0m installed [01mbase-unix[0m.base
unicode-smoke	Set up OCaml and OPAM	2025-09-29T18:09:57.3747969Z [32mâ[0m installed [01mocaml-options-vanilla[0m.1
unicode-smoke	Set up OCaml and OPAM	2025-09-29T18:09:57.4821598Z [36mâ¬[0m retrieved [01mocaml-config[0m.2  (2 extra sources)
unicode-smoke	Set up OCaml and OPAM	2025-09-29T18:09:57.9306618Z [36mâ¬[0m retrieved [01mocaml-base-compiler[0m.4.14.1  (https://github.com/ocaml/ocaml/archive/4.14.1.tar.gz)
unicode-smoke	Set up OCaml and OPAM	2025-09-29T18:12:29.1138725Z [32mâ[0m installed [01mocaml-base-compiler[0m.4.14.1
unicode-smoke	Set up OCaml and OPAM	2025-09-29T18:12:29.1229698Z [32mâ[0m installed [01mocaml-config[0m.2
unicode-smoke	Set up OCaml and OPAM	2025-09-29T18:12:29.1753071Z [32mâ[0m installed [01mocaml[0m.4.14.1
unicode-smoke	Set up OCaml and OPAM	2025-09-29T18:12:29.5651696Z Done.
unicode-smoke	Set up OCaml and OPAM	2025-09-29T18:12:29.5656698Z # Run [01meval $(opam env)[0m to update the current shell environment
unicode-smoke	Set up OCaml and OPAM	2025-09-29T18:12:30.7540802Z ##[endgroup]
unicode-smoke	Set up OCaml and OPAM	2025-09-29T18:12:30.7543358Z ##[group]Save the opam cache
unicode-smoke	Set up OCaml and OPAM	2025-09-29T18:12:30.7554276Z [command]/opt/hostedtoolcache/opam/2.1.6/x86_64/opam clean --all-switches --download-cache --logs --repo-cache --unused-repositories
unicode-smoke	Set up OCaml and OPAM	2025-09-29T18:12:30.9562570Z Cleaning up switch /home/runner/work/latex_perf/latex_perf
unicode-smoke	Set up OCaml and OPAM	2025-09-29T18:12:31.0597400Z Updating /home/runner/.opam/repo/repos-config
unicode-smoke	Set up OCaml and OPAM	2025-09-29T18:12:31.0598239Z Clearing repository cache
unicode-smoke	Set up OCaml and OPAM	2025-09-29T18:12:31.0644337Z Clearing cache of downloaded files
unicode-smoke	Set up OCaml and OPAM	2025-09-29T18:12:31.0694992Z Clearing logs
unicode-smoke	Set up OCaml and OPAM	2025-09-29T18:12:31.8274469Z [command]/usr/bin/tar --posix -cf cache.tzst --exclude cache.tzst -P -C /home/runner/work/latex_perf/latex_perf --files-from manifest.txt --use-compress-program zstdmt
unicode-smoke	Set up OCaml and OPAM	2025-09-29T18:12:33.6533074Z ##[warning]Failed to save: <h2>Our services aren't available right now</h2><p>We're working to restore all services as soon as possible. Please check back soon.</p>0EczaaAAAAAD+ezbF5o32Ra3qFESEwsB0UEhMMzBFREdFMDIxMABFZGdl
unicode-smoke	Set up OCaml and OPAM	2025-09-29T18:12:33.7257636Z ##[endgroup]
unicode-smoke	Set up OCaml and OPAM	2025-09-29T18:12:33.7259125Z ##[group]Retrieve the opam download cache
unicode-smoke	Set up OCaml and OPAM	2025-09-29T18:12:33.7883090Z ##[warning]Failed to restore: Cache service responded with 400
unicode-smoke	Set up OCaml and OPAM	2025-09-29T18:12:33.7889930Z Cache not found for input keys: v1-setup-ocaml-opam-download-github.com/ocaml/opam-repository.git-4_14_1-2025-8-29-18106304853-56, v1-setup-ocaml-opam-download-github.com/ocaml/opam-repository.git-4_14_1-2025-8-29-18106304853-56, v1-setup-ocaml-opam-download-github.com/ocaml/opam-repository.git-4_14_1-2025-8-29-18106304853-, v1-setup-ocaml-opam-download-github.com/ocaml/opam-repository.git-4_14_1-2025-8-29-, v1-setup-ocaml-opam-download-github.com/ocaml/opam-repository.git-4_14_1-2025-8-
unicode-smoke	Set up OCaml and OPAM	2025-09-29T18:12:33.7896105Z ##[endgroup]
unicode-smoke	Set up OCaml and OPAM	2025-09-29T18:12:33.7927161Z ##[group]Pin local packages
unicode-smoke	Set up OCaml and OPAM	2025-09-29T18:12:33.7939098Z [command]/opt/hostedtoolcache/opam/2.1.6/x86_64/opam pin add latex-perfectionist.dev . --no-action
unicode-smoke	Set up OCaml and OPAM	2025-09-29T18:12:40.6335555Z Package latex-perfectionist does not exist, create as a [01mNEW[0m package? [Y/n] y
unicode-smoke	Set up OCaml and OPAM	2025-09-29T18:12:40.7494778Z [[32mlatex-perfectionist.dev[0m] synchronised (file:///home/runner/work/latex_perf/latex_perf)
unicode-smoke	Set up OCaml and OPAM	2025-09-29T18:12:40.7501642Z [33m[WARNING][0m Failed checks on latex-perfectionist package definition from source at file:///home/runner/work/latex_perf/latex_perf:
unicode-smoke	Set up OCaml and OPAM	2025-09-29T18:12:40.7503721Z     [31merror[0m 23: Missing field 'maintainer'
unicode-smoke	Set up OCaml and OPAM	2025-09-29T18:12:40.7504556Z   [33mwarning[0m 25: Missing field 'authors'
unicode-smoke	Set up OCaml and OPAM	2025-09-29T18:12:40.7505394Z   [33mwarning[0m 35: Missing field 'homepage'
unicode-smoke	Set up OCaml and OPAM	2025-09-29T18:12:40.7506222Z   [33mwarning[0m 36: Missing field 'bug-reports'
unicode-smoke	Set up OCaml and OPAM	2025-09-29T18:12:40.7512602Z latex-perfectionist is now pinned to [01mgit+file:///home/runner/work/latex_perf/latex_perf#HEAD[0m (version [01mdev[0m)
unicode-smoke	Set up OCaml and OPAM	2025-09-29T18:12:41.8463484Z ##[endgroup]
unicode-smoke	Set up OCaml and OPAM	2025-09-29T18:12:41.8485088Z [command]/opt/hostedtoolcache/opam/2.1.6/x86_64/opam --version
unicode-smoke	Set up OCaml and OPAM	2025-09-29T18:12:41.8621130Z 2.1.6
unicode-smoke	Set up OCaml and OPAM	2025-09-29T18:12:41.8639881Z [command]/opt/hostedtoolcache/opam/2.1.6/x86_64/opam exec -- ocaml -version
unicode-smoke	Set up OCaml and OPAM	2025-09-29T18:12:41.8919712Z The OCaml toplevel, version 4.14.1
unicode-smoke	Install dependencies	ï»¿2025-09-29T18:12:41.9063029Z ##[group]Run sudo apt-get update -y
unicode-smoke	Install dependencies	2025-09-29T18:12:41.9063368Z [36;1msudo apt-get update -y[0m
unicode-smoke	Install dependencies	2025-09-29T18:12:41.9063642Z [36;1msudo apt-get install -y jq curl[0m
unicode-smoke	Install dependencies	2025-09-29T18:12:41.9064002Z [36;1mopam repo add default https://opam.ocaml.org || true[0m
unicode-smoke	Install dependencies	2025-09-29T18:12:41.9064380Z [36;1mopam update -y || true[0m
unicode-smoke	Install dependencies	2025-09-29T18:12:41.9064665Z [36;1mopam install -y . --deps-only --with-test[0m
unicode-smoke	Install dependencies	2025-09-29T18:12:41.9101048Z shell: /usr/bin/bash -e {0}
unicode-smoke	Install dependencies	2025-09-29T18:12:41.9101333Z env:
unicode-smoke	Install dependencies	2025-09-29T18:12:41.9102635Z   PATH: /home/runner/.github-tools:/snap/bin:/home/runner/.local/bin:/opt/pipx_bin:/home/runner/.cargo/bin:/home/runner/.config/composer/vendor/bin:/usr/local/.ghcup/bin:/home/runner/.dotnet/tools:/usr/local/sbin:/usr/local/bin:/usr/sbin:/usr/bin:/sbin:/bin:/usr/games:/usr/local/games:/snap/bin
unicode-smoke	Install dependencies	2025-09-29T18:12:41.9104013Z   OPAMCLI: 2.0
unicode-smoke	Install dependencies	2025-09-29T18:12:41.9104243Z   OPAMCOLOR: always
unicode-smoke	Install dependencies	2025-09-29T18:12:41.9104479Z   OPAMERRLOGLEN: 0
unicode-smoke	Install dependencies	2025-09-29T18:12:41.9104710Z   OPAMJOBS: 4
unicode-smoke	Install dependencies	2025-09-29T18:12:41.9104973Z   OPAMPRECISETRACKING: 1
unicode-smoke	Install dependencies	2025-09-29T18:12:41.9105249Z   OPAMSOLVERTIMEOUT: 1000
unicode-smoke	Install dependencies	2025-09-29T18:12:41.9105497Z   OPAMYES: 1
unicode-smoke	Install dependencies	2025-09-29T18:12:41.9105712Z   CLICOLOR_FORCE: 1
unicode-smoke	Install dependencies	2025-09-29T18:12:41.9105945Z ##[endgroup]
unicode-smoke	Install dependencies	2025-09-29T18:12:41.9849388Z Get:1 file:/etc/apt/apt-mirrors.txt Mirrorlist [144 B]
unicode-smoke	Install dependencies	2025-09-29T18:12:42.0127995Z Hit:2 http://azure.archive.ubuntu.com/ubuntu noble InRelease
unicode-smoke	Install dependencies	2025-09-29T18:12:42.0160942Z Hit:3 http://azure.archive.ubuntu.com/ubuntu noble-updates InRelease
unicode-smoke	Install dependencies	2025-09-29T18:12:42.0168946Z Hit:4 http://azure.archive.ubuntu.com/ubuntu noble-backports InRelease
unicode-smoke	Install dependencies	2025-09-29T18:12:42.0191220Z Hit:5 http://azure.archive.ubuntu.com/ubuntu noble-security InRelease
unicode-smoke	Install dependencies	2025-09-29T18:12:42.0590403Z Hit:6 https://packages.microsoft.com/repos/azure-cli noble InRelease
unicode-smoke	Install dependencies	2025-09-29T18:12:42.0960409Z Hit:7 https://packages.microsoft.com/ubuntu/24.04/prod noble InRelease
unicode-smoke	Install dependencies	2025-09-29T18:12:43.2302360Z Reading package lists...
unicode-smoke	Install dependencies	2025-09-29T18:12:43.2672564Z Reading package lists...
unicode-smoke	Install dependencies	2025-09-29T18:12:43.4435884Z Building dependency tree...
unicode-smoke	Install dependencies	2025-09-29T18:12:43.4444091Z Reading state information...
unicode-smoke	Install dependencies	2025-09-29T18:12:43.6147925Z jq is already the newest version (1.7.1-3ubuntu0.24.04.1).
unicode-smoke	Install dependencies	2025-09-29T18:12:43.6148854Z curl is already the newest version (8.5.0-2ubuntu10.6).
unicode-smoke	Install dependencies	2025-09-29T18:12:43.6149443Z 0 upgraded, 0 newly installed, 0 to remove and 18 not upgraded.
unicode-smoke	Install dependencies	2025-09-29T18:12:43.6716768Z [31m[ERROR][0m Repository default is already set up and points to git+https://github.com/ocaml/opam-repository.git. To change that, use 'opam repository set-url default https://opam.ocaml.org'.
unicode-smoke	Install dependencies	2025-09-29T18:12:43.9094901Z [1;34m[NOTE][0m latex-perfectionist.dev has previously been updated with --working-dir, not resetting unless explicitly selected
unicode-smoke	Install dependencies	2025-09-29T18:12:43.9096453Z 
unicode-smoke	Install dependencies	2025-09-29T18:12:43.9097478Z [36m<><>[0m [01mUpdating package repositories[0m [36m><><><><><><><><><><><><><><><><><><><><><><>[0m
unicode-smoke	Install dependencies	2025-09-29T18:12:47.5105631Z [[32mdefault[0m] no changes from git+https://github.com/ocaml/opam-repository.git
unicode-smoke	Install dependencies	2025-09-29T18:12:59.0777812Z [1;34m[NOTE][0m Ignoring uncommitted changes in /home/runner/work/latex_perf/latex_perf (`--working-dir' not active).
unicode-smoke	Install dependencies	2025-09-29T18:12:59.5774216Z [[32mlatex-perfectionist.dev[0m] synchronised (git+file:///home/runner/work/latex_perf/latex_perf#HEAD)
unicode-smoke	Install dependencies	2025-09-29T18:13:04.0538350Z The following actions will be performed:
unicode-smoke	Install dependencies	2025-09-29T18:13:04.0541568Z   [32mâ[0m install [01mocamlbuild[0m          0.16.1
unicode-smoke	Install dependencies	2025-09-29T18:13:04.0542643Z   [32mâ[0m install [01mconf-gmp[0m            5
unicode-smoke	Install dependencies	2025-09-29T18:13:04.0543685Z   [32mâ[0m install [01mconf-pkg-config[0m     4
unicode-smoke	Install dependencies	2025-09-29T18:13:04.0544907Z   [32mâ[0m install [01mocamlfind[0m           1.9.8
unicode-smoke	Install dependencies	2025-09-29T18:13:04.0545918Z   [32mâ[0m install [01mdune[0m                3.20.2
unicode-smoke	Install dependencies	2025-09-29T18:13:04.0546747Z   [32mâ[0m install [01mzarith[0m              1.14
unicode-smoke	Install dependencies	2025-09-29T18:13:04.0547576Z   [32mâ[0m install [01mtopkg[0m               1.1.0
unicode-smoke	Install dependencies	2025-09-29T18:13:04.0548590Z   [32mâ[0m install [01myojson[0m              3.0.0
unicode-smoke	Install dependencies	2025-09-29T18:13:04.0550010Z   [32mâ[0m install [01mstdlib-shims[0m        0.3.0
unicode-smoke	Install dependencies	2025-09-29T18:13:04.0550873Z   [32mâ[0m install [01msexplib0[0m            v0.17.0
unicode-smoke	Install dependencies	2025-09-29T18:13:04.0551747Z   [32mâ[0m install [01mppx_derivers[0m        1.2.1
unicode-smoke	Install dependencies	2025-09-29T18:13:04.0552408Z   [32mâ[0m install [01mocaml-syntax-shims[0m  1.0.0
unicode-smoke	Install dependencies	2025-09-29T18:13:04.0552952Z   [32mâ[0m install [01mocaml-compiler-libs[0m v0.12.4
unicode-smoke	Install dependencies	2025-09-29T18:13:04.0553477Z   [32mâ[0m install [01mcsexp[0m               1.5.2
unicode-smoke	Install dependencies	2025-09-29T18:13:04.0553967Z   [32mâ[0m install [01mcppo[0m                1.8.0
unicode-smoke	Install dependencies	2025-09-29T18:13:04.0554491Z   [32mâ[0m install [01mcoq-core[0m            8.18.0
unicode-smoke	Install dependencies	2025-09-29T18:13:04.0554984Z   [32mâ[0m install [01muutf[0m                1.0.4
unicode-smoke	Install dependencies	2025-09-29T18:13:04.0555478Z   [32mâ[0m install [01mppxlib[0m              0.36.0
unicode-smoke	Install dependencies	2025-09-29T18:13:04.0555998Z   [32mâ[0m install [01mdune-configurator[0m   3.20.2
unicode-smoke	Install dependencies	2025-09-29T18:13:04.0556406Z   [32mâ[0m install [01mcoqide-server[0m       8.18.0
unicode-smoke	Install dependencies	2025-09-29T18:13:04.0556783Z   [32mâ[0m install [01mcoq-stdlib[0m          8.18.0
unicode-smoke	Install dependencies	2025-09-29T18:13:04.0557142Z   [32mâ[0m install [01mppx_deriving[0m        6.1.1
unicode-smoke	Install dependencies	2025-09-29T18:13:04.0557499Z   [32mâ[0m install [01mbigstringaf[0m         0.10.0
unicode-smoke	Install dependencies	2025-09-29T18:13:04.0557850Z   [32mâ[0m install [01mcoq[0m                 8.18.0
unicode-smoke	Install dependencies	2025-09-29T18:13:04.0558197Z   [32mâ[0m install [01mangstrom[0m            0.16.1
unicode-smoke	Install dependencies	2025-09-29T18:13:04.0558724Z ===== [32mâ[0m 25 =====
unicode-smoke	Install dependencies	2025-09-29T18:13:04.0564625Z 
unicode-smoke	Install dependencies	2025-09-29T18:13:04.0565267Z [36m<><>[0m [01mProcessing actions[0m [36m<><><><><><><><><><><><><><><><><><><><><><><><><><><><>[0m
unicode-smoke	Install dependencies	2025-09-29T18:13:04.1307480Z [36mâ¬[0m retrieved [01mconf-gmp[0m.5  (https://raw.githubusercontent.com/ocaml/opam-source-archives/main/patches/conf-gmp/test.c.4)
unicode-smoke	Install dependencies	2025-09-29T18:13:06.5952027Z [32mâ[0m installed [01mconf-gmp[0m.5
unicode-smoke	Install dependencies	2025-09-29T18:13:06.5965271Z [32mâ[0m installed [01mconf-pkg-config[0m.4
unicode-smoke	Install dependencies	2025-09-29T18:13:06.6091948Z [36mâ¬[0m retrieved [01mangstrom[0m.0.16.1  (https://github.com/inhabitedtype/angstrom/archive/0.16.1.tar.gz)
unicode-smoke	Install dependencies	2025-09-29T18:13:06.6456664Z [36mâ¬[0m retrieved [01mbigstringaf[0m.0.10.0  (https://github.com/inhabitedtype/bigstringaf/archive/0.10.0.tar.gz)
unicode-smoke	Install dependencies	2025-09-29T18:13:07.6296887Z [36mâ¬[0m retrieved [01mcoq[0m.8.18.0  (https://github.com/coq/coq/releases/download/V8.18.0/coq-8.18.0.tar.gz)
unicode-smoke	Install dependencies	2025-09-29T18:13:08.2351631Z [36mâ¬[0m retrieved [01mcoq-core[0m.8.18.0  (cached)
unicode-smoke	Install dependencies	2025-09-29T18:13:08.6072161Z [36mâ¬[0m retrieved [01mcoq-stdlib[0m.8.18.0  (cached)
unicode-smoke	Install dependencies	2025-09-29T18:13:08.9852090Z [36mâ¬[0m retrieved [01mcoqide-server[0m.8.18.0  (cached)
unicode-smoke	Install dependencies	2025-09-29T18:13:09.0212610Z [36mâ¬[0m retrieved [01mcppo[0m.1.8.0  (https://github.com/ocaml-community/cppo/archive/v1.8.0.tar.gz)
unicode-smoke	Install dependencies	2025-09-29T18:13:09.0450000Z [36mâ¬[0m retrieved [01mcsexp[0m.1.5.2  (https://github.com/ocaml-dune/csexp/releases/download/1.5.2/csexp-1.5.2.tbz)
unicode-smoke	Install dependencies	2025-09-29T18:13:09.2881728Z [36mâ¬[0m retrieved [01mocaml-compiler-libs[0m.v0.12.4  (https://github.com/janestreet/ocaml-compiler-libs/releases/download/v0.12.4/ocaml-compiler-libs-v0.12.4.tbz)
unicode-smoke	Install dependencies	2025-09-29T18:13:09.5126041Z [36mâ¬[0m retrieved [01mocaml-syntax-shims[0m.1.0.0  (https://github.com/ocaml-ppx/ocaml-syntax-shims/releases/download/1.0.0/ocaml-syntax-shims-1.0.0.tbz)
unicode-smoke	Install dependencies	2025-09-29T18:13:09.9316609Z [36mâ¬[0m retrieved [01mocamlbuild[0m.0.16.1  (https://github.com/ocaml/ocamlbuild/archive/refs/tags/0.16.1.tar.gz)
unicode-smoke	Install dependencies	2025-09-29T18:13:10.2242953Z [36mâ¬[0m retrieved [01mocamlfind[0m.1.9.8  (https://github.com/ocaml/ocamlfind/archive/refs/tags/findlib-1.9.8.tar.gz)
unicode-smoke	Install dependencies	2025-09-29T18:13:10.8449877Z [36mâ¬[0m retrieved [01mdune[0m.3.20.2  (https://github.com/ocaml/dune/releases/download/3.20.2/dune-3.20.2.tbz)
unicode-smoke	Install dependencies	2025-09-29T18:13:12.0210978Z [36mâ¬[0m retrieved [01mdune-configurator[0m.3.20.2  (https://github.com/ocaml/dune/releases/download/3.20.2/dune-3.20.2.tbz)
unicode-smoke	Install dependencies	2025-09-29T18:13:12.0763066Z [36mâ¬[0m retrieved [01mppx_derivers[0m.1.2.1  (https://github.com/ocaml-ppx/ppx_derivers/archive/1.2.1.tar.gz)
unicode-smoke	Install dependencies	2025-09-29T18:13:12.1011805Z [36mâ¬[0m retrieved [01mppx_deriving[0m.6.1.1  (https://github.com/ocaml-ppx/ppx_deriving/releases/download/v6.1.1/ppx_deriving-6.1.1.tar.gz)
unicode-smoke	Install dependencies	2025-09-29T18:13:12.3787800Z [36mâ¬[0m retrieved [01mstdlib-shims[0m.0.3.0  (https://github.com/ocaml/stdlib-shims/releases/download/0.3.0/stdlib-shims-0.3.0.tbz)
unicode-smoke	Install dependencies	2025-09-29T18:13:12.4573757Z [36mâ¬[0m retrieved [01msexplib0[0m.v0.17.0  (https://github.com/janestreet/sexplib0/archive/refs/tags/v0.17.0.tar.gz)
unicode-smoke	Install dependencies	2025-09-29T18:13:12.5276087Z [36mâ¬[0m retrieved [01mppxlib[0m.0.36.0  (https://github.com/ocaml-ppx/ppxlib/releases/download/0.36.0/ppxlib-0.36.0.tbz)
unicode-smoke	Install dependencies	2025-09-29T18:13:12.7912757Z [36mâ¬[0m retrieved [01myojson[0m.3.0.0  (https://github.com/ocaml-community/yojson/releases/download/3.0.0/yojson-3.0.0.tbz)
unicode-smoke	Install dependencies	2025-09-29T18:13:13.0422192Z [36mâ¬[0m retrieved [01mzarith[0m.1.14  (https://github.com/ocaml/Zarith/archive/release-1.14.tar.gz)
unicode-smoke	Install dependencies	2025-09-29T18:13:13.0869324Z [36mâ¬[0m retrieved [01muutf[0m.1.0.4  (https://erratique.ch/software/uutf/releases/uutf-1.0.4.tbz)
unicode-smoke	Install dependencies	2025-09-29T18:13:13.2729754Z [36mâ¬[0m retrieved [01mtopkg[0m.1.1.0  (https://erratique.ch/software/topkg/releases/topkg-1.1.0.tbz)
unicode-smoke	Install dependencies	2025-09-29T18:13:14.9061085Z [32mâ[0m installed [01mocamlbuild[0m.0.16.1
unicode-smoke	Install dependencies	2025-09-29T18:13:16.2360339Z [32mâ[0m installed [01mocamlfind[0m.1.9.8
unicode-smoke	Install dependencies	2025-09-29T18:13:20.4619934Z [32mâ[0m installed [01mzarith[0m.1.14
unicode-smoke	Install dependencies	2025-09-29T18:13:23.2159231Z [32mâ[0m installed [01mtopkg[0m.1.1.0
unicode-smoke	Install dependencies	2025-09-29T18:13:24.0355148Z [32mâ[0m installed [01muutf[0m.1.0.4
unicode-smoke	Install dependencies	2025-09-29T18:13:40.1672759Z [32mâ[0m installed [01mdune[0m.3.20.2
unicode-smoke	Install dependencies	2025-09-29T18:13:40.8425295Z [32mâ[0m installed [01mcsexp[0m.1.5.2
unicode-smoke	Install dependencies	2025-09-29T18:13:42.6716440Z [32mâ[0m installed [01mcppo[0m.1.8.0
unicode-smoke	Install dependencies	2025-09-29T18:13:42.6918138Z [32mâ[0m installed [01mocaml-compiler-libs[0m.v0.12.4
unicode-smoke	Install dependencies	2025-09-29T18:13:42.7451098Z [32mâ[0m installed [01mocaml-syntax-shims[0m.1.0.0
unicode-smoke	Install dependencies	2025-09-29T18:13:42.9371943Z [32mâ[0m installed [01mppx_derivers[0m.1.2.1
unicode-smoke	Install dependencies	2025-09-29T18:13:43.2965642Z [32mâ[0m installed [01mstdlib-shims[0m.0.3.0
unicode-smoke	Install dependencies	2025-09-29T18:13:43.6800593Z [32mâ[0m installed [01msexplib0[0m.v0.17.0
unicode-smoke	Install dependencies	2025-09-29T18:13:45.7700657Z [32mâ[0m installed [01mdune-configurator[0m.3.20.2
unicode-smoke	Install dependencies	2025-09-29T18:13:46.6517489Z [32mâ[0m installed [01myojson[0m.3.0.0
unicode-smoke	Install dependencies	2025-09-29T18:13:46.7234045Z [32mâ[0m installed [01mbigstringaf[0m.0.10.0
unicode-smoke	Install dependencies	2025-09-29T18:13:47.7920085Z [32mâ[0m installed [01mangstrom[0m.0.16.1
unicode-smoke	Install dependencies	2025-09-29T18:14:10.8772597Z [32mâ[0m installed [01mppxlib[0m.0.36.0
unicode-smoke	Install dependencies	2025-09-29T18:14:16.8250537Z [32mâ[0m installed [01mppx_deriving[0m.6.1.1
unicode-smoke	Install dependencies	2025-09-29T18:14:41.6706105Z [32mâ[0m installed [01mcoq-core[0m.8.18.0
unicode-smoke	Install dependencies	2025-09-29T18:14:45.4510428Z [32mâ[0m installed [01mcoqide-server[0m.8.18.0
unicode-smoke	Install dependencies	2025-09-29T18:17:07.3868274Z [32mâ[0m installed [01mcoq-stdlib[0m.8.18.0
unicode-smoke	Install dependencies	2025-09-29T18:17:07.7869683Z [32mâ[0m installed [01mcoq[0m.8.18.0
unicode-smoke	Install dependencies	2025-09-29T18:17:09.7246080Z Done.
unicode-smoke	Install dependencies	2025-09-29T18:17:09.7255338Z # Run [01meval $(opam env)[0m to update the current shell environment
unicode-smoke	Build service and REST	ï»¿2025-09-29T18:17:10.9451192Z ##[group]Run opam exec -- dune build latex-parse/src/main_service.exe latex-parse/src/rest_api_server.exe
unicode-smoke	Build service and REST	2025-09-29T18:17:10.9452230Z [36;1mopam exec -- dune build latex-parse/src/main_service.exe latex-parse/src/rest_api_server.exe[0m
unicode-smoke	Build service and REST	2025-09-29T18:17:10.9486119Z shell: /usr/bin/bash -e {0}
unicode-smoke	Build service and REST	2025-09-29T18:17:10.9486449Z env:
unicode-smoke	Build service and REST	2025-09-29T18:17:10.9488052Z   PATH: /home/runner/.github-tools:/snap/bin:/home/runner/.local/bin:/opt/pipx_bin:/home/runner/.cargo/bin:/home/runner/.config/composer/vendor/bin:/usr/local/.ghcup/bin:/home/runner/.dotnet/tools:/usr/local/sbin:/usr/local/bin:/usr/sbin:/usr/bin:/sbin:/bin:/usr/games:/usr/local/games:/snap/bin
unicode-smoke	Build service and REST	2025-09-29T18:17:10.9489960Z   OPAMCLI: 2.0
unicode-smoke	Build service and REST	2025-09-29T18:17:10.9490236Z   OPAMCOLOR: always
unicode-smoke	Build service and REST	2025-09-29T18:17:10.9490513Z   OPAMERRLOGLEN: 0
unicode-smoke	Build service and REST	2025-09-29T18:17:10.9490784Z   OPAMJOBS: 4
unicode-smoke	Build service and REST	2025-09-29T18:17:10.9491055Z   OPAMPRECISETRACKING: 1
unicode-smoke	Build service and REST	2025-09-29T18:17:10.9491386Z   OPAMSOLVERTIMEOUT: 1000
unicode-smoke	Build service and REST	2025-09-29T18:17:10.9491689Z   OPAMYES: 1
unicode-smoke	Build service and REST	2025-09-29T18:17:10.9491973Z   CLICOLOR_FORCE: 1
unicode-smoke	Build service and REST	2025-09-29T18:17:10.9492280Z ##[endgroup]
unicode-smoke	Build service and REST	2025-09-29T18:17:11.3202168Z [2m(cd _build/default/latex-parse/src && /usr/bin/gcc -O2 -fno-strict-aliasing -fwrapv -pthread -fPIC -D_FILE_OFFSET_BITS=64 -Wall -fdiagnostics-color=always -g -I /home/runner/work/latex_perf/latex_perf/_opam/lib/ocaml -I /home/runner/work/latex_perf/latex_perf/_opam/lib/ocaml/threads -I /home/runner/work/latex_perf/latex_perf/_opam/lib/uutf -o simd_tokenizer_fixed.o -c simd_tokenizer_fixed.c)[0m
unicode-smoke	Build service and REST	2025-09-29T18:17:11.3209679Z [1msimd_tokenizer_fixed.c:283:15:[0m [1;35mwarning: [0mâ[1mfind_next_special_neon[0mâ defined but not used [[1;35m-Wunused-function[0m]
unicode-smoke	Build service and REST	2025-09-29T18:17:11.3211080Z   283 | static size_t [1;35mfind_next_special_neon[0m(const uint8_t *input, size_t start, size_t len) {
unicode-smoke	Build service and REST	2025-09-29T18:17:11.3211921Z       |               [1;35m^~~~~~~~~~~~~~~~~~~~~~[0m
unicode-smoke	Build service and REST	2025-09-29T18:17:11.3632837Z [2m(cd _build/default/latex-parse/src && /usr/bin/gcc -O2 -fno-strict-aliasing -fwrapv -pthread -fPIC -D_FILE_OFFSET_BITS=64 -Wall -fdiagnostics-color=always -g -I /home/runner/work/latex_perf/latex_perf/_opam/lib/ocaml -I /home/runner/work/latex_perf/latex_perf/_opam/lib/ocaml/threads -I /home/runner/work/latex_perf/latex_perf/_opam/lib/uutf -o xxh64_simd_stubs.o -c xxh64_simd_stubs.c)[0m
unicode-smoke	Build service and REST	2025-09-29T18:17:11.3635842Z [1mxxh64_simd_stubs.c:[0m In function â[1mocaml_xxh64_simd[0mâ:
unicode-smoke	Build service and REST	2025-09-29T18:17:11.3639589Z [1mxxh64_simd_stubs.c:118:7:[0m [1;35mwarning: [0mvariable â[1mhas_simd[0mâ set but not used [[1;35m-Wunused-but-set-variable[0m]
unicode-smoke	Build service and REST	2025-09-29T18:17:11.3643812Z   118 |   int [1;35mhas_simd[0m = 0;
unicode-smoke	Build service and REST	2025-09-29T18:17:11.3644310Z       |       [1;35m^~~~~~~~[0m
unicode-smoke	Run service and REST	ï»¿2025-09-29T18:17:11.9630913Z ##[group]Run rm -f /tmp/l0_lex_svc.sock || true
unicode-smoke	Run service and REST	2025-09-29T18:17:11.9631343Z [36;1mrm -f /tmp/l0_lex_svc.sock || true[0m
unicode-smoke	Run service and REST	2025-09-29T18:17:11.9631757Z [36;1mopam exec -- ./_build/default/latex-parse/src/main_service.exe &[0m
unicode-smoke	Run service and REST	2025-09-29T18:17:11.9632149Z [36;1msleep 0.5[0m
unicode-smoke	Run service and REST	2025-09-29T18:17:11.9632533Z [36;1mopam exec -- ./_build/default/latex-parse/src/rest_api_server.exe -p 8080 &[0m
unicode-smoke	Run service and REST	2025-09-29T18:17:11.9632969Z [36;1msleep 0.5[0m
unicode-smoke	Run service and REST	2025-09-29T18:17:11.9666204Z shell: /usr/bin/bash -e {0}
unicode-smoke	Run service and REST	2025-09-29T18:17:11.9666524Z env:
unicode-smoke	Run service and REST	2025-09-29T18:17:11.9667936Z   PATH: /home/runner/.github-tools:/snap/bin:/home/runner/.local/bin:/opt/pipx_bin:/home/runner/.cargo/bin:/home/runner/.config/composer/vendor/bin:/usr/local/.ghcup/bin:/home/runner/.dotnet/tools:/usr/local/sbin:/usr/local/bin:/usr/sbin:/usr/bin:/sbin:/bin:/usr/games:/usr/local/games:/snap/bin
unicode-smoke	Run service and REST	2025-09-29T18:17:11.9669818Z   OPAMCLI: 2.0
unicode-smoke	Run service and REST	2025-09-29T18:17:11.9670069Z   OPAMCOLOR: always
unicode-smoke	Run service and REST	2025-09-29T18:17:11.9670320Z   OPAMERRLOGLEN: 0
unicode-smoke	Run service and REST	2025-09-29T18:17:11.9670596Z   OPAMJOBS: 4
unicode-smoke	Run service and REST	2025-09-29T18:17:11.9670838Z   OPAMPRECISETRACKING: 1
unicode-smoke	Run service and REST	2025-09-29T18:17:11.9671133Z   OPAMSOLVERTIMEOUT: 1000
unicode-smoke	Run service and REST	2025-09-29T18:17:11.9671412Z   OPAMYES: 1
unicode-smoke	Run service and REST	2025-09-29T18:17:11.9671630Z   CLICOLOR_FORCE: 1
unicode-smoke	Run service and REST	2025-09-29T18:17:11.9671872Z ##[endgroup]
unicode-smoke	Run service and REST	2025-09-29T18:17:11.9898090Z [svc] listening at /tmp/l0_lex_svc.sock
unicode-smoke	Run service and REST	2025-09-29T18:17:12.4914306Z Connected to SIMD service at /tmp/l0_lex_svc.sock
unicode-smoke	Run service and REST	2025-09-29T18:17:12.4915103Z REST API Server listening on port 8080
unicode-smoke	Run service and REST	2025-09-29T18:17:12.4915908Z Endpoints:
unicode-smoke	Run service and REST	2025-09-29T18:17:12.4916512Z   POST /tokenize - Tokenize LaTeX content
unicode-smoke	Run service and REST	2025-09-29T18:17:12.4940431Z   GET /health   - Health check
unicode-smoke	Run service and REST	2025-09-29T18:17:12.4940868Z   GET /metrics  - Prometheus metrics
unicode-smoke	Run service and REST	2025-09-29T18:17:12.4941141Z 
unicode-smoke	Unicode smokes	ï»¿2025-09-29T18:17:17.9824288Z ##[group]Run bash scripts/smoke_rules_unicode.sh http://127.0.0.1:8080/expand
unicode-smoke	Unicode smokes	2025-09-29T18:17:17.9824893Z [36;1mbash scripts/smoke_rules_unicode.sh http://127.0.0.1:8080/expand[0m
unicode-smoke	Unicode smokes	2025-09-29T18:17:17.9857223Z shell: /usr/bin/bash -e {0}
unicode-smoke	Unicode smokes	2025-09-29T18:17:17.9857483Z env:
unicode-smoke	Unicode smokes	2025-09-29T18:17:17.9858764Z   PATH: /home/runner/.github-tools:/snap/bin:/home/runner/.local/bin:/opt/pipx_bin:/home/runner/.cargo/bin:/home/runner/.config/composer/vendor/bin:/usr/local/.ghcup/bin:/home/runner/.dotnet/tools:/usr/local/sbin:/usr/local/bin:/usr/sbin:/usr/bin:/sbin:/bin:/usr/games:/usr/local/games:/snap/bin
unicode-smoke	Unicode smokes	2025-09-29T18:17:17.9860022Z   OPAMCLI: 2.0
unicode-smoke	Unicode smokes	2025-09-29T18:17:17.9860233Z   OPAMCOLOR: always
unicode-smoke	Unicode smokes	2025-09-29T18:17:17.9860442Z   OPAMERRLOGLEN: 0
unicode-smoke	Unicode smokes	2025-09-29T18:17:17.9860670Z   OPAMJOBS: 4
unicode-smoke	Unicode smokes	2025-09-29T18:17:17.9860876Z   OPAMPRECISETRACKING: 1
unicode-smoke	Unicode smokes	2025-09-29T18:17:17.9861125Z   OPAMSOLVERTIMEOUT: 1000
unicode-smoke	Unicode smokes	2025-09-29T18:17:17.9861352Z   OPAMYES: 1
unicode-smoke	Unicode smokes	2025-09-29T18:17:17.9861550Z   CLICOLOR_FORCE: 1
unicode-smoke	Unicode smokes	2025-09-29T18:17:17.9861756Z   L0_VALIDATORS: pilot
unicode-smoke	Unicode smokes	2025-09-29T18:17:17.9862007Z ##[endgroup]
unicode-smoke	Unicode smokes	2025-09-29T18:17:17.9953027Z awk: cmd. line:24: warning: regexp escape sequence `\"' is not a known regexp operator
unicode-smoke	Unicode smokes	2025-09-29T18:17:18.0201495Z [unicode-smoke] FAIL: corpora/lint/unicode/TYPO-031_mixed_dashes.tex expected:[TYPO-031] forbid:[] messages:[;] got: require_documentclass 
unicode-smoke	Unicode smokes	2025-09-29T18:17:18.0411078Z [unicode-smoke] FAIL: corpora/lint/unicode/TYPO-032_prefer_unicode_dashes.tex expected:[TYPO-032] forbid:[] messages:[;] got: require_documentclass 
unicode-smoke	Unicode smokes	2025-09-29T18:17:18.0639469Z [unicode-smoke] FAIL: corpora/lint/unicode/TYPO-033_mixed_ellipsis.tex expected:[TYPO-033] forbid:[] messages:[;] got: require_documentclass 
unicode-smoke	Unicode smokes	2025-09-29T18:17:18.0853752Z [unicode-smoke] FAIL: corpora/lint/unicode/TYPO-014_mixed_quotes.tex expected:[TYPO-014] forbid:[] messages:[;] got: require_documentclass 
unicode-smoke	Unicode smokes	2025-09-29T18:17:18.1078258Z [unicode-smoke] PASS: corpora/lint/unicode/TYPO-014_paragraph_separated_quotes.tex -> expect:[ ] forbid:[TYPO-014 ]
unicode-smoke	Unicode smokes	2025-09-29T18:17:18.1293716Z [unicode-smoke] PASS: corpora/lint/unicode/TYPO-033_paragraph_separated_ellipsis.tex -> expect:[ ] forbid:[TYPO-033 ]
unicode-smoke	Unicode smokes	2025-09-29T18:17:18.1525486Z [unicode-smoke] PASS: corpora/lint/unicode/TYPO-031_dashes_in_math_only.tex -> expect:[ ] forbid:[TYPO-031 TYPO-032 ]
unicode-smoke	Unicode smokes	2025-09-29T18:17:18.1751712Z [unicode-smoke] PASS: corpora/lint/unicode/TYPO-014_quotes_in_math_only.tex -> expect:[ ] forbid:[TYPO-014 TYPO-001 ]
unicode-smoke	Unicode smokes	2025-09-29T18:17:18.2010833Z [unicode-smoke] PASS: corpora/lint/unicode/TYPO-033_ellipsis_in_math_only.tex -> expect:[ ] forbid:[TYPO-033 TYPO-005 ]
unicode-smoke	Unicode smokes	2025-09-29T18:17:18.2274217Z [unicode-smoke] PASS: corpora/lint/unicode/TYPO-031_paragraph_separated_dashes.tex -> expect:[ ] forbid:[TYPO-031 TYPO-032 ]
unicode-smoke	Unicode smokes	2025-09-29T18:17:18.2274971Z [unicode-smoke] Summary: pass=6 fail=4
unicode-smoke	Unicode smokes	2025-09-29T18:17:18.2282229Z ##[error]Process completed with exit code 1.
unicode-smoke	Teardown	ï»¿2025-09-29T18:17:18.2312783Z ##[group]Run pkill -f rest_api_server || true
unicode-smoke	Teardown	2025-09-29T18:17:18.2313168Z [36;1mpkill -f rest_api_server || true[0m
unicode-smoke	Teardown	2025-09-29T18:17:18.2313479Z [36;1mpkill -f main_service || true[0m
unicode-smoke	Teardown	2025-09-29T18:17:18.2345899Z shell: /usr/bin/bash -e {0}
unicode-smoke	Teardown	2025-09-29T18:17:18.2346148Z env:
unicode-smoke	Teardown	2025-09-29T18:17:18.2347337Z   PATH: /home/runner/.github-tools:/snap/bin:/home/runner/.local/bin:/opt/pipx_bin:/home/runner/.cargo/bin:/home/runner/.config/composer/vendor/bin:/usr/local/.ghcup/bin:/home/runner/.dotnet/tools:/usr/local/sbin:/usr/local/bin:/usr/sbin:/usr/bin:/sbin:/bin:/usr/games:/usr/local/games:/snap/bin
unicode-smoke	Teardown	2025-09-29T18:17:18.2348801Z   OPAMCLI: 2.0
unicode-smoke	Teardown	2025-09-29T18:17:18.2349005Z   OPAMCOLOR: always
unicode-smoke	Teardown	2025-09-29T18:17:18.2349220Z   OPAMERRLOGLEN: 0
unicode-smoke	Teardown	2025-09-29T18:17:18.2349419Z   OPAMJOBS: 4
unicode-smoke	Teardown	2025-09-29T18:17:18.2349624Z   OPAMPRECISETRACKING: 1
unicode-smoke	Teardown	2025-09-29T18:17:18.2350038Z   OPAMSOLVERTIMEOUT: 1000
unicode-smoke	Teardown	2025-09-29T18:17:18.2350266Z   OPAMYES: 1
unicode-smoke	Teardown	2025-09-29T18:17:18.2350449Z   CLICOLOR_FORCE: 1
unicode-smoke	Teardown	2025-09-29T18:17:18.2350661Z ##[endgroup]
unicode-smoke	Post Set up OCaml and OPAM	ï»¿2025-09-29T18:17:18.2874133Z Post job cleanup.
unicode-smoke	Post Run actions/checkout@v4	ï»¿2025-09-29T18:17:18.2923940Z Post job cleanup.
unicode-smoke	Post Run actions/checkout@v4	2025-09-29T18:17:18.3882993Z [command]/usr/bin/git version
unicode-smoke	Post Run actions/checkout@v4	2025-09-29T18:17:18.3920777Z git version 2.51.0
unicode-smoke	Post Run actions/checkout@v4	2025-09-29T18:17:18.3972928Z Temporarily overriding HOME='/home/runner/work/_temp/804c83df-5b36-402f-88a1-ef7f5d01d456' before making global git config changes
unicode-smoke	Post Run actions/checkout@v4	2025-09-29T18:17:18.3974573Z Adding repository directory to the temporary git global config as a safe directory
unicode-smoke	Post Run actions/checkout@v4	2025-09-29T18:17:18.3978088Z [command]/usr/bin/git config --global --add safe.directory /home/runner/work/latex_perf/latex_perf
unicode-smoke	Post Run actions/checkout@v4	2025-09-29T18:17:18.4013042Z [command]/usr/bin/git config --local --name-only --get-regexp core\.sshCommand
unicode-smoke	Post Run actions/checkout@v4	2025-09-29T18:17:18.4045514Z [command]/usr/bin/git submodule foreach --recursive sh -c "git config --local --name-only --get-regexp 'core\.sshCommand' && git config --local --unset-all 'core.sshCommand' || :"
unicode-smoke	Post Run actions/checkout@v4	2025-09-29T18:17:18.4279213Z [command]/usr/bin/git config --local --name-only --get-regexp http\.https\:\/\/github\.com\/\.extraheader
unicode-smoke	Post Run actions/checkout@v4	2025-09-29T18:17:18.4305559Z http.https://github.com/.extraheader
unicode-smoke	Post Run actions/checkout@v4	2025-09-29T18:17:18.4320282Z [command]/usr/bin/git config --local --unset-all http.https://github.com/.extraheader
unicode-smoke	Post Run actions/checkout@v4	2025-09-29T18:17:18.4356688Z [command]/usr/bin/git submodule foreach --recursive sh -c "git config --local --name-only --get-regexp 'http\.https\:\/\/github\.com\/\.extraheader' && git config --local --unset-all 'http.https://github.com/.extraheader' || :"
unicode-smoke	Complete job	ï»¿2025-09-29T18:17:18.4739608Z Cleaning up orphan processes
