proof-ci	Set up job	ï»¿2025-09-29T18:16:40.0330373Z Current runner version: '2.328.0'
proof-ci	Set up job	2025-09-29T18:16:40.0357398Z ##[group]Runner Image Provisioner
proof-ci	Set up job	2025-09-29T18:16:40.0358293Z Hosted Compute Agent
proof-ci	Set up job	2025-09-29T18:16:40.0358830Z Version: 20250912.392
proof-ci	Set up job	2025-09-29T18:16:40.0359543Z Commit: d921fda672a98b64f4f82364647e2f10b2267d0b
proof-ci	Set up job	2025-09-29T18:16:40.0360254Z Build Date: 2025-09-12T15:23:14Z
proof-ci	Set up job	2025-09-29T18:16:40.0360955Z ##[endgroup]
proof-ci	Set up job	2025-09-29T18:16:40.0361572Z ##[group]Operating System
proof-ci	Set up job	2025-09-29T18:16:40.0362174Z Ubuntu
proof-ci	Set up job	2025-09-29T18:16:40.0363045Z 24.04.3
proof-ci	Set up job	2025-09-29T18:16:40.0363588Z LTS
proof-ci	Set up job	2025-09-29T18:16:40.0364104Z ##[endgroup]
proof-ci	Set up job	2025-09-29T18:16:40.0364603Z ##[group]Runner Image
proof-ci	Set up job	2025-09-29T18:16:40.0365340Z Image: ubuntu-24.04
proof-ci	Set up job	2025-09-29T18:16:40.0365884Z Version: 20250922.53.1
proof-ci	Set up job	2025-09-29T18:16:40.0367103Z Included Software: https://github.com/actions/runner-images/blob/ubuntu24/20250922.53/images/ubuntu/Ubuntu2404-Readme.md
proof-ci	Set up job	2025-09-29T18:16:40.0368876Z Image Release: https://github.com/actions/runner-images/releases/tag/ubuntu24%2F20250922.53
proof-ci	Set up job	2025-09-29T18:16:40.0370661Z ##[endgroup]
proof-ci	Set up job	2025-09-29T18:16:40.0375006Z ##[group]GITHUB_TOKEN Permissions
proof-ci	Set up job	2025-09-29T18:16:40.0377434Z Actions: write
proof-ci	Set up job	2025-09-29T18:16:40.0378009Z Attestations: write
proof-ci	Set up job	2025-09-29T18:16:40.0378545Z Checks: write
proof-ci	Set up job	2025-09-29T18:16:40.0379004Z Contents: write
proof-ci	Set up job	2025-09-29T18:16:40.0379931Z Deployments: write
proof-ci	Set up job	2025-09-29T18:16:40.0380492Z Discussions: write
proof-ci	Set up job	2025-09-29T18:16:40.0381113Z Issues: write
proof-ci	Set up job	2025-09-29T18:16:40.0381634Z Metadata: read
proof-ci	Set up job	2025-09-29T18:16:40.0382102Z Models: read
proof-ci	Set up job	2025-09-29T18:16:40.0382908Z Packages: write
proof-ci	Set up job	2025-09-29T18:16:40.0383475Z Pages: write
proof-ci	Set up job	2025-09-29T18:16:40.0384046Z PullRequests: write
proof-ci	Set up job	2025-09-29T18:16:40.0384635Z RepositoryProjects: write
proof-ci	Set up job	2025-09-29T18:16:40.0385360Z SecurityEvents: write
proof-ci	Set up job	2025-09-29T18:16:40.0386077Z Statuses: write
proof-ci	Set up job	2025-09-29T18:16:40.0386593Z ##[endgroup]
proof-ci	Set up job	2025-09-29T18:16:40.0389126Z Secret source: Actions
proof-ci	Set up job	2025-09-29T18:16:40.0390181Z Prepare workflow directory
proof-ci	Set up job	2025-09-29T18:16:40.0724998Z Prepare all required actions
proof-ci	Set up job	2025-09-29T18:16:40.0766695Z Getting action download info
proof-ci	Set up job	2025-09-29T18:16:40.3518467Z Download action repository 'actions/checkout@v4' (SHA:08eba0b27e820071cde6df949e0beb9ba4906955)
proof-ci	Set up job	2025-09-29T18:16:40.5936292Z Complete job name: proof-ci
proof-ci	Run actions/checkout@v4	ï»¿2025-09-29T18:16:40.6739170Z ##[group]Run actions/checkout@v4
proof-ci	Run actions/checkout@v4	2025-09-29T18:16:40.6740013Z with:
proof-ci	Run actions/checkout@v4	2025-09-29T18:16:40.6740447Z   repository: ClanClanClanClan/latex_perf
proof-ci	Run actions/checkout@v4	2025-09-29T18:16:40.6741146Z   token: ***
proof-ci	Run actions/checkout@v4	2025-09-29T18:16:40.6741533Z   ssh-strict: true
proof-ci	Run actions/checkout@v4	2025-09-29T18:16:40.6741937Z   ssh-user: git
proof-ci	Run actions/checkout@v4	2025-09-29T18:16:40.6742354Z   persist-credentials: true
proof-ci	Run actions/checkout@v4	2025-09-29T18:16:40.6743022Z   clean: true
proof-ci	Run actions/checkout@v4	2025-09-29T18:16:40.6743436Z   sparse-checkout-cone-mode: true
proof-ci	Run actions/checkout@v4	2025-09-29T18:16:40.6743932Z   fetch-depth: 1
proof-ci	Run actions/checkout@v4	2025-09-29T18:16:40.6744335Z   fetch-tags: false
proof-ci	Run actions/checkout@v4	2025-09-29T18:16:40.6744736Z   show-progress: true
proof-ci	Run actions/checkout@v4	2025-09-29T18:16:40.6745151Z   lfs: false
proof-ci	Run actions/checkout@v4	2025-09-29T18:16:40.6745522Z   submodules: false
proof-ci	Run actions/checkout@v4	2025-09-29T18:16:40.6745934Z   set-safe-directory: true
proof-ci	Run actions/checkout@v4	2025-09-29T18:16:40.6746608Z ##[endgroup]
proof-ci	Run actions/checkout@v4	2025-09-29T18:16:40.7844760Z Syncing repository: ClanClanClanClan/latex_perf
proof-ci	Run actions/checkout@v4	2025-09-29T18:16:40.7846627Z ##[group]Getting Git version info
proof-ci	Run actions/checkout@v4	2025-09-29T18:16:40.7847480Z Working directory is '/home/runner/work/latex_perf/latex_perf'
proof-ci	Run actions/checkout@v4	2025-09-29T18:16:40.7848666Z [command]/usr/bin/git version
proof-ci	Run actions/checkout@v4	2025-09-29T18:16:40.7915309Z git version 2.51.0
proof-ci	Run actions/checkout@v4	2025-09-29T18:16:40.7942732Z ##[endgroup]
proof-ci	Run actions/checkout@v4	2025-09-29T18:16:40.7956744Z Temporarily overriding HOME='/home/runner/work/_temp/b8bd5319-c693-4981-8c53-d65c470eae4c' before making global git config changes
proof-ci	Run actions/checkout@v4	2025-09-29T18:16:40.7970757Z Adding repository directory to the temporary git global config as a safe directory
proof-ci	Run actions/checkout@v4	2025-09-29T18:16:40.7973048Z [command]/usr/bin/git config --global --add safe.directory /home/runner/work/latex_perf/latex_perf
proof-ci	Run actions/checkout@v4	2025-09-29T18:16:40.8009170Z Deleting the contents of '/home/runner/work/latex_perf/latex_perf'
proof-ci	Run actions/checkout@v4	2025-09-29T18:16:40.8012861Z ##[group]Initializing the repository
proof-ci	Run actions/checkout@v4	2025-09-29T18:16:40.8017070Z [command]/usr/bin/git init /home/runner/work/latex_perf/latex_perf
proof-ci	Run actions/checkout@v4	2025-09-29T18:16:40.8115267Z hint: Using 'master' as the name for the initial branch. This default branch name
proof-ci	Run actions/checkout@v4	2025-09-29T18:16:40.8116909Z hint: is subject to change. To configure the initial branch name to use in all
proof-ci	Run actions/checkout@v4	2025-09-29T18:16:40.8118477Z hint: of your new repositories, which will suppress this warning, call:
proof-ci	Run actions/checkout@v4	2025-09-29T18:16:40.8119774Z hint:
proof-ci	Run actions/checkout@v4	2025-09-29T18:16:40.8121080Z hint: 	git config --global init.defaultBranch <name>
proof-ci	Run actions/checkout@v4	2025-09-29T18:16:40.8122103Z hint:
proof-ci	Run actions/checkout@v4	2025-09-29T18:16:40.8123252Z hint: Names commonly chosen instead of 'master' are 'main', 'trunk' and
proof-ci	Run actions/checkout@v4	2025-09-29T18:16:40.8124787Z hint: 'development'. The just-created branch can be renamed via this command:
proof-ci	Run actions/checkout@v4	2025-09-29T18:16:40.8125999Z hint:
proof-ci	Run actions/checkout@v4	2025-09-29T18:16:40.8126842Z hint: 	git branch -m <name>
proof-ci	Run actions/checkout@v4	2025-09-29T18:16:40.8127548Z hint:
proof-ci	Run actions/checkout@v4	2025-09-29T18:16:40.8128374Z hint: Disable this message with "git config set advice.defaultBranchName false"
proof-ci	Run actions/checkout@v4	2025-09-29T18:16:40.8129747Z Initialized empty Git repository in /home/runner/work/latex_perf/latex_perf/.git/
proof-ci	Run actions/checkout@v4	2025-09-29T18:16:40.8132890Z [command]/usr/bin/git remote add origin https://github.com/ClanClanClanClan/latex_perf
proof-ci	Run actions/checkout@v4	2025-09-29T18:16:40.8168068Z ##[endgroup]
proof-ci	Run actions/checkout@v4	2025-09-29T18:16:40.8168993Z ##[group]Disabling automatic garbage collection
proof-ci	Run actions/checkout@v4	2025-09-29T18:16:40.8172090Z [command]/usr/bin/git config --local gc.auto 0
proof-ci	Run actions/checkout@v4	2025-09-29T18:16:40.8200714Z ##[endgroup]
proof-ci	Run actions/checkout@v4	2025-09-29T18:16:40.8201512Z ##[group]Setting up auth
proof-ci	Run actions/checkout@v4	2025-09-29T18:16:40.8208022Z [command]/usr/bin/git config --local --name-only --get-regexp core\.sshCommand
proof-ci	Run actions/checkout@v4	2025-09-29T18:16:40.8238410Z [command]/usr/bin/git submodule foreach --recursive sh -c "git config --local --name-only --get-regexp 'core\.sshCommand' && git config --local --unset-all 'core.sshCommand' || :"
proof-ci	Run actions/checkout@v4	2025-09-29T18:16:40.8573622Z [command]/usr/bin/git config --local --name-only --get-regexp http\.https\:\/\/github\.com\/\.extraheader
proof-ci	Run actions/checkout@v4	2025-09-29T18:16:40.8609794Z [command]/usr/bin/git submodule foreach --recursive sh -c "git config --local --name-only --get-regexp 'http\.https\:\/\/github\.com\/\.extraheader' && git config --local --unset-all 'http.https://github.com/.extraheader' || :"
proof-ci	Run actions/checkout@v4	2025-09-29T18:16:40.8850717Z [command]/usr/bin/git config --local http.https://github.com/.extraheader AUTHORIZATION: basic ***
proof-ci	Run actions/checkout@v4	2025-09-29T18:16:40.8886981Z ##[endgroup]
proof-ci	Run actions/checkout@v4	2025-09-29T18:16:40.8888453Z ##[group]Fetching the repository
proof-ci	Run actions/checkout@v4	2025-09-29T18:16:40.8906453Z [command]/usr/bin/git -c protocol.version=2 fetch --no-tags --prune --no-recurse-submodules --depth=1 origin +4887232aba7d6b962bad0d84a547356f48bed82c:refs/remotes/origin/fix-math-strip
proof-ci	Run actions/checkout@v4	2025-09-29T18:16:41.1968364Z From https://github.com/ClanClanClanClan/latex_perf
proof-ci	Run actions/checkout@v4	2025-09-29T18:16:41.1971437Z  * [new ref]         4887232aba7d6b962bad0d84a547356f48bed82c -> origin/fix-math-strip
proof-ci	Run actions/checkout@v4	2025-09-29T18:16:41.2754108Z ##[endgroup]
proof-ci	Run actions/checkout@v4	2025-09-29T18:16:41.2756274Z ##[group]Determining the checkout info
proof-ci	Run actions/checkout@v4	2025-09-29T18:16:41.2758238Z ##[endgroup]
proof-ci	Run actions/checkout@v4	2025-09-29T18:16:41.2759689Z [command]/usr/bin/git sparse-checkout disable
proof-ci	Run actions/checkout@v4	2025-09-29T18:16:41.4220196Z [command]/usr/bin/git config --local --unset-all extensions.worktreeConfig
proof-ci	Run actions/checkout@v4	2025-09-29T18:16:41.4261411Z ##[group]Checking out the ref
proof-ci	Run actions/checkout@v4	2025-09-29T18:16:41.4267087Z [command]/usr/bin/git checkout --progress --force -B fix-math-strip refs/remotes/origin/fix-math-strip
proof-ci	Run actions/checkout@v4	2025-09-29T18:16:41.4721408Z Switched to a new branch 'fix-math-strip'
proof-ci	Run actions/checkout@v4	2025-09-29T18:16:41.4725678Z branch 'fix-math-strip' set up to track 'origin/fix-math-strip'.
proof-ci	Run actions/checkout@v4	2025-09-29T18:16:41.4734235Z ##[endgroup]
proof-ci	Run actions/checkout@v4	2025-09-29T18:16:41.4773773Z [command]/usr/bin/git log -1 --format=%H
proof-ci	Run actions/checkout@v4	2025-09-29T18:16:41.4796144Z 4887232aba7d6b962bad0d84a547356f48bed82c
proof-ci	Set up OCaml and OPAM	ï»¿2025-09-29T18:16:41.5201499Z Prepare all required actions
proof-ci	Set up OCaml and OPAM	2025-09-29T18:16:41.5203103Z Getting action download info
proof-ci	Set up OCaml and OPAM	2025-09-29T18:16:41.6529674Z Download action repository 'ocaml/setup-ocaml@v2' (SHA:8cc6339f55862749298d198ef84788b8d6acdacc)
proof-ci	Set up OCaml and OPAM	2025-09-29T18:16:41.9825300Z ##[group]Run ./.github/actions/setup-ocaml
proof-ci	Set up OCaml and OPAM	2025-09-29T18:16:41.9825816Z with:
proof-ci	Set up OCaml and OPAM	2025-09-29T18:16:41.9826165Z   ocaml-compiler: 4.14.1
proof-ci	Set up OCaml and OPAM	2025-09-29T18:16:41.9826542Z   opam-depext: false
proof-ci	Set up OCaml and OPAM	2025-09-29T18:16:41.9827142Z   allow-prerelease-opam: false
proof-ci	Set up OCaml and OPAM	2025-09-29T18:16:41.9827560Z   opam-pin: true
proof-ci	Set up OCaml and OPAM	2025-09-29T18:16:41.9827940Z   opam-local-packages: *.opam
proof-ci	Set up OCaml and OPAM	2025-09-29T18:16:41.9828374Z   opam-disable-sandboxing: false
proof-ci	Set up OCaml and OPAM	2025-09-29T18:16:41.9828808Z   dune-cache: false
proof-ci	Set up OCaml and OPAM	2025-09-29T18:16:41.9829182Z   cache-prefix: v1
proof-ci	Set up OCaml and OPAM	2025-09-29T18:16:41.9829548Z ##[endgroup]
proof-ci	Set up OCaml and OPAM	2025-09-29T18:16:41.9930453Z ##[group]Run sudo apt-get update
proof-ci	Set up OCaml and OPAM	2025-09-29T18:16:41.9931022Z [36;1msudo apt-get update[0m
proof-ci	Set up OCaml and OPAM	2025-09-29T18:16:41.9931471Z [36;1msudo apt-get install -y \[0m
proof-ci	Set up OCaml and OPAM	2025-09-29T18:16:41.9931935Z [36;1m  bubblewrap \[0m
proof-ci	Set up OCaml and OPAM	2025-09-29T18:16:41.9932396Z [36;1m  g++-multilib \[0m
proof-ci	Set up OCaml and OPAM	2025-09-29T18:16:41.9932959Z [36;1m  gcc-multilib \[0m
proof-ci	Set up OCaml and OPAM	2025-09-29T18:16:41.9933356Z [36;1m  mercurial \[0m
proof-ci	Set up OCaml and OPAM	2025-09-29T18:16:41.9933759Z [36;1m  musl-tools \[0m
proof-ci	Set up OCaml and OPAM	2025-09-29T18:16:41.9934150Z [36;1m  rsync[0m
proof-ci	Set up OCaml and OPAM	2025-09-29T18:16:41.9972470Z shell: /usr/bin/bash --noprofile --norc -e -o pipefail {0}
proof-ci	Set up OCaml and OPAM	2025-09-29T18:16:41.9973265Z ##[endgroup]
proof-ci	Set up OCaml and OPAM	2025-09-29T18:16:42.0734398Z Get:1 file:/etc/apt/apt-mirrors.txt Mirrorlist [144 B]
proof-ci	Set up OCaml and OPAM	2025-09-29T18:16:42.1025969Z Hit:2 http://azure.archive.ubuntu.com/ubuntu noble InRelease
proof-ci	Set up OCaml and OPAM	2025-09-29T18:16:42.1046186Z Get:3 http://azure.archive.ubuntu.com/ubuntu noble-updates InRelease [126 kB]
proof-ci	Set up OCaml and OPAM	2025-09-29T18:16:42.1113374Z Get:4 http://azure.archive.ubuntu.com/ubuntu noble-backports InRelease [126 kB]
proof-ci	Set up OCaml and OPAM	2025-09-29T18:16:42.1144063Z Get:5 http://azure.archive.ubuntu.com/ubuntu noble-security InRelease [126 kB]
proof-ci	Set up OCaml and OPAM	2025-09-29T18:16:42.1357512Z Hit:6 https://packages.microsoft.com/repos/azure-cli noble InRelease
proof-ci	Set up OCaml and OPAM	2025-09-29T18:16:42.1775406Z Get:7 https://packages.microsoft.com/ubuntu/24.04/prod noble InRelease [3600 B]
proof-ci	Set up OCaml and OPAM	2025-09-29T18:16:42.2478951Z Get:8 http://azure.archive.ubuntu.com/ubuntu noble-updates/main amd64 Packages [1443 kB]
proof-ci	Set up OCaml and OPAM	2025-09-29T18:16:42.2670726Z Get:9 http://azure.archive.ubuntu.com/ubuntu noble-updates/main Translation-en [282 kB]
proof-ci	Set up OCaml and OPAM	2025-09-29T18:16:42.2715165Z Get:10 http://azure.archive.ubuntu.com/ubuntu noble-updates/main amd64 Components [175 kB]
proof-ci	Set up OCaml and OPAM	2025-09-29T18:16:42.2739933Z Get:11 http://azure.archive.ubuntu.com/ubuntu noble-updates/main amd64 c-n-f Metadata [15.3 kB]
proof-ci	Set up OCaml and OPAM	2025-09-29T18:16:42.2755635Z Get:12 http://azure.archive.ubuntu.com/ubuntu noble-updates/universe amd64 Packages [1485 kB]
proof-ci	Set up OCaml and OPAM	2025-09-29T18:16:42.2913315Z Get:13 http://azure.archive.ubuntu.com/ubuntu noble-updates/universe Translation-en [299 kB]
proof-ci	Set up OCaml and OPAM	2025-09-29T18:16:42.2938979Z Get:14 http://azure.archive.ubuntu.com/ubuntu noble-updates/universe amd64 Components [377 kB]
proof-ci	Set up OCaml and OPAM	2025-09-29T18:16:42.2975252Z Get:15 http://azure.archive.ubuntu.com/ubuntu noble-updates/universe amd64 c-n-f Metadata [31.0 kB]
proof-ci	Set up OCaml and OPAM	2025-09-29T18:16:42.2991312Z Get:16 http://azure.archive.ubuntu.com/ubuntu noble-updates/restricted amd64 Packages [1957 kB]
proof-ci	Set up OCaml and OPAM	2025-09-29T18:16:42.3100532Z Get:17 http://azure.archive.ubuntu.com/ubuntu noble-updates/restricted Translation-en [441 kB]
proof-ci	Set up OCaml and OPAM	2025-09-29T18:16:42.3575077Z Get:18 http://azure.archive.ubuntu.com/ubuntu noble-updates/restricted amd64 Components [212 B]
proof-ci	Set up OCaml and OPAM	2025-09-29T18:16:42.3598902Z Get:19 http://azure.archive.ubuntu.com/ubuntu noble-updates/multiverse amd64 Components [940 B]
proof-ci	Set up OCaml and OPAM	2025-09-29T18:16:42.3613434Z Get:20 http://azure.archive.ubuntu.com/ubuntu noble-backports/main amd64 Packages [40.4 kB]
proof-ci	Set up OCaml and OPAM	2025-09-29T18:16:42.3715044Z Get:21 http://azure.archive.ubuntu.com/ubuntu noble-backports/main Translation-en [9208 B]
proof-ci	Set up OCaml and OPAM	2025-09-29T18:16:42.3723335Z Get:22 http://azure.archive.ubuntu.com/ubuntu noble-backports/main amd64 Components [7124 B]
proof-ci	Set up OCaml and OPAM	2025-09-29T18:16:42.3737327Z Get:23 http://azure.archive.ubuntu.com/ubuntu noble-backports/main amd64 c-n-f Metadata [368 B]
proof-ci	Set up OCaml and OPAM	2025-09-29T18:16:42.3741771Z Get:24 http://azure.archive.ubuntu.com/ubuntu noble-backports/universe amd64 Packages [28.9 kB]
proof-ci	Set up OCaml and OPAM	2025-09-29T18:16:42.3744812Z Get:25 http://azure.archive.ubuntu.com/ubuntu noble-backports/universe Translation-en [17.5 kB]
proof-ci	Set up OCaml and OPAM	2025-09-29T18:16:42.3746281Z Get:26 http://azure.archive.ubuntu.com/ubuntu noble-backports/universe amd64 Components [11.0 kB]
proof-ci	Set up OCaml and OPAM	2025-09-29T18:16:42.3759321Z Get:27 http://azure.archive.ubuntu.com/ubuntu noble-backports/universe amd64 c-n-f Metadata [1444 B]
proof-ci	Set up OCaml and OPAM	2025-09-29T18:16:42.3775484Z Get:28 http://azure.archive.ubuntu.com/ubuntu noble-backports/restricted amd64 Components [216 B]
proof-ci	Set up OCaml and OPAM	2025-09-29T18:16:42.3787731Z Get:29 http://azure.archive.ubuntu.com/ubuntu noble-backports/multiverse amd64 Components [212 B]
proof-ci	Set up OCaml and OPAM	2025-09-29T18:16:42.3806368Z Get:30 http://azure.archive.ubuntu.com/ubuntu noble-security/main amd64 Packages [1171 kB]
proof-ci	Set up OCaml and OPAM	2025-09-29T18:16:42.3914377Z Get:31 http://azure.archive.ubuntu.com/ubuntu noble-security/main Translation-en [198 kB]
proof-ci	Set up OCaml and OPAM	2025-09-29T18:16:42.4374317Z Get:32 http://azure.archive.ubuntu.com/ubuntu noble-security/main amd64 Components [21.6 kB]
proof-ci	Set up OCaml and OPAM	2025-09-29T18:16:42.4391484Z Get:33 http://azure.archive.ubuntu.com/ubuntu noble-security/main amd64 c-n-f Metadata [8744 B]
proof-ci	Set up OCaml and OPAM	2025-09-29T18:16:42.4409908Z Get:34 http://azure.archive.ubuntu.com/ubuntu noble-security/universe amd64 Packages [880 kB]
proof-ci	Set up OCaml and OPAM	2025-09-29T18:16:42.4474379Z Get:35 http://azure.archive.ubuntu.com/ubuntu noble-security/universe Translation-en [195 kB]
proof-ci	Set up OCaml and OPAM	2025-09-29T18:16:42.4507274Z Get:36 http://azure.archive.ubuntu.com/ubuntu noble-security/universe amd64 Components [52.3 kB]
proof-ci	Set up OCaml and OPAM	2025-09-29T18:16:42.4523855Z Get:37 http://azure.archive.ubuntu.com/ubuntu noble-security/universe amd64 c-n-f Metadata [18.0 kB]
proof-ci	Set up OCaml and OPAM	2025-09-29T18:16:42.4538281Z Get:38 http://azure.archive.ubuntu.com/ubuntu noble-security/restricted amd64 Packages [1872 kB]
proof-ci	Set up OCaml and OPAM	2025-09-29T18:16:42.4678528Z Get:39 http://azure.archive.ubuntu.com/ubuntu noble-security/restricted Translation-en [423 kB]
proof-ci	Set up OCaml and OPAM	2025-09-29T18:16:42.4724611Z Get:40 http://azure.archive.ubuntu.com/ubuntu noble-security/restricted amd64 Components [212 B]
proof-ci	Set up OCaml and OPAM	2025-09-29T18:16:42.4745822Z Get:41 http://azure.archive.ubuntu.com/ubuntu noble-security/multiverse amd64 Components [212 B]
proof-ci	Set up OCaml and OPAM	2025-09-29T18:16:42.4881903Z Get:42 https://packages.microsoft.com/ubuntu/24.04/prod noble/main amd64 Packages [57.3 kB]
proof-ci	Set up OCaml and OPAM	2025-09-29T18:16:42.4935181Z Get:43 https://packages.microsoft.com/ubuntu/24.04/prod noble/main arm64 Packages [39.7 kB]
proof-ci	Set up OCaml and OPAM	2025-09-29T18:16:51.1291470Z Fetched 11.9 MB in 1s (8258 kB/s)
proof-ci	Set up OCaml and OPAM	2025-09-29T18:16:51.8814497Z Reading package lists...
proof-ci	Set up OCaml and OPAM	2025-09-29T18:16:51.9180736Z Reading package lists...
proof-ci	Set up OCaml and OPAM	2025-09-29T18:16:52.1124536Z Building dependency tree...
proof-ci	Set up OCaml and OPAM	2025-09-29T18:16:52.1133071Z Reading state information...
proof-ci	Set up OCaml and OPAM	2025-09-29T18:16:52.2896538Z mercurial is already the newest version (6.7.2-1ubuntu2.2).
proof-ci	Set up OCaml and OPAM	2025-09-29T18:16:52.2898361Z rsync is already the newest version (3.2.7-1ubuntu1.2).
proof-ci	Set up OCaml and OPAM	2025-09-29T18:16:52.2899811Z The following additional packages will be installed:
proof-ci	Set up OCaml and OPAM	2025-09-29T18:16:52.2901407Z   g++-13-multilib gcc-13-multilib lib32asan8 lib32atomic1 lib32gcc-13-dev
proof-ci	Set up OCaml and OPAM	2025-09-29T18:16:52.2903163Z   lib32gomp1 lib32itm1 lib32quadmath0 lib32stdc++-13-dev lib32ubsan1
proof-ci	Set up OCaml and OPAM	2025-09-29T18:16:52.2904243Z   libc6-dev-i386 libc6-dev-x32 libc6-x32 libx32asan8 libx32atomic1
proof-ci	Set up OCaml and OPAM	2025-09-29T18:16:52.2906653Z   libx32gcc-13-dev libx32gcc-s1 libx32gomp1 libx32itm1 libx32quadmath0
proof-ci	Set up OCaml and OPAM	2025-09-29T18:16:52.2908226Z   libx32stdc++-13-dev libx32stdc++6 libx32ubsan1 musl musl-dev
proof-ci	Set up OCaml and OPAM	2025-09-29T18:16:52.2913023Z Suggested packages:
proof-ci	Set up OCaml and OPAM	2025-09-29T18:16:52.2913649Z   lib32stdc++6-13-dbg libx32stdc++6-13-dbg
proof-ci	Set up OCaml and OPAM	2025-09-29T18:16:52.3461282Z The following NEW packages will be installed:
proof-ci	Set up OCaml and OPAM	2025-09-29T18:16:52.3463090Z   bubblewrap g++-13-multilib g++-multilib gcc-13-multilib gcc-multilib
proof-ci	Set up OCaml and OPAM	2025-09-29T18:16:52.3464507Z   lib32asan8 lib32atomic1 lib32gcc-13-dev lib32gomp1 lib32itm1 lib32quadmath0
proof-ci	Set up OCaml and OPAM	2025-09-29T18:16:52.3468426Z   lib32stdc++-13-dev lib32ubsan1 libc6-dev-i386 libc6-dev-x32 libc6-x32
proof-ci	Set up OCaml and OPAM	2025-09-29T18:16:52.3469731Z   libx32asan8 libx32atomic1 libx32gcc-13-dev libx32gcc-s1 libx32gomp1
proof-ci	Set up OCaml and OPAM	2025-09-29T18:16:52.3471190Z   libx32itm1 libx32quadmath0 libx32stdc++-13-dev libx32stdc++6 libx32ubsan1
proof-ci	Set up OCaml and OPAM	2025-09-29T18:16:52.3472070Z   musl musl-dev musl-tools
proof-ci	Set up OCaml and OPAM	2025-09-29T18:16:52.3673223Z 0 upgraded, 29 newly installed, 0 to remove and 18 not upgraded.
proof-ci	Set up OCaml and OPAM	2025-09-29T18:16:52.3673990Z Need to get 23.6 MB of archives.
proof-ci	Set up OCaml and OPAM	2025-09-29T18:16:52.3674481Z After this operation, 94.1 MB of additional disk space will be used.
proof-ci	Set up OCaml and OPAM	2025-09-29T18:16:52.3675416Z Get:1 file:/etc/apt/apt-mirrors.txt Mirrorlist [144 B]
proof-ci	Set up OCaml and OPAM	2025-09-29T18:16:52.4919055Z Get:2 http://azure.archive.ubuntu.com/ubuntu noble-updates/main amd64 bubblewrap amd64 0.9.0-1ubuntu0.1 [50.2 kB]
proof-ci	Set up OCaml and OPAM	2025-09-29T18:16:52.5111387Z Get:3 http://azure.archive.ubuntu.com/ubuntu noble-updates/main amd64 libc6-dev-i386 amd64 2.39-0ubuntu8.6 [1447 kB]
proof-ci	Set up OCaml and OPAM	2025-09-29T18:16:52.5613335Z Get:4 http://azure.archive.ubuntu.com/ubuntu noble-updates/main amd64 libc6-x32 amd64 2.39-0ubuntu8.6 [2913 kB]
proof-ci	Set up OCaml and OPAM	2025-09-29T18:16:52.6184663Z Get:5 http://azure.archive.ubuntu.com/ubuntu noble-updates/main amd64 libc6-dev-x32 amd64 2.39-0ubuntu8.6 [1637 kB]
proof-ci	Set up OCaml and OPAM	2025-09-29T18:16:52.6638443Z Get:6 http://azure.archive.ubuntu.com/ubuntu noble-updates/main amd64 libx32gcc-s1 amd64 14.2.0-4ubuntu2~24.04 [78.5 kB]
proof-ci	Set up OCaml and OPAM	2025-09-29T18:16:52.6810995Z Get:7 http://azure.archive.ubuntu.com/ubuntu noble-updates/main amd64 lib32gomp1 amd64 14.2.0-4ubuntu2~24.04 [141 kB]
proof-ci	Set up OCaml and OPAM	2025-09-29T18:16:52.7011939Z Get:8 http://azure.archive.ubuntu.com/ubuntu noble-updates/main amd64 libx32gomp1 amd64 14.2.0-4ubuntu2~24.04 [145 kB]
proof-ci	Set up OCaml and OPAM	2025-09-29T18:16:52.7192122Z Get:9 http://azure.archive.ubuntu.com/ubuntu noble-updates/main amd64 lib32itm1 amd64 14.2.0-4ubuntu2~24.04 [29.6 kB]
proof-ci	Set up OCaml and OPAM	2025-09-29T18:16:52.7357983Z Get:10 http://azure.archive.ubuntu.com/ubuntu noble-updates/main amd64 libx32itm1 amd64 14.2.0-4ubuntu2~24.04 [29.8 kB]
proof-ci	Set up OCaml and OPAM	2025-09-29T18:16:52.7527124Z Get:11 http://azure.archive.ubuntu.com/ubuntu noble-updates/main amd64 lib32atomic1 amd64 14.2.0-4ubuntu2~24.04 [8586 B]
proof-ci	Set up OCaml and OPAM	2025-09-29T18:16:52.7687409Z Get:12 http://azure.archive.ubuntu.com/ubuntu noble-updates/main amd64 libx32atomic1 amd64 14.2.0-4ubuntu2~24.04 [10.3 kB]
proof-ci	Set up OCaml and OPAM	2025-09-29T18:16:52.7849362Z Get:13 http://azure.archive.ubuntu.com/ubuntu noble-updates/main amd64 lib32asan8 amd64 14.2.0-4ubuntu2~24.04 [2879 kB]
proof-ci	Set up OCaml and OPAM	2025-09-29T18:16:52.8591307Z Get:14 http://azure.archive.ubuntu.com/ubuntu noble-updates/main amd64 libx32asan8 amd64 14.2.0-4ubuntu2~24.04 [2893 kB]
proof-ci	Set up OCaml and OPAM	2025-09-29T18:16:52.9377965Z Get:15 http://azure.archive.ubuntu.com/ubuntu noble-updates/main amd64 lib32ubsan1 amd64 14.2.0-4ubuntu2~24.04 [1150 kB]
proof-ci	Set up OCaml and OPAM	2025-09-29T18:16:52.9810412Z Get:16 http://azure.archive.ubuntu.com/ubuntu noble-updates/main amd64 libx32stdc++6 amd64 14.2.0-4ubuntu2~24.04 [778 kB]
proof-ci	Set up OCaml and OPAM	2025-09-29T18:16:53.0145285Z Get:17 http://azure.archive.ubuntu.com/ubuntu noble-updates/main amd64 libx32ubsan1 amd64 14.2.0-4ubuntu2~24.04 [1169 kB]
proof-ci	Set up OCaml and OPAM	2025-09-29T18:16:53.0524917Z Get:18 http://azure.archive.ubuntu.com/ubuntu noble-updates/main amd64 lib32quadmath0 amd64 14.2.0-4ubuntu2~24.04 [227 kB]
proof-ci	Set up OCaml and OPAM	2025-09-29T18:16:53.0708137Z Get:19 http://azure.archive.ubuntu.com/ubuntu noble-updates/main amd64 libx32quadmath0 amd64 14.2.0-4ubuntu2~24.04 [157 kB]
proof-ci	Set up OCaml and OPAM	2025-09-29T18:16:53.1358754Z Get:20 http://azure.archive.ubuntu.com/ubuntu noble-updates/main amd64 lib32gcc-13-dev amd64 13.3.0-6ubuntu2~24.04 [2380 kB]
proof-ci	Set up OCaml and OPAM	2025-09-29T18:16:53.2037481Z Get:21 http://azure.archive.ubuntu.com/ubuntu noble-updates/main amd64 libx32gcc-13-dev amd64 13.3.0-6ubuntu2~24.04 [2190 kB]
proof-ci	Set up OCaml and OPAM	2025-09-29T18:16:53.2589391Z Get:22 http://azure.archive.ubuntu.com/ubuntu noble-updates/main amd64 gcc-13-multilib amd64 13.3.0-6ubuntu2~24.04 [878 B]
proof-ci	Set up OCaml and OPAM	2025-09-29T18:16:53.2752262Z Get:23 http://azure.archive.ubuntu.com/ubuntu noble-updates/main amd64 lib32stdc++-13-dev amd64 13.3.0-6ubuntu2~24.04 [1150 kB]
proof-ci	Set up OCaml and OPAM	2025-09-29T18:16:53.3108807Z Get:24 http://azure.archive.ubuntu.com/ubuntu noble-updates/main amd64 libx32stdc++-13-dev amd64 13.3.0-6ubuntu2~24.04 [1086 kB]
proof-ci	Set up OCaml and OPAM	2025-09-29T18:16:53.3485780Z Get:25 http://azure.archive.ubuntu.com/ubuntu noble-updates/main amd64 g++-13-multilib amd64 13.3.0-6ubuntu2~24.04 [890 B]
proof-ci	Set up OCaml and OPAM	2025-09-29T18:16:53.3651275Z Get:26 http://azure.archive.ubuntu.com/ubuntu noble/main amd64 gcc-multilib amd64 4:13.2.0-7ubuntu1 [1474 B]
proof-ci	Set up OCaml and OPAM	2025-09-29T18:16:53.3811248Z Get:27 http://azure.archive.ubuntu.com/ubuntu noble/main amd64 g++-multilib amd64 4:13.2.0-7ubuntu1 [884 B]
proof-ci	Set up OCaml and OPAM	2025-09-29T18:16:53.3971849Z Get:28 http://azure.archive.ubuntu.com/ubuntu noble/universe amd64 musl amd64 1.2.4-2 [416 kB]
proof-ci	Set up OCaml and OPAM	2025-09-29T18:16:53.4192343Z Get:29 http://azure.archive.ubuntu.com/ubuntu noble/universe amd64 musl-dev amd64 1.2.4-2 [616 kB]
proof-ci	Set up OCaml and OPAM	2025-09-29T18:16:53.4515375Z Get:30 http://azure.archive.ubuntu.com/ubuntu noble/universe amd64 musl-tools amd64 1.2.4-2 [5540 B]
proof-ci	Set up OCaml and OPAM	2025-09-29T18:16:53.7462328Z Fetched 23.6 MB in 1s (21.5 MB/s)
proof-ci	Set up OCaml and OPAM	2025-09-29T18:16:53.7702427Z Selecting previously unselected package bubblewrap.
proof-ci	Set up OCaml and OPAM	2025-09-29T18:16:53.7973876Z (Reading database ... 
proof-ci	Set up OCaml and OPAM	2025-09-29T18:16:53.7974459Z (Reading database ... 5%
proof-ci	Set up OCaml and OPAM	2025-09-29T18:16:53.7974971Z (Reading database ... 10%
proof-ci	Set up OCaml and OPAM	2025-09-29T18:16:53.7975501Z (Reading database ... 15%
proof-ci	Set up OCaml and OPAM	2025-09-29T18:16:53.7976020Z (Reading database ... 20%
proof-ci	Set up OCaml and OPAM	2025-09-29T18:16:53.7976487Z (Reading database ... 25%
proof-ci	Set up OCaml and OPAM	2025-09-29T18:16:53.7976976Z (Reading database ... 30%
proof-ci	Set up OCaml and OPAM	2025-09-29T18:16:53.7977477Z (Reading database ... 35%
proof-ci	Set up OCaml and OPAM	2025-09-29T18:16:53.7977888Z (Reading database ... 40%
proof-ci	Set up OCaml and OPAM	2025-09-29T18:16:53.7978188Z (Reading database ... 45%
proof-ci	Set up OCaml and OPAM	2025-09-29T18:16:53.7978503Z (Reading database ... 50%
proof-ci	Set up OCaml and OPAM	2025-09-29T18:16:53.8292058Z (Reading database ... 55%
proof-ci	Set up OCaml and OPAM	2025-09-29T18:16:54.1244242Z (Reading database ... 60%
proof-ci	Set up OCaml and OPAM	2025-09-29T18:16:54.2730260Z (Reading database ... 65%
proof-ci	Set up OCaml and OPAM	2025-09-29T18:16:54.5098016Z (Reading database ... 70%
proof-ci	Set up OCaml and OPAM	2025-09-29T18:16:54.6768417Z (Reading database ... 75%
proof-ci	Set up OCaml and OPAM	2025-09-29T18:16:54.9110934Z (Reading database ... 80%
proof-ci	Set up OCaml and OPAM	2025-09-29T18:16:55.1656574Z (Reading database ... 85%
proof-ci	Set up OCaml and OPAM	2025-09-29T18:16:55.4214476Z (Reading database ... 90%
proof-ci	Set up OCaml and OPAM	2025-09-29T18:16:55.6624147Z (Reading database ... 95%
proof-ci	Set up OCaml and OPAM	2025-09-29T18:16:55.6625180Z (Reading database ... 100%
proof-ci	Set up OCaml and OPAM	2025-09-29T18:16:55.6626489Z (Reading database ... 214164 files and directories currently installed.)
proof-ci	Set up OCaml and OPAM	2025-09-29T18:16:55.6684543Z Preparing to unpack .../00-bubblewrap_0.9.0-1ubuntu0.1_amd64.deb ...
proof-ci	Set up OCaml and OPAM	2025-09-29T18:16:55.6712872Z Unpacking bubblewrap (0.9.0-1ubuntu0.1) ...
proof-ci	Set up OCaml and OPAM	2025-09-29T18:16:55.7037192Z Selecting previously unselected package libc6-dev-i386.
proof-ci	Set up OCaml and OPAM	2025-09-29T18:16:55.7183846Z Preparing to unpack .../01-libc6-dev-i386_2.39-0ubuntu8.6_amd64.deb ...
proof-ci	Set up OCaml and OPAM	2025-09-29T18:16:55.7270572Z Unpacking libc6-dev-i386 (2.39-0ubuntu8.6) ...
proof-ci	Set up OCaml and OPAM	2025-09-29T18:16:55.8906670Z Selecting previously unselected package libc6-x32.
proof-ci	Set up OCaml and OPAM	2025-09-29T18:16:55.9054038Z Preparing to unpack .../02-libc6-x32_2.39-0ubuntu8.6_amd64.deb ...
proof-ci	Set up OCaml and OPAM	2025-09-29T18:16:55.9113731Z Unpacking libc6-x32 (2.39-0ubuntu8.6) ...
proof-ci	Set up OCaml and OPAM	2025-09-29T18:16:56.0216549Z Selecting previously unselected package libc6-dev-x32.
proof-ci	Set up OCaml and OPAM	2025-09-29T18:16:56.0366173Z Preparing to unpack .../03-libc6-dev-x32_2.39-0ubuntu8.6_amd64.deb ...
proof-ci	Set up OCaml and OPAM	2025-09-29T18:16:56.0376233Z Unpacking libc6-dev-x32 (2.39-0ubuntu8.6) ...
proof-ci	Set up OCaml and OPAM	2025-09-29T18:16:56.0961864Z Selecting previously unselected package libx32gcc-s1.
proof-ci	Set up OCaml and OPAM	2025-09-29T18:16:56.1110697Z Preparing to unpack .../04-libx32gcc-s1_14.2.0-4ubuntu2~24.04_amd64.deb ...
proof-ci	Set up OCaml and OPAM	2025-09-29T18:16:56.1121214Z Unpacking libx32gcc-s1 (14.2.0-4ubuntu2~24.04) ...
proof-ci	Set up OCaml and OPAM	2025-09-29T18:16:56.1367578Z Selecting previously unselected package lib32gomp1.
proof-ci	Set up OCaml and OPAM	2025-09-29T18:16:56.1515988Z Preparing to unpack .../05-lib32gomp1_14.2.0-4ubuntu2~24.04_amd64.deb ...
proof-ci	Set up OCaml and OPAM	2025-09-29T18:16:56.1527653Z Unpacking lib32gomp1 (14.2.0-4ubuntu2~24.04) ...
proof-ci	Set up OCaml and OPAM	2025-09-29T18:16:56.1785488Z Selecting previously unselected package libx32gomp1.
proof-ci	Set up OCaml and OPAM	2025-09-29T18:16:56.1934402Z Preparing to unpack .../06-libx32gomp1_14.2.0-4ubuntu2~24.04_amd64.deb ...
proof-ci	Set up OCaml and OPAM	2025-09-29T18:16:56.1944795Z Unpacking libx32gomp1 (14.2.0-4ubuntu2~24.04) ...
proof-ci	Set up OCaml and OPAM	2025-09-29T18:16:56.2198971Z Selecting previously unselected package lib32itm1.
proof-ci	Set up OCaml and OPAM	2025-09-29T18:16:56.2341930Z Preparing to unpack .../07-lib32itm1_14.2.0-4ubuntu2~24.04_amd64.deb ...
proof-ci	Set up OCaml and OPAM	2025-09-29T18:16:56.2351588Z Unpacking lib32itm1 (14.2.0-4ubuntu2~24.04) ...
proof-ci	Set up OCaml and OPAM	2025-09-29T18:16:56.2586483Z Selecting previously unselected package libx32itm1.
proof-ci	Set up OCaml and OPAM	2025-09-29T18:16:56.2734557Z Preparing to unpack .../08-libx32itm1_14.2.0-4ubuntu2~24.04_amd64.deb ...
proof-ci	Set up OCaml and OPAM	2025-09-29T18:16:56.2743622Z Unpacking libx32itm1 (14.2.0-4ubuntu2~24.04) ...
proof-ci	Set up OCaml and OPAM	2025-09-29T18:16:56.2992910Z Selecting previously unselected package lib32atomic1.
proof-ci	Set up OCaml and OPAM	2025-09-29T18:16:56.3154586Z Preparing to unpack .../09-lib32atomic1_14.2.0-4ubuntu2~24.04_amd64.deb ...
proof-ci	Set up OCaml and OPAM	2025-09-29T18:16:56.3165093Z Unpacking lib32atomic1 (14.2.0-4ubuntu2~24.04) ...
proof-ci	Set up OCaml and OPAM	2025-09-29T18:16:56.3398219Z Selecting previously unselected package libx32atomic1.
proof-ci	Set up OCaml and OPAM	2025-09-29T18:16:56.3541175Z Preparing to unpack .../10-libx32atomic1_14.2.0-4ubuntu2~24.04_amd64.deb ...
proof-ci	Set up OCaml and OPAM	2025-09-29T18:16:56.3553252Z Unpacking libx32atomic1 (14.2.0-4ubuntu2~24.04) ...
proof-ci	Set up OCaml and OPAM	2025-09-29T18:16:56.3778044Z Selecting previously unselected package lib32asan8.
proof-ci	Set up OCaml and OPAM	2025-09-29T18:16:56.3921476Z Preparing to unpack .../11-lib32asan8_14.2.0-4ubuntu2~24.04_amd64.deb ...
proof-ci	Set up OCaml and OPAM	2025-09-29T18:16:56.3933066Z Unpacking lib32asan8 (14.2.0-4ubuntu2~24.04) ...
proof-ci	Set up OCaml and OPAM	2025-09-29T18:16:56.4650735Z Selecting previously unselected package libx32asan8.
proof-ci	Set up OCaml and OPAM	2025-09-29T18:16:56.4794853Z Preparing to unpack .../12-libx32asan8_14.2.0-4ubuntu2~24.04_amd64.deb ...
proof-ci	Set up OCaml and OPAM	2025-09-29T18:16:56.4804624Z Unpacking libx32asan8 (14.2.0-4ubuntu2~24.04) ...
proof-ci	Set up OCaml and OPAM	2025-09-29T18:16:56.5497756Z Selecting previously unselected package lib32ubsan1.
proof-ci	Set up OCaml and OPAM	2025-09-29T18:16:56.5649520Z Preparing to unpack .../13-lib32ubsan1_14.2.0-4ubuntu2~24.04_amd64.deb ...
proof-ci	Set up OCaml and OPAM	2025-09-29T18:16:56.5658823Z Unpacking lib32ubsan1 (14.2.0-4ubuntu2~24.04) ...
proof-ci	Set up OCaml and OPAM	2025-09-29T18:16:56.6062509Z Selecting previously unselected package libx32stdc++6.
proof-ci	Set up OCaml and OPAM	2025-09-29T18:16:56.6211585Z Preparing to unpack .../14-libx32stdc++6_14.2.0-4ubuntu2~24.04_amd64.deb ...
proof-ci	Set up OCaml and OPAM	2025-09-29T18:16:56.6221121Z Unpacking libx32stdc++6 (14.2.0-4ubuntu2~24.04) ...
proof-ci	Set up OCaml and OPAM	2025-09-29T18:16:56.6566654Z Selecting previously unselected package libx32ubsan1.
proof-ci	Set up OCaml and OPAM	2025-09-29T18:16:56.6714354Z Preparing to unpack .../15-libx32ubsan1_14.2.0-4ubuntu2~24.04_amd64.deb ...
proof-ci	Set up OCaml and OPAM	2025-09-29T18:16:56.6723962Z Unpacking libx32ubsan1 (14.2.0-4ubuntu2~24.04) ...
proof-ci	Set up OCaml and OPAM	2025-09-29T18:16:56.7112958Z Selecting previously unselected package lib32quadmath0.
proof-ci	Set up OCaml and OPAM	2025-09-29T18:16:56.7257104Z Preparing to unpack .../16-lib32quadmath0_14.2.0-4ubuntu2~24.04_amd64.deb ...
proof-ci	Set up OCaml and OPAM	2025-09-29T18:16:56.7266654Z Unpacking lib32quadmath0 (14.2.0-4ubuntu2~24.04) ...
proof-ci	Set up OCaml and OPAM	2025-09-29T18:16:56.7530589Z Selecting previously unselected package libx32quadmath0.
proof-ci	Set up OCaml and OPAM	2025-09-29T18:16:56.7676656Z Preparing to unpack .../17-libx32quadmath0_14.2.0-4ubuntu2~24.04_amd64.deb ...
proof-ci	Set up OCaml and OPAM	2025-09-29T18:16:56.7686408Z Unpacking libx32quadmath0 (14.2.0-4ubuntu2~24.04) ...
proof-ci	Set up OCaml and OPAM	2025-09-29T18:16:56.7929976Z Selecting previously unselected package lib32gcc-13-dev.
proof-ci	Set up OCaml and OPAM	2025-09-29T18:16:56.8079378Z Preparing to unpack .../18-lib32gcc-13-dev_13.3.0-6ubuntu2~24.04_amd64.deb ...
proof-ci	Set up OCaml and OPAM	2025-09-29T18:16:56.8088614Z Unpacking lib32gcc-13-dev (13.3.0-6ubuntu2~24.04) ...
proof-ci	Set up OCaml and OPAM	2025-09-29T18:16:56.8749233Z Selecting previously unselected package libx32gcc-13-dev.
proof-ci	Set up OCaml and OPAM	2025-09-29T18:16:56.8899596Z Preparing to unpack .../19-libx32gcc-13-dev_13.3.0-6ubuntu2~24.04_amd64.deb ...
proof-ci	Set up OCaml and OPAM	2025-09-29T18:16:56.8910835Z Unpacking libx32gcc-13-dev (13.3.0-6ubuntu2~24.04) ...
proof-ci	Set up OCaml and OPAM	2025-09-29T18:16:56.9459654Z Selecting previously unselected package gcc-13-multilib.
proof-ci	Set up OCaml and OPAM	2025-09-29T18:16:56.9606766Z Preparing to unpack .../20-gcc-13-multilib_13.3.0-6ubuntu2~24.04_amd64.deb ...
proof-ci	Set up OCaml and OPAM	2025-09-29T18:16:56.9618271Z Unpacking gcc-13-multilib (13.3.0-6ubuntu2~24.04) ...
proof-ci	Set up OCaml and OPAM	2025-09-29T18:16:56.9863444Z Selecting previously unselected package lib32stdc++-13-dev.
proof-ci	Set up OCaml and OPAM	2025-09-29T18:16:57.0041540Z Preparing to unpack .../21-lib32stdc++-13-dev_13.3.0-6ubuntu2~24.04_amd64.deb ...
proof-ci	Set up OCaml and OPAM	2025-09-29T18:16:57.0061174Z Unpacking lib32stdc++-13-dev (13.3.0-6ubuntu2~24.04) ...
proof-ci	Set up OCaml and OPAM	2025-09-29T18:16:57.2418245Z Selecting previously unselected package libx32stdc++-13-dev.
proof-ci	Set up OCaml and OPAM	2025-09-29T18:16:57.2561831Z Preparing to unpack .../22-libx32stdc++-13-dev_13.3.0-6ubuntu2~24.04_amd64.deb ...
proof-ci	Set up OCaml and OPAM	2025-09-29T18:16:57.2572865Z Unpacking libx32stdc++-13-dev (13.3.0-6ubuntu2~24.04) ...
proof-ci	Set up OCaml and OPAM	2025-09-29T18:16:57.3126031Z Selecting previously unselected package g++-13-multilib.
proof-ci	Set up OCaml and OPAM	2025-09-29T18:16:57.3277374Z Preparing to unpack .../23-g++-13-multilib_13.3.0-6ubuntu2~24.04_amd64.deb ...
proof-ci	Set up OCaml and OPAM	2025-09-29T18:16:57.3287698Z Unpacking g++-13-multilib (13.3.0-6ubuntu2~24.04) ...
proof-ci	Set up OCaml and OPAM	2025-09-29T18:16:57.3507941Z Selecting previously unselected package gcc-multilib.
proof-ci	Set up OCaml and OPAM	2025-09-29T18:16:57.3656885Z Preparing to unpack .../24-gcc-multilib_4%3a13.2.0-7ubuntu1_amd64.deb ...
proof-ci	Set up OCaml and OPAM	2025-09-29T18:16:57.3665706Z Unpacking gcc-multilib (4:13.2.0-7ubuntu1) ...
proof-ci	Set up OCaml and OPAM	2025-09-29T18:16:57.3880250Z Selecting previously unselected package g++-multilib.
proof-ci	Set up OCaml and OPAM	2025-09-29T18:16:57.4031233Z Preparing to unpack .../25-g++-multilib_4%3a13.2.0-7ubuntu1_amd64.deb ...
proof-ci	Set up OCaml and OPAM	2025-09-29T18:16:57.4041988Z Unpacking g++-multilib (4:13.2.0-7ubuntu1) ...
proof-ci	Set up OCaml and OPAM	2025-09-29T18:16:57.4260963Z Selecting previously unselected package musl:amd64.
proof-ci	Set up OCaml and OPAM	2025-09-29T18:16:57.4405202Z Preparing to unpack .../26-musl_1.2.4-2_amd64.deb ...
proof-ci	Set up OCaml and OPAM	2025-09-29T18:16:57.4415408Z Unpacking musl:amd64 (1.2.4-2) ...
proof-ci	Set up OCaml and OPAM	2025-09-29T18:16:57.4794825Z Selecting previously unselected package musl-dev:amd64.
proof-ci	Set up OCaml and OPAM	2025-09-29T18:16:57.4948393Z Preparing to unpack .../27-musl-dev_1.2.4-2_amd64.deb ...
proof-ci	Set up OCaml and OPAM	2025-09-29T18:16:57.4958422Z Unpacking musl-dev:amd64 (1.2.4-2) ...
proof-ci	Set up OCaml and OPAM	2025-09-29T18:16:57.5659387Z Selecting previously unselected package musl-tools.
proof-ci	Set up OCaml and OPAM	2025-09-29T18:16:57.5806731Z Preparing to unpack .../28-musl-tools_1.2.4-2_amd64.deb ...
proof-ci	Set up OCaml and OPAM	2025-09-29T18:16:57.5816520Z Unpacking musl-tools (1.2.4-2) ...
proof-ci	Set up OCaml and OPAM	2025-09-29T18:16:57.6268937Z Setting up bubblewrap (0.9.0-1ubuntu0.1) ...
proof-ci	Set up OCaml and OPAM	2025-09-29T18:16:57.6321137Z Setting up libc6-dev-i386 (2.39-0ubuntu8.6) ...
proof-ci	Set up OCaml and OPAM	2025-09-29T18:16:57.6345955Z Setting up lib32itm1 (14.2.0-4ubuntu2~24.04) ...
proof-ci	Set up OCaml and OPAM	2025-09-29T18:16:57.6375699Z Setting up lib32ubsan1 (14.2.0-4ubuntu2~24.04) ...
proof-ci	Set up OCaml and OPAM	2025-09-29T18:16:57.6401427Z Setting up libc6-x32 (2.39-0ubuntu8.6) ...
proof-ci	Set up OCaml and OPAM	2025-09-29T18:16:57.6447725Z Setting up libc6-dev-x32 (2.39-0ubuntu8.6) ...
proof-ci	Set up OCaml and OPAM	2025-09-29T18:16:57.6472547Z Setting up lib32gomp1 (14.2.0-4ubuntu2~24.04) ...
proof-ci	Set up OCaml and OPAM	2025-09-29T18:16:57.6498562Z Setting up lib32asan8 (14.2.0-4ubuntu2~24.04) ...
proof-ci	Set up OCaml and OPAM	2025-09-29T18:16:57.6525991Z Setting up libx32gomp1 (14.2.0-4ubuntu2~24.04) ...
proof-ci	Set up OCaml and OPAM	2025-09-29T18:16:57.6553451Z Setting up musl:amd64 (1.2.4-2) ...
proof-ci	Set up OCaml and OPAM	2025-09-29T18:16:57.6605141Z Setting up lib32quadmath0 (14.2.0-4ubuntu2~24.04) ...
proof-ci	Set up OCaml and OPAM	2025-09-29T18:16:57.6634227Z Setting up libx32quadmath0 (14.2.0-4ubuntu2~24.04) ...
proof-ci	Set up OCaml and OPAM	2025-09-29T18:16:57.6660319Z Setting up lib32atomic1 (14.2.0-4ubuntu2~24.04) ...
proof-ci	Set up OCaml and OPAM	2025-09-29T18:16:57.6690752Z Setting up libx32atomic1 (14.2.0-4ubuntu2~24.04) ...
proof-ci	Set up OCaml and OPAM	2025-09-29T18:16:57.6724675Z Setting up libx32gcc-s1 (14.2.0-4ubuntu2~24.04) ...
proof-ci	Set up OCaml and OPAM	2025-09-29T18:16:57.6750870Z Setting up libx32itm1 (14.2.0-4ubuntu2~24.04) ...
proof-ci	Set up OCaml and OPAM	2025-09-29T18:16:57.6778000Z Setting up libx32asan8 (14.2.0-4ubuntu2~24.04) ...
proof-ci	Set up OCaml and OPAM	2025-09-29T18:16:57.6805737Z Setting up musl-dev:amd64 (1.2.4-2) ...
proof-ci	Set up OCaml and OPAM	2025-09-29T18:16:57.6847872Z Setting up libx32stdc++6 (14.2.0-4ubuntu2~24.04) ...
proof-ci	Set up OCaml and OPAM	2025-09-29T18:16:57.6877535Z Setting up libx32ubsan1 (14.2.0-4ubuntu2~24.04) ...
proof-ci	Set up OCaml and OPAM	2025-09-29T18:16:57.6904126Z Setting up lib32gcc-13-dev (13.3.0-6ubuntu2~24.04) ...
proof-ci	Set up OCaml and OPAM	2025-09-29T18:16:57.6932198Z Setting up musl-tools (1.2.4-2) ...
proof-ci	Set up OCaml and OPAM	2025-09-29T18:16:57.6960768Z Setting up libx32gcc-13-dev (13.3.0-6ubuntu2~24.04) ...
proof-ci	Set up OCaml and OPAM	2025-09-29T18:16:57.6986426Z Setting up gcc-13-multilib (13.3.0-6ubuntu2~24.04) ...
proof-ci	Set up OCaml and OPAM	2025-09-29T18:16:57.7015894Z Setting up lib32stdc++-13-dev (13.3.0-6ubuntu2~24.04) ...
proof-ci	Set up OCaml and OPAM	2025-09-29T18:16:57.7045290Z Setting up gcc-multilib (4:13.2.0-7ubuntu1) ...
proof-ci	Set up OCaml and OPAM	2025-09-29T18:16:57.7074628Z Setting up libx32stdc++-13-dev (13.3.0-6ubuntu2~24.04) ...
proof-ci	Set up OCaml and OPAM	2025-09-29T18:16:57.7100766Z Setting up g++-13-multilib (13.3.0-6ubuntu2~24.04) ...
proof-ci	Set up OCaml and OPAM	2025-09-29T18:16:57.7127011Z Setting up g++-multilib (4:13.2.0-7ubuntu1) ...
proof-ci	Set up OCaml and OPAM	2025-09-29T18:16:57.7165112Z Processing triggers for libc-bin (2.39-0ubuntu8.6) ...
proof-ci	Set up OCaml and OPAM	2025-09-29T18:16:57.7497519Z Processing triggers for man-db (2.12.0-4build2) ...
proof-ci	Set up OCaml and OPAM	2025-09-29T18:17:15.9189738Z 
proof-ci	Set up OCaml and OPAM	2025-09-29T18:17:15.9190330Z Running kernel seems to be up-to-date.
proof-ci	Set up OCaml and OPAM	2025-09-29T18:17:15.9190717Z 
proof-ci	Set up OCaml and OPAM	2025-09-29T18:17:15.9191158Z Restarting services...
proof-ci	Set up OCaml and OPAM	2025-09-29T18:17:15.9265449Z 
proof-ci	Set up OCaml and OPAM	2025-09-29T18:17:15.9265942Z Service restarts being deferred:
proof-ci	Set up OCaml and OPAM	2025-09-29T18:17:15.9269651Z  systemctl restart hosted-compute-agent.service
proof-ci	Set up OCaml and OPAM	2025-09-29T18:17:15.9270040Z 
proof-ci	Set up OCaml and OPAM	2025-09-29T18:17:15.9270265Z No containers need to be restarted.
proof-ci	Set up OCaml and OPAM	2025-09-29T18:17:15.9270547Z 
proof-ci	Set up OCaml and OPAM	2025-09-29T18:17:15.9270724Z No user sessions are running outdated binaries.
proof-ci	Set up OCaml and OPAM	2025-09-29T18:17:15.9271322Z 
proof-ci	Set up OCaml and OPAM	2025-09-29T18:17:15.9271525Z No VM guests are running outdated hypervisor (qemu) binaries on this host.
proof-ci	Set up OCaml and OPAM	2025-09-29T18:17:16.9099111Z ##[group]Run mkdir -p "$HOME/.github-tools"
proof-ci	Set up OCaml and OPAM	2025-09-29T18:17:16.9099669Z [36;1mmkdir -p "$HOME/.github-tools"[0m
proof-ci	Set up OCaml and OPAM	2025-09-29T18:17:16.9100075Z [36;1m{[0m
proof-ci	Set up OCaml and OPAM	2025-09-29T18:17:16.9100412Z [36;1m  printf '%s\n' '#!/usr/bin/env bash'[0m
proof-ci	Set up OCaml and OPAM	2025-09-29T18:17:16.9100899Z [36;1m  printf '%s\n' 'if [[ "$1" == "apt-get" ]]; then'[0m
proof-ci	Set up OCaml and OPAM	2025-09-29T18:17:16.9101342Z [36;1m  printf '%s\n' '  args=()'[0m
proof-ci	Set up OCaml and OPAM	2025-09-29T18:17:16.9101741Z [36;1m  printf '%s\n' '  install_seen=false'[0m
proof-ci	Set up OCaml and OPAM	2025-09-29T18:17:16.9102176Z [36;1m  printf '%s\n' '  for arg in "$@"; do'[0m
proof-ci	Set up OCaml and OPAM	2025-09-29T18:17:16.9102895Z [36;1m  printf '%s\n' '    if [[ "$arg" == "install" ]]; then'[0m
proof-ci	Set up OCaml and OPAM	2025-09-29T18:17:16.9103641Z [36;1m  printf '%s\n' '      install_seen=true'[0m
proof-ci	Set up OCaml and OPAM	2025-09-29T18:17:16.9104039Z [36;1m  printf '%s\n' '    fi'[0m
proof-ci	Set up OCaml and OPAM	2025-09-29T18:17:16.9104523Z [36;1m  printf '%s\n' '    if [[ "$install_seen" == true && "$arg" == "darcs" ]]; then'[0m
proof-ci	Set up OCaml and OPAM	2025-09-29T18:17:16.9105059Z [36;1m  printf '%s\n' '      continue'[0m
proof-ci	Set up OCaml and OPAM	2025-09-29T18:17:16.9105436Z [36;1m  printf '%s\n' '    fi'[0m
proof-ci	Set up OCaml and OPAM	2025-09-29T18:17:16.9105796Z [36;1m  printf '%s\n' '    args+=("$arg")'[0m
proof-ci	Set up OCaml and OPAM	2025-09-29T18:17:16.9106182Z [36;1m  printf '%s\n' '  done'[0m
proof-ci	Set up OCaml and OPAM	2025-09-29T18:17:16.9106587Z [36;1m  printf '%s\n' '  exec /usr/bin/sudo "${args[@]}"'[0m
proof-ci	Set up OCaml and OPAM	2025-09-29T18:17:16.9107016Z [36;1m  printf '%s\n' 'fi'[0m
proof-ci	Set up OCaml and OPAM	2025-09-29T18:17:16.9107409Z [36;1m  printf '%s\n' 'exec /usr/bin/sudo "$@"'[0m
proof-ci	Set up OCaml and OPAM	2025-09-29T18:17:16.9107838Z [36;1m} > "$HOME/.github-tools/sudo"[0m
proof-ci	Set up OCaml and OPAM	2025-09-29T18:17:16.9108252Z [36;1mchmod +x "$HOME/.github-tools/sudo"[0m
proof-ci	Set up OCaml and OPAM	2025-09-29T18:17:16.9108735Z [36;1mecho "PATH=$HOME/.github-tools:$PATH" >> "$GITHUB_ENV"[0m
proof-ci	Set up OCaml and OPAM	2025-09-29T18:17:16.9146183Z shell: /usr/bin/bash --noprofile --norc -e -o pipefail {0}
proof-ci	Set up OCaml and OPAM	2025-09-29T18:17:16.9146720Z ##[endgroup]
proof-ci	Set up OCaml and OPAM	2025-09-29T18:17:16.9309854Z ##[group]Run ocaml/setup-ocaml@v2
proof-ci	Set up OCaml and OPAM	2025-09-29T18:17:16.9310153Z with:
proof-ci	Set up OCaml and OPAM	2025-09-29T18:17:16.9310357Z   ocaml-compiler: 4.14.1
proof-ci	Set up OCaml and OPAM	2025-09-29T18:17:16.9310605Z   allow-prerelease-opam: false
proof-ci	Set up OCaml and OPAM	2025-09-29T18:17:16.9310863Z   opam-pin: true
proof-ci	Set up OCaml and OPAM	2025-09-29T18:17:16.9311075Z   opam-depext: false
proof-ci	Set up OCaml and OPAM	2025-09-29T18:17:16.9311318Z   opam-local-packages: *.opam
proof-ci	Set up OCaml and OPAM	2025-09-29T18:17:16.9311584Z   opam-disable-sandboxing: false
proof-ci	Set up OCaml and OPAM	2025-09-29T18:17:16.9311847Z   dune-cache: false
proof-ci	Set up OCaml and OPAM	2025-09-29T18:17:16.9312107Z   cache-prefix: v1
proof-ci	Set up OCaml and OPAM	2025-09-29T18:17:16.9312818Z   github-token: ***
proof-ci	Set up OCaml and OPAM	2025-09-29T18:17:16.9313068Z env:
proof-ci	Set up OCaml and OPAM	2025-09-29T18:17:16.9314247Z   PATH: /home/runner/.github-tools:/snap/bin:/home/runner/.local/bin:/opt/pipx_bin:/home/runner/.cargo/bin:/home/runner/.config/composer/vendor/bin:/usr/local/.ghcup/bin:/home/runner/.dotnet/tools:/usr/local/sbin:/usr/local/bin:/usr/sbin:/usr/bin:/sbin:/bin:/usr/games:/usr/local/games:/snap/bin
proof-ci	Set up OCaml and OPAM	2025-09-29T18:17:16.9315516Z ##[endgroup]
proof-ci	Set up OCaml and OPAM	2025-09-29T18:17:17.1201510Z ##[group]Retrieve the opam cache
proof-ci	Set up OCaml and OPAM	2025-09-29T18:17:17.7909241Z ##[warning]Failed to restore: Cache service responded with 400
proof-ci	Set up OCaml and OPAM	2025-09-29T18:17:17.7911748Z Cache not found for input keys: v1-setup-ocaml-opam-2.1.6-sandbox-linux-24.04-x86_64-ocaml_base_compiler_4_14_1-2025-40, v1-setup-ocaml-opam-2.1.6-sandbox-linux-24.04-x86_64-ocaml_base_compiler_4_14_1-2025-40, v1-setup-ocaml-opam-2.1.6-sandbox-linux-24.04-x86_64-ocaml_base_compiler_4_14_1-2025-, v1-setup-ocaml-opam-2.1.6-sandbox-linux-24.04-x86_64-ocaml_base_compiler_4_14_1-
proof-ci	Set up OCaml and OPAM	2025-09-29T18:17:17.7913980Z ##[endgroup]
proof-ci	Set up OCaml and OPAM	2025-09-29T18:17:17.7914445Z ##[group]Install opam
proof-ci	Set up OCaml and OPAM	2025-09-29T18:17:18.5278228Z Acquired 2.1.6 from https://github.com/ocaml/opam/releases/download/2.1.6/opam-2.1.6-x86_64-linux
proof-ci	Set up OCaml and OPAM	2025-09-29T18:17:18.5372896Z Successfully cached opam to /opt/hostedtoolcache/opam/2.1.6/x86_64
proof-ci	Set up OCaml and OPAM	2025-09-29T18:17:18.5376381Z Added opam to the path
proof-ci	Set up OCaml and OPAM	2025-09-29T18:17:18.5377351Z ##[endgroup]
proof-ci	Set up OCaml and OPAM	2025-09-29T18:17:18.5378138Z ##[group]Initialise the opam state
proof-ci	Set up OCaml and OPAM	2025-09-29T18:17:18.5398450Z [command]/home/runner/.github-tools/sudo apt-get --yes install bubblewrap darcs g++-multilib gcc-multilib mercurial musl-tools rsync
proof-ci	Set up OCaml and OPAM	2025-09-29T18:17:18.5707935Z Reading package lists...
proof-ci	Set up OCaml and OPAM	2025-09-29T18:17:18.7816882Z Building dependency tree...
proof-ci	Set up OCaml and OPAM	2025-09-29T18:17:18.7824569Z Reading state information...
proof-ci	Set up OCaml and OPAM	2025-09-29T18:17:18.9803012Z bubblewrap is already the newest version (0.9.0-1ubuntu0.1).
proof-ci	Set up OCaml and OPAM	2025-09-29T18:17:18.9804355Z g++-multilib is already the newest version (4:13.2.0-7ubuntu1).
proof-ci	Set up OCaml and OPAM	2025-09-29T18:17:18.9805148Z gcc-multilib is already the newest version (4:13.2.0-7ubuntu1).
proof-ci	Set up OCaml and OPAM	2025-09-29T18:17:18.9805906Z mercurial is already the newest version (6.7.2-1ubuntu2.2).
proof-ci	Set up OCaml and OPAM	2025-09-29T18:17:18.9806602Z musl-tools is already the newest version (1.2.4-2).
proof-ci	Set up OCaml and OPAM	2025-09-29T18:17:18.9807284Z rsync is already the newest version (3.2.7-1ubuntu1.2).
proof-ci	Set up OCaml and OPAM	2025-09-29T18:17:18.9808148Z 0 upgraded, 0 newly installed, 0 to remove and 18 not upgraded.
proof-ci	Set up OCaml and OPAM	2025-09-29T18:17:18.9846871Z [command]/opt/hostedtoolcache/opam/2.1.6/x86_64/opam init --auto-setup --bare --enable-shell-hook
proof-ci	Set up OCaml and OPAM	2025-09-29T18:17:19.0020850Z No configuration file found, using built-in defaults.
proof-ci	Set up OCaml and OPAM	2025-09-29T18:17:19.0025128Z Checking for available remotes: rsync and local, git, mercurial.
proof-ci	Set up OCaml and OPAM	2025-09-29T18:17:19.0026810Z   - you won't be able to use darcs repositories unless you install the [01mdarcs[0m command on your system.
proof-ci	Set up OCaml and OPAM	2025-09-29T18:17:19.0027875Z 
proof-ci	Set up OCaml and OPAM	2025-09-29T18:17:19.0219245Z [31m[ERROR][0m Sandboxing is not working on your platform ubuntu:
proof-ci	Set up OCaml and OPAM	2025-09-29T18:17:19.0222298Z         "~/.opam/opam-init/hooks/sandbox.sh build sh -c echo SUCCESS >$TMPDIR/opam-sandbox-check-out && cat $TMPDIR/opam-sandbox-check-out; rm -f $TMPDIR/opam-sandbox-check-out" exited with code 1 "bwrap: loopback: Failed RTM_NEWADDR: Operation not permitted"
proof-ci	Set up OCaml and OPAM	2025-09-29T18:17:19.0226617Z Do you want to disable it?  Note that this will result in less secure package builds, so please ensure that you have some other isolation mechanisms in place (such as running within a container or virtual machine). [y/N] y
proof-ci	Set up OCaml and OPAM	2025-09-29T18:17:19.0228587Z 
proof-ci	Set up OCaml and OPAM	2025-09-29T18:17:19.0229643Z [36m<><>[0m [01mFetching repository information[0m [36m><><><><><><><><><><><><><><><><><><><><><>[0m
proof-ci	Set up OCaml and OPAM	2025-09-29T18:17:21.5469145Z [[32mdefault[0m] Initialised
proof-ci	Set up OCaml and OPAM	2025-09-29T18:17:34.3207707Z 
proof-ci	Set up OCaml and OPAM	2025-09-29T18:17:34.3208369Z User configuration:
proof-ci	Set up OCaml and OPAM	2025-09-29T18:17:34.3280953Z   Updating ~/.bash_profile.
proof-ci	Set up OCaml and OPAM	2025-09-29T18:17:34.3283008Z [1;34m[NOTE][0m Make sure that ~/.bash_profile is well [04msourced[0m in your ~/.bashrc.
proof-ci	Set up OCaml and OPAM	2025-09-29T18:17:34.3284128Z 
proof-ci	Set up OCaml and OPAM	2025-09-29T18:17:35.4807058Z ##[endgroup]
proof-ci	Set up OCaml and OPAM	2025-09-29T18:17:35.4808257Z ##[group]Remove the opam repositories
proof-ci	Set up OCaml and OPAM	2025-09-29T18:17:35.4858174Z [command]/opt/hostedtoolcache/opam/2.1.6/x86_64/opam repository list --all-switches --short
proof-ci	Set up OCaml and OPAM	2025-09-29T18:17:35.5494942Z default
proof-ci	Set up OCaml and OPAM	2025-09-29T18:17:35.5530363Z [command]/opt/hostedtoolcache/opam/2.1.6/x86_64/opam repository remove default --all-switches
proof-ci	Set up OCaml and OPAM	2025-09-29T18:17:35.6221197Z ##[endgroup]
proof-ci	Set up OCaml and OPAM	2025-09-29T18:17:35.6222907Z ##[group]Initialise the opam repositories
proof-ci	Set up OCaml and OPAM	2025-09-29T18:17:35.6248118Z [command]/opt/hostedtoolcache/opam/2.1.6/x86_64/opam repository add default https://github.com/ocaml/opam-repository.git --all-switches --set-default
proof-ci	Set up OCaml and OPAM	2025-09-29T18:18:12.1535826Z [[32mdefault[0m] Initialised
proof-ci	Set up OCaml and OPAM	2025-09-29T18:18:23.9812943Z ##[endgroup]
proof-ci	Set up OCaml and OPAM	2025-09-29T18:18:24.1022086Z ##[group]Install OCaml
proof-ci	Set up OCaml and OPAM	2025-09-29T18:18:24.1039484Z [command]/opt/hostedtoolcache/opam/2.1.6/x86_64/opam switch create . --no-install --packages ocaml-base-compiler.4.14.1
proof-ci	Set up OCaml and OPAM	2025-09-29T18:18:24.3237325Z 
proof-ci	Set up OCaml and OPAM	2025-09-29T18:18:24.3240954Z [36m<><>[0m [01mInstalling new switch packages[0m [36m<><><><><><><><><><><><><><><><><><><><><><>[0m
proof-ci	Set up OCaml and OPAM	2025-09-29T18:18:24.3241970Z Switch invariant: ["ocaml-base-compiler" {= "4.14.1"}]
proof-ci	Set up OCaml and OPAM	2025-09-29T18:18:28.7079434Z 
proof-ci	Set up OCaml and OPAM	2025-09-29T18:18:28.7080752Z [36m<><>[0m [01mProcessing actions[0m [36m<><><><><><><><><><><><><><><><><><><><><><><><><><><><>[0m
proof-ci	Set up OCaml and OPAM	2025-09-29T18:18:31.3503114Z [32mâ[0m installed [01mbase-bigarray[0m.base
proof-ci	Set up OCaml and OPAM	2025-09-29T18:18:31.3509957Z [32mâ[0m installed [01mbase-threads[0m.base
proof-ci	Set up OCaml and OPAM	2025-09-29T18:18:31.3518174Z [32mâ[0m installed [01mbase-unix[0m.base
proof-ci	Set up OCaml and OPAM	2025-09-29T18:18:31.3529709Z [32mâ[0m installed [01mocaml-options-vanilla[0m.1
proof-ci	Set up OCaml and OPAM	2025-09-29T18:18:31.4443522Z [36mâ¬[0m retrieved [01mocaml-config[0m.2  (2 extra sources)
proof-ci	Set up OCaml and OPAM	2025-09-29T18:18:31.9238919Z [36mâ¬[0m retrieved [01mocaml-base-compiler[0m.4.14.1  (https://github.com/ocaml/ocaml/archive/4.14.1.tar.gz)
proof-ci	Set up OCaml and OPAM	2025-09-29T18:21:15.8179586Z [32mâ[0m installed [01mocaml-base-compiler[0m.4.14.1
proof-ci	Set up OCaml and OPAM	2025-09-29T18:21:15.8273244Z [32mâ[0m installed [01mocaml-config[0m.2
proof-ci	Set up OCaml and OPAM	2025-09-29T18:21:15.8817976Z [32mâ[0m installed [01mocaml[0m.4.14.1
proof-ci	Set up OCaml and OPAM	2025-09-29T18:21:16.2875546Z Done.
proof-ci	Set up OCaml and OPAM	2025-09-29T18:21:16.2881593Z # Run [01meval $(opam env)[0m to update the current shell environment
proof-ci	Set up OCaml and OPAM	2025-09-29T18:21:17.5171332Z ##[endgroup]
proof-ci	Set up OCaml and OPAM	2025-09-29T18:21:17.5173902Z ##[group]Save the opam cache
proof-ci	Set up OCaml and OPAM	2025-09-29T18:21:17.5191357Z [command]/opt/hostedtoolcache/opam/2.1.6/x86_64/opam clean --all-switches --download-cache --logs --repo-cache --unused-repositories
proof-ci	Set up OCaml and OPAM	2025-09-29T18:21:17.7356924Z Cleaning up switch /home/runner/work/latex_perf/latex_perf
proof-ci	Set up OCaml and OPAM	2025-09-29T18:21:17.8424974Z Updating /home/runner/.opam/repo/repos-config
proof-ci	Set up OCaml and OPAM	2025-09-29T18:21:17.8425837Z Clearing repository cache
proof-ci	Set up OCaml and OPAM	2025-09-29T18:21:17.8465408Z Clearing cache of downloaded files
proof-ci	Set up OCaml and OPAM	2025-09-29T18:21:17.8512569Z Clearing logs
proof-ci	Set up OCaml and OPAM	2025-09-29T18:21:18.3823355Z [command]/usr/bin/tar --posix -cf cache.tzst --exclude cache.tzst -P -C /home/runner/work/latex_perf/latex_perf --files-from manifest.txt --use-compress-program zstdmt
proof-ci	Set up OCaml and OPAM	2025-09-29T18:21:20.3163389Z ##[warning]Failed to save: <h2>Our services aren't available right now</h2><p>We're working to restore all services as soon as possible. Please check back soon.</p>0IM7aaAAAAAAP/81RhPBbQL99rANLYSm+UEhMMzBFREdFMDExMwBFZGdl
proof-ci	Set up OCaml and OPAM	2025-09-29T18:21:20.3927693Z ##[endgroup]
proof-ci	Set up OCaml and OPAM	2025-09-29T18:21:20.3928863Z ##[group]Retrieve the opam download cache
proof-ci	Set up OCaml and OPAM	2025-09-29T18:21:20.4435331Z ##[warning]Failed to restore: Cache service responded with 400
proof-ci	Set up OCaml and OPAM	2025-09-29T18:21:20.4441816Z Cache not found for input keys: v1-setup-ocaml-opam-download-github.com/ocaml/opam-repository.git-4_14_1-2025-8-29-18106304959-57, v1-setup-ocaml-opam-download-github.com/ocaml/opam-repository.git-4_14_1-2025-8-29-18106304959-57, v1-setup-ocaml-opam-download-github.com/ocaml/opam-repository.git-4_14_1-2025-8-29-18106304959-, v1-setup-ocaml-opam-download-github.com/ocaml/opam-repository.git-4_14_1-2025-8-29-, v1-setup-ocaml-opam-download-github.com/ocaml/opam-repository.git-4_14_1-2025-8-
proof-ci	Set up OCaml and OPAM	2025-09-29T18:21:20.4446069Z ##[endgroup]
proof-ci	Set up OCaml and OPAM	2025-09-29T18:21:20.4477574Z ##[group]Pin local packages
proof-ci	Set up OCaml and OPAM	2025-09-29T18:21:20.4491944Z [command]/opt/hostedtoolcache/opam/2.1.6/x86_64/opam pin add latex-perfectionist.dev . --no-action
proof-ci	Set up OCaml and OPAM	2025-09-29T18:21:27.5007539Z Package latex-perfectionist does not exist, create as a [01mNEW[0m package? [Y/n] y
proof-ci	Set up OCaml and OPAM	2025-09-29T18:21:27.6213770Z [[32mlatex-perfectionist.dev[0m] synchronised (file:///home/runner/work/latex_perf/latex_perf)
proof-ci	Set up OCaml and OPAM	2025-09-29T18:21:27.6221364Z [33m[WARNING][0m Failed checks on latex-perfectionist package definition from source at file:///home/runner/work/latex_perf/latex_perf:
proof-ci	Set up OCaml and OPAM	2025-09-29T18:21:27.6224037Z     [31merror[0m 23: Missing field 'maintainer'
proof-ci	Set up OCaml and OPAM	2025-09-29T18:21:27.6225273Z   [33mwarning[0m 25: Missing field 'authors'
proof-ci	Set up OCaml and OPAM	2025-09-29T18:21:27.6226327Z   [33mwarning[0m 35: Missing field 'homepage'
proof-ci	Set up OCaml and OPAM	2025-09-29T18:21:27.6227398Z   [33mwarning[0m 36: Missing field 'bug-reports'
proof-ci	Set up OCaml and OPAM	2025-09-29T18:21:27.6234880Z latex-perfectionist is now pinned to [01mgit+file:///home/runner/work/latex_perf/latex_perf#fix-math-strip[0m (version [01mdev[0m)
proof-ci	Set up OCaml and OPAM	2025-09-29T18:21:28.7583844Z ##[endgroup]
proof-ci	Set up OCaml and OPAM	2025-09-29T18:21:28.7613170Z [command]/opt/hostedtoolcache/opam/2.1.6/x86_64/opam --version
proof-ci	Set up OCaml and OPAM	2025-09-29T18:21:28.7762106Z 2.1.6
proof-ci	Set up OCaml and OPAM	2025-09-29T18:21:28.7791667Z [command]/opt/hostedtoolcache/opam/2.1.6/x86_64/opam exec -- ocaml -version
proof-ci	Set up OCaml and OPAM	2025-09-29T18:21:28.8086735Z The OCaml toplevel, version 4.14.1
proof-ci	Install system deps	ï»¿2025-09-29T18:21:28.8251891Z ##[group]Run sudo apt-get update -y
proof-ci	Install system deps	2025-09-29T18:21:28.8252294Z [36;1msudo apt-get update -y[0m
proof-ci	Install system deps	2025-09-29T18:21:28.8252932Z [36;1msudo apt-get install -y libgmp-dev pkg-config[0m
proof-ci	Install system deps	2025-09-29T18:21:28.8289486Z shell: /usr/bin/bash -e {0}
proof-ci	Install system deps	2025-09-29T18:21:28.8289857Z env:
proof-ci	Install system deps	2025-09-29T18:21:28.8291616Z   PATH: /home/runner/.github-tools:/snap/bin:/home/runner/.local/bin:/opt/pipx_bin:/home/runner/.cargo/bin:/home/runner/.config/composer/vendor/bin:/usr/local/.ghcup/bin:/home/runner/.dotnet/tools:/usr/local/sbin:/usr/local/bin:/usr/sbin:/usr/bin:/sbin:/bin:/usr/games:/usr/local/games:/snap/bin
proof-ci	Install system deps	2025-09-29T18:21:28.8293716Z   OPAMCLI: 2.0
proof-ci	Install system deps	2025-09-29T18:21:28.8294025Z   OPAMCOLOR: always
proof-ci	Install system deps	2025-09-29T18:21:28.8294359Z   OPAMERRLOGLEN: 0
proof-ci	Install system deps	2025-09-29T18:21:28.8294661Z   OPAMJOBS: 4
proof-ci	Install system deps	2025-09-29T18:21:28.8294966Z   OPAMPRECISETRACKING: 1
proof-ci	Install system deps	2025-09-29T18:21:28.8295345Z   OPAMSOLVERTIMEOUT: 1000
proof-ci	Install system deps	2025-09-29T18:21:28.8295686Z   OPAMYES: 1
proof-ci	Install system deps	2025-09-29T18:21:28.8295964Z   CLICOLOR_FORCE: 1
proof-ci	Install system deps	2025-09-29T18:21:28.8296273Z ##[endgroup]
proof-ci	Install system deps	2025-09-29T18:21:28.9289747Z Get:1 file:/etc/apt/apt-mirrors.txt Mirrorlist [144 B]
proof-ci	Install system deps	2025-09-29T18:21:28.9769201Z Hit:6 https://packages.microsoft.com/repos/azure-cli noble InRelease
proof-ci	Install system deps	2025-09-29T18:21:28.9770275Z Hit:7 https://packages.microsoft.com/ubuntu/24.04/prod noble InRelease
proof-ci	Install system deps	2025-09-29T18:21:29.0343959Z Hit:2 http://azure.archive.ubuntu.com/ubuntu noble InRelease
proof-ci	Install system deps	2025-09-29T18:21:29.0394714Z Hit:3 http://azure.archive.ubuntu.com/ubuntu noble-updates InRelease
proof-ci	Install system deps	2025-09-29T18:21:29.0424140Z Hit:4 http://azure.archive.ubuntu.com/ubuntu noble-backports InRelease
proof-ci	Install system deps	2025-09-29T18:21:29.0429158Z Hit:5 http://azure.archive.ubuntu.com/ubuntu noble-security InRelease
proof-ci	Install system deps	2025-09-29T18:21:30.2338278Z Reading package lists...
proof-ci	Install system deps	2025-09-29T18:21:30.2732431Z Reading package lists...
proof-ci	Install system deps	2025-09-29T18:21:30.4852438Z Building dependency tree...
proof-ci	Install system deps	2025-09-29T18:21:30.4860895Z Reading state information...
proof-ci	Install system deps	2025-09-29T18:21:30.6837979Z libgmp-dev is already the newest version (2:6.3.0+dfsg-2ubuntu6.1).
proof-ci	Install system deps	2025-09-29T18:21:30.6838877Z pkg-config is already the newest version (1.8.1-2build1).
proof-ci	Install system deps	2025-09-29T18:21:30.6839655Z 0 upgraded, 0 newly installed, 0 to remove and 18 not upgraded.
proof-ci	Install Coq toolchain	ï»¿2025-09-29T18:21:30.6901068Z ##[group]Run opam repo add default https://opam.ocaml.org || true
proof-ci	Install Coq toolchain	2025-09-29T18:21:30.6901979Z [36;1mopam repo add default https://opam.ocaml.org || true[0m
proof-ci	Install Coq toolchain	2025-09-29T18:21:30.6903095Z [36;1mopam repo add coq-released https://coq.inria.fr/opam/released || true[0m
proof-ci	Install Coq toolchain	2025-09-29T18:21:30.6903808Z [36;1mopam update -y || true[0m
proof-ci	Install Coq toolchain	2025-09-29T18:21:30.6904510Z [36;1mopam install -y dune coq=8.18.0 coq-core=8.18.0 coq-mathcomp-ssreflect=1.17.0[0m
proof-ci	Install Coq toolchain	2025-09-29T18:21:30.6946244Z shell: /usr/bin/bash -e {0}
proof-ci	Install Coq toolchain	2025-09-29T18:21:30.6946501Z env:
proof-ci	Install Coq toolchain	2025-09-29T18:21:30.6947639Z   PATH: /home/runner/.github-tools:/snap/bin:/home/runner/.local/bin:/opt/pipx_bin:/home/runner/.cargo/bin:/home/runner/.config/composer/vendor/bin:/usr/local/.ghcup/bin:/home/runner/.dotnet/tools:/usr/local/sbin:/usr/local/bin:/usr/sbin:/usr/bin:/sbin:/bin:/usr/games:/usr/local/games:/snap/bin
proof-ci	Install Coq toolchain	2025-09-29T18:21:30.6948842Z   OPAMCLI: 2.0
proof-ci	Install Coq toolchain	2025-09-29T18:21:30.6949044Z   OPAMCOLOR: always
proof-ci	Install Coq toolchain	2025-09-29T18:21:30.6949248Z   OPAMERRLOGLEN: 0
proof-ci	Install Coq toolchain	2025-09-29T18:21:30.6949489Z   OPAMJOBS: 4
proof-ci	Install Coq toolchain	2025-09-29T18:21:30.6949693Z   OPAMPRECISETRACKING: 1
proof-ci	Install Coq toolchain	2025-09-29T18:21:30.6949922Z   OPAMSOLVERTIMEOUT: 1000
proof-ci	Install Coq toolchain	2025-09-29T18:21:30.6950141Z   OPAMYES: 1
proof-ci	Install Coq toolchain	2025-09-29T18:21:30.6950318Z   CLICOLOR_FORCE: 1
proof-ci	Install Coq toolchain	2025-09-29T18:21:30.6950521Z ##[endgroup]
proof-ci	Install Coq toolchain	2025-09-29T18:21:30.7624121Z [31m[ERROR][0m Repository default is already set up and points to git+https://github.com/ocaml/opam-repository.git. To change that, use 'opam repository set-url default https://opam.ocaml.org'.
proof-ci	Install Coq toolchain	2025-09-29T18:21:32.8496657Z [[32mcoq-released[0m] Initialised
proof-ci	Install Coq toolchain	2025-09-29T18:21:34.7194136Z [1;34m[NOTE][0m Repository coq-released has been added to the selections of switch /home/runner/work/latex_perf/latex_perf only.
proof-ci	Install Coq toolchain	2025-09-29T18:21:34.7196033Z        Run `opam repository add coq-released --all-switches|--set-default' to use it in all existing switches, or in newly created switches, respectively.
proof-ci	Install Coq toolchain	2025-09-29T18:21:34.7197081Z 
proof-ci	Install Coq toolchain	2025-09-29T18:21:35.0032512Z [1;34m[NOTE][0m latex-perfectionist.dev has previously been updated with --working-dir, not resetting unless explicitly selected
proof-ci	Install Coq toolchain	2025-09-29T18:21:35.0034344Z 
proof-ci	Install Coq toolchain	2025-09-29T18:21:35.0035153Z [36m<><>[0m [01mUpdating package repositories[0m [36m><><><><><><><><><><><><><><><><><><><><><><>[0m
proof-ci	Install Coq toolchain	2025-09-29T18:21:38.4130867Z [[32mcoq-released[0m] no changes from https://coq.inria.fr/opam/released
proof-ci	Install Coq toolchain	2025-09-29T18:21:39.8236743Z [[32mdefault[0m] no changes from git+https://github.com/ocaml/opam-repository.git
proof-ci	Install Coq toolchain	2025-09-29T18:21:57.1058155Z The following actions will be performed:
proof-ci	Install Coq toolchain	2025-09-29T18:21:57.1060075Z   [32mâ[0m install [01mdune[0m                   3.20.2
proof-ci	Install Coq toolchain	2025-09-29T18:21:57.1063746Z   [32mâ[0m install [01mconf-pkg-config[0m        4      [required by zarith]
proof-ci	Install Coq toolchain	2025-09-29T18:21:57.1066055Z   [32mâ[0m install [01mocamlfind[0m              1.9.8  [required by coq-core]
proof-ci	Install Coq toolchain	2025-09-29T18:21:57.1067819Z   [32mâ[0m install [01mconf-gmp[0m               5      [required by zarith]
proof-ci	Install Coq toolchain	2025-09-29T18:21:57.1068964Z   [32mâ[0m install [01mzarith[0m                 1.14   [required by coq-core]
proof-ci	Install Coq toolchain	2025-09-29T18:21:57.1069773Z   [32mâ[0m install [01mcoq-core[0m               8.18.0
proof-ci	Install Coq toolchain	2025-09-29T18:21:57.1070688Z   [32mâ[0m install [01mcoqide-server[0m          8.18.0 [required by coq]
proof-ci	Install Coq toolchain	2025-09-29T18:21:57.1071772Z   [32mâ[0m install [01mcoq-stdlib[0m             8.18.0 [required by coq]
proof-ci	Install Coq toolchain	2025-09-29T18:21:57.1072572Z   [32mâ[0m install [01mcoq[0m                    8.18.0
proof-ci	Install Coq toolchain	2025-09-29T18:21:57.1073471Z   [32mâ[0m install [01mcoq-mathcomp-ssreflect[0m 1.17.0
proof-ci	Install Coq toolchain	2025-09-29T18:21:57.1074074Z ===== [32mâ[0m 10 =====
proof-ci	Install Coq toolchain	2025-09-29T18:21:57.1074366Z 
proof-ci	Install Coq toolchain	2025-09-29T18:21:57.1074871Z [36m<><>[0m [01mProcessing actions[0m [36m<><><><><><><><><><><><><><><><><><><><><><><><><><><><>[0m
proof-ci	Install Coq toolchain	2025-09-29T18:21:59.6723311Z [36mâ¬[0m retrieved [01mconf-gmp[0m.5  (https://raw.githubusercontent.com/ocaml/opam-source-archives/main/patches/conf-gmp/test.c.4)
proof-ci	Install Coq toolchain	2025-09-29T18:21:59.7966825Z [32mâ[0m installed [01mconf-pkg-config[0m.4
proof-ci	Install Coq toolchain	2025-09-29T18:21:59.7987719Z [32mâ[0m installed [01mconf-gmp[0m.5
proof-ci	Install Coq toolchain	2025-09-29T18:22:00.2895982Z [36mâ¬[0m retrieved [01mcoq-mathcomp-ssreflect[0m.1.17.0  (https://github.com/math-comp/math-comp/archive/mathcomp-1.17.0.tar.gz)
proof-ci	Install Coq toolchain	2025-09-29T18:22:00.7165480Z [36mâ¬[0m retrieved [01mcoq[0m.8.18.0  (https://github.com/coq/coq/releases/download/V8.18.0/coq-8.18.0.tar.gz)
proof-ci	Install Coq toolchain	2025-09-29T18:22:01.2008442Z [36mâ¬[0m retrieved [01mcoq-core[0m.8.18.0  (https://github.com/coq/coq/releases/download/V8.18.0/coq-8.18.0.tar.gz)
proof-ci	Install Coq toolchain	2025-09-29T18:22:01.5879101Z [36mâ¬[0m retrieved [01mcoq-stdlib[0m.8.18.0  (cached)
proof-ci	Install Coq toolchain	2025-09-29T18:22:01.9763508Z [36mâ¬[0m retrieved [01mcoqide-server[0m.8.18.0  (cached)
proof-ci	Install Coq toolchain	2025-09-29T18:22:02.0548775Z [36mâ¬[0m retrieved [01mocamlfind[0m.1.9.8  (https://github.com/ocaml/ocamlfind/archive/refs/tags/findlib-1.9.8.tar.gz)
proof-ci	Install Coq toolchain	2025-09-29T18:22:02.2557757Z [36mâ¬[0m retrieved [01mzarith[0m.1.14  (https://github.com/ocaml/Zarith/archive/release-1.14.tar.gz)
proof-ci	Install Coq toolchain	2025-09-29T18:22:03.1385077Z [36mâ¬[0m retrieved [01mdune[0m.3.20.2  (https://github.com/ocaml/dune/releases/download/3.20.2/dune-3.20.2.tbz)
proof-ci	Install Coq toolchain	2025-09-29T18:22:06.0218862Z [32mâ[0m installed [01mocamlfind[0m.1.9.8
proof-ci	Install Coq toolchain	2025-09-29T18:22:09.4804488Z [32mâ[0m installed [01mzarith[0m.1.14
proof-ci	Install Coq toolchain	2025-09-29T18:22:30.2515129Z [32mâ[0m installed [01mdune[0m.3.20.2
proof-ci	Install Coq toolchain	2025-09-29T18:23:18.6251711Z [32mâ[0m installed [01mcoq-core[0m.8.18.0
proof-ci	Install Coq toolchain	2025-09-29T18:23:22.5786557Z [32mâ[0m installed [01mcoqide-server[0m.8.18.0
proof-ci	Install Coq toolchain	2025-09-29T18:25:52.3441946Z [32mâ[0m installed [01mcoq-stdlib[0m.8.18.0
proof-ci	Install Coq toolchain	2025-09-29T18:25:52.7607649Z [32mâ[0m installed [01mcoq[0m.8.18.0
proof-ci	Install Coq toolchain	2025-09-29T18:26:20.9447261Z [32mâ[0m installed [01mcoq-mathcomp-ssreflect[0m.1.17.0
proof-ci	Install Coq toolchain	2025-09-29T18:26:22.4467865Z Done.
proof-ci	Install Coq toolchain	2025-09-29T18:26:22.4479585Z # Run [01meval $(opam env)[0m to update the current shell environment
proof-ci	Build proofs	ï»¿2025-09-29T18:26:23.9299754Z ##[group]Run opam exec -- dune build proofs
proof-ci	Build proofs	2025-09-29T18:26:23.9300196Z [36;1mopam exec -- dune build proofs[0m
proof-ci	Build proofs	2025-09-29T18:26:23.9334818Z shell: /usr/bin/bash -e {0}
proof-ci	Build proofs	2025-09-29T18:26:23.9335328Z env:
proof-ci	Build proofs	2025-09-29T18:26:23.9336739Z   PATH: /home/runner/.github-tools:/snap/bin:/home/runner/.local/bin:/opt/pipx_bin:/home/runner/.cargo/bin:/home/runner/.config/composer/vendor/bin:/usr/local/.ghcup/bin:/home/runner/.dotnet/tools:/usr/local/sbin:/usr/local/bin:/usr/sbin:/usr/bin:/sbin:/bin:/usr/games:/usr/local/games:/snap/bin
proof-ci	Build proofs	2025-09-29T18:26:23.9338255Z   OPAMCLI: 2.0
proof-ci	Build proofs	2025-09-29T18:26:23.9338526Z   OPAMCOLOR: always
proof-ci	Build proofs	2025-09-29T18:26:23.9338803Z   OPAMERRLOGLEN: 0
proof-ci	Build proofs	2025-09-29T18:26:23.9339074Z   OPAMJOBS: 4
proof-ci	Build proofs	2025-09-29T18:26:23.9339338Z   OPAMPRECISETRACKING: 1
proof-ci	Build proofs	2025-09-29T18:26:23.9339662Z   OPAMSOLVERTIMEOUT: 1000
proof-ci	Build proofs	2025-09-29T18:26:23.9339966Z   OPAMYES: 1
proof-ci	Build proofs	2025-09-29T18:26:23.9340211Z   CLICOLOR_FORCE: 1
proof-ci	Build proofs	2025-09-29T18:26:23.9340479Z ##[endgroup]
proof-ci	Enforce zero admits and zero axioms	ï»¿2025-09-29T18:26:24.8841619Z ##[group]Run # No Admitted. or admit. (exclude archives and disabled files)
proof-ci	Enforce zero admits and zero axioms	2025-09-29T18:26:24.8842283Z [36;1m# No Admitted. or admit. (exclude archives and disabled files)[0m
proof-ci	Enforce zero admits and zero axioms	2025-09-29T18:26:24.8843179Z [36;1mif grep -R -nE '\bAdmitted\.' proofs --exclude-dir=archive --exclude='*.disabled' || \[0m
proof-ci	Enforce zero admits and zero axioms	2025-09-29T18:26:24.8843948Z [36;1m   grep -R -nE '\badmit\.' proofs --exclude-dir=archive --exclude='*.disabled'; then[0m
proof-ci	Enforce zero admits and zero axioms	2025-09-29T18:26:24.8844548Z [36;1m  echo "[proof-gate] ERROR: admits found"; exit 1; fi[0m
proof-ci	Enforce zero admits and zero axioms	2025-09-29T18:26:24.8845078Z [36;1m# No Axiom declarations (exclude archives and disabled files)[0m
proof-ci	Enforce zero admits and zero axioms	2025-09-29T18:26:24.8845715Z [36;1mif grep -R -nE '^\s*Axiom\b' proofs --exclude-dir=archive --exclude='*.disabled'; then[0m
proof-ci	Enforce zero admits and zero axioms	2025-09-29T18:26:24.8846312Z [36;1m  echo "[proof-gate] ERROR: axioms found"; exit 1; fi[0m
proof-ci	Enforce zero admits and zero axioms	2025-09-29T18:26:24.8879044Z shell: /usr/bin/bash -e {0}
proof-ci	Enforce zero admits and zero axioms	2025-09-29T18:26:24.8879377Z env:
proof-ci	Enforce zero admits and zero axioms	2025-09-29T18:26:24.8880958Z   PATH: /home/runner/.github-tools:/snap/bin:/home/runner/.local/bin:/opt/pipx_bin:/home/runner/.cargo/bin:/home/runner/.config/composer/vendor/bin:/usr/local/.ghcup/bin:/home/runner/.dotnet/tools:/usr/local/sbin:/usr/local/bin:/usr/sbin:/usr/bin:/sbin:/bin:/usr/games:/usr/local/games:/snap/bin
proof-ci	Enforce zero admits and zero axioms	2025-09-29T18:26:24.8882866Z   OPAMCLI: 2.0
proof-ci	Enforce zero admits and zero axioms	2025-09-29T18:26:24.8883149Z   OPAMCOLOR: always
proof-ci	Enforce zero admits and zero axioms	2025-09-29T18:26:24.8883436Z   OPAMERRLOGLEN: 0
proof-ci	Enforce zero admits and zero axioms	2025-09-29T18:26:24.8883710Z   OPAMJOBS: 4
proof-ci	Enforce zero admits and zero axioms	2025-09-29T18:26:24.8883976Z   OPAMPRECISETRACKING: 1
proof-ci	Enforce zero admits and zero axioms	2025-09-29T18:26:24.8884303Z   OPAMSOLVERTIMEOUT: 1000
proof-ci	Enforce zero admits and zero axioms	2025-09-29T18:26:24.8884601Z   OPAMYES: 1
proof-ci	Enforce zero admits and zero axioms	2025-09-29T18:26:24.8884851Z   CLICOLOR_FORCE: 1
proof-ci	Enforce zero admits and zero axioms	2025-09-29T18:26:24.8885113Z ##[endgroup]
proof-ci	Enforce zero admits and zero axioms	2025-09-29T18:26:24.8966880Z proofs/LexerSmallstep.v:2:   This is deliberately minimal and admit-free to keep CI zero-admit. *)
proof-ci	Enforce zero admits and zero axioms	2025-09-29T18:26:24.8968445Z [proof-gate] ERROR: admits found
proof-ci	Enforce zero admits and zero axioms	2025-09-29T18:26:24.8973435Z ##[error]Process completed with exit code 1.
proof-ci	Post Set up OCaml and OPAM	ï»¿2025-09-29T18:26:24.9051300Z Post job cleanup.
proof-ci	Post Run actions/checkout@v4	ï»¿2025-09-29T18:26:24.9104288Z Post job cleanup.
proof-ci	Post Run actions/checkout@v4	2025-09-29T18:26:25.0076753Z [command]/usr/bin/git version
proof-ci	Post Run actions/checkout@v4	2025-09-29T18:26:25.0113954Z git version 2.51.0
proof-ci	Post Run actions/checkout@v4	2025-09-29T18:26:25.0158636Z Temporarily overriding HOME='/home/runner/work/_temp/01e913d5-398f-47e2-9f5a-322053bf3f77' before making global git config changes
proof-ci	Post Run actions/checkout@v4	2025-09-29T18:26:25.0160245Z Adding repository directory to the temporary git global config as a safe directory
proof-ci	Post Run actions/checkout@v4	2025-09-29T18:26:25.0165666Z [command]/usr/bin/git config --global --add safe.directory /home/runner/work/latex_perf/latex_perf
proof-ci	Post Run actions/checkout@v4	2025-09-29T18:26:25.0205989Z [command]/usr/bin/git config --local --name-only --get-regexp core\.sshCommand
proof-ci	Post Run actions/checkout@v4	2025-09-29T18:26:25.0240325Z [command]/usr/bin/git submodule foreach --recursive sh -c "git config --local --name-only --get-regexp 'core\.sshCommand' && git config --local --unset-all 'core.sshCommand' || :"
proof-ci	Post Run actions/checkout@v4	2025-09-29T18:26:25.0481442Z [command]/usr/bin/git config --local --name-only --get-regexp http\.https\:\/\/github\.com\/\.extraheader
proof-ci	Post Run actions/checkout@v4	2025-09-29T18:26:25.0503125Z http.https://github.com/.extraheader
proof-ci	Post Run actions/checkout@v4	2025-09-29T18:26:25.0516795Z [command]/usr/bin/git config --local --unset-all http.https://github.com/.extraheader
proof-ci	Post Run actions/checkout@v4	2025-09-29T18:26:25.0550363Z [command]/usr/bin/git submodule foreach --recursive sh -c "git config --local --name-only --get-regexp 'http\.https\:\/\/github\.com\/\.extraheader' && git config --local --unset-all 'http.https://github.com/.extraheader' || :"
proof-ci	Complete job	ï»¿2025-09-29T18:26:25.0911791Z Cleaning up orphan processes
