format	Set up job	ï»¿2025-09-29T18:07:52.8347422Z Current runner version: '2.328.0'
format	Set up job	2025-09-29T18:07:52.8372320Z ##[group]Runner Image Provisioner
format	Set up job	2025-09-29T18:07:52.8373211Z Hosted Compute Agent
format	Set up job	2025-09-29T18:07:52.8373737Z Version: 20250912.392
format	Set up job	2025-09-29T18:07:52.8374419Z Commit: d921fda672a98b64f4f82364647e2f10b2267d0b
format	Set up job	2025-09-29T18:07:52.8375092Z Build Date: 2025-09-12T15:23:14Z
format	Set up job	2025-09-29T18:07:52.8375693Z ##[endgroup]
format	Set up job	2025-09-29T18:07:52.8376191Z ##[group]Operating System
format	Set up job	2025-09-29T18:07:52.8376820Z Ubuntu
format	Set up job	2025-09-29T18:07:52.8377269Z 22.04.5
format	Set up job	2025-09-29T18:07:52.8377740Z LTS
format	Set up job	2025-09-29T18:07:52.8378216Z ##[endgroup]
format	Set up job	2025-09-29T18:07:52.8378697Z ##[group]Runner Image
format	Set up job	2025-09-29T18:07:52.8379401Z Image: ubuntu-22.04
format	Set up job	2025-09-29T18:07:52.8379957Z Version: 20250922.79.1
format	Set up job	2025-09-29T18:07:52.8380969Z Included Software: https://github.com/actions/runner-images/blob/ubuntu22/20250922.79/images/ubuntu/Ubuntu2204-Readme.md
format	Set up job	2025-09-29T18:07:52.8382328Z Image Release: https://github.com/actions/runner-images/releases/tag/ubuntu22%2F20250922.79
format	Set up job	2025-09-29T18:07:52.8383523Z ##[endgroup]
format	Set up job	2025-09-29T18:07:52.8385960Z ##[group]GITHUB_TOKEN Permissions
format	Set up job	2025-09-29T18:07:52.8388098Z Actions: write
format	Set up job	2025-09-29T18:07:52.8388658Z Attestations: write
format	Set up job	2025-09-29T18:07:52.8389443Z Checks: write
format	Set up job	2025-09-29T18:07:52.8389934Z Contents: write
format	Set up job	2025-09-29T18:07:52.8390432Z Deployments: write
format	Set up job	2025-09-29T18:07:52.8390938Z Discussions: write
format	Set up job	2025-09-29T18:07:52.8391469Z Issues: write
format	Set up job	2025-09-29T18:07:52.8391921Z Metadata: read
format	Set up job	2025-09-29T18:07:52.8392443Z Models: read
format	Set up job	2025-09-29T18:07:52.8392931Z Packages: write
format	Set up job	2025-09-29T18:07:52.8393433Z Pages: write
format	Set up job	2025-09-29T18:07:52.8393871Z PullRequests: write
format	Set up job	2025-09-29T18:07:52.8394482Z RepositoryProjects: write
format	Set up job	2025-09-29T18:07:52.8395042Z SecurityEvents: write
format	Set up job	2025-09-29T18:07:52.8395608Z Statuses: write
format	Set up job	2025-09-29T18:07:52.8396205Z ##[endgroup]
format	Set up job	2025-09-29T18:07:52.8398136Z Secret source: Actions
format	Set up job	2025-09-29T18:07:52.8398815Z Prepare workflow directory
format	Set up job	2025-09-29T18:07:52.8730391Z Prepare all required actions
format	Set up job	2025-09-29T18:07:52.8770670Z Getting action download info
format	Set up job	2025-09-29T18:07:53.2932640Z Download action repository 'actions/checkout@v4' (SHA:08eba0b27e820071cde6df949e0beb9ba4906955)
format	Set up job	2025-09-29T18:07:53.5781193Z Download action repository 'actions/upload-artifact@v4' (SHA:ea165f8d65b6e75b540449e92b4886f43607fa02)
format	Set up job	2025-09-29T18:07:53.8291135Z Complete job name: format
format	Run actions/checkout@v4	ï»¿2025-09-29T18:07:53.9074764Z ##[group]Run actions/checkout@v4
format	Run actions/checkout@v4	2025-09-29T18:07:53.9075668Z with:
format	Run actions/checkout@v4	2025-09-29T18:07:53.9076119Z   repository: ClanClanClanClan/latex_perf
format	Run actions/checkout@v4	2025-09-29T18:07:53.9076876Z   token: ***
format	Run actions/checkout@v4	2025-09-29T18:07:53.9077288Z   ssh-strict: true
format	Run actions/checkout@v4	2025-09-29T18:07:53.9077707Z   ssh-user: git
format	Run actions/checkout@v4	2025-09-29T18:07:53.9078134Z   persist-credentials: true
format	Run actions/checkout@v4	2025-09-29T18:07:53.9078607Z   clean: true
format	Run actions/checkout@v4	2025-09-29T18:07:53.9079201Z   sparse-checkout-cone-mode: true
format	Run actions/checkout@v4	2025-09-29T18:07:53.9079725Z   fetch-depth: 1
format	Run actions/checkout@v4	2025-09-29T18:07:53.9080149Z   fetch-tags: false
format	Run actions/checkout@v4	2025-09-29T18:07:53.9080576Z   show-progress: true
format	Run actions/checkout@v4	2025-09-29T18:07:53.9081015Z   lfs: false
format	Run actions/checkout@v4	2025-09-29T18:07:53.9081415Z   submodules: false
format	Run actions/checkout@v4	2025-09-29T18:07:53.9081872Z   set-safe-directory: true
format	Run actions/checkout@v4	2025-09-29T18:07:53.9082597Z ##[endgroup]
format	Run actions/checkout@v4	2025-09-29T18:07:54.0215992Z Syncing repository: ClanClanClanClan/latex_perf
format	Run actions/checkout@v4	2025-09-29T18:07:54.0219589Z ##[group]Getting Git version info
format	Run actions/checkout@v4	2025-09-29T18:07:54.0220996Z Working directory is '/home/runner/work/latex_perf/latex_perf'
format	Run actions/checkout@v4	2025-09-29T18:07:54.0223291Z [command]/usr/bin/git version
format	Run actions/checkout@v4	2025-09-29T18:07:54.0287121Z git version 2.51.0
format	Run actions/checkout@v4	2025-09-29T18:07:54.0314423Z ##[endgroup]
format	Run actions/checkout@v4	2025-09-29T18:07:54.0337240Z Temporarily overriding HOME='/home/runner/work/_temp/72f71b97-fa68-4ec5-b811-11ecef821a51' before making global git config changes
format	Run actions/checkout@v4	2025-09-29T18:07:54.0340154Z Adding repository directory to the temporary git global config as a safe directory
format	Run actions/checkout@v4	2025-09-29T18:07:54.0343326Z [command]/usr/bin/git config --global --add safe.directory /home/runner/work/latex_perf/latex_perf
format	Run actions/checkout@v4	2025-09-29T18:07:54.0375365Z Deleting the contents of '/home/runner/work/latex_perf/latex_perf'
format	Run actions/checkout@v4	2025-09-29T18:07:54.0378606Z ##[group]Initializing the repository
format	Run actions/checkout@v4	2025-09-29T18:07:54.0383155Z [command]/usr/bin/git init /home/runner/work/latex_perf/latex_perf
format	Run actions/checkout@v4	2025-09-29T18:07:54.0491663Z hint: Using 'master' as the name for the initial branch. This default branch name
format	Run actions/checkout@v4	2025-09-29T18:07:54.0493184Z hint: is subject to change. To configure the initial branch name to use in all
format	Run actions/checkout@v4	2025-09-29T18:07:54.0494586Z hint: of your new repositories, which will suppress this warning, call:
format	Run actions/checkout@v4	2025-09-29T18:07:54.0495711Z hint:
format	Run actions/checkout@v4	2025-09-29T18:07:54.0496452Z hint: 	git config --global init.defaultBranch <name>
format	Run actions/checkout@v4	2025-09-29T18:07:54.0497613Z hint:
format	Run actions/checkout@v4	2025-09-29T18:07:54.0498721Z hint: Names commonly chosen instead of 'master' are 'main', 'trunk' and
format	Run actions/checkout@v4	2025-09-29T18:07:54.0500747Z hint: 'development'. The just-created branch can be renamed via this command:
format	Run actions/checkout@v4	2025-09-29T18:07:54.0502201Z hint:
format	Run actions/checkout@v4	2025-09-29T18:07:54.0503007Z hint: 	git branch -m <name>
format	Run actions/checkout@v4	2025-09-29T18:07:54.0503843Z hint:
format	Run actions/checkout@v4	2025-09-29T18:07:54.0504964Z hint: Disable this message with "git config set advice.defaultBranchName false"
format	Run actions/checkout@v4	2025-09-29T18:07:54.0506985Z Initialized empty Git repository in /home/runner/work/latex_perf/latex_perf/.git/
format	Run actions/checkout@v4	2025-09-29T18:07:54.0510541Z [command]/usr/bin/git remote add origin https://github.com/ClanClanClanClan/latex_perf
format	Run actions/checkout@v4	2025-09-29T18:07:54.0544764Z ##[endgroup]
format	Run actions/checkout@v4	2025-09-29T18:07:54.0546107Z ##[group]Disabling automatic garbage collection
format	Run actions/checkout@v4	2025-09-29T18:07:54.0549555Z [command]/usr/bin/git config --local gc.auto 0
format	Run actions/checkout@v4	2025-09-29T18:07:54.0578378Z ##[endgroup]
format	Run actions/checkout@v4	2025-09-29T18:07:54.0580005Z ##[group]Setting up auth
format	Run actions/checkout@v4	2025-09-29T18:07:54.0586592Z [command]/usr/bin/git config --local --name-only --get-regexp core\.sshCommand
format	Run actions/checkout@v4	2025-09-29T18:07:54.0617947Z [command]/usr/bin/git submodule foreach --recursive sh -c "git config --local --name-only --get-regexp 'core\.sshCommand' && git config --local --unset-all 'core.sshCommand' || :"
format	Run actions/checkout@v4	2025-09-29T18:07:54.0960196Z [command]/usr/bin/git config --local --name-only --get-regexp http\.https\:\/\/github\.com\/\.extraheader
format	Run actions/checkout@v4	2025-09-29T18:07:54.0991748Z [command]/usr/bin/git submodule foreach --recursive sh -c "git config --local --name-only --get-regexp 'http\.https\:\/\/github\.com\/\.extraheader' && git config --local --unset-all 'http.https://github.com/.extraheader' || :"
format	Run actions/checkout@v4	2025-09-29T18:07:54.1214294Z [command]/usr/bin/git config --local http.https://github.com/.extraheader AUTHORIZATION: basic ***
format	Run actions/checkout@v4	2025-09-29T18:07:54.1257250Z ##[endgroup]
format	Run actions/checkout@v4	2025-09-29T18:07:54.1258061Z ##[group]Fetching the repository
format	Run actions/checkout@v4	2025-09-29T18:07:54.1266589Z [command]/usr/bin/git -c protocol.version=2 fetch --no-tags --prune --no-recurse-submodules --depth=1 origin +4887232aba7d6b962bad0d84a547356f48bed82c:refs/remotes/origin/fix-math-strip
format	Run actions/checkout@v4	2025-09-29T18:07:54.8103851Z From https://github.com/ClanClanClanClan/latex_perf
format	Run actions/checkout@v4	2025-09-29T18:07:54.8105633Z  * [new ref]         4887232aba7d6b962bad0d84a547356f48bed82c -> origin/fix-math-strip
format	Run actions/checkout@v4	2025-09-29T18:07:54.8140017Z ##[endgroup]
format	Run actions/checkout@v4	2025-09-29T18:07:54.8141720Z ##[group]Determining the checkout info
format	Run actions/checkout@v4	2025-09-29T18:07:54.8143641Z ##[endgroup]
format	Run actions/checkout@v4	2025-09-29T18:07:54.8147558Z [command]/usr/bin/git sparse-checkout disable
format	Run actions/checkout@v4	2025-09-29T18:07:54.8190494Z [command]/usr/bin/git config --local --unset-all extensions.worktreeConfig
format	Run actions/checkout@v4	2025-09-29T18:07:54.8218575Z ##[group]Checking out the ref
format	Run actions/checkout@v4	2025-09-29T18:07:54.8222468Z [command]/usr/bin/git checkout --progress --force -B fix-math-strip refs/remotes/origin/fix-math-strip
format	Run actions/checkout@v4	2025-09-29T18:07:54.8661254Z Switched to a new branch 'fix-math-strip'
format	Run actions/checkout@v4	2025-09-29T18:07:54.8663491Z branch 'fix-math-strip' set up to track 'origin/fix-math-strip'.
format	Run actions/checkout@v4	2025-09-29T18:07:54.8671305Z ##[endgroup]
format	Run actions/checkout@v4	2025-09-29T18:07:54.8708452Z [command]/usr/bin/git log -1 --format=%H
format	Run actions/checkout@v4	2025-09-29T18:07:54.8761512Z 4887232aba7d6b962bad0d84a547356f48bed82c
format	Install OCaml & opam	ï»¿2025-09-29T18:07:54.9185947Z Prepare all required actions
format	Install OCaml & opam	2025-09-29T18:07:54.9187356Z Getting action download info
format	Install OCaml & opam	2025-09-29T18:07:55.0890137Z Download action repository 'ocaml/setup-ocaml@v2' (SHA:8cc6339f55862749298d198ef84788b8d6acdacc)
format	Install OCaml & opam	2025-09-29T18:07:55.9279490Z ##[group]Run ./.github/actions/setup-ocaml
format	Install OCaml & opam	2025-09-29T18:07:55.9280837Z with:
format	Install OCaml & opam	2025-09-29T18:07:55.9281561Z   ocaml-compiler: 4.14.1
format	Install OCaml & opam	2025-09-29T18:07:55.9282417Z   opam-depext: false
format	Install OCaml & opam	2025-09-29T18:07:55.9283262Z   allow-prerelease-opam: false
format	Install OCaml & opam	2025-09-29T18:07:55.9284185Z   opam-pin: true
format	Install OCaml & opam	2025-09-29T18:07:55.9284999Z   opam-local-packages: *.opam
format	Install OCaml & opam	2025-09-29T18:07:55.9285960Z   opam-disable-sandboxing: false
format	Install OCaml & opam	2025-09-29T18:07:55.9286887Z   dune-cache: false
format	Install OCaml & opam	2025-09-29T18:07:55.9287670Z   cache-prefix: v1
format	Install OCaml & opam	2025-09-29T18:07:55.9288428Z ##[endgroup]
format	Install OCaml & opam	2025-09-29T18:07:55.9407927Z ##[group]Run sudo apt-get update
format	Install OCaml & opam	2025-09-29T18:07:55.9409202Z [36;1msudo apt-get update[0m
format	Install OCaml & opam	2025-09-29T18:07:55.9410163Z [36;1msudo apt-get install -y \[0m
format	Install OCaml & opam	2025-09-29T18:07:55.9411159Z [36;1m  bubblewrap \[0m
format	Install OCaml & opam	2025-09-29T18:07:55.9412096Z [36;1m  g++-multilib \[0m
format	Install OCaml & opam	2025-09-29T18:07:55.9412967Z [36;1m  gcc-multilib \[0m
format	Install OCaml & opam	2025-09-29T18:07:55.9413839Z [36;1m  mercurial \[0m
format	Install OCaml & opam	2025-09-29T18:07:55.9414671Z [36;1m  musl-tools \[0m
format	Install OCaml & opam	2025-09-29T18:07:55.9415488Z [36;1m  rsync[0m
format	Install OCaml & opam	2025-09-29T18:07:55.9450269Z shell: /usr/bin/bash --noprofile --norc -e -o pipefail {0}
format	Install OCaml & opam	2025-09-29T18:07:55.9451551Z ##[endgroup]
format	Install OCaml & opam	2025-09-29T18:07:56.0498541Z Get:1 file:/etc/apt/apt-mirrors.txt Mirrorlist [144 B]
format	Install OCaml & opam	2025-09-29T18:07:56.1085457Z Hit:6 https://packages.microsoft.com/repos/azure-cli jammy InRelease
format	Install OCaml & opam	2025-09-29T18:07:56.1091710Z Get:7 https://packages.microsoft.com/ubuntu/22.04/prod jammy InRelease [3632 B]
format	Install OCaml & opam	2025-09-29T18:07:56.1263148Z Hit:2 http://azure.archive.ubuntu.com/ubuntu jammy InRelease
format	Install OCaml & opam	2025-09-29T18:07:56.1290351Z Get:3 http://azure.archive.ubuntu.com/ubuntu jammy-updates InRelease [128 kB]
format	Install OCaml & opam	2025-09-29T18:07:56.1333036Z Get:4 http://azure.archive.ubuntu.com/ubuntu jammy-backports InRelease [127 kB]
format	Install OCaml & opam	2025-09-29T18:07:56.1369954Z Get:5 http://azure.archive.ubuntu.com/ubuntu jammy-security InRelease [129 kB]
format	Install OCaml & opam	2025-09-29T18:07:56.3384401Z Get:8 https://packages.microsoft.com/ubuntu/22.04/prod jammy/main amd64 Packages [256 kB]
format	Install OCaml & opam	2025-09-29T18:07:56.3666550Z Get:9 https://packages.microsoft.com/ubuntu/22.04/prod jammy/main arm64 Packages [85.0 kB]
format	Install OCaml & opam	2025-09-29T18:07:56.5092583Z Get:10 http://azure.archive.ubuntu.com/ubuntu jammy-updates/main amd64 Packages [2939 kB]
format	Install OCaml & opam	2025-09-29T18:07:56.5253684Z Get:11 http://azure.archive.ubuntu.com/ubuntu jammy-updates/main Translation-en [459 kB]
format	Install OCaml & opam	2025-09-29T18:07:56.5304566Z Get:12 http://azure.archive.ubuntu.com/ubuntu jammy-updates/main amd64 c-n-f Metadata [19.0 kB]
format	Install OCaml & opam	2025-09-29T18:07:56.5313801Z Get:13 http://azure.archive.ubuntu.com/ubuntu jammy-updates/restricted amd64 Packages [4562 kB]
format	Install OCaml & opam	2025-09-29T18:07:56.5551135Z Get:14 http://azure.archive.ubuntu.com/ubuntu jammy-updates/restricted Translation-en [841 kB]
format	Install OCaml & opam	2025-09-29T18:07:56.5611840Z Get:15 http://azure.archive.ubuntu.com/ubuntu jammy-updates/universe amd64 Packages [1228 kB]
format	Install OCaml & opam	2025-09-29T18:07:56.5709731Z Get:16 http://azure.archive.ubuntu.com/ubuntu jammy-updates/universe Translation-en [305 kB]
format	Install OCaml & opam	2025-09-29T18:07:56.5740337Z Get:17 http://azure.archive.ubuntu.com/ubuntu jammy-updates/universe amd64 c-n-f Metadata [29.5 kB]
format	Install OCaml & opam	2025-09-29T18:07:56.6164129Z Get:18 http://azure.archive.ubuntu.com/ubuntu jammy-backports/universe amd64 Packages [30.0 kB]
format	Install OCaml & opam	2025-09-29T18:07:56.6177487Z Get:19 http://azure.archive.ubuntu.com/ubuntu jammy-backports/universe amd64 c-n-f Metadata [672 B]
format	Install OCaml & opam	2025-09-29T18:07:56.7471120Z Get:20 http://azure.archive.ubuntu.com/ubuntu jammy-security/main amd64 Packages [2689 kB]
format	Install OCaml & opam	2025-09-29T18:07:56.7610558Z Get:21 http://azure.archive.ubuntu.com/ubuntu jammy-security/main Translation-en [394 kB]
format	Install OCaml & opam	2025-09-29T18:07:56.7648850Z Get:22 http://azure.archive.ubuntu.com/ubuntu jammy-security/main amd64 c-n-f Metadata [13.9 kB]
format	Install OCaml & opam	2025-09-29T18:07:56.7673765Z Get:23 http://azure.archive.ubuntu.com/ubuntu jammy-security/restricted amd64 Packages [4413 kB]
format	Install OCaml & opam	2025-09-29T18:07:56.7959888Z Get:24 http://azure.archive.ubuntu.com/ubuntu jammy-security/restricted Translation-en [818 kB]
format	Install OCaml & opam	2025-09-29T18:07:56.8024374Z Get:25 http://azure.archive.ubuntu.com/ubuntu jammy-security/universe amd64 Packages [997 kB]
format	Install OCaml & opam	2025-09-29T18:07:56.8104554Z Get:26 http://azure.archive.ubuntu.com/ubuntu jammy-security/universe Translation-en [218 kB]
format	Install OCaml & opam	2025-09-29T18:07:56.8134456Z Get:27 http://azure.archive.ubuntu.com/ubuntu jammy-security/universe amd64 c-n-f Metadata [22.1 kB]
format	Install OCaml & opam	2025-09-29T18:08:05.7908427Z Fetched 20.7 MB in 3s (8013 kB/s)
format	Install OCaml & opam	2025-09-29T18:08:06.6788215Z Reading package lists...
format	Install OCaml & opam	2025-09-29T18:08:06.7367152Z Reading package lists...
format	Install OCaml & opam	2025-09-29T18:08:06.9367290Z Building dependency tree...
format	Install OCaml & opam	2025-09-29T18:08:06.9379369Z Reading state information...
format	Install OCaml & opam	2025-09-29T18:08:07.0889762Z mercurial is already the newest version (6.1.1-1ubuntu1).
format	Install OCaml & opam	2025-09-29T18:08:07.0891002Z rsync is already the newest version (3.2.7-0ubuntu0.22.04.4).
format	Install OCaml & opam	2025-09-29T18:08:07.0891716Z The following additional packages will be installed:
format	Install OCaml & opam	2025-09-29T18:08:07.0892608Z   g++-11-multilib gcc-11-multilib lib32asan6 lib32atomic1 lib32gcc-11-dev
format	Install OCaml & opam	2025-09-29T18:08:07.0893728Z   lib32gomp1 lib32itm1 lib32quadmath0 lib32stdc++-11-dev lib32ubsan1
format	Install OCaml & opam	2025-09-29T18:08:07.0894863Z   libc6-dev-i386 libc6-dev-x32 libc6-x32 libx32asan6 libx32atomic1
format	Install OCaml & opam	2025-09-29T18:08:07.0895723Z   libx32gcc-11-dev libx32gcc-s1 libx32gomp1 libx32itm1 libx32quadmath0
format	Install OCaml & opam	2025-09-29T18:08:07.0898866Z   libx32stdc++-11-dev libx32stdc++6 libx32ubsan1 musl musl-dev
format	Install OCaml & opam	2025-09-29T18:08:07.0906069Z Suggested packages:
format	Install OCaml & opam	2025-09-29T18:08:07.0906491Z   lib32stdc++6-11-dbg libx32stdc++6-11-dbg
format	Install OCaml & opam	2025-09-29T18:08:07.0906949Z Recommended packages:
format	Install OCaml & opam	2025-09-29T18:08:07.0907302Z   linux-musl-dev
format	Install OCaml & opam	2025-09-29T18:08:07.1432659Z The following NEW packages will be installed:
format	Install OCaml & opam	2025-09-29T18:08:07.1433653Z   bubblewrap g++-11-multilib g++-multilib gcc-11-multilib gcc-multilib
format	Install OCaml & opam	2025-09-29T18:08:07.1434684Z   lib32asan6 lib32atomic1 lib32gcc-11-dev lib32gomp1 lib32itm1 lib32quadmath0
format	Install OCaml & opam	2025-09-29T18:08:07.1437547Z   lib32stdc++-11-dev lib32ubsan1 libc6-dev-i386 libc6-dev-x32 libc6-x32
format	Install OCaml & opam	2025-09-29T18:08:07.1438342Z   libx32asan6 libx32atomic1 libx32gcc-11-dev libx32gcc-s1 libx32gomp1
format	Install OCaml & opam	2025-09-29T18:08:07.1440327Z   libx32itm1 libx32quadmath0 libx32stdc++-11-dev libx32stdc++6 libx32ubsan1
format	Install OCaml & opam	2025-09-29T18:08:07.1442436Z   musl musl-dev musl-tools
format	Install OCaml & opam	2025-09-29T18:08:07.1610470Z 0 upgraded, 29 newly installed, 0 to remove and 38 not upgraded.
format	Install OCaml & opam	2025-09-29T18:08:07.1611208Z Need to get 21.1 MB of archives.
format	Install OCaml & opam	2025-09-29T18:08:07.1611770Z After this operation, 93.4 MB of additional disk space will be used.
format	Install OCaml & opam	2025-09-29T18:08:07.1612433Z Get:1 file:/etc/apt/apt-mirrors.txt Mirrorlist [144 B]
format	Install OCaml & opam	2025-09-29T18:08:07.2327007Z Get:2 http://azure.archive.ubuntu.com/ubuntu jammy-updates/main amd64 bubblewrap amd64 0.6.1-1ubuntu0.1 [46.3 kB]
format	Install OCaml & opam	2025-09-29T18:08:07.2880652Z Get:3 http://azure.archive.ubuntu.com/ubuntu jammy-updates/main amd64 libc6-dev-i386 amd64 2.35-0ubuntu3.11 [1445 kB]
format	Install OCaml & opam	2025-09-29T18:08:07.5000893Z Get:4 http://azure.archive.ubuntu.com/ubuntu jammy-updates/main amd64 libc6-x32 amd64 2.35-0ubuntu3.11 [2978 kB]
format	Install OCaml & opam	2025-09-29T18:08:07.7625881Z Get:5 http://azure.archive.ubuntu.com/ubuntu jammy-updates/main amd64 libc6-dev-x32 amd64 2.35-0ubuntu3.11 [1632 kB]
format	Install OCaml & opam	2025-09-29T18:08:07.9856570Z Get:6 http://azure.archive.ubuntu.com/ubuntu jammy-updates/main amd64 libx32gcc-s1 amd64 12.3.0-1ubuntu1~22.04.2 [54.0 kB]
format	Install OCaml & opam	2025-09-29T18:08:08.0406190Z Get:7 http://azure.archive.ubuntu.com/ubuntu jammy-updates/main amd64 lib32gomp1 amd64 12.3.0-1ubuntu1~22.04.2 [133 kB]
format	Install OCaml & opam	2025-09-29T18:08:08.0977516Z Get:8 http://azure.archive.ubuntu.com/ubuntu jammy-updates/main amd64 libx32gomp1 amd64 12.3.0-1ubuntu1~22.04.2 [127 kB]
format	Install OCaml & opam	2025-09-29T18:08:08.1526017Z Get:9 http://azure.archive.ubuntu.com/ubuntu jammy-updates/main amd64 lib32itm1 amd64 12.3.0-1ubuntu1~22.04.2 [32.0 kB]
format	Install OCaml & opam	2025-09-29T18:08:08.2087478Z Get:10 http://azure.archive.ubuntu.com/ubuntu jammy-updates/main amd64 libx32itm1 amd64 12.3.0-1ubuntu1~22.04.2 [30.2 kB]
format	Install OCaml & opam	2025-09-29T18:08:08.2637764Z Get:11 http://azure.archive.ubuntu.com/ubuntu jammy-updates/main amd64 lib32atomic1 amd64 12.3.0-1ubuntu1~22.04.2 [8512 B]
format	Install OCaml & opam	2025-09-29T18:08:08.3182121Z Get:12 http://azure.archive.ubuntu.com/ubuntu jammy-updates/main amd64 libx32atomic1 amd64 12.3.0-1ubuntu1~22.04.2 [10.2 kB]
format	Install OCaml & opam	2025-09-29T18:08:08.3725529Z Get:13 http://azure.archive.ubuntu.com/ubuntu jammy-updates/main amd64 lib32asan6 amd64 11.4.0-1ubuntu1~22.04.2 [2154 kB]
format	Install OCaml & opam	2025-09-29T18:08:08.5834159Z Get:14 http://azure.archive.ubuntu.com/ubuntu jammy-updates/main amd64 libx32asan6 amd64 11.4.0-1ubuntu1~22.04.2 [2128 kB]
format	Install OCaml & opam	2025-09-29T18:08:08.7960193Z Get:15 http://azure.archive.ubuntu.com/ubuntu jammy-updates/main amd64 lib32ubsan1 amd64 12.3.0-1ubuntu1~22.04.2 [959 kB]
format	Install OCaml & opam	2025-09-29T18:08:08.9552415Z Get:16 http://azure.archive.ubuntu.com/ubuntu jammy-updates/main amd64 libx32stdc++6 amd64 12.3.0-1ubuntu1~22.04.2 [682 kB]
format	Install OCaml & opam	2025-09-29T18:08:09.0654833Z Get:17 http://azure.archive.ubuntu.com/ubuntu jammy-updates/main amd64 libx32ubsan1 amd64 12.3.0-1ubuntu1~22.04.2 [963 kB]
format	Install OCaml & opam	2025-09-29T18:08:09.1795467Z Get:18 http://azure.archive.ubuntu.com/ubuntu jammy-updates/main amd64 lib32quadmath0 amd64 12.3.0-1ubuntu1~22.04.2 [244 kB]
format	Install OCaml & opam	2025-09-29T18:08:09.2361751Z Get:19 http://azure.archive.ubuntu.com/ubuntu jammy-updates/main amd64 libx32quadmath0 amd64 12.3.0-1ubuntu1~22.04.2 [156 kB]
format	Install OCaml & opam	2025-09-29T18:08:09.3057067Z Get:20 http://azure.archive.ubuntu.com/ubuntu jammy-updates/main amd64 lib32gcc-11-dev amd64 11.4.0-1ubuntu1~22.04.2 [2339 kB]
format	Install OCaml & opam	2025-09-29T18:08:09.5221304Z Get:21 http://azure.archive.ubuntu.com/ubuntu jammy-updates/main amd64 libx32gcc-11-dev amd64 11.4.0-1ubuntu1~22.04.2 [2106 kB]
format	Install OCaml & opam	2025-09-29T18:08:09.7341309Z Get:22 http://azure.archive.ubuntu.com/ubuntu jammy-updates/main amd64 gcc-11-multilib amd64 11.4.0-1ubuntu1~22.04.2 [880 B]
format	Install OCaml & opam	2025-09-29T18:08:09.7874916Z Get:23 http://azure.archive.ubuntu.com/ubuntu jammy-updates/main amd64 lib32stdc++-11-dev amd64 11.4.0-1ubuntu1~22.04.2 [989 kB]
format	Install OCaml & opam	2025-09-29T18:08:09.9033841Z Get:24 http://azure.archive.ubuntu.com/ubuntu jammy-updates/main amd64 libx32stdc++-11-dev amd64 11.4.0-1ubuntu1~22.04.2 [906 kB]
format	Install OCaml & opam	2025-09-29T18:08:10.0138601Z Get:25 http://azure.archive.ubuntu.com/ubuntu jammy-updates/main amd64 g++-11-multilib amd64 11.4.0-1ubuntu1~22.04.2 [894 B]
format	Install OCaml & opam	2025-09-29T18:08:10.0687730Z Get:26 http://azure.archive.ubuntu.com/ubuntu jammy/main amd64 gcc-multilib amd64 4:11.2.0-1ubuntu1 [1382 B]
format	Install OCaml & opam	2025-09-29T18:08:10.1228100Z Get:27 http://azure.archive.ubuntu.com/ubuntu jammy/main amd64 g++-multilib amd64 4:11.2.0-1ubuntu1 [854 B]
format	Install OCaml & opam	2025-09-29T18:08:10.1780929Z Get:28 http://azure.archive.ubuntu.com/ubuntu jammy/universe amd64 musl amd64 1.2.2-4 [407 kB]
format	Install OCaml & opam	2025-09-29T18:08:10.2392110Z Get:29 http://azure.archive.ubuntu.com/ubuntu jammy/universe amd64 musl-dev amd64 1.2.2-4 [605 kB]
format	Install OCaml & opam	2025-09-29T18:08:10.3475610Z Get:30 http://azure.archive.ubuntu.com/ubuntu jammy/universe amd64 musl-tools amd64 1.2.2-4 [5520 B]
format	Install OCaml & opam	2025-09-29T18:08:10.6466482Z Fetched 21.1 MB in 3s (6613 kB/s)
format	Install OCaml & opam	2025-09-29T18:08:10.6718791Z Selecting previously unselected package bubblewrap.
format	Install OCaml & opam	2025-09-29T18:08:10.7033046Z (Reading database ... 
format	Install OCaml & opam	2025-09-29T18:08:10.7033535Z (Reading database ... 5%
format	Install OCaml & opam	2025-09-29T18:08:10.7033847Z (Reading database ... 10%
format	Install OCaml & opam	2025-09-29T18:08:10.7034132Z (Reading database ... 15%
format	Install OCaml & opam	2025-09-29T18:08:10.7034416Z (Reading database ... 20%
format	Install OCaml & opam	2025-09-29T18:08:10.7034999Z (Reading database ... 25%
format	Install OCaml & opam	2025-09-29T18:08:10.7035411Z (Reading database ... 30%
format	Install OCaml & opam	2025-09-29T18:08:10.7035787Z (Reading database ... 35%
format	Install OCaml & opam	2025-09-29T18:08:10.7036183Z (Reading database ... 40%
format	Install OCaml & opam	2025-09-29T18:08:10.7036584Z (Reading database ... 45%
format	Install OCaml & opam	2025-09-29T18:08:10.7037008Z (Reading database ... 50%
format	Install OCaml & opam	2025-09-29T18:08:10.8767366Z (Reading database ... 55%
format	Install OCaml & opam	2025-09-29T18:08:11.1834122Z (Reading database ... 60%
format	Install OCaml & opam	2025-09-29T18:08:11.5280700Z (Reading database ... 65%
format	Install OCaml & opam	2025-09-29T18:08:11.7854323Z (Reading database ... 70%
format	Install OCaml & opam	2025-09-29T18:08:12.0726436Z (Reading database ... 75%
format	Install OCaml & opam	2025-09-29T18:08:12.3764525Z (Reading database ... 80%
format	Install OCaml & opam	2025-09-29T18:08:12.6337489Z (Reading database ... 85%
format	Install OCaml & opam	2025-09-29T18:08:12.8374102Z (Reading database ... 90%
format	Install OCaml & opam	2025-09-29T18:08:13.1317076Z (Reading database ... 95%
format	Install OCaml & opam	2025-09-29T18:08:13.1317530Z (Reading database ... 100%
format	Install OCaml & opam	2025-09-29T18:08:13.1318016Z (Reading database ... 256283 files and directories currently installed.)
format	Install OCaml & opam	2025-09-29T18:08:13.1369666Z Preparing to unpack .../00-bubblewrap_0.6.1-1ubuntu0.1_amd64.deb ...
format	Install OCaml & opam	2025-09-29T18:08:13.1401600Z Unpacking bubblewrap (0.6.1-1ubuntu0.1) ...
format	Install OCaml & opam	2025-09-29T18:08:13.1925552Z Selecting previously unselected package libc6-dev-i386.
format	Install OCaml & opam	2025-09-29T18:08:13.2078610Z Preparing to unpack .../01-libc6-dev-i386_2.35-0ubuntu3.11_amd64.deb ...
format	Install OCaml & opam	2025-09-29T18:08:13.2094795Z Unpacking libc6-dev-i386 (2.35-0ubuntu3.11) ...
format	Install OCaml & opam	2025-09-29T18:08:13.2694292Z Selecting previously unselected package libc6-x32.
format	Install OCaml & opam	2025-09-29T18:08:13.2847646Z Preparing to unpack .../02-libc6-x32_2.35-0ubuntu3.11_amd64.deb ...
format	Install OCaml & opam	2025-09-29T18:08:13.2874222Z Unpacking libc6-x32 (2.35-0ubuntu3.11) ...
format	Install OCaml & opam	2025-09-29T18:08:13.3982792Z Selecting previously unselected package libc6-dev-x32.
format	Install OCaml & opam	2025-09-29T18:08:13.4137171Z Preparing to unpack .../03-libc6-dev-x32_2.35-0ubuntu3.11_amd64.deb ...
format	Install OCaml & opam	2025-09-29T18:08:13.4150526Z Unpacking libc6-dev-x32 (2.35-0ubuntu3.11) ...
format	Install OCaml & opam	2025-09-29T18:08:13.4705479Z Selecting previously unselected package libx32gcc-s1.
format	Install OCaml & opam	2025-09-29T18:08:13.4858811Z Preparing to unpack .../04-libx32gcc-s1_12.3.0-1ubuntu1~22.04.2_amd64.deb ...
format	Install OCaml & opam	2025-09-29T18:08:13.4873412Z Unpacking libx32gcc-s1 (12.3.0-1ubuntu1~22.04.2) ...
format	Install OCaml & opam	2025-09-29T18:08:13.5108116Z Selecting previously unselected package lib32gomp1.
format	Install OCaml & opam	2025-09-29T18:08:13.5261692Z Preparing to unpack .../05-lib32gomp1_12.3.0-1ubuntu1~22.04.2_amd64.deb ...
format	Install OCaml & opam	2025-09-29T18:08:13.5271911Z Unpacking lib32gomp1 (12.3.0-1ubuntu1~22.04.2) ...
format	Install OCaml & opam	2025-09-29T18:08:13.5513568Z Selecting previously unselected package libx32gomp1.
format	Install OCaml & opam	2025-09-29T18:08:13.5671749Z Preparing to unpack .../06-libx32gomp1_12.3.0-1ubuntu1~22.04.2_amd64.deb ...
format	Install OCaml & opam	2025-09-29T18:08:13.5685778Z Unpacking libx32gomp1 (12.3.0-1ubuntu1~22.04.2) ...
format	Install OCaml & opam	2025-09-29T18:08:13.5927650Z Selecting previously unselected package lib32itm1.
format	Install OCaml & opam	2025-09-29T18:08:13.6080331Z Preparing to unpack .../07-lib32itm1_12.3.0-1ubuntu1~22.04.2_amd64.deb ...
format	Install OCaml & opam	2025-09-29T18:08:13.6092114Z Unpacking lib32itm1 (12.3.0-1ubuntu1~22.04.2) ...
format	Install OCaml & opam	2025-09-29T18:08:13.6320792Z Selecting previously unselected package libx32itm1.
format	Install OCaml & opam	2025-09-29T18:08:13.6480365Z Preparing to unpack .../08-libx32itm1_12.3.0-1ubuntu1~22.04.2_amd64.deb ...
format	Install OCaml & opam	2025-09-29T18:08:13.6492325Z Unpacking libx32itm1 (12.3.0-1ubuntu1~22.04.2) ...
format	Install OCaml & opam	2025-09-29T18:08:13.6719286Z Selecting previously unselected package lib32atomic1.
format	Install OCaml & opam	2025-09-29T18:08:13.6871494Z Preparing to unpack .../09-lib32atomic1_12.3.0-1ubuntu1~22.04.2_amd64.deb ...
format	Install OCaml & opam	2025-09-29T18:08:13.6882162Z Unpacking lib32atomic1 (12.3.0-1ubuntu1~22.04.2) ...
format	Install OCaml & opam	2025-09-29T18:08:13.7161070Z Selecting previously unselected package libx32atomic1.
format	Install OCaml & opam	2025-09-29T18:08:13.7313165Z Preparing to unpack .../10-libx32atomic1_12.3.0-1ubuntu1~22.04.2_amd64.deb ...
format	Install OCaml & opam	2025-09-29T18:08:13.7324419Z Unpacking libx32atomic1 (12.3.0-1ubuntu1~22.04.2) ...
format	Install OCaml & opam	2025-09-29T18:08:13.7533530Z Selecting previously unselected package lib32asan6.
format	Install OCaml & opam	2025-09-29T18:08:13.7686021Z Preparing to unpack .../11-lib32asan6_11.4.0-1ubuntu1~22.04.2_amd64.deb ...
format	Install OCaml & opam	2025-09-29T18:08:13.7700629Z Unpacking lib32asan6 (11.4.0-1ubuntu1~22.04.2) ...
format	Install OCaml & opam	2025-09-29T18:08:13.8182954Z Selecting previously unselected package libx32asan6.
format	Install OCaml & opam	2025-09-29T18:08:13.8336495Z Preparing to unpack .../12-libx32asan6_11.4.0-1ubuntu1~22.04.2_amd64.deb ...
format	Install OCaml & opam	2025-09-29T18:08:13.8350521Z Unpacking libx32asan6 (11.4.0-1ubuntu1~22.04.2) ...
format	Install OCaml & opam	2025-09-29T18:08:13.8831496Z Selecting previously unselected package lib32ubsan1.
format	Install OCaml & opam	2025-09-29T18:08:13.9022071Z Preparing to unpack .../13-lib32ubsan1_12.3.0-1ubuntu1~22.04.2_amd64.deb ...
format	Install OCaml & opam	2025-09-29T18:08:13.9034716Z Unpacking lib32ubsan1 (12.3.0-1ubuntu1~22.04.2) ...
format	Install OCaml & opam	2025-09-29T18:08:13.9381091Z Selecting previously unselected package libx32stdc++6.
format	Install OCaml & opam	2025-09-29T18:08:13.9536052Z Preparing to unpack .../14-libx32stdc++6_12.3.0-1ubuntu1~22.04.2_amd64.deb ...
format	Install OCaml & opam	2025-09-29T18:08:13.9547699Z Unpacking libx32stdc++6 (12.3.0-1ubuntu1~22.04.2) ...
format	Install OCaml & opam	2025-09-29T18:08:13.9850710Z Selecting previously unselected package libx32ubsan1.
format	Install OCaml & opam	2025-09-29T18:08:14.0004675Z Preparing to unpack .../15-libx32ubsan1_12.3.0-1ubuntu1~22.04.2_amd64.deb ...
format	Install OCaml & opam	2025-09-29T18:08:14.0016916Z Unpacking libx32ubsan1 (12.3.0-1ubuntu1~22.04.2) ...
format	Install OCaml & opam	2025-09-29T18:08:14.0344783Z Selecting previously unselected package lib32quadmath0.
format	Install OCaml & opam	2025-09-29T18:08:14.0498346Z Preparing to unpack .../16-lib32quadmath0_12.3.0-1ubuntu1~22.04.2_amd64.deb ...
format	Install OCaml & opam	2025-09-29T18:08:14.0508625Z Unpacking lib32quadmath0 (12.3.0-1ubuntu1~22.04.2) ...
format	Install OCaml & opam	2025-09-29T18:08:14.0763379Z Selecting previously unselected package libx32quadmath0.
format	Install OCaml & opam	2025-09-29T18:08:14.0918521Z Preparing to unpack .../17-libx32quadmath0_12.3.0-1ubuntu1~22.04.2_amd64.deb ...
format	Install OCaml & opam	2025-09-29T18:08:14.0930233Z Unpacking libx32quadmath0 (12.3.0-1ubuntu1~22.04.2) ...
format	Install OCaml & opam	2025-09-29T18:08:14.1156545Z Selecting previously unselected package lib32gcc-11-dev.
format	Install OCaml & opam	2025-09-29T18:08:14.1311124Z Preparing to unpack .../18-lib32gcc-11-dev_11.4.0-1ubuntu1~22.04.2_amd64.deb ...
format	Install OCaml & opam	2025-09-29T18:08:14.1415259Z Unpacking lib32gcc-11-dev (11.4.0-1ubuntu1~22.04.2) ...
format	Install OCaml & opam	2025-09-29T18:08:14.1954966Z Selecting previously unselected package libx32gcc-11-dev.
format	Install OCaml & opam	2025-09-29T18:08:14.2111052Z Preparing to unpack .../19-libx32gcc-11-dev_11.4.0-1ubuntu1~22.04.2_amd64.deb ...
format	Install OCaml & opam	2025-09-29T18:08:14.2121462Z Unpacking libx32gcc-11-dev (11.4.0-1ubuntu1~22.04.2) ...
format	Install OCaml & opam	2025-09-29T18:08:14.2574975Z Selecting previously unselected package gcc-11-multilib.
format	Install OCaml & opam	2025-09-29T18:08:14.2728609Z Preparing to unpack .../20-gcc-11-multilib_11.4.0-1ubuntu1~22.04.2_amd64.deb ...
format	Install OCaml & opam	2025-09-29T18:08:14.2739691Z Unpacking gcc-11-multilib (11.4.0-1ubuntu1~22.04.2) ...
format	Install OCaml & opam	2025-09-29T18:08:14.2935430Z Selecting previously unselected package lib32stdc++-11-dev.
format	Install OCaml & opam	2025-09-29T18:08:14.3090484Z Preparing to unpack .../21-lib32stdc++-11-dev_11.4.0-1ubuntu1~22.04.2_amd64.deb ...
format	Install OCaml & opam	2025-09-29T18:08:14.3102502Z Unpacking lib32stdc++-11-dev (11.4.0-1ubuntu1~22.04.2) ...
format	Install OCaml & opam	2025-09-29T18:08:14.3868475Z Selecting previously unselected package libx32stdc++-11-dev.
format	Install OCaml & opam	2025-09-29T18:08:14.4023554Z Preparing to unpack .../22-libx32stdc++-11-dev_11.4.0-1ubuntu1~22.04.2_amd64.deb ...
format	Install OCaml & opam	2025-09-29T18:08:14.4033963Z Unpacking libx32stdc++-11-dev (11.4.0-1ubuntu1~22.04.2) ...
format	Install OCaml & opam	2025-09-29T18:08:14.4594366Z Selecting previously unselected package g++-11-multilib.
format	Install OCaml & opam	2025-09-29T18:08:14.4748770Z Preparing to unpack .../23-g++-11-multilib_11.4.0-1ubuntu1~22.04.2_amd64.deb ...
format	Install OCaml & opam	2025-09-29T18:08:14.4759418Z Unpacking g++-11-multilib (11.4.0-1ubuntu1~22.04.2) ...
format	Install OCaml & opam	2025-09-29T18:08:14.4952027Z Selecting previously unselected package gcc-multilib.
format	Install OCaml & opam	2025-09-29T18:08:14.5105763Z Preparing to unpack .../24-gcc-multilib_4%3a11.2.0-1ubuntu1_amd64.deb ...
format	Install OCaml & opam	2025-09-29T18:08:14.5115774Z Unpacking gcc-multilib (4:11.2.0-1ubuntu1) ...
format	Install OCaml & opam	2025-09-29T18:08:14.5312563Z Selecting previously unselected package g++-multilib.
format	Install OCaml & opam	2025-09-29T18:08:14.5465998Z Preparing to unpack .../25-g++-multilib_4%3a11.2.0-1ubuntu1_amd64.deb ...
format	Install OCaml & opam	2025-09-29T18:08:14.5477477Z Unpacking g++-multilib (4:11.2.0-1ubuntu1) ...
format	Install OCaml & opam	2025-09-29T18:08:14.5680595Z Selecting previously unselected package musl:amd64.
format	Install OCaml & opam	2025-09-29T18:08:14.5834064Z Preparing to unpack .../26-musl_1.2.2-4_amd64.deb ...
format	Install OCaml & opam	2025-09-29T18:08:14.5844758Z Unpacking musl:amd64 (1.2.2-4) ...
format	Install OCaml & opam	2025-09-29T18:08:14.6357194Z Selecting previously unselected package musl-dev:amd64.
format	Install OCaml & opam	2025-09-29T18:08:14.6513175Z Preparing to unpack .../27-musl-dev_1.2.2-4_amd64.deb ...
format	Install OCaml & opam	2025-09-29T18:08:14.6524872Z Unpacking musl-dev:amd64 (1.2.2-4) ...
format	Install OCaml & opam	2025-09-29T18:08:14.7145519Z Selecting previously unselected package musl-tools.
format	Install OCaml & opam	2025-09-29T18:08:14.7300333Z Preparing to unpack .../28-musl-tools_1.2.2-4_amd64.deb ...
format	Install OCaml & opam	2025-09-29T18:08:14.7312115Z Unpacking musl-tools (1.2.2-4) ...
format	Install OCaml & opam	2025-09-29T18:08:14.8060567Z Setting up bubblewrap (0.6.1-1ubuntu0.1) ...
format	Install OCaml & opam	2025-09-29T18:08:14.8119346Z Setting up libc6-dev-i386 (2.35-0ubuntu3.11) ...
format	Install OCaml & opam	2025-09-29T18:08:14.8152057Z Setting up lib32itm1 (12.3.0-1ubuntu1~22.04.2) ...
format	Install OCaml & opam	2025-09-29T18:08:14.8184385Z Setting up lib32ubsan1 (12.3.0-1ubuntu1~22.04.2) ...
format	Install OCaml & opam	2025-09-29T18:08:14.8213786Z Setting up libc6-x32 (2.35-0ubuntu3.11) ...
format	Install OCaml & opam	2025-09-29T18:08:14.8254518Z Setting up libc6-dev-x32 (2.35-0ubuntu3.11) ...
format	Install OCaml & opam	2025-09-29T18:08:14.8289447Z Setting up lib32gomp1 (12.3.0-1ubuntu1~22.04.2) ...
format	Install OCaml & opam	2025-09-29T18:08:14.8325123Z Setting up libx32gomp1 (12.3.0-1ubuntu1~22.04.2) ...
format	Install OCaml & opam	2025-09-29T18:08:14.8357714Z Setting up lib32asan6 (11.4.0-1ubuntu1~22.04.2) ...
format	Install OCaml & opam	2025-09-29T18:08:14.8392810Z Setting up musl:amd64 (1.2.2-4) ...
format	Install OCaml & opam	2025-09-29T18:08:14.8452314Z Setting up lib32quadmath0 (12.3.0-1ubuntu1~22.04.2) ...
format	Install OCaml & opam	2025-09-29T18:08:14.8484409Z Setting up libx32quadmath0 (12.3.0-1ubuntu1~22.04.2) ...
format	Install OCaml & opam	2025-09-29T18:08:14.8514349Z Setting up lib32atomic1 (12.3.0-1ubuntu1~22.04.2) ...
format	Install OCaml & opam	2025-09-29T18:08:14.8542352Z Setting up libx32atomic1 (12.3.0-1ubuntu1~22.04.2) ...
format	Install OCaml & opam	2025-09-29T18:08:14.8571101Z Setting up libx32gcc-s1 (12.3.0-1ubuntu1~22.04.2) ...
format	Install OCaml & opam	2025-09-29T18:08:14.8599940Z Setting up libx32itm1 (12.3.0-1ubuntu1~22.04.2) ...
format	Install OCaml & opam	2025-09-29T18:08:14.8626178Z Setting up musl-dev:amd64 (1.2.2-4) ...
format	Install OCaml & opam	2025-09-29T18:08:14.8664502Z Setting up libx32asan6 (11.4.0-1ubuntu1~22.04.2) ...
format	Install OCaml & opam	2025-09-29T18:08:14.8695787Z Setting up libx32stdc++6 (12.3.0-1ubuntu1~22.04.2) ...
format	Install OCaml & opam	2025-09-29T18:08:14.8726095Z Setting up libx32ubsan1 (12.3.0-1ubuntu1~22.04.2) ...
format	Install OCaml & opam	2025-09-29T18:08:14.8758213Z Setting up musl-tools (1.2.2-4) ...
format	Install OCaml & opam	2025-09-29T18:08:14.8787880Z Setting up libx32gcc-11-dev (11.4.0-1ubuntu1~22.04.2) ...
format	Install OCaml & opam	2025-09-29T18:08:14.8814487Z Setting up libx32stdc++-11-dev (11.4.0-1ubuntu1~22.04.2) ...
format	Install OCaml & opam	2025-09-29T18:08:14.8843876Z Setting up lib32gcc-11-dev (11.4.0-1ubuntu1~22.04.2) ...
format	Install OCaml & opam	2025-09-29T18:08:14.8871965Z Setting up lib32stdc++-11-dev (11.4.0-1ubuntu1~22.04.2) ...
format	Install OCaml & opam	2025-09-29T18:08:14.8972216Z Setting up gcc-11-multilib (11.4.0-1ubuntu1~22.04.2) ...
format	Install OCaml & opam	2025-09-29T18:08:14.9001941Z Setting up gcc-multilib (4:11.2.0-1ubuntu1) ...
format	Install OCaml & opam	2025-09-29T18:08:14.9033740Z Setting up g++-11-multilib (11.4.0-1ubuntu1~22.04.2) ...
format	Install OCaml & opam	2025-09-29T18:08:14.9065011Z Setting up g++-multilib (4:11.2.0-1ubuntu1) ...
format	Install OCaml & opam	2025-09-29T18:08:14.9095734Z Processing triggers for libc-bin (2.35-0ubuntu3.10) ...
format	Install OCaml & opam	2025-09-29T18:08:14.9442840Z Processing triggers for man-db (2.10.2-1) ...
format	Install OCaml & opam	2025-09-29T18:08:18.4561007Z NEEDRESTART-VER: 3.5
format	Install OCaml & opam	2025-09-29T18:08:18.8677806Z NEEDRESTART-KCUR: 6.8.0-1031-azure
format	Install OCaml & opam	2025-09-29T18:08:18.8678347Z NEEDRESTART-KEXP: 6.8.0-1031-azure
format	Install OCaml & opam	2025-09-29T18:08:18.8678736Z NEEDRESTART-KSTA: 1
format	Install OCaml & opam	2025-09-29T18:08:18.8679361Z NEEDRESTART-SVC: hosted-compute-agent.service
format	Install OCaml & opam	2025-09-29T18:08:20.2627525Z ##[group]Run mkdir -p "$HOME/.github-tools"
format	Install OCaml & opam	2025-09-29T18:08:20.2627883Z [36;1mmkdir -p "$HOME/.github-tools"[0m
format	Install OCaml & opam	2025-09-29T18:08:20.2628126Z [36;1m{[0m
format	Install OCaml & opam	2025-09-29T18:08:20.2628324Z [36;1m  printf '%s\n' '#!/usr/bin/env bash'[0m
format	Install OCaml & opam	2025-09-29T18:08:20.2628644Z [36;1m  printf '%s\n' 'if [[ "$1" == "apt-get" ]]; then'[0m
format	Install OCaml & opam	2025-09-29T18:08:20.2628940Z [36;1m  printf '%s\n' '  args=()'[0m
format	Install OCaml & opam	2025-09-29T18:08:20.2629472Z [36;1m  printf '%s\n' '  install_seen=false'[0m
format	Install OCaml & opam	2025-09-29T18:08:20.2629768Z [36;1m  printf '%s\n' '  for arg in "$@"; do'[0m
format	Install OCaml & opam	2025-09-29T18:08:20.2630096Z [36;1m  printf '%s\n' '    if [[ "$arg" == "install" ]]; then'[0m
format	Install OCaml & opam	2025-09-29T18:08:20.2630413Z [36;1m  printf '%s\n' '      install_seen=true'[0m
format	Install OCaml & opam	2025-09-29T18:08:20.2630674Z [36;1m  printf '%s\n' '    fi'[0m
format	Install OCaml & opam	2025-09-29T18:08:20.2631001Z [36;1m  printf '%s\n' '    if [[ "$install_seen" == true && "$arg" == "darcs" ]]; then'[0m
format	Install OCaml & opam	2025-09-29T18:08:20.2631337Z [36;1m  printf '%s\n' '      continue'[0m
format	Install OCaml & opam	2025-09-29T18:08:20.2631586Z [36;1m  printf '%s\n' '    fi'[0m
format	Install OCaml & opam	2025-09-29T18:08:20.2631828Z [36;1m  printf '%s\n' '    args+=("$arg")'[0m
format	Install OCaml & opam	2025-09-29T18:08:20.2632103Z [36;1m  printf '%s\n' '  done'[0m
format	Install OCaml & opam	2025-09-29T18:08:20.2632378Z [36;1m  printf '%s\n' '  exec /usr/bin/sudo "${args[@]}"'[0m
format	Install OCaml & opam	2025-09-29T18:08:20.2632665Z [36;1m  printf '%s\n' 'fi'[0m
format	Install OCaml & opam	2025-09-29T18:08:20.2632927Z [36;1m  printf '%s\n' 'exec /usr/bin/sudo "$@"'[0m
format	Install OCaml & opam	2025-09-29T18:08:20.2633210Z [36;1m} > "$HOME/.github-tools/sudo"[0m
format	Install OCaml & opam	2025-09-29T18:08:20.2633484Z [36;1mchmod +x "$HOME/.github-tools/sudo"[0m
format	Install OCaml & opam	2025-09-29T18:08:20.2634002Z [36;1mecho "PATH=$HOME/.github-tools:$PATH" >> "$GITHUB_ENV"[0m
format	Install OCaml & opam	2025-09-29T18:08:20.2661142Z shell: /usr/bin/bash --noprofile --norc -e -o pipefail {0}
format	Install OCaml & opam	2025-09-29T18:08:20.2661463Z ##[endgroup]
format	Install OCaml & opam	2025-09-29T18:08:20.2794730Z ##[group]Run ocaml/setup-ocaml@v2
format	Install OCaml & opam	2025-09-29T18:08:20.2794965Z with:
format	Install OCaml & opam	2025-09-29T18:08:20.2795138Z   ocaml-compiler: 4.14.1
format	Install OCaml & opam	2025-09-29T18:08:20.2795402Z   allow-prerelease-opam: false
format	Install OCaml & opam	2025-09-29T18:08:20.2795624Z   opam-pin: true
format	Install OCaml & opam	2025-09-29T18:08:20.2795807Z   opam-depext: false
format	Install OCaml & opam	2025-09-29T18:08:20.2796004Z   opam-local-packages: *.opam
format	Install OCaml & opam	2025-09-29T18:08:20.2796238Z   opam-disable-sandboxing: false
format	Install OCaml & opam	2025-09-29T18:08:20.2796458Z   dune-cache: false
format	Install OCaml & opam	2025-09-29T18:08:20.2796638Z   cache-prefix: v1
format	Install OCaml & opam	2025-09-29T18:08:20.2797114Z   github-token: ***
format	Install OCaml & opam	2025-09-29T18:08:20.2797305Z env:
format	Install OCaml & opam	2025-09-29T18:08:20.2798273Z   PATH: /home/runner/.github-tools:/snap/bin:/home/runner/.local/bin:/opt/pipx_bin:/home/runner/.cargo/bin:/home/runner/.config/composer/vendor/bin:/usr/local/.ghcup/bin:/home/runner/.dotnet/tools:/usr/local/sbin:/usr/local/bin:/usr/sbin:/usr/bin:/sbin:/bin:/usr/games:/usr/local/games:/snap/bin
format	Install OCaml & opam	2025-09-29T18:08:20.2799511Z ##[endgroup]
format	Install OCaml & opam	2025-09-29T18:08:20.4579448Z ##[group]Retrieve the opam cache
format	Install OCaml & opam	2025-09-29T18:08:22.0212583Z ##[warning]Failed to restore: Cache service responded with 400
format	Install OCaml & opam	2025-09-29T18:08:22.0214390Z Cache not found for input keys: v1-setup-ocaml-opam-2.1.6-sandbox-linux-22.04-x86_64-ocaml_base_compiler_4_14_1-2025-40, v1-setup-ocaml-opam-2.1.6-sandbox-linux-22.04-x86_64-ocaml_base_compiler_4_14_1-2025-40, v1-setup-ocaml-opam-2.1.6-sandbox-linux-22.04-x86_64-ocaml_base_compiler_4_14_1-2025-, v1-setup-ocaml-opam-2.1.6-sandbox-linux-22.04-x86_64-ocaml_base_compiler_4_14_1-
format	Install OCaml & opam	2025-09-29T18:08:22.0215765Z ##[endgroup]
format	Install OCaml & opam	2025-09-29T18:08:22.0216122Z ##[group]Install opam
format	Install OCaml & opam	2025-09-29T18:08:23.0496237Z Acquired 2.1.6 from https://github.com/ocaml/opam/releases/download/2.1.6/opam-2.1.6-x86_64-linux
format	Install OCaml & opam	2025-09-29T18:08:23.0592247Z Successfully cached opam to /opt/hostedtoolcache/opam/2.1.6/x86_64
format	Install OCaml & opam	2025-09-29T18:08:23.0594386Z Added opam to the path
format	Install OCaml & opam	2025-09-29T18:08:23.0595247Z ##[endgroup]
format	Install OCaml & opam	2025-09-29T18:08:23.0595921Z ##[group]Initialise the opam state
format	Install OCaml & opam	2025-09-29T18:08:23.0620122Z [command]/home/runner/.github-tools/sudo apt-get --yes install bubblewrap darcs g++-multilib gcc-multilib mercurial musl-tools rsync
format	Install OCaml & opam	2025-09-29T18:08:23.1139556Z Reading package lists...
format	Install OCaml & opam	2025-09-29T18:08:23.3094202Z Building dependency tree...
format	Install OCaml & opam	2025-09-29T18:08:23.3106173Z Reading state information...
format	Install OCaml & opam	2025-09-29T18:08:23.4761649Z g++-multilib is already the newest version (4:11.2.0-1ubuntu1).
format	Install OCaml & opam	2025-09-29T18:08:23.4762165Z gcc-multilib is already the newest version (4:11.2.0-1ubuntu1).
format	Install OCaml & opam	2025-09-29T18:08:23.4762578Z mercurial is already the newest version (6.1.1-1ubuntu1).
format	Install OCaml & opam	2025-09-29T18:08:23.4762941Z musl-tools is already the newest version (1.2.2-4).
format	Install OCaml & opam	2025-09-29T18:08:23.4763330Z bubblewrap is already the newest version (0.6.1-1ubuntu0.1).
format	Install OCaml & opam	2025-09-29T18:08:23.4763756Z rsync is already the newest version (3.2.7-0ubuntu0.22.04.4).
format	Install OCaml & opam	2025-09-29T18:08:23.4764163Z 0 upgraded, 0 newly installed, 0 to remove and 38 not upgraded.
format	Install OCaml & opam	2025-09-29T18:08:23.4801889Z [command]/opt/hostedtoolcache/opam/2.1.6/x86_64/opam init --auto-setup --bare --enable-shell-hook
format	Install OCaml & opam	2025-09-29T18:08:23.4938883Z No configuration file found, using built-in defaults.
format	Install OCaml & opam	2025-09-29T18:08:23.4943085Z Checking for available remotes: rsync and local, git, mercurial.
format	Install OCaml & opam	2025-09-29T18:08:23.4944369Z   - you won't be able to use darcs repositories unless you install the [01mdarcs[0m command on your system.
format	Install OCaml & opam	2025-09-29T18:08:23.4945034Z 
format	Install OCaml & opam	2025-09-29T18:08:23.5166072Z 
format	Install OCaml & opam	2025-09-29T18:08:23.5167205Z [36m<><>[0m [01mFetching repository information[0m [36m><><><><><><><><><><><><><><><><><><><><><>[0m
format	Install OCaml & opam	2025-09-29T18:08:26.5154105Z [[32mdefault[0m] Initialised
format	Install OCaml & opam	2025-09-29T18:08:38.2152705Z 
format	Install OCaml & opam	2025-09-29T18:08:38.2153144Z User configuration:
format	Install OCaml & opam	2025-09-29T18:08:38.2209790Z   Updating ~/.bash_profile.
format	Install OCaml & opam	2025-09-29T18:08:38.2212845Z [1;34m[NOTE][0m Make sure that ~/.bash_profile is well [04msourced[0m in your ~/.bashrc.
format	Install OCaml & opam	2025-09-29T18:08:38.2213402Z 
format	Install OCaml & opam	2025-09-29T18:08:39.4366285Z ##[endgroup]
format	Install OCaml & opam	2025-09-29T18:08:39.4367038Z ##[group]Remove the opam repositories
format	Install OCaml & opam	2025-09-29T18:08:39.4394862Z [command]/opt/hostedtoolcache/opam/2.1.6/x86_64/opam repository list --all-switches --short
format	Install OCaml & opam	2025-09-29T18:08:39.4922620Z default
format	Install OCaml & opam	2025-09-29T18:08:39.4956288Z [command]/opt/hostedtoolcache/opam/2.1.6/x86_64/opam repository remove default --all-switches
format	Install OCaml & opam	2025-09-29T18:08:39.5561334Z ##[endgroup]
format	Install OCaml & opam	2025-09-29T18:08:39.5562452Z ##[group]Initialise the opam repositories
format	Install OCaml & opam	2025-09-29T18:08:39.5583606Z [command]/opt/hostedtoolcache/opam/2.1.6/x86_64/opam repository add default https://github.com/ocaml/opam-repository.git --all-switches --set-default
format	Install OCaml & opam	2025-09-29T18:09:57.8207431Z [[32mdefault[0m] Initialised
format	Install OCaml & opam	2025-09-29T18:10:09.5579636Z ##[endgroup]
format	Install OCaml & opam	2025-09-29T18:10:09.8708262Z ##[group]Install OCaml
format	Install OCaml & opam	2025-09-29T18:10:09.8721553Z [command]/opt/hostedtoolcache/opam/2.1.6/x86_64/opam switch create . --no-install --packages ocaml-base-compiler.4.14.1
format	Install OCaml & opam	2025-09-29T18:10:10.0795154Z 
format	Install OCaml & opam	2025-09-29T18:10:10.0796127Z [36m<><>[0m [01mInstalling new switch packages[0m [36m<><><><><><><><><><><><><><><><><><><><><><>[0m
format	Install OCaml & opam	2025-09-29T18:10:10.0796770Z Switch invariant: ["ocaml-base-compiler" {= "4.14.1"}]
format	Install OCaml & opam	2025-09-29T18:10:14.2748841Z 
format	Install OCaml & opam	2025-09-29T18:10:14.2750052Z [36m<><>[0m [01mProcessing actions[0m [36m<><><><><><><><><><><><><><><><><><><><><><><><><><><><>[0m
format	Install OCaml & opam	2025-09-29T18:10:16.6822576Z [32mâ[0m installed [01mbase-bigarray[0m.base
format	Install OCaml & opam	2025-09-29T18:10:16.6828238Z [32mâ[0m installed [01mbase-threads[0m.base
format	Install OCaml & opam	2025-09-29T18:10:16.6836370Z [32mâ[0m installed [01mbase-unix[0m.base
format	Install OCaml & opam	2025-09-29T18:10:16.6844195Z [32mâ[0m installed [01mocaml-options-vanilla[0m.1
format	Install OCaml & opam	2025-09-29T18:10:16.8403741Z [36mâ¬[0m retrieved [01mocaml-config[0m.2  (2 extra sources)
format	Install OCaml & opam	2025-09-29T18:10:17.2909495Z [36mâ¬[0m retrieved [01mocaml-base-compiler[0m.4.14.1  (https://github.com/ocaml/ocaml/archive/4.14.1.tar.gz)
format	Install OCaml & opam	2025-09-29T18:12:45.3644904Z [32mâ[0m installed [01mocaml-base-compiler[0m.4.14.1
format	Install OCaml & opam	2025-09-29T18:12:45.3823835Z [32mâ[0m installed [01mocaml-config[0m.2
format	Install OCaml & opam	2025-09-29T18:12:45.4526031Z [32mâ[0m installed [01mocaml[0m.4.14.1
format	Install OCaml & opam	2025-09-29T18:12:45.8451428Z Done.
format	Install OCaml & opam	2025-09-29T18:12:45.8456537Z # Run [01meval $(opam env)[0m to update the current shell environment
format	Install OCaml & opam	2025-09-29T18:12:47.1715010Z ##[endgroup]
format	Install OCaml & opam	2025-09-29T18:12:47.1717539Z ##[group]Save the opam cache
format	Install OCaml & opam	2025-09-29T18:12:47.1734940Z [command]/opt/hostedtoolcache/opam/2.1.6/x86_64/opam clean --all-switches --download-cache --logs --repo-cache --unused-repositories
format	Install OCaml & opam	2025-09-29T18:12:47.3770813Z Cleaning up switch /home/runner/work/latex_perf/latex_perf
format	Install OCaml & opam	2025-09-29T18:12:47.4824109Z Updating /home/runner/.opam/repo/repos-config
format	Install OCaml & opam	2025-09-29T18:12:47.4824677Z Clearing repository cache
format	Install OCaml & opam	2025-09-29T18:12:47.4858551Z Clearing cache of downloaded files
format	Install OCaml & opam	2025-09-29T18:12:47.4925418Z Clearing logs
format	Install OCaml & opam	2025-09-29T18:12:48.4506800Z [command]/usr/bin/tar --posix -cf cache.tzst --exclude cache.tzst -P -C /home/runner/work/latex_perf/latex_perf --files-from manifest.txt --use-compress-program zstdmt
format	Install OCaml & opam	2025-09-29T18:12:50.2642578Z ##[warning]Failed to save: <h2>Our services aren't available right now</h2><p>We're working to restore all services as soon as possible. Please check back soon.</p>0IszaaAAAAAD1ThQTTVw0TYYjaksim79tREVOMzAxMDAwMTAxMDQ3AEVkZ2U=
format	Install OCaml & opam	2025-09-29T18:12:50.3407955Z ##[endgroup]
format	Install OCaml & opam	2025-09-29T18:12:50.3408904Z ##[group]Retrieve the opam download cache
format	Install OCaml & opam	2025-09-29T18:12:50.3805863Z ##[warning]Failed to restore: Cache service responded with 400
format	Install OCaml & opam	2025-09-29T18:12:50.3811384Z Cache not found for input keys: v1-setup-ocaml-opam-download-github.com/ocaml/opam-repository.git-4_14_1-2025-8-29-18106304974-57, v1-setup-ocaml-opam-download-github.com/ocaml/opam-repository.git-4_14_1-2025-8-29-18106304974-57, v1-setup-ocaml-opam-download-github.com/ocaml/opam-repository.git-4_14_1-2025-8-29-18106304974-, v1-setup-ocaml-opam-download-github.com/ocaml/opam-repository.git-4_14_1-2025-8-29-, v1-setup-ocaml-opam-download-github.com/ocaml/opam-repository.git-4_14_1-2025-8-
format	Install OCaml & opam	2025-09-29T18:12:50.3814594Z ##[endgroup]
format	Install OCaml & opam	2025-09-29T18:12:50.3850322Z ##[group]Pin local packages
format	Install OCaml & opam	2025-09-29T18:12:50.3865338Z [command]/opt/hostedtoolcache/opam/2.1.6/x86_64/opam pin add latex-perfectionist.dev . --no-action
format	Install OCaml & opam	2025-09-29T18:12:57.0895766Z Package latex-perfectionist does not exist, create as a [01mNEW[0m package? [Y/n] y
format	Install OCaml & opam	2025-09-29T18:12:57.2570775Z [[32mlatex-perfectionist.dev[0m] synchronised (file:///home/runner/work/latex_perf/latex_perf)
format	Install OCaml & opam	2025-09-29T18:12:57.2574256Z [33m[WARNING][0m Failed checks on latex-perfectionist package definition from source at file:///home/runner/work/latex_perf/latex_perf:
format	Install OCaml & opam	2025-09-29T18:12:57.2575007Z     [31merror[0m 23: Missing field 'maintainer'
format	Install OCaml & opam	2025-09-29T18:12:57.2575456Z   [33mwarning[0m 25: Missing field 'authors'
format	Install OCaml & opam	2025-09-29T18:12:57.2575771Z   [33mwarning[0m 35: Missing field 'homepage'
format	Install OCaml & opam	2025-09-29T18:12:57.2576202Z   [33mwarning[0m 36: Missing field 'bug-reports'
format	Install OCaml & opam	2025-09-29T18:12:57.2590926Z latex-perfectionist is now pinned to [01mgit+file:///home/runner/work/latex_perf/latex_perf#fix-math-strip[0m (version [01mdev[0m)
format	Install OCaml & opam	2025-09-29T18:12:58.4822814Z ##[endgroup]
format	Install OCaml & opam	2025-09-29T18:12:58.4833748Z [command]/opt/hostedtoolcache/opam/2.1.6/x86_64/opam --version
format	Install OCaml & opam	2025-09-29T18:12:58.4959001Z 2.1.6
format	Install OCaml & opam	2025-09-29T18:12:58.4987457Z [command]/opt/hostedtoolcache/opam/2.1.6/x86_64/opam exec -- ocaml -version
format	Install OCaml & opam	2025-09-29T18:12:58.5259982Z The OCaml toplevel, version 4.14.1
format	Install ocamlformat	ï»¿2025-09-29T18:12:58.5386964Z ##[group]Run opam update -y
format	Install ocamlformat	2025-09-29T18:12:58.5387246Z [36;1mopam update -y[0m
format	Install ocamlformat	2025-09-29T18:12:58.5387570Z [36;1mopam install -y ocamlformat.0.26.2 dune coq=8.18.0 coq-core=8.18.0[0m
format	Install ocamlformat	2025-09-29T18:12:58.5416976Z shell: /usr/bin/bash -e {0}
format	Install ocamlformat	2025-09-29T18:12:58.5417202Z env:
format	Install ocamlformat	2025-09-29T18:12:58.5418165Z   PATH: /home/runner/.github-tools:/snap/bin:/home/runner/.local/bin:/opt/pipx_bin:/home/runner/.cargo/bin:/home/runner/.config/composer/vendor/bin:/usr/local/.ghcup/bin:/home/runner/.dotnet/tools:/usr/local/sbin:/usr/local/bin:/usr/sbin:/usr/bin:/sbin:/bin:/usr/games:/usr/local/games:/snap/bin
format	Install ocamlformat	2025-09-29T18:12:58.5419416Z   OPAMCLI: 2.0
format	Install ocamlformat	2025-09-29T18:12:58.5419602Z   OPAMCOLOR: always
format	Install ocamlformat	2025-09-29T18:12:58.5419788Z   OPAMERRLOGLEN: 0
format	Install ocamlformat	2025-09-29T18:12:58.5419971Z   OPAMJOBS: 4
format	Install ocamlformat	2025-09-29T18:12:58.5420153Z   OPAMPRECISETRACKING: 1
format	Install ocamlformat	2025-09-29T18:12:58.5420366Z   OPAMSOLVERTIMEOUT: 1000
format	Install ocamlformat	2025-09-29T18:12:58.5420563Z   OPAMYES: 1
format	Install ocamlformat	2025-09-29T18:12:58.5420722Z   CLICOLOR_FORCE: 1
format	Install ocamlformat	2025-09-29T18:12:58.5420898Z ##[endgroup]
format	Install ocamlformat	2025-09-29T18:12:58.7856385Z [1;34m[NOTE][0m latex-perfectionist.dev has previously been updated with --working-dir, not resetting unless explicitly selected
format	Install ocamlformat	2025-09-29T18:12:58.7856902Z 
format	Install ocamlformat	2025-09-29T18:12:58.7857231Z [36m<><>[0m [01mUpdating package repositories[0m [36m><><><><><><><><><><><><><><><><><><><><><><>[0m
format	Install ocamlformat	2025-09-29T18:13:02.5517019Z [[32mdefault[0m] no changes from git+https://github.com/ocaml/opam-repository.git
format	Install ocamlformat	2025-09-29T18:13:18.9084174Z The following actions will be performed:
format	Install ocamlformat	2025-09-29T18:13:18.9089298Z   [32mâ[0m install [01mocamlbuild[0m        0.16.1   [required by fpath, astring, uuseg]
format	Install ocamlformat	2025-09-29T18:13:18.9092368Z   [32mâ[0m install [01mcmdliner[0m          1.3.0    [required by ocamlformat]
format	Install ocamlformat	2025-09-29T18:13:18.9093327Z   [32mâ[0m install [01mconf-gmp[0m          5        [required by zarith]
format	Install ocamlformat	2025-09-29T18:13:18.9094169Z   [32mâ[0m install [01mconf-pkg-config[0m   4        [required by zarith]
format	Install ocamlformat	2025-09-29T18:13:18.9095004Z   [32mâ[0m install [01mocamlfind[0m         1.9.8    [required by coq-core]
format	Install ocamlformat	2025-09-29T18:13:18.9095721Z   [32mâ[0m install [01mdune[0m              3.20.2
format	Install ocamlformat	2025-09-29T18:13:18.9096430Z   [32mâ[0m install [01mzarith[0m            1.14     [required by coq-core]
format	Install ocamlformat	2025-09-29T18:13:18.9097281Z   [32mâ[0m install [01mtopkg[0m             1.1.0    [required by fpath, astring, uuseg]
format	Install ocamlformat	2025-09-29T18:13:18.9098166Z   [32mâ[0m install [01mbase-bytes[0m        base     [required by ocp-indent]
format	Install ocamlformat	2025-09-29T18:13:18.9098995Z   [32mâ[0m install [01msexplib0[0m          v0.16.0  [required by base]
format	Install ocamlformat	2025-09-29T18:13:18.9100031Z   [32mâ[0m install [01mresult[0m            1.5      [required by ocamlformat-lib]
format	Install ocamlformat	2025-09-29T18:13:18.9100909Z   [32mâ[0m install [01mre[0m                1.14.0   [required by ocamlformat]
format	Install ocamlformat	2025-09-29T18:13:18.9102267Z   [32mâ[0m install [01mocaml-version[0m     4.0.1    [required by ocamlformat-lib]
format	Install ocamlformat	2025-09-29T18:13:18.9103162Z   [32mâ[0m install [01mmenhirSdk[0m         20250912 [required by ocamlformat-lib]
format	Install ocamlformat	2025-09-29T18:13:18.9104044Z   [32mâ[0m install [01mmenhirLib[0m         20250912 [required by ocamlformat-lib]
format	Install ocamlformat	2025-09-29T18:13:18.9104875Z   [32mâ[0m install [01mmenhirCST[0m         20250912 [required by menhir]
format	Install ocamlformat	2025-09-29T18:13:18.9105661Z   [32mâ[0m install [01mfix[0m               20250919 [required by ocamlformat-lib]
format	Install ocamlformat	2025-09-29T18:13:18.9106440Z   [32mâ[0m install [01meither[0m            1.0.0    [required by ocamlformat-lib]
format	Install ocamlformat	2025-09-29T18:13:18.9107308Z   [32mâ[0m install [01mdune-build-info[0m   3.20.2   [required by ocamlformat-lib]
format	Install ocamlformat	2025-09-29T18:13:18.9108187Z   [32mâ[0m install [01mcsexp[0m             1.5.2    [required by ocamlformat-lib]
format	Install ocamlformat	2025-09-29T18:13:18.9109254Z   [32mâ[0m install [01mcamlp-streams[0m     5.0.1    [required by ocamlformat-lib]
format	Install ocamlformat	2025-09-29T18:13:18.9110015Z   [32mâ[0m install [01mcoq-core[0m          8.18.0
format	Install ocamlformat	2025-09-29T18:13:18.9110734Z   [32mâ[0m install [01muutf[0m              1.0.4    [required by ocamlformat-lib]
format	Install ocamlformat	2025-09-29T18:13:18.9111882Z   [32mâ[0m install [01muucp[0m              17.0.0   [required by uuseg]
format	Install ocamlformat	2025-09-29T18:13:18.9112698Z   [32mâ[0m install [01mastring[0m           0.8.5    [required by ocamlformat-lib]
format	Install ocamlformat	2025-09-29T18:13:18.9113577Z   [32mâ[0m install [01mocp-indent[0m        1.8.1    [required by ocamlformat-lib]
format	Install ocamlformat	2025-09-29T18:13:18.9114446Z   [32mâ[0m install [01mmenhir[0m            20250912 [required by ocamlformat-lib]
format	Install ocamlformat	2025-09-29T18:13:18.9115578Z   [32mâ[0m install [01mdune-configurator[0m 3.20.2   [required by base]
format	Install ocamlformat	2025-09-29T18:13:18.9181270Z   [32mâ[0m install [01mcoqide-server[0m     8.18.0   [required by coq]
format	Install ocamlformat	2025-09-29T18:13:18.9182151Z   [32mâ[0m install [01mcoq-stdlib[0m        8.18.0   [required by coq]
format	Install ocamlformat	2025-09-29T18:13:18.9183156Z   [32mâ[0m install [01muuseg[0m             17.0.0   [required by ocamlformat-lib]
format	Install ocamlformat	2025-09-29T18:13:18.9184038Z   [32mâ[0m install [01mfpath[0m             0.7.3    [required by ocamlformat-lib]
format	Install ocamlformat	2025-09-29T18:13:18.9184909Z   [32mâ[0m install [01mbase[0m              v0.16.4  [required by ocamlformat-lib]
format	Install ocamlformat	2025-09-29T18:13:18.9185627Z   [32mâ[0m install [01mcoq[0m               8.18.0
format	Install ocamlformat	2025-09-29T18:13:18.9186357Z   [32mâ[0m install [01mstdio[0m             v0.16.0  [required by ocamlformat-lib]
format	Install ocamlformat	2025-09-29T18:13:18.9187248Z   [32mâ[0m install [01mocamlformat-lib[0m   0.26.2   [required by ocamlformat]
format	Install ocamlformat	2025-09-29T18:13:18.9187999Z   [32mâ[0m install [01mocamlformat[0m       0.26.2
format	Install ocamlformat	2025-09-29T18:13:18.9188514Z ===== [32mâ[0m 37 =====
format	Install ocamlformat	2025-09-29T18:13:18.9203896Z 
format	Install ocamlformat	2025-09-29T18:13:18.9207461Z [36m<><>[0m [01mProcessing actions[0m [36m<><><><><><><><><><><><><><><><><><><><><><><><><><><><>[0m
format	Install ocamlformat	2025-09-29T18:13:19.3691845Z [36mâ¬[0m retrieved [01mcamlp-streams[0m.5.0.1  (https://github.com/ocaml/camlp-streams/archive/v5.0.1.tar.gz)
format	Install ocamlformat	2025-09-29T18:13:19.6572853Z [36mâ¬[0m retrieved [01mbase[0m.v0.16.4  (https://github.com/janestreet/base/archive/refs/tags/v0.16.4.tar.gz)
format	Install ocamlformat	2025-09-29T18:13:19.7582369Z [36mâ¬[0m retrieved [01mconf-gmp[0m.5  (https://raw.githubusercontent.com/ocaml/opam-source-archives/main/patches/conf-gmp/test.c.4)
format	Install ocamlformat	2025-09-29T18:13:22.2003876Z [32mâ[0m installed [01mconf-gmp[0m.5
format	Install ocamlformat	2025-09-29T18:13:22.2106721Z [32mâ[0m installed [01mconf-pkg-config[0m.4
format	Install ocamlformat	2025-09-29T18:13:22.2193240Z [36mâ¬[0m retrieved [01mastring[0m.0.8.5  (https://erratique.ch/software/astring/releases/astring-0.8.5.tbz)
format	Install ocamlformat	2025-09-29T18:13:22.2604045Z [36mâ¬[0m retrieved [01mcmdliner[0m.1.3.0  (https://erratique.ch/software/cmdliner/releases/cmdliner-1.3.0.tbz)
format	Install ocamlformat	2025-09-29T18:13:23.5816407Z [36mâ¬[0m retrieved [01mcoq[0m.8.18.0  (https://github.com/coq/coq/releases/download/V8.18.0/coq-8.18.0.tar.gz)
format	Install ocamlformat	2025-09-29T18:13:24.2386309Z [36mâ¬[0m retrieved [01mcoq-core[0m.8.18.0  (cached)
format	Install ocamlformat	2025-09-29T18:13:24.6590275Z [36mâ¬[0m retrieved [01mcoq-stdlib[0m.8.18.0  (cached)
format	Install ocamlformat	2025-09-29T18:13:26.0427655Z [36mâ¬[0m retrieved [01mcoqide-server[0m.8.18.0  (cached)
format	Install ocamlformat	2025-09-29T18:13:26.1301617Z [36mâ¬[0m retrieved [01mcsexp[0m.1.5.2  (https://github.com/ocaml-dune/csexp/releases/download/1.5.2/csexp-1.5.2.tbz)
format	Install ocamlformat	2025-09-29T18:13:26.1830828Z [32mâ[0m installed [01mcmdliner[0m.1.3.0
format	Install ocamlformat	2025-09-29T18:13:28.8398442Z [36mâ¬[0m retrieved [01mdune[0m.3.20.2  (https://github.com/ocaml/dune/releases/download/3.20.2/dune-3.20.2.tbz)
format	Install ocamlformat	2025-09-29T18:13:29.9655969Z [36mâ¬[0m retrieved [01mdune-configurator[0m.3.20.2  (cached)
format	Install ocamlformat	2025-09-29T18:13:30.5744891Z [36mâ¬[0m retrieved [01mdune-build-info[0m.3.20.2  (https://github.com/ocaml/dune/releases/download/3.20.2/dune-3.20.2.tbz)
format	Install ocamlformat	2025-09-29T18:13:30.6084954Z [36mâ¬[0m retrieved [01meither[0m.1.0.0  (https://github.com/mirage/either/releases/download/1.0.0/either-1.0.0.tbz)
format	Install ocamlformat	2025-09-29T18:13:31.2634016Z [36mâ¬[0m retrieved [01mfpath[0m.0.7.3  (https://erratique.ch/software/fpath/releases/fpath-0.7.3.tbz)
format	Install ocamlformat	2025-09-29T18:13:31.6694370Z [36mâ¬[0m retrieved [01mfix[0m.20250919  (https://gitlab.inria.fr/fpottier/fix/-/archive/20250919/archive.tar.gz)
format	Install ocamlformat	2025-09-29T18:13:32.2903542Z [36mâ¬[0m retrieved [01mmenhir[0m.20250912  (https://gitlab.inria.fr/fpottier/menhir/-/archive/20250912/archive.tar.gz)
format	Install ocamlformat	2025-09-29T18:13:32.4631638Z [36mâ¬[0m retrieved [01mmenhirSdk[0m.20250912  (cached)
format	Install ocamlformat	2025-09-29T18:13:33.0949844Z [36mâ¬[0m retrieved [01mmenhirCST[0m.20250912  (https://gitlab.inria.fr/fpottier/menhir/-/archive/20250912/archive.tar.gz)
format	Install ocamlformat	2025-09-29T18:13:33.1048371Z [36mâ¬[0m retrieved [01mocaml-version[0m.4.0.1  (https://github.com/ocurrent/ocaml-version/releases/download/v4.0.1/ocaml-version-4.0.1.tbz)
format	Install ocamlformat	2025-09-29T18:13:33.6549575Z [36mâ¬[0m retrieved [01mmenhirLib[0m.20250912  (https://gitlab.inria.fr/fpottier/menhir/-/archive/20250912/archive.tar.gz)
format	Install ocamlformat	2025-09-29T18:13:33.8013218Z [36mâ¬[0m retrieved [01mocamlfind[0m.1.9.8  (https://github.com/ocaml/ocamlfind/archive/refs/tags/findlib-1.9.8.tar.gz)
format	Install ocamlformat	2025-09-29T18:13:33.8922839Z [36mâ¬[0m retrieved [01mocamlbuild[0m.0.16.1  (https://github.com/ocaml/ocamlbuild/archive/refs/tags/0.16.1.tar.gz)
format	Install ocamlformat	2025-09-29T18:13:34.7269440Z [36mâ¬[0m retrieved [01mocp-indent[0m.1.8.1  (https://github.com/OCamlPro/ocp-indent/archive/1.8.1.tar.gz)
format	Install ocamlformat	2025-09-29T18:13:34.9171504Z [36mâ¬[0m retrieved [01mocamlformat[0m.0.26.2  (https://github.com/ocaml-ppx/ocamlformat/releases/download/0.26.2/ocamlformat-0.26.2.tbz)
format	Install ocamlformat	2025-09-29T18:13:35.1271066Z [36mâ¬[0m retrieved [01mocamlformat-lib[0m.0.26.2  (https://github.com/ocaml-ppx/ocamlformat/releases/download/0.26.2/ocamlformat-0.26.2.tbz)
format	Install ocamlformat	2025-09-29T18:13:35.4560552Z [36mâ¬[0m retrieved [01mre[0m.1.14.0  (https://github.com/ocaml/ocaml-re/archive/refs/tags/1.14.0.tar.gz)
format	Install ocamlformat	2025-09-29T18:13:35.5190309Z [36mâ¬[0m retrieved [01msexplib0[0m.v0.16.0  (https://ocaml.janestreet.com/ocaml-core/v0.16/files/sexplib0-v0.16.0.tar.gz)
format	Install ocamlformat	2025-09-29T18:13:35.5981916Z [36mâ¬[0m retrieved [01mresult[0m.1.5  (https://github.com/janestreet/result/releases/download/1.5/result-1.5.tbz)
format	Install ocamlformat	2025-09-29T18:13:35.8412205Z [36mâ¬[0m retrieved [01mstdio[0m.v0.16.0  (https://ocaml.janestreet.com/ocaml-core/v0.16/files/stdio-v0.16.0.tar.gz)
format	Install ocamlformat	2025-09-29T18:13:36.4373735Z [36mâ¬[0m retrieved [01mtopkg[0m.1.1.0  (https://erratique.ch/software/topkg/releases/topkg-1.1.0.tbz)
format	Install ocamlformat	2025-09-29T18:13:36.6633689Z [36mâ¬[0m retrieved [01muuseg[0m.17.0.0  (https://erratique.ch/software/uuseg/releases/uuseg-17.0.0.tbz)
format	Install ocamlformat	2025-09-29T18:13:37.1787519Z [36mâ¬[0m retrieved [01muutf[0m.1.0.4  (https://erratique.ch/software/uutf/releases/uutf-1.0.4.tbz)
format	Install ocamlformat	2025-09-29T18:13:37.2145759Z [36mâ¬[0m retrieved [01muucp[0m.17.0.0  (https://erratique.ch/software/uucp/releases/uucp-17.0.0.tbz)
format	Install ocamlformat	2025-09-29T18:13:37.4442107Z [36mâ¬[0m retrieved [01mzarith[0m.1.14  (https://github.com/ocaml/Zarith/archive/release-1.14.tar.gz)
format	Install ocamlformat	2025-09-29T18:13:39.1098163Z [32mâ[0m installed [01mocamlfind[0m.1.9.8
format	Install ocamlformat	2025-09-29T18:13:39.1291247Z [32mâ[0m installed [01mbase-bytes[0m.base
format	Install ocamlformat	2025-09-29T18:13:42.1821892Z [32mâ[0m installed [01mocamlbuild[0m.0.16.1
format	Install ocamlformat	2025-09-29T18:13:42.6918230Z [32mâ[0m installed [01mzarith[0m.1.14
format	Install ocamlformat	2025-09-29T18:13:47.5349224Z [32mâ[0m installed [01mtopkg[0m.1.1.0
format	Install ocamlformat	2025-09-29T18:13:49.0567377Z [32mâ[0m installed [01muutf[0m.1.0.4
format	Install ocamlformat	2025-09-29T18:13:50.1054361Z [32mâ[0m installed [01mastring[0m.0.8.5
format	Install ocamlformat	2025-09-29T18:13:51.5694311Z [32mâ[0m installed [01mfpath[0m.0.7.3
format	Install ocamlformat	2025-09-29T18:14:02.3685278Z [32mâ[0m installed [01mdune[0m.3.20.2
format	Install ocamlformat	2025-09-29T18:14:03.6589237Z [32mâ[0m installed [01mcamlp-streams[0m.5.0.1
format	Install ocamlformat	2025-09-29T18:14:03.6755579Z [32mâ[0m installed [01mcsexp[0m.1.5.2
format	Install ocamlformat	2025-09-29T18:14:04.7035553Z [32mâ[0m installed [01meither[0m.1.0.0
format	Install ocamlformat	2025-09-29T18:14:04.7564358Z [32mâ[0m installed [01mdune-build-info[0m.3.20.2
format	Install ocamlformat	2025-09-29T18:14:06.3450489Z [32mâ[0m installed [01mfix[0m.20250919
format	Install ocamlformat	2025-09-29T18:14:06.9695281Z [32mâ[0m installed [01mmenhirCST[0m.20250912
format	Install ocamlformat	2025-09-29T18:14:07.3885269Z [32mâ[0m installed [01mdune-configurator[0m.3.20.2
format	Install ocamlformat	2025-09-29T18:14:08.2229962Z [32mâ[0m installed [01mmenhirSdk[0m.20250912
format	Install ocamlformat	2025-09-29T18:14:08.2665212Z [32mâ[0m installed [01mmenhirLib[0m.20250912
format	Install ocamlformat	2025-09-29T18:14:08.8770558Z [32mâ[0m installed [01mocaml-version[0m.4.0.1
format	Install ocamlformat	2025-09-29T18:14:11.0375672Z [32mâ[0m installed [01mocp-indent[0m.1.8.1
format	Install ocamlformat	2025-09-29T18:14:14.6720088Z [32mâ[0m installed [01mre[0m.1.14.0
format	Install ocamlformat	2025-09-29T18:14:15.0336987Z [32mâ[0m installed [01mresult[0m.1.5
format	Install ocamlformat	2025-09-29T18:14:16.6030791Z [32mâ[0m installed [01msexplib0[0m.v0.16.0
format	Install ocamlformat	2025-09-29T18:14:25.9167869Z [32mâ[0m installed [01muucp[0m.17.0.0
format	Install ocamlformat	2025-09-29T18:14:31.1378682Z [32mâ[0m installed [01muuseg[0m.17.0.0
format	Install ocamlformat	2025-09-29T18:14:35.7376213Z [32mâ[0m installed [01mbase[0m.v0.16.4
format	Install ocamlformat	2025-09-29T18:14:36.5289528Z [32mâ[0m installed [01mstdio[0m.v0.16.0
format	Install ocamlformat	2025-09-29T18:14:41.8188116Z [32mâ[0m installed [01mmenhir[0m.20250912
format	Install ocamlformat	2025-09-29T18:14:59.0949277Z [32mâ[0m installed [01mocamlformat-lib[0m.0.26.2
format	Install ocamlformat	2025-09-29T18:15:00.8968592Z [32mâ[0m installed [01mocamlformat[0m.0.26.2
format	Install ocamlformat	2025-09-29T18:15:17.8818546Z [32mâ[0m installed [01mcoq-core[0m.8.18.0
format	Install ocamlformat	2025-09-29T18:15:21.6949781Z [32mâ[0m installed [01mcoqide-server[0m.8.18.0
format	Install ocamlformat	2025-09-29T18:17:40.6559656Z [32mâ[0m installed [01mcoq-stdlib[0m.8.18.0
format	Install ocamlformat	2025-09-29T18:17:41.0681171Z [32mâ[0m installed [01mcoq[0m.8.18.0
format	Install ocamlformat	2025-09-29T18:17:43.5852801Z Done.
format	Install ocamlformat	2025-09-29T18:17:43.5856274Z 
format	Install ocamlformat	2025-09-29T18:17:43.5857069Z [36m<><>[0m [01mocp-indent.1.8.1 installed successfully[0m [36m><><><><><><><><><><><><><><><><><>[0m
format	Install ocamlformat	2025-09-29T18:17:43.5858226Z [32m=> [0mThis package requires additional configuration for use in editors. Install package 'user-setup', or manually:
format	Install ocamlformat	2025-09-29T18:17:43.5858926Z 
format	Install ocamlformat	2025-09-29T18:17:43.5859260Z    * for Emacs, add these lines to ~/.emacs:
format	Install ocamlformat	2025-09-29T18:17:43.5860042Z      (add-to-list 'load-path "/home/runner/work/latex_perf/latex_perf/_opam/share/emacs/site-lisp")
format	Install ocamlformat	2025-09-29T18:17:43.5860844Z      (require 'ocp-indent)
format	Install ocamlformat	2025-09-29T18:17:43.5861087Z 
format	Install ocamlformat	2025-09-29T18:17:43.5861242Z    * for Vim, add this line to ~/.vimrc:
format	Install ocamlformat	2025-09-29T18:17:43.5861961Z      set rtp^="/home/runner/work/latex_perf/latex_perf/_opam/share/ocp-indent/vim"
format	Install ocamlformat	2025-09-29T18:17:43.5863984Z # Run [01meval $(opam env)[0m to update the current shell environment
format	Check formatting	ï»¿2025-09-29T18:17:44.9275561Z ##[group]Run set -e
format	Check formatting	2025-09-29T18:17:44.9275813Z [36;1mset -e[0m
format	Check formatting	2025-09-29T18:17:44.9276009Z [36;1mopam exec -- dune fmt[0m
format	Check formatting	2025-09-29T18:17:44.9276235Z [36;1mgit diff --exit-code[0m
format	Check formatting	2025-09-29T18:17:44.9302835Z shell: /usr/bin/bash -e {0}
format	Check formatting	2025-09-29T18:17:44.9303069Z env:
format	Check formatting	2025-09-29T18:17:44.9304045Z   PATH: /home/runner/.github-tools:/snap/bin:/home/runner/.local/bin:/opt/pipx_bin:/home/runner/.cargo/bin:/home/runner/.config/composer/vendor/bin:/usr/local/.ghcup/bin:/home/runner/.dotnet/tools:/usr/local/sbin:/usr/local/bin:/usr/sbin:/usr/bin:/sbin:/bin:/usr/games:/usr/local/games:/snap/bin
format	Check formatting	2025-09-29T18:17:44.9305255Z   OPAMCLI: 2.0
format	Check formatting	2025-09-29T18:17:44.9305439Z   OPAMCOLOR: always
format	Check formatting	2025-09-29T18:17:44.9305622Z   OPAMERRLOGLEN: 0
format	Check formatting	2025-09-29T18:17:44.9305799Z   OPAMJOBS: 4
format	Check formatting	2025-09-29T18:17:44.9305971Z   OPAMPRECISETRACKING: 1
format	Check formatting	2025-09-29T18:17:44.9306189Z   OPAMSOLVERTIMEOUT: 1000
format	Check formatting	2025-09-29T18:17:44.9306395Z   OPAMYES: 1
format	Check formatting	2025-09-29T18:17:44.9306559Z   CLICOLOR_FORCE: 1
format	Check formatting	2025-09-29T18:17:44.9306739Z ##[endgroup]
format	Post Install OCaml & opam	ï»¿2025-09-29T18:17:45.8720196Z Post job cleanup.
format	Post Install OCaml & opam	2025-09-29T18:17:45.8747837Z Post job cleanup.
format	Post Install OCaml & opam	2025-09-29T18:17:46.0294073Z ##[group]Save the opam download cache
format	Post Install OCaml & opam	2025-09-29T18:17:46.0477597Z [command]/usr/bin/tar --posix -cf cache.tzst --exclude cache.tzst -P -C /home/runner/work/latex_perf/latex_perf --files-from manifest.txt --use-compress-program zstdmt
format	Post Install OCaml & opam	2025-09-29T18:17:46.2659755Z ##[warning]Failed to save: <h2>Our services aren't available right now</h2><p>We're working to restore all services as soon as possible. Please check back soon.</p>0Ss3aaAAAAADZvswH1RkjTo4AyiMgAKDyREVOMzAxMDAwMTAxMDQ3AEVkZ2U=
format	Post Install OCaml & opam	2025-09-29T18:17:46.2692137Z ##[endgroup]
format	Post Run actions/checkout@v4	ï»¿2025-09-29T18:17:46.2796950Z Post job cleanup.
format	Post Run actions/checkout@v4	2025-09-29T18:17:46.3744690Z [command]/usr/bin/git version
format	Post Run actions/checkout@v4	2025-09-29T18:17:46.3780643Z git version 2.51.0
format	Post Run actions/checkout@v4	2025-09-29T18:17:46.3824502Z Temporarily overriding HOME='/home/runner/work/_temp/dce242fc-820d-46e5-8f8a-8c9fc719b192' before making global git config changes
format	Post Run actions/checkout@v4	2025-09-29T18:17:46.3825804Z Adding repository directory to the temporary git global config as a safe directory
format	Post Run actions/checkout@v4	2025-09-29T18:17:46.3831143Z [command]/usr/bin/git config --global --add safe.directory /home/runner/work/latex_perf/latex_perf
format	Post Run actions/checkout@v4	2025-09-29T18:17:46.3869863Z [command]/usr/bin/git config --local --name-only --get-regexp core\.sshCommand
format	Post Run actions/checkout@v4	2025-09-29T18:17:46.3903828Z [command]/usr/bin/git submodule foreach --recursive sh -c "git config --local --name-only --get-regexp 'core\.sshCommand' && git config --local --unset-all 'core.sshCommand' || :"
format	Post Run actions/checkout@v4	2025-09-29T18:17:46.4144681Z [command]/usr/bin/git config --local --name-only --get-regexp http\.https\:\/\/github\.com\/\.extraheader
format	Post Run actions/checkout@v4	2025-09-29T18:17:46.4168210Z http.https://github.com/.extraheader
format	Post Run actions/checkout@v4	2025-09-29T18:17:46.4181472Z [command]/usr/bin/git config --local --unset-all http.https://github.com/.extraheader
format	Post Run actions/checkout@v4	2025-09-29T18:17:46.4214450Z [command]/usr/bin/git submodule foreach --recursive sh -c "git config --local --name-only --get-regexp 'http\.https\:\/\/github\.com\/\.extraheader' && git config --local --unset-all 'http.https://github.com/.extraheader' || :"
format	Complete job	ï»¿2025-09-29T18:17:46.4552462Z Cleaning up orphan processes
build	Set up job	ï»¿2025-09-29T18:07:51.2573576Z Current runner version: '2.328.0'
build	Set up job	2025-09-29T18:07:51.2600635Z ##[group]Runner Image Provisioner
build	Set up job	2025-09-29T18:07:51.2601482Z Hosted Compute Agent
build	Set up job	2025-09-29T18:07:51.2602120Z Version: 20250912.392
build	Set up job	2025-09-29T18:07:51.2602775Z Commit: d921fda672a98b64f4f82364647e2f10b2267d0b
build	Set up job	2025-09-29T18:07:51.2603434Z Build Date: 2025-09-12T15:23:14Z
build	Set up job	2025-09-29T18:07:51.2604074Z ##[endgroup]
build	Set up job	2025-09-29T18:07:51.2604611Z ##[group]Operating System
build	Set up job	2025-09-29T18:07:51.2605176Z Ubuntu
build	Set up job	2025-09-29T18:07:51.2605641Z 22.04.5
build	Set up job	2025-09-29T18:07:51.2606252Z LTS
build	Set up job	2025-09-29T18:07:51.2606729Z ##[endgroup]
build	Set up job	2025-09-29T18:07:51.2607263Z ##[group]Runner Image
build	Set up job	2025-09-29T18:07:51.2607931Z Image: ubuntu-22.04
build	Set up job	2025-09-29T18:07:51.2608432Z Version: 20250922.79.1
build	Set up job	2025-09-29T18:07:51.2609773Z Included Software: https://github.com/actions/runner-images/blob/ubuntu22/20250922.79/images/ubuntu/Ubuntu2204-Readme.md
build	Set up job	2025-09-29T18:07:51.2611243Z Image Release: https://github.com/actions/runner-images/releases/tag/ubuntu22%2F20250922.79
build	Set up job	2025-09-29T18:07:51.2612444Z ##[endgroup]
build	Set up job	2025-09-29T18:07:51.2615028Z ##[group]GITHUB_TOKEN Permissions
build	Set up job	2025-09-29T18:07:51.2617019Z Actions: write
build	Set up job	2025-09-29T18:07:51.2617724Z Attestations: write
build	Set up job	2025-09-29T18:07:51.2618246Z Checks: write
build	Set up job	2025-09-29T18:07:51.2618801Z Contents: write
build	Set up job	2025-09-29T18:07:51.2619711Z Deployments: write
build	Set up job	2025-09-29T18:07:51.2620241Z Discussions: write
build	Set up job	2025-09-29T18:07:51.2620791Z Issues: write
build	Set up job	2025-09-29T18:07:51.2621328Z Metadata: read
build	Set up job	2025-09-29T18:07:51.2621873Z Models: read
build	Set up job	2025-09-29T18:07:51.2622395Z Packages: write
build	Set up job	2025-09-29T18:07:51.2622981Z Pages: write
build	Set up job	2025-09-29T18:07:51.2623504Z PullRequests: write
build	Set up job	2025-09-29T18:07:51.2624100Z RepositoryProjects: write
build	Set up job	2025-09-29T18:07:51.2624738Z SecurityEvents: write
build	Set up job	2025-09-29T18:07:51.2625403Z Statuses: write
build	Set up job	2025-09-29T18:07:51.2625978Z ##[endgroup]
build	Set up job	2025-09-29T18:07:51.2628126Z Secret source: Actions
build	Set up job	2025-09-29T18:07:51.2629041Z Prepare workflow directory
build	Set up job	2025-09-29T18:07:51.2985465Z Prepare all required actions
build	Set up job	2025-09-29T18:07:51.3026700Z Getting action download info
build	Set up job	2025-09-29T18:07:51.7446431Z Download action repository 'actions/checkout@v4' (SHA:08eba0b27e820071cde6df949e0beb9ba4906955)
build	Set up job	2025-09-29T18:07:52.1069020Z Complete job name: build
build	Run actions/checkout@v4	ï»¿2025-09-29T18:07:52.1889783Z ##[group]Run actions/checkout@v4
build	Run actions/checkout@v4	2025-09-29T18:07:52.1890733Z with:
build	Run actions/checkout@v4	2025-09-29T18:07:52.1891160Z   repository: ClanClanClanClan/latex_perf
build	Run actions/checkout@v4	2025-09-29T18:07:52.1891924Z   token: ***
build	Run actions/checkout@v4	2025-09-29T18:07:52.1892309Z   ssh-strict: true
build	Run actions/checkout@v4	2025-09-29T18:07:52.1892716Z   ssh-user: git
build	Run actions/checkout@v4	2025-09-29T18:07:52.1893130Z   persist-credentials: true
build	Run actions/checkout@v4	2025-09-29T18:07:52.1893588Z   clean: true
build	Run actions/checkout@v4	2025-09-29T18:07:52.1894001Z   sparse-checkout-cone-mode: true
build	Run actions/checkout@v4	2025-09-29T18:07:52.1894486Z   fetch-depth: 1
build	Run actions/checkout@v4	2025-09-29T18:07:52.1894923Z   fetch-tags: false
build	Run actions/checkout@v4	2025-09-29T18:07:52.1895369Z   show-progress: true
build	Run actions/checkout@v4	2025-09-29T18:07:52.1895827Z   lfs: false
build	Run actions/checkout@v4	2025-09-29T18:07:52.1896194Z   submodules: false
build	Run actions/checkout@v4	2025-09-29T18:07:52.1896611Z   set-safe-directory: true
build	Run actions/checkout@v4	2025-09-29T18:07:52.1897267Z ##[endgroup]
build	Run actions/checkout@v4	2025-09-29T18:07:52.3063834Z Syncing repository: ClanClanClanClan/latex_perf
build	Run actions/checkout@v4	2025-09-29T18:07:52.3065657Z ##[group]Getting Git version info
build	Run actions/checkout@v4	2025-09-29T18:07:52.3066382Z Working directory is '/home/runner/work/latex_perf/latex_perf'
build	Run actions/checkout@v4	2025-09-29T18:07:52.3067454Z [command]/usr/bin/git version
build	Run actions/checkout@v4	2025-09-29T18:07:52.3170230Z git version 2.51.0
build	Run actions/checkout@v4	2025-09-29T18:07:52.3198772Z ##[endgroup]
build	Run actions/checkout@v4	2025-09-29T18:07:52.3214662Z Temporarily overriding HOME='/home/runner/work/_temp/69498aaa-785b-4c49-a391-af204d469a93' before making global git config changes
build	Run actions/checkout@v4	2025-09-29T18:07:52.3217048Z Adding repository directory to the temporary git global config as a safe directory
build	Run actions/checkout@v4	2025-09-29T18:07:52.3231770Z [command]/usr/bin/git config --global --add safe.directory /home/runner/work/latex_perf/latex_perf
build	Run actions/checkout@v4	2025-09-29T18:07:52.3271303Z Deleting the contents of '/home/runner/work/latex_perf/latex_perf'
build	Run actions/checkout@v4	2025-09-29T18:07:52.3275254Z ##[group]Initializing the repository
build	Run actions/checkout@v4	2025-09-29T18:07:52.3279514Z [command]/usr/bin/git init /home/runner/work/latex_perf/latex_perf
build	Run actions/checkout@v4	2025-09-29T18:07:52.3412678Z hint: Using 'master' as the name for the initial branch. This default branch name
build	Run actions/checkout@v4	2025-09-29T18:07:52.3416052Z hint: is subject to change. To configure the initial branch name to use in all
build	Run actions/checkout@v4	2025-09-29T18:07:52.3417759Z hint: of your new repositories, which will suppress this warning, call:
build	Run actions/checkout@v4	2025-09-29T18:07:52.3418849Z hint:
build	Run actions/checkout@v4	2025-09-29T18:07:52.3419614Z hint: 	git config --global init.defaultBranch <name>
build	Run actions/checkout@v4	2025-09-29T18:07:52.3420220Z hint:
build	Run actions/checkout@v4	2025-09-29T18:07:52.3420758Z hint: Names commonly chosen instead of 'master' are 'main', 'trunk' and
build	Run actions/checkout@v4	2025-09-29T18:07:52.3421634Z hint: 'development'. The just-created branch can be renamed via this command:
build	Run actions/checkout@v4	2025-09-29T18:07:52.3422316Z hint:
build	Run actions/checkout@v4	2025-09-29T18:07:52.3422699Z hint: 	git branch -m <name>
build	Run actions/checkout@v4	2025-09-29T18:07:52.3423142Z hint:
build	Run actions/checkout@v4	2025-09-29T18:07:52.3424080Z hint: Disable this message with "git config set advice.defaultBranchName false"
build	Run actions/checkout@v4	2025-09-29T18:07:52.3425437Z Initialized empty Git repository in /home/runner/work/latex_perf/latex_perf/.git/
build	Run actions/checkout@v4	2025-09-29T18:07:52.3433239Z [command]/usr/bin/git remote add origin https://github.com/ClanClanClanClan/latex_perf
build	Run actions/checkout@v4	2025-09-29T18:07:52.3475520Z ##[endgroup]
build	Run actions/checkout@v4	2025-09-29T18:07:52.3476329Z ##[group]Disabling automatic garbage collection
build	Run actions/checkout@v4	2025-09-29T18:07:52.3481954Z [command]/usr/bin/git config --local gc.auto 0
build	Run actions/checkout@v4	2025-09-29T18:07:52.3515489Z ##[endgroup]
build	Run actions/checkout@v4	2025-09-29T18:07:52.3516274Z ##[group]Setting up auth
build	Run actions/checkout@v4	2025-09-29T18:07:52.3526593Z [command]/usr/bin/git config --local --name-only --get-regexp core\.sshCommand
build	Run actions/checkout@v4	2025-09-29T18:07:52.3562213Z [command]/usr/bin/git submodule foreach --recursive sh -c "git config --local --name-only --get-regexp 'core\.sshCommand' && git config --local --unset-all 'core.sshCommand' || :"
build	Run actions/checkout@v4	2025-09-29T18:07:52.3949792Z [command]/usr/bin/git config --local --name-only --get-regexp http\.https\:\/\/github\.com\/\.extraheader
build	Run actions/checkout@v4	2025-09-29T18:07:52.3977921Z [command]/usr/bin/git submodule foreach --recursive sh -c "git config --local --name-only --get-regexp 'http\.https\:\/\/github\.com\/\.extraheader' && git config --local --unset-all 'http.https://github.com/.extraheader' || :"
build	Run actions/checkout@v4	2025-09-29T18:07:52.4209505Z [command]/usr/bin/git config --local http.https://github.com/.extraheader AUTHORIZATION: basic ***
build	Run actions/checkout@v4	2025-09-29T18:07:52.4246400Z ##[endgroup]
build	Run actions/checkout@v4	2025-09-29T18:07:52.4247177Z ##[group]Fetching the repository
build	Run actions/checkout@v4	2025-09-29T18:07:52.4255125Z [command]/usr/bin/git -c protocol.version=2 fetch --no-tags --prune --no-recurse-submodules --depth=1 origin +4887232aba7d6b962bad0d84a547356f48bed82c:refs/remotes/origin/fix-math-strip
build	Run actions/checkout@v4	2025-09-29T18:07:52.9422735Z From https://github.com/ClanClanClanClan/latex_perf
build	Run actions/checkout@v4	2025-09-29T18:07:52.9424543Z  * [new ref]         4887232aba7d6b962bad0d84a547356f48bed82c -> origin/fix-math-strip
build	Run actions/checkout@v4	2025-09-29T18:07:52.9454945Z ##[endgroup]
build	Run actions/checkout@v4	2025-09-29T18:07:52.9455713Z ##[group]Determining the checkout info
build	Run actions/checkout@v4	2025-09-29T18:07:52.9456820Z ##[endgroup]
build	Run actions/checkout@v4	2025-09-29T18:07:52.9461907Z [command]/usr/bin/git sparse-checkout disable
build	Run actions/checkout@v4	2025-09-29T18:07:52.9502297Z [command]/usr/bin/git config --local --unset-all extensions.worktreeConfig
build	Run actions/checkout@v4	2025-09-29T18:07:52.9529831Z ##[group]Checking out the ref
build	Run actions/checkout@v4	2025-09-29T18:07:52.9534452Z [command]/usr/bin/git checkout --progress --force -B fix-math-strip refs/remotes/origin/fix-math-strip
build	Run actions/checkout@v4	2025-09-29T18:07:52.9967545Z Switched to a new branch 'fix-math-strip'
build	Run actions/checkout@v4	2025-09-29T18:07:52.9968801Z branch 'fix-math-strip' set up to track 'origin/fix-math-strip'.
build	Run actions/checkout@v4	2025-09-29T18:07:52.9976789Z ##[endgroup]
build	Run actions/checkout@v4	2025-09-29T18:07:53.0014862Z [command]/usr/bin/git log -1 --format=%H
build	Run actions/checkout@v4	2025-09-29T18:07:53.0037164Z 4887232aba7d6b962bad0d84a547356f48bed82c
build	Install OCaml & opam	ï»¿2025-09-29T18:07:53.0346916Z Prepare all required actions
build	Install OCaml & opam	2025-09-29T18:07:53.0347741Z Getting action download info
build	Install OCaml & opam	2025-09-29T18:07:53.2238070Z Download action repository 'ocaml/setup-ocaml@v2' (SHA:8cc6339f55862749298d198ef84788b8d6acdacc)
build	Install OCaml & opam	2025-09-29T18:07:53.9021367Z ##[group]Run ./.github/actions/setup-ocaml
build	Install OCaml & opam	2025-09-29T18:07:53.9022526Z with:
build	Install OCaml & opam	2025-09-29T18:07:53.9023305Z   ocaml-compiler: 4.14.1
build	Install OCaml & opam	2025-09-29T18:07:53.9024246Z   opam-depext: false
build	Install OCaml & opam	2025-09-29T18:07:53.9025426Z   allow-prerelease-opam: false
build	Install OCaml & opam	2025-09-29T18:07:53.9026428Z   opam-pin: true
build	Install OCaml & opam	2025-09-29T18:07:53.9027314Z   opam-local-packages: *.opam
build	Install OCaml & opam	2025-09-29T18:07:53.9028395Z   opam-disable-sandboxing: false
build	Install OCaml & opam	2025-09-29T18:07:53.9029574Z   dune-cache: false
build	Install OCaml & opam	2025-09-29T18:07:53.9030426Z   cache-prefix: v1
build	Install OCaml & opam	2025-09-29T18:07:53.9031272Z ##[endgroup]
build	Install OCaml & opam	2025-09-29T18:07:53.9154034Z ##[group]Run sudo apt-get update
build	Install OCaml & opam	2025-09-29T18:07:53.9155198Z [36;1msudo apt-get update[0m
build	Install OCaml & opam	2025-09-29T18:07:53.9156208Z [36;1msudo apt-get install -y \[0m
build	Install OCaml & opam	2025-09-29T18:07:53.9157230Z [36;1m  bubblewrap \[0m
build	Install OCaml & opam	2025-09-29T18:07:53.9158169Z [36;1m  g++-multilib \[0m
build	Install OCaml & opam	2025-09-29T18:07:53.9159044Z [36;1m  gcc-multilib \[0m
build	Install OCaml & opam	2025-09-29T18:07:53.9160089Z [36;1m  mercurial \[0m
build	Install OCaml & opam	2025-09-29T18:07:53.9160950Z [36;1m  musl-tools \[0m
build	Install OCaml & opam	2025-09-29T18:07:53.9161787Z [36;1m  rsync[0m
build	Install OCaml & opam	2025-09-29T18:07:53.9195656Z shell: /usr/bin/bash --noprofile --norc -e -o pipefail {0}
build	Install OCaml & opam	2025-09-29T18:07:53.9196960Z ##[endgroup]
build	Install OCaml & opam	2025-09-29T18:07:54.0296427Z Get:1 file:/etc/apt/apt-mirrors.txt Mirrorlist [144 B]
build	Install OCaml & opam	2025-09-29T18:07:54.1380514Z Hit:2 http://azure.archive.ubuntu.com/ubuntu jammy InRelease
build	Install OCaml & opam	2025-09-29T18:07:54.1392314Z Get:3 http://azure.archive.ubuntu.com/ubuntu jammy-updates InRelease [128 kB]
build	Install OCaml & opam	2025-09-29T18:07:54.1417977Z Get:4 http://azure.archive.ubuntu.com/ubuntu jammy-backports InRelease [127 kB]
build	Install OCaml & opam	2025-09-29T18:07:54.1438210Z Get:5 http://azure.archive.ubuntu.com/ubuntu jammy-security InRelease [129 kB]
build	Install OCaml & opam	2025-09-29T18:07:54.3251500Z Hit:6 https://packages.microsoft.com/repos/azure-cli jammy InRelease
build	Install OCaml & opam	2025-09-29T18:07:54.3292685Z Get:7 https://packages.microsoft.com/ubuntu/22.04/prod jammy InRelease [3632 B]
build	Install OCaml & opam	2025-09-29T18:07:54.3359044Z Get:8 http://azure.archive.ubuntu.com/ubuntu jammy-updates/main amd64 Packages [2939 kB]
build	Install OCaml & opam	2025-09-29T18:07:54.3630727Z Get:9 http://azure.archive.ubuntu.com/ubuntu jammy-updates/main Translation-en [459 kB]
build	Install OCaml & opam	2025-09-29T18:07:54.3671676Z Get:10 http://azure.archive.ubuntu.com/ubuntu jammy-updates/main amd64 c-n-f Metadata [19.0 kB]
build	Install OCaml & opam	2025-09-29T18:07:54.3680738Z Get:11 http://azure.archive.ubuntu.com/ubuntu jammy-updates/restricted amd64 Packages [4562 kB]
build	Install OCaml & opam	2025-09-29T18:07:54.4071048Z Get:12 http://azure.archive.ubuntu.com/ubuntu jammy-updates/restricted Translation-en [841 kB]
build	Install OCaml & opam	2025-09-29T18:07:54.4136915Z Get:13 http://azure.archive.ubuntu.com/ubuntu jammy-updates/universe amd64 Packages [1228 kB]
build	Install OCaml & opam	2025-09-29T18:07:54.4228397Z Get:14 http://azure.archive.ubuntu.com/ubuntu jammy-updates/universe Translation-en [305 kB]
build	Install OCaml & opam	2025-09-29T18:07:54.4257419Z Get:15 http://azure.archive.ubuntu.com/ubuntu jammy-updates/universe amd64 c-n-f Metadata [29.5 kB]
build	Install OCaml & opam	2025-09-29T18:07:54.4524081Z Get:16 http://azure.archive.ubuntu.com/ubuntu jammy-backports/universe amd64 Packages [30.0 kB]
build	Install OCaml & opam	2025-09-29T18:07:54.4537243Z Get:17 http://azure.archive.ubuntu.com/ubuntu jammy-backports/universe amd64 c-n-f Metadata [672 B]
build	Install OCaml & opam	2025-09-29T18:07:54.5796281Z Get:18 http://azure.archive.ubuntu.com/ubuntu jammy-security/main amd64 Packages [2689 kB]
build	Install OCaml & opam	2025-09-29T18:07:54.5947886Z Get:19 http://azure.archive.ubuntu.com/ubuntu jammy-security/main Translation-en [394 kB]
build	Install OCaml & opam	2025-09-29T18:07:54.5980753Z Get:20 http://azure.archive.ubuntu.com/ubuntu jammy-security/main amd64 c-n-f Metadata [13.9 kB]
build	Install OCaml & opam	2025-09-29T18:07:54.5994580Z Get:21 http://azure.archive.ubuntu.com/ubuntu jammy-security/restricted amd64 Packages [4413 kB]
build	Install OCaml & opam	2025-09-29T18:07:54.6207041Z Get:22 http://azure.archive.ubuntu.com/ubuntu jammy-security/restricted Translation-en [818 kB]
build	Install OCaml & opam	2025-09-29T18:07:54.6287053Z Get:23 http://azure.archive.ubuntu.com/ubuntu jammy-security/universe amd64 Packages [997 kB]
build	Install OCaml & opam	2025-09-29T18:07:54.6352968Z Get:24 http://azure.archive.ubuntu.com/ubuntu jammy-security/universe Translation-en [218 kB]
build	Install OCaml & opam	2025-09-29T18:07:54.6377429Z Get:25 http://azure.archive.ubuntu.com/ubuntu jammy-security/universe amd64 c-n-f Metadata [22.1 kB]
build	Install OCaml & opam	2025-09-29T18:07:54.6728216Z Get:26 https://packages.microsoft.com/ubuntu/22.04/prod jammy/main amd64 Packages [256 kB]
build	Install OCaml & opam	2025-09-29T18:07:54.6793685Z Get:27 https://packages.microsoft.com/ubuntu/22.04/prod jammy/main arm64 Packages [85.0 kB]
build	Install OCaml & opam	2025-09-29T18:08:03.7276104Z Fetched 20.7 MB in 2s (8387 kB/s)
build	Install OCaml & opam	2025-09-29T18:08:04.6506954Z Reading package lists...
build	Install OCaml & opam	2025-09-29T18:08:04.7101526Z Reading package lists...
build	Install OCaml & opam	2025-09-29T18:08:04.9137497Z Building dependency tree...
build	Install OCaml & opam	2025-09-29T18:08:04.9148826Z Reading state information...
build	Install OCaml & opam	2025-09-29T18:08:05.0740485Z mercurial is already the newest version (6.1.1-1ubuntu1).
build	Install OCaml & opam	2025-09-29T18:08:05.0741244Z rsync is already the newest version (3.2.7-0ubuntu0.22.04.4).
build	Install OCaml & opam	2025-09-29T18:08:05.0741877Z The following additional packages will be installed:
build	Install OCaml & opam	2025-09-29T18:08:05.0743417Z   g++-11-multilib gcc-11-multilib lib32asan6 lib32atomic1 lib32gcc-11-dev
build	Install OCaml & opam	2025-09-29T18:08:05.0744313Z   lib32gomp1 lib32itm1 lib32quadmath0 lib32stdc++-11-dev lib32ubsan1
build	Install OCaml & opam	2025-09-29T18:08:05.0745045Z   libc6-dev-i386 libc6-dev-x32 libc6-x32 libx32asan6 libx32atomic1
build	Install OCaml & opam	2025-09-29T18:08:05.0745773Z   libx32gcc-11-dev libx32gcc-s1 libx32gomp1 libx32itm1 libx32quadmath0
build	Install OCaml & opam	2025-09-29T18:08:05.0746899Z   libx32stdc++-11-dev libx32stdc++6 libx32ubsan1 musl musl-dev
build	Install OCaml & opam	2025-09-29T18:08:05.0754206Z Suggested packages:
build	Install OCaml & opam	2025-09-29T18:08:05.0754574Z   lib32stdc++6-11-dbg libx32stdc++6-11-dbg
build	Install OCaml & opam	2025-09-29T18:08:05.0754939Z Recommended packages:
build	Install OCaml & opam	2025-09-29T18:08:05.0755218Z   linux-musl-dev
build	Install OCaml & opam	2025-09-29T18:08:05.1081203Z The following NEW packages will be installed:
build	Install OCaml & opam	2025-09-29T18:08:05.1082369Z   bubblewrap g++-11-multilib g++-multilib gcc-11-multilib gcc-multilib
build	Install OCaml & opam	2025-09-29T18:08:05.1083611Z   lib32asan6 lib32atomic1 lib32gcc-11-dev lib32gomp1 lib32itm1 lib32quadmath0
build	Install OCaml & opam	2025-09-29T18:08:05.1086115Z   lib32stdc++-11-dev lib32ubsan1 libc6-dev-i386 libc6-dev-x32 libc6-x32
build	Install OCaml & opam	2025-09-29T18:08:05.1087385Z   libx32asan6 libx32atomic1 libx32gcc-11-dev libx32gcc-s1 libx32gomp1
build	Install OCaml & opam	2025-09-29T18:08:05.1088731Z   libx32itm1 libx32quadmath0 libx32stdc++-11-dev libx32stdc++6 libx32ubsan1
build	Install OCaml & opam	2025-09-29T18:08:05.1089792Z   musl musl-dev musl-tools
build	Install OCaml & opam	2025-09-29T18:08:05.1267305Z 0 upgraded, 29 newly installed, 0 to remove and 38 not upgraded.
build	Install OCaml & opam	2025-09-29T18:08:05.1267988Z Need to get 21.1 MB of archives.
build	Install OCaml & opam	2025-09-29T18:08:05.1268545Z After this operation, 93.4 MB of additional disk space will be used.
build	Install OCaml & opam	2025-09-29T18:08:05.1269376Z Get:1 file:/etc/apt/apt-mirrors.txt Mirrorlist [144 B]
build	Install OCaml & opam	2025-09-29T18:08:05.2229574Z Get:2 http://azure.archive.ubuntu.com/ubuntu jammy-updates/main amd64 bubblewrap amd64 0.6.1-1ubuntu0.1 [46.3 kB]
build	Install OCaml & opam	2025-09-29T18:08:05.3048346Z Get:3 http://azure.archive.ubuntu.com/ubuntu jammy-updates/main amd64 libc6-dev-i386 amd64 2.35-0ubuntu3.11 [1445 kB]
build	Install OCaml & opam	2025-09-29T18:08:05.5556428Z Get:4 http://azure.archive.ubuntu.com/ubuntu jammy-updates/main amd64 libc6-x32 amd64 2.35-0ubuntu3.11 [2978 kB]
build	Install OCaml & opam	2025-09-29T18:08:05.9881386Z Get:5 http://azure.archive.ubuntu.com/ubuntu jammy-updates/main amd64 libc6-dev-x32 amd64 2.35-0ubuntu3.11 [1632 kB]
build	Install OCaml & opam	2025-09-29T18:08:06.2438419Z Get:6 http://azure.archive.ubuntu.com/ubuntu jammy-updates/main amd64 libx32gcc-s1 amd64 12.3.0-1ubuntu1~22.04.2 [54.0 kB]
build	Install OCaml & opam	2025-09-29T18:08:06.3251842Z Get:7 http://azure.archive.ubuntu.com/ubuntu jammy-updates/main amd64 lib32gomp1 amd64 12.3.0-1ubuntu1~22.04.2 [133 kB]
build	Install OCaml & opam	2025-09-29T18:08:06.4075982Z Get:8 http://azure.archive.ubuntu.com/ubuntu jammy-updates/main amd64 libx32gomp1 amd64 12.3.0-1ubuntu1~22.04.2 [127 kB]
build	Install OCaml & opam	2025-09-29T18:08:06.4902324Z Get:9 http://azure.archive.ubuntu.com/ubuntu jammy-updates/main amd64 lib32itm1 amd64 12.3.0-1ubuntu1~22.04.2 [32.0 kB]
build	Install OCaml & opam	2025-09-29T18:08:06.5727314Z Get:10 http://azure.archive.ubuntu.com/ubuntu jammy-updates/main amd64 libx32itm1 amd64 12.3.0-1ubuntu1~22.04.2 [30.2 kB]
build	Install OCaml & opam	2025-09-29T18:08:06.6530223Z Get:11 http://azure.archive.ubuntu.com/ubuntu jammy-updates/main amd64 lib32atomic1 amd64 12.3.0-1ubuntu1~22.04.2 [8512 B]
build	Install OCaml & opam	2025-09-29T18:08:06.7336966Z Get:12 http://azure.archive.ubuntu.com/ubuntu jammy-updates/main amd64 libx32atomic1 amd64 12.3.0-1ubuntu1~22.04.2 [10.2 kB]
build	Install OCaml & opam	2025-09-29T18:08:06.8158222Z Get:13 http://azure.archive.ubuntu.com/ubuntu jammy-updates/main amd64 lib32asan6 amd64 11.4.0-1ubuntu1~22.04.2 [2154 kB]
build	Install OCaml & opam	2025-09-29T18:08:07.1416978Z Get:14 http://azure.archive.ubuntu.com/ubuntu jammy-updates/main amd64 libx32asan6 amd64 11.4.0-1ubuntu1~22.04.2 [2128 kB]
build	Install OCaml & opam	2025-09-29T18:08:07.4848871Z Get:15 http://azure.archive.ubuntu.com/ubuntu jammy-updates/main amd64 lib32ubsan1 amd64 12.3.0-1ubuntu1~22.04.2 [959 kB]
build	Install OCaml & opam	2025-09-29T18:08:07.7286921Z Get:16 http://azure.archive.ubuntu.com/ubuntu jammy-updates/main amd64 libx32stdc++6 amd64 12.3.0-1ubuntu1~22.04.2 [682 kB]
build	Install OCaml & opam	2025-09-29T18:08:07.8948116Z Get:17 http://azure.archive.ubuntu.com/ubuntu jammy-updates/main amd64 libx32ubsan1 amd64 12.3.0-1ubuntu1~22.04.2 [963 kB]
build	Install OCaml & opam	2025-09-29T18:08:08.1397543Z Get:18 http://azure.archive.ubuntu.com/ubuntu jammy-updates/main amd64 lib32quadmath0 amd64 12.3.0-1ubuntu1~22.04.2 [244 kB]
build	Install OCaml & opam	2025-09-29T18:08:08.2263199Z Get:19 http://azure.archive.ubuntu.com/ubuntu jammy-updates/main amd64 libx32quadmath0 amd64 12.3.0-1ubuntu1~22.04.2 [156 kB]
build	Install OCaml & opam	2025-09-29T18:08:08.3111186Z Get:20 http://azure.archive.ubuntu.com/ubuntu jammy-updates/main amd64 lib32gcc-11-dev amd64 11.4.0-1ubuntu1~22.04.2 [2339 kB]
build	Install OCaml & opam	2025-09-29T18:08:08.6433288Z Get:21 http://azure.archive.ubuntu.com/ubuntu jammy-updates/main amd64 libx32gcc-11-dev amd64 11.4.0-1ubuntu1~22.04.2 [2106 kB]
build	Install OCaml & opam	2025-09-29T18:08:08.9717321Z Get:22 http://azure.archive.ubuntu.com/ubuntu jammy-updates/main amd64 gcc-11-multilib amd64 11.4.0-1ubuntu1~22.04.2 [880 B]
build	Install OCaml & opam	2025-09-29T18:08:09.0523889Z Get:23 http://azure.archive.ubuntu.com/ubuntu jammy-updates/main amd64 lib32stdc++-11-dev amd64 11.4.0-1ubuntu1~22.04.2 [989 kB]
build	Install OCaml & opam	2025-09-29T18:08:09.2264236Z Get:24 http://azure.archive.ubuntu.com/ubuntu jammy-updates/main amd64 libx32stdc++-11-dev amd64 11.4.0-1ubuntu1~22.04.2 [906 kB]
build	Install OCaml & opam	2025-09-29T18:08:09.4649554Z Get:25 http://azure.archive.ubuntu.com/ubuntu jammy-updates/main amd64 g++-11-multilib amd64 11.4.0-1ubuntu1~22.04.2 [894 B]
build	Install OCaml & opam	2025-09-29T18:08:09.5457936Z Get:26 http://azure.archive.ubuntu.com/ubuntu jammy/main amd64 gcc-multilib amd64 4:11.2.0-1ubuntu1 [1382 B]
build	Install OCaml & opam	2025-09-29T18:08:09.6301087Z Get:27 http://azure.archive.ubuntu.com/ubuntu jammy/main amd64 g++-multilib amd64 4:11.2.0-1ubuntu1 [854 B]
build	Install OCaml & opam	2025-09-29T18:08:09.7113282Z Get:28 http://azure.archive.ubuntu.com/ubuntu jammy/universe amd64 musl amd64 1.2.2-4 [407 kB]
build	Install OCaml & opam	2025-09-29T18:08:09.8770543Z Get:29 http://azure.archive.ubuntu.com/ubuntu jammy/universe amd64 musl-dev amd64 1.2.2-4 [605 kB]
build	Install OCaml & opam	2025-09-29T18:08:10.0390377Z Get:30 http://azure.archive.ubuntu.com/ubuntu jammy/universe amd64 musl-tools amd64 1.2.2-4 [5520 B]
build	Install OCaml & opam	2025-09-29T18:08:10.3576346Z Fetched 21.1 MB in 5s (4295 kB/s)
build	Install OCaml & opam	2025-09-29T18:08:10.3833281Z Selecting previously unselected package bubblewrap.
build	Install OCaml & opam	2025-09-29T18:08:10.4223763Z (Reading database ... 
build	Install OCaml & opam	2025-09-29T18:08:10.4224162Z (Reading database ... 5%
build	Install OCaml & opam	2025-09-29T18:08:10.4224493Z (Reading database ... 10%
build	Install OCaml & opam	2025-09-29T18:08:10.4224815Z (Reading database ... 15%
build	Install OCaml & opam	2025-09-29T18:08:10.4225136Z (Reading database ... 20%
build	Install OCaml & opam	2025-09-29T18:08:10.4225551Z (Reading database ... 25%
build	Install OCaml & opam	2025-09-29T18:08:10.4225993Z (Reading database ... 30%
build	Install OCaml & opam	2025-09-29T18:08:10.4226523Z (Reading database ... 35%
build	Install OCaml & opam	2025-09-29T18:08:10.4227008Z (Reading database ... 40%
build	Install OCaml & opam	2025-09-29T18:08:10.4227489Z (Reading database ... 45%
build	Install OCaml & opam	2025-09-29T18:08:10.4227985Z (Reading database ... 50%
build	Install OCaml & opam	2025-09-29T18:08:10.6412869Z (Reading database ... 55%
build	Install OCaml & opam	2025-09-29T18:08:10.9453560Z (Reading database ... 60%
build	Install OCaml & opam	2025-09-29T18:08:11.2501340Z (Reading database ... 65%
build	Install OCaml & opam	2025-09-29T18:08:11.4435166Z (Reading database ... 70%
build	Install OCaml & opam	2025-09-29T18:08:11.7495508Z (Reading database ... 75%
build	Install OCaml & opam	2025-09-29T18:08:12.0374402Z (Reading database ... 80%
build	Install OCaml & opam	2025-09-29T18:08:12.2921420Z (Reading database ... 85%
build	Install OCaml & opam	2025-09-29T18:08:12.5565268Z (Reading database ... 90%
build	Install OCaml & opam	2025-09-29T18:08:12.7980918Z (Reading database ... 95%
build	Install OCaml & opam	2025-09-29T18:08:12.7981365Z (Reading database ... 100%
build	Install OCaml & opam	2025-09-29T18:08:12.7981838Z (Reading database ... 256283 files and directories currently installed.)
build	Install OCaml & opam	2025-09-29T18:08:12.8038545Z Preparing to unpack .../00-bubblewrap_0.6.1-1ubuntu0.1_amd64.deb ...
build	Install OCaml & opam	2025-09-29T18:08:12.8071616Z Unpacking bubblewrap (0.6.1-1ubuntu0.1) ...
build	Install OCaml & opam	2025-09-29T18:08:12.8394884Z Selecting previously unselected package libc6-dev-i386.
build	Install OCaml & opam	2025-09-29T18:08:12.8558093Z Preparing to unpack .../01-libc6-dev-i386_2.35-0ubuntu3.11_amd64.deb ...
build	Install OCaml & opam	2025-09-29T18:08:12.8571288Z Unpacking libc6-dev-i386 (2.35-0ubuntu3.11) ...
build	Install OCaml & opam	2025-09-29T18:08:12.9221527Z Selecting previously unselected package libc6-x32.
build	Install OCaml & opam	2025-09-29T18:08:12.9383578Z Preparing to unpack .../02-libc6-x32_2.35-0ubuntu3.11_amd64.deb ...
build	Install OCaml & opam	2025-09-29T18:08:12.9407185Z Unpacking libc6-x32 (2.35-0ubuntu3.11) ...
build	Install OCaml & opam	2025-09-29T18:08:13.0458333Z Selecting previously unselected package libc6-dev-x32.
build	Install OCaml & opam	2025-09-29T18:08:13.0624622Z Preparing to unpack .../03-libc6-dev-x32_2.35-0ubuntu3.11_amd64.deb ...
build	Install OCaml & opam	2025-09-29T18:08:13.0636454Z Unpacking libc6-dev-x32 (2.35-0ubuntu3.11) ...
build	Install OCaml & opam	2025-09-29T18:08:13.1153092Z Selecting previously unselected package libx32gcc-s1.
build	Install OCaml & opam	2025-09-29T18:08:13.1316210Z Preparing to unpack .../04-libx32gcc-s1_12.3.0-1ubuntu1~22.04.2_amd64.deb ...
build	Install OCaml & opam	2025-09-29T18:08:13.1328293Z Unpacking libx32gcc-s1 (12.3.0-1ubuntu1~22.04.2) ...
build	Install OCaml & opam	2025-09-29T18:08:13.1565340Z Selecting previously unselected package lib32gomp1.
build	Install OCaml & opam	2025-09-29T18:08:13.1746229Z Preparing to unpack .../05-lib32gomp1_12.3.0-1ubuntu1~22.04.2_amd64.deb ...
build	Install OCaml & opam	2025-09-29T18:08:13.1757996Z Unpacking lib32gomp1 (12.3.0-1ubuntu1~22.04.2) ...
build	Install OCaml & opam	2025-09-29T18:08:13.2066471Z Selecting previously unselected package libx32gomp1.
build	Install OCaml & opam	2025-09-29T18:08:13.2253976Z Preparing to unpack .../06-libx32gomp1_12.3.0-1ubuntu1~22.04.2_amd64.deb ...
build	Install OCaml & opam	2025-09-29T18:08:13.2270335Z Unpacking libx32gomp1 (12.3.0-1ubuntu1~22.04.2) ...
build	Install OCaml & opam	2025-09-29T18:08:13.2548464Z Selecting previously unselected package lib32itm1.
build	Install OCaml & opam	2025-09-29T18:08:13.2731746Z Preparing to unpack .../07-lib32itm1_12.3.0-1ubuntu1~22.04.2_amd64.deb ...
build	Install OCaml & opam	2025-09-29T18:08:13.2747994Z Unpacking lib32itm1 (12.3.0-1ubuntu1~22.04.2) ...
build	Install OCaml & opam	2025-09-29T18:08:13.3019058Z Selecting previously unselected package libx32itm1.
build	Install OCaml & opam	2025-09-29T18:08:13.3189413Z Preparing to unpack .../08-libx32itm1_12.3.0-1ubuntu1~22.04.2_amd64.deb ...
build	Install OCaml & opam	2025-09-29T18:08:13.3204817Z Unpacking libx32itm1 (12.3.0-1ubuntu1~22.04.2) ...
build	Install OCaml & opam	2025-09-29T18:08:13.3453209Z Selecting previously unselected package lib32atomic1.
build	Install OCaml & opam	2025-09-29T18:08:13.3616957Z Preparing to unpack .../09-lib32atomic1_12.3.0-1ubuntu1~22.04.2_amd64.deb ...
build	Install OCaml & opam	2025-09-29T18:08:13.3628917Z Unpacking lib32atomic1 (12.3.0-1ubuntu1~22.04.2) ...
build	Install OCaml & opam	2025-09-29T18:08:13.3858952Z Selecting previously unselected package libx32atomic1.
build	Install OCaml & opam	2025-09-29T18:08:13.4022152Z Preparing to unpack .../10-libx32atomic1_12.3.0-1ubuntu1~22.04.2_amd64.deb ...
build	Install OCaml & opam	2025-09-29T18:08:13.4036639Z Unpacking libx32atomic1 (12.3.0-1ubuntu1~22.04.2) ...
build	Install OCaml & opam	2025-09-29T18:08:13.4388075Z Selecting previously unselected package lib32asan6.
build	Install OCaml & opam	2025-09-29T18:08:13.4570502Z Preparing to unpack .../11-lib32asan6_11.4.0-1ubuntu1~22.04.2_amd64.deb ...
build	Install OCaml & opam	2025-09-29T18:08:13.4638579Z Unpacking lib32asan6 (11.4.0-1ubuntu1~22.04.2) ...
build	Install OCaml & opam	2025-09-29T18:08:13.5083249Z Selecting previously unselected package libx32asan6.
build	Install OCaml & opam	2025-09-29T18:08:13.5242205Z Preparing to unpack .../12-libx32asan6_11.4.0-1ubuntu1~22.04.2_amd64.deb ...
build	Install OCaml & opam	2025-09-29T18:08:13.5253237Z Unpacking libx32asan6 (11.4.0-1ubuntu1~22.04.2) ...
build	Install OCaml & opam	2025-09-29T18:08:13.5767829Z Selecting previously unselected package lib32ubsan1.
build	Install OCaml & opam	2025-09-29T18:08:13.5930878Z Preparing to unpack .../13-lib32ubsan1_12.3.0-1ubuntu1~22.04.2_amd64.deb ...
build	Install OCaml & opam	2025-09-29T18:08:13.5943559Z Unpacking lib32ubsan1 (12.3.0-1ubuntu1~22.04.2) ...
build	Install OCaml & opam	2025-09-29T18:08:13.6293555Z Selecting previously unselected package libx32stdc++6.
build	Install OCaml & opam	2025-09-29T18:08:13.6462357Z Preparing to unpack .../14-libx32stdc++6_12.3.0-1ubuntu1~22.04.2_amd64.deb ...
build	Install OCaml & opam	2025-09-29T18:08:13.6487567Z Unpacking libx32stdc++6 (12.3.0-1ubuntu1~22.04.2) ...
build	Install OCaml & opam	2025-09-29T18:08:13.6802299Z Selecting previously unselected package libx32ubsan1.
build	Install OCaml & opam	2025-09-29T18:08:13.6970614Z Preparing to unpack .../15-libx32ubsan1_12.3.0-1ubuntu1~22.04.2_amd64.deb ...
build	Install OCaml & opam	2025-09-29T18:08:13.6983695Z Unpacking libx32ubsan1 (12.3.0-1ubuntu1~22.04.2) ...
build	Install OCaml & opam	2025-09-29T18:08:13.7331763Z Selecting previously unselected package lib32quadmath0.
build	Install OCaml & opam	2025-09-29T18:08:13.7495345Z Preparing to unpack .../16-lib32quadmath0_12.3.0-1ubuntu1~22.04.2_amd64.deb ...
build	Install OCaml & opam	2025-09-29T18:08:13.7509360Z Unpacking lib32quadmath0 (12.3.0-1ubuntu1~22.04.2) ...
build	Install OCaml & opam	2025-09-29T18:08:13.7817996Z Selecting previously unselected package libx32quadmath0.
build	Install OCaml & opam	2025-09-29T18:08:13.7981785Z Preparing to unpack .../17-libx32quadmath0_12.3.0-1ubuntu1~22.04.2_amd64.deb ...
build	Install OCaml & opam	2025-09-29T18:08:13.7993842Z Unpacking libx32quadmath0 (12.3.0-1ubuntu1~22.04.2) ...
build	Install OCaml & opam	2025-09-29T18:08:13.8224963Z Selecting previously unselected package lib32gcc-11-dev.
build	Install OCaml & opam	2025-09-29T18:08:13.8385815Z Preparing to unpack .../18-lib32gcc-11-dev_11.4.0-1ubuntu1~22.04.2_amd64.deb ...
build	Install OCaml & opam	2025-09-29T18:08:13.8397791Z Unpacking lib32gcc-11-dev (11.4.0-1ubuntu1~22.04.2) ...
build	Install OCaml & opam	2025-09-29T18:08:13.8937165Z Selecting previously unselected package libx32gcc-11-dev.
build	Install OCaml & opam	2025-09-29T18:08:13.9099677Z Preparing to unpack .../19-libx32gcc-11-dev_11.4.0-1ubuntu1~22.04.2_amd64.deb ...
build	Install OCaml & opam	2025-09-29T18:08:13.9109565Z Unpacking libx32gcc-11-dev (11.4.0-1ubuntu1~22.04.2) ...
build	Install OCaml & opam	2025-09-29T18:08:13.9590618Z Selecting previously unselected package gcc-11-multilib.
build	Install OCaml & opam	2025-09-29T18:08:13.9755714Z Preparing to unpack .../20-gcc-11-multilib_11.4.0-1ubuntu1~22.04.2_amd64.deb ...
build	Install OCaml & opam	2025-09-29T18:08:13.9767542Z Unpacking gcc-11-multilib (11.4.0-1ubuntu1~22.04.2) ...
build	Install OCaml & opam	2025-09-29T18:08:13.9975534Z Selecting previously unselected package lib32stdc++-11-dev.
build	Install OCaml & opam	2025-09-29T18:08:14.0143558Z Preparing to unpack .../21-lib32stdc++-11-dev_11.4.0-1ubuntu1~22.04.2_amd64.deb ...
build	Install OCaml & opam	2025-09-29T18:08:14.0645457Z Unpacking lib32stdc++-11-dev (11.4.0-1ubuntu1~22.04.2) ...
build	Install OCaml & opam	2025-09-29T18:08:14.1255437Z Selecting previously unselected package libx32stdc++-11-dev.
build	Install OCaml & opam	2025-09-29T18:08:14.1420435Z Preparing to unpack .../22-libx32stdc++-11-dev_11.4.0-1ubuntu1~22.04.2_amd64.deb ...
build	Install OCaml & opam	2025-09-29T18:08:14.1431649Z Unpacking libx32stdc++-11-dev (11.4.0-1ubuntu1~22.04.2) ...
build	Install OCaml & opam	2025-09-29T18:08:14.2037989Z Selecting previously unselected package g++-11-multilib.
build	Install OCaml & opam	2025-09-29T18:08:14.2233433Z Preparing to unpack .../23-g++-11-multilib_11.4.0-1ubuntu1~22.04.2_amd64.deb ...
build	Install OCaml & opam	2025-09-29T18:08:14.2247726Z Unpacking g++-11-multilib (11.4.0-1ubuntu1~22.04.2) ...
build	Install OCaml & opam	2025-09-29T18:08:14.2475833Z Selecting previously unselected package gcc-multilib.
build	Install OCaml & opam	2025-09-29T18:08:14.2660772Z Preparing to unpack .../24-gcc-multilib_4%3a11.2.0-1ubuntu1_amd64.deb ...
build	Install OCaml & opam	2025-09-29T18:08:14.2672568Z Unpacking gcc-multilib (4:11.2.0-1ubuntu1) ...
build	Install OCaml & opam	2025-09-29T18:08:14.2901975Z Selecting previously unselected package g++-multilib.
build	Install OCaml & opam	2025-09-29T18:08:14.3087470Z Preparing to unpack .../25-g++-multilib_4%3a11.2.0-1ubuntu1_amd64.deb ...
build	Install OCaml & opam	2025-09-29T18:08:14.3101931Z Unpacking g++-multilib (4:11.2.0-1ubuntu1) ...
build	Install OCaml & opam	2025-09-29T18:08:14.3340268Z Selecting previously unselected package musl:amd64.
build	Install OCaml & opam	2025-09-29T18:08:14.3507805Z Preparing to unpack .../26-musl_1.2.2-4_amd64.deb ...
build	Install OCaml & opam	2025-09-29T18:08:14.3519984Z Unpacking musl:amd64 (1.2.2-4) ...
build	Install OCaml & opam	2025-09-29T18:08:14.3826621Z Selecting previously unselected package musl-dev:amd64.
build	Install OCaml & opam	2025-09-29T18:08:14.3996095Z Preparing to unpack .../27-musl-dev_1.2.2-4_amd64.deb ...
build	Install OCaml & opam	2025-09-29T18:08:14.4007760Z Unpacking musl-dev:amd64 (1.2.2-4) ...
build	Install OCaml & opam	2025-09-29T18:08:14.4668225Z Selecting previously unselected package musl-tools.
build	Install OCaml & opam	2025-09-29T18:08:14.4828405Z Preparing to unpack .../28-musl-tools_1.2.2-4_amd64.deb ...
build	Install OCaml & opam	2025-09-29T18:08:14.4839014Z Unpacking musl-tools (1.2.2-4) ...
build	Install OCaml & opam	2025-09-29T18:08:14.5324649Z Setting up bubblewrap (0.6.1-1ubuntu0.1) ...
build	Install OCaml & opam	2025-09-29T18:08:14.5381933Z Setting up libc6-dev-i386 (2.35-0ubuntu3.11) ...
build	Install OCaml & opam	2025-09-29T18:08:14.5412411Z Setting up lib32itm1 (12.3.0-1ubuntu1~22.04.2) ...
build	Install OCaml & opam	2025-09-29T18:08:14.5446216Z Setting up lib32ubsan1 (12.3.0-1ubuntu1~22.04.2) ...
build	Install OCaml & opam	2025-09-29T18:08:14.5475192Z Setting up libc6-x32 (2.35-0ubuntu3.11) ...
build	Install OCaml & opam	2025-09-29T18:08:14.5513361Z Setting up libc6-dev-x32 (2.35-0ubuntu3.11) ...
build	Install OCaml & opam	2025-09-29T18:08:14.5542105Z Setting up lib32gomp1 (12.3.0-1ubuntu1~22.04.2) ...
build	Install OCaml & opam	2025-09-29T18:08:14.5568465Z Setting up libx32gomp1 (12.3.0-1ubuntu1~22.04.2) ...
build	Install OCaml & opam	2025-09-29T18:08:14.5594069Z Setting up lib32asan6 (11.4.0-1ubuntu1~22.04.2) ...
build	Install OCaml & opam	2025-09-29T18:08:14.5627910Z Setting up musl:amd64 (1.2.2-4) ...
build	Install OCaml & opam	2025-09-29T18:08:14.5675911Z Setting up lib32quadmath0 (12.3.0-1ubuntu1~22.04.2) ...
build	Install OCaml & opam	2025-09-29T18:08:14.5703398Z Setting up libx32quadmath0 (12.3.0-1ubuntu1~22.04.2) ...
build	Install OCaml & opam	2025-09-29T18:08:14.5732128Z Setting up lib32atomic1 (12.3.0-1ubuntu1~22.04.2) ...
build	Install OCaml & opam	2025-09-29T18:08:14.5759678Z Setting up libx32atomic1 (12.3.0-1ubuntu1~22.04.2) ...
build	Install OCaml & opam	2025-09-29T18:08:14.5787411Z Setting up libx32gcc-s1 (12.3.0-1ubuntu1~22.04.2) ...
build	Install OCaml & opam	2025-09-29T18:08:14.5817005Z Setting up libx32itm1 (12.3.0-1ubuntu1~22.04.2) ...
build	Install OCaml & opam	2025-09-29T18:08:14.5843888Z Setting up musl-dev:amd64 (1.2.2-4) ...
build	Install OCaml & opam	2025-09-29T18:08:14.5889736Z Setting up libx32asan6 (11.4.0-1ubuntu1~22.04.2) ...
build	Install OCaml & opam	2025-09-29T18:08:14.5915032Z Setting up libx32stdc++6 (12.3.0-1ubuntu1~22.04.2) ...
build	Install OCaml & opam	2025-09-29T18:08:14.5944273Z Setting up libx32ubsan1 (12.3.0-1ubuntu1~22.04.2) ...
build	Install OCaml & opam	2025-09-29T18:08:14.5974021Z Setting up musl-tools (1.2.2-4) ...
build	Install OCaml & opam	2025-09-29T18:08:14.6001255Z Setting up libx32gcc-11-dev (11.4.0-1ubuntu1~22.04.2) ...
build	Install OCaml & opam	2025-09-29T18:08:14.6029477Z Setting up libx32stdc++-11-dev (11.4.0-1ubuntu1~22.04.2) ...
build	Install OCaml & opam	2025-09-29T18:08:14.6057791Z Setting up lib32gcc-11-dev (11.4.0-1ubuntu1~22.04.2) ...
build	Install OCaml & opam	2025-09-29T18:08:14.6093294Z Setting up lib32stdc++-11-dev (11.4.0-1ubuntu1~22.04.2) ...
build	Install OCaml & opam	2025-09-29T18:08:14.6134154Z Setting up gcc-11-multilib (11.4.0-1ubuntu1~22.04.2) ...
build	Install OCaml & opam	2025-09-29T18:08:14.6167451Z Setting up gcc-multilib (4:11.2.0-1ubuntu1) ...
build	Install OCaml & opam	2025-09-29T18:08:14.6204151Z Setting up g++-11-multilib (11.4.0-1ubuntu1~22.04.2) ...
build	Install OCaml & opam	2025-09-29T18:08:14.6236473Z Setting up g++-multilib (4:11.2.0-1ubuntu1) ...
build	Install OCaml & opam	2025-09-29T18:08:14.6602029Z Processing triggers for libc-bin (2.35-0ubuntu3.10) ...
build	Install OCaml & opam	2025-09-29T18:08:14.6995672Z Processing triggers for man-db (2.10.2-1) ...
build	Install OCaml & opam	2025-09-29T18:08:16.0464110Z NEEDRESTART-VER: 3.5
build	Install OCaml & opam	2025-09-29T18:08:16.4063131Z NEEDRESTART-KCUR: 6.8.0-1031-azure
build	Install OCaml & opam	2025-09-29T18:08:16.4063714Z NEEDRESTART-KEXP: 6.8.0-1031-azure
build	Install OCaml & opam	2025-09-29T18:08:16.4064037Z NEEDRESTART-KSTA: 1
build	Install OCaml & opam	2025-09-29T18:08:16.4064360Z NEEDRESTART-SVC: hosted-compute-agent.service
build	Install OCaml & opam	2025-09-29T18:08:17.9579509Z ##[group]Run mkdir -p "$HOME/.github-tools"
build	Install OCaml & opam	2025-09-29T18:08:17.9579898Z [36;1mmkdir -p "$HOME/.github-tools"[0m
build	Install OCaml & opam	2025-09-29T18:08:17.9580149Z [36;1m{[0m
build	Install OCaml & opam	2025-09-29T18:08:17.9580372Z [36;1m  printf '%s\n' '#!/usr/bin/env bash'[0m
build	Install OCaml & opam	2025-09-29T18:08:17.9580686Z [36;1m  printf '%s\n' 'if [[ "$1" == "apt-get" ]]; then'[0m
build	Install OCaml & opam	2025-09-29T18:08:17.9580977Z [36;1m  printf '%s\n' '  args=()'[0m
build	Install OCaml & opam	2025-09-29T18:08:17.9581251Z [36;1m  printf '%s\n' '  install_seen=false'[0m
build	Install OCaml & opam	2025-09-29T18:08:17.9581522Z [36;1m  printf '%s\n' '  for arg in "$@"; do'[0m
build	Install OCaml & opam	2025-09-29T18:08:17.9581854Z [36;1m  printf '%s\n' '    if [[ "$arg" == "install" ]]; then'[0m
build	Install OCaml & opam	2025-09-29T18:08:17.9582180Z [36;1m  printf '%s\n' '      install_seen=true'[0m
build	Install OCaml & opam	2025-09-29T18:08:17.9582438Z [36;1m  printf '%s\n' '    fi'[0m
build	Install OCaml & opam	2025-09-29T18:08:17.9582748Z [36;1m  printf '%s\n' '    if [[ "$install_seen" == true && "$arg" == "darcs" ]]; then'[0m
build	Install OCaml & opam	2025-09-29T18:08:17.9583094Z [36;1m  printf '%s\n' '      continue'[0m
build	Install OCaml & opam	2025-09-29T18:08:17.9583334Z [36;1m  printf '%s\n' '    fi'[0m
build	Install OCaml & opam	2025-09-29T18:08:17.9583562Z [36;1m  printf '%s\n' '    args+=("$arg")'[0m
build	Install OCaml & opam	2025-09-29T18:08:17.9583803Z [36;1m  printf '%s\n' '  done'[0m
build	Install OCaml & opam	2025-09-29T18:08:17.9584061Z [36;1m  printf '%s\n' '  exec /usr/bin/sudo "${args[@]}"'[0m
build	Install OCaml & opam	2025-09-29T18:08:17.9584330Z [36;1m  printf '%s\n' 'fi'[0m
build	Install OCaml & opam	2025-09-29T18:08:17.9584569Z [36;1m  printf '%s\n' 'exec /usr/bin/sudo "$@"'[0m
build	Install OCaml & opam	2025-09-29T18:08:17.9584833Z [36;1m} > "$HOME/.github-tools/sudo"[0m
build	Install OCaml & opam	2025-09-29T18:08:17.9585101Z [36;1mchmod +x "$HOME/.github-tools/sudo"[0m
build	Install OCaml & opam	2025-09-29T18:08:17.9585630Z [36;1mecho "PATH=$HOME/.github-tools:$PATH" >> "$GITHUB_ENV"[0m
build	Install OCaml & opam	2025-09-29T18:08:17.9614941Z shell: /usr/bin/bash --noprofile --norc -e -o pipefail {0}
build	Install OCaml & opam	2025-09-29T18:08:17.9615268Z ##[endgroup]
build	Install OCaml & opam	2025-09-29T18:08:17.9741952Z ##[group]Run ocaml/setup-ocaml@v2
build	Install OCaml & opam	2025-09-29T18:08:17.9742185Z with:
build	Install OCaml & opam	2025-09-29T18:08:17.9742361Z   ocaml-compiler: 4.14.1
build	Install OCaml & opam	2025-09-29T18:08:17.9742763Z   allow-prerelease-opam: false
build	Install OCaml & opam	2025-09-29T18:08:17.9742988Z   opam-pin: true
build	Install OCaml & opam	2025-09-29T18:08:17.9743168Z   opam-depext: false
build	Install OCaml & opam	2025-09-29T18:08:17.9743362Z   opam-local-packages: *.opam
build	Install OCaml & opam	2025-09-29T18:08:17.9743594Z   opam-disable-sandboxing: false
build	Install OCaml & opam	2025-09-29T18:08:17.9743808Z   dune-cache: false
build	Install OCaml & opam	2025-09-29T18:08:17.9743984Z   cache-prefix: v1
build	Install OCaml & opam	2025-09-29T18:08:17.9744437Z   github-token: ***
build	Install OCaml & opam	2025-09-29T18:08:17.9744624Z env:
build	Install OCaml & opam	2025-09-29T18:08:17.9745619Z   PATH: /home/runner/.github-tools:/snap/bin:/home/runner/.local/bin:/opt/pipx_bin:/home/runner/.cargo/bin:/home/runner/.config/composer/vendor/bin:/usr/local/.ghcup/bin:/home/runner/.dotnet/tools:/usr/local/sbin:/usr/local/bin:/usr/sbin:/usr/bin:/sbin:/bin:/usr/games:/usr/local/games:/snap/bin
build	Install OCaml & opam	2025-09-29T18:08:17.9746675Z ##[endgroup]
build	Install OCaml & opam	2025-09-29T18:08:18.1580203Z ##[group]Retrieve the opam cache
build	Install OCaml & opam	2025-09-29T18:08:19.1924822Z ##[warning]Failed to restore: Cache service responded with 400
build	Install OCaml & opam	2025-09-29T18:08:19.1927749Z Cache not found for input keys: v1-setup-ocaml-opam-2.1.6-sandbox-linux-22.04-x86_64-ocaml_base_compiler_4_14_1-2025-40, v1-setup-ocaml-opam-2.1.6-sandbox-linux-22.04-x86_64-ocaml_base_compiler_4_14_1-2025-40, v1-setup-ocaml-opam-2.1.6-sandbox-linux-22.04-x86_64-ocaml_base_compiler_4_14_1-2025-, v1-setup-ocaml-opam-2.1.6-sandbox-linux-22.04-x86_64-ocaml_base_compiler_4_14_1-
build	Install OCaml & opam	2025-09-29T18:08:19.1930563Z ##[endgroup]
build	Install OCaml & opam	2025-09-29T18:08:19.1931258Z ##[group]Install opam
build	Install OCaml & opam	2025-09-29T18:08:20.3180080Z Acquired 2.1.6 from https://github.com/ocaml/opam/releases/download/2.1.6/opam-2.1.6-x86_64-linux
build	Install OCaml & opam	2025-09-29T18:08:20.3364713Z Successfully cached opam to /opt/hostedtoolcache/opam/2.1.6/x86_64
build	Install OCaml & opam	2025-09-29T18:08:20.3365385Z Added opam to the path
build	Install OCaml & opam	2025-09-29T18:08:20.3365987Z ##[endgroup]
build	Install OCaml & opam	2025-09-29T18:08:20.3366507Z ##[group]Initialise the opam state
build	Install OCaml & opam	2025-09-29T18:08:20.3386031Z [command]/home/runner/.github-tools/sudo apt-get --yes install bubblewrap darcs g++-multilib gcc-multilib mercurial musl-tools rsync
build	Install OCaml & opam	2025-09-29T18:08:20.3930576Z Reading package lists...
build	Install OCaml & opam	2025-09-29T18:08:20.6051091Z Building dependency tree...
build	Install OCaml & opam	2025-09-29T18:08:20.6063058Z Reading state information...
build	Install OCaml & opam	2025-09-29T18:08:20.7812802Z g++-multilib is already the newest version (4:11.2.0-1ubuntu1).
build	Install OCaml & opam	2025-09-29T18:08:20.7813588Z gcc-multilib is already the newest version (4:11.2.0-1ubuntu1).
build	Install OCaml & opam	2025-09-29T18:08:20.7814370Z mercurial is already the newest version (6.1.1-1ubuntu1).
build	Install OCaml & opam	2025-09-29T18:08:20.7815066Z musl-tools is already the newest version (1.2.2-4).
build	Install OCaml & opam	2025-09-29T18:08:20.7815772Z bubblewrap is already the newest version (0.6.1-1ubuntu0.1).
build	Install OCaml & opam	2025-09-29T18:08:20.7816578Z rsync is already the newest version (3.2.7-0ubuntu0.22.04.4).
build	Install OCaml & opam	2025-09-29T18:08:20.7817068Z 0 upgraded, 0 newly installed, 0 to remove and 38 not upgraded.
build	Install OCaml & opam	2025-09-29T18:08:20.7848712Z [command]/opt/hostedtoolcache/opam/2.1.6/x86_64/opam init --auto-setup --bare --enable-shell-hook
build	Install OCaml & opam	2025-09-29T18:08:20.7990221Z No configuration file found, using built-in defaults.
build	Install OCaml & opam	2025-09-29T18:08:20.7993522Z Checking for available remotes: rsync and local, git, mercurial.
build	Install OCaml & opam	2025-09-29T18:08:20.7994795Z   - you won't be able to use darcs repositories unless you install the [01mdarcs[0m command on your system.
build	Install OCaml & opam	2025-09-29T18:08:20.7995473Z 
build	Install OCaml & opam	2025-09-29T18:08:20.8225227Z 
build	Install OCaml & opam	2025-09-29T18:08:20.8226365Z [36m<><>[0m [01mFetching repository information[0m [36m><><><><><><><><><><><><><><><><><><><><><>[0m
build	Install OCaml & opam	2025-09-29T18:08:24.3295750Z [[32mdefault[0m] Initialised
build	Install OCaml & opam	2025-09-29T18:08:36.4242278Z 
build	Install OCaml & opam	2025-09-29T18:08:36.4242867Z User configuration:
build	Install OCaml & opam	2025-09-29T18:08:36.4314634Z   Updating ~/.bash_profile.
build	Install OCaml & opam	2025-09-29T18:08:36.4317246Z [1;34m[NOTE][0m Make sure that ~/.bash_profile is well [04msourced[0m in your ~/.bashrc.
build	Install OCaml & opam	2025-09-29T18:08:36.4317764Z 
build	Install OCaml & opam	2025-09-29T18:08:37.7096378Z ##[endgroup]
build	Install OCaml & opam	2025-09-29T18:08:37.7097224Z ##[group]Remove the opam repositories
build	Install OCaml & opam	2025-09-29T18:08:37.7119875Z [command]/opt/hostedtoolcache/opam/2.1.6/x86_64/opam repository list --all-switches --short
build	Install OCaml & opam	2025-09-29T18:08:37.7676222Z default
build	Install OCaml & opam	2025-09-29T18:08:37.7710634Z [command]/opt/hostedtoolcache/opam/2.1.6/x86_64/opam repository remove default --all-switches
build	Install OCaml & opam	2025-09-29T18:08:37.8359776Z ##[endgroup]
build	Install OCaml & opam	2025-09-29T18:08:37.8361528Z ##[group]Initialise the opam repositories
build	Install OCaml & opam	2025-09-29T18:08:37.8378868Z [command]/opt/hostedtoolcache/opam/2.1.6/x86_64/opam repository add default https://github.com/ocaml/opam-repository.git --all-switches --set-default
build	Install OCaml & opam	2025-09-29T18:09:13.1039521Z [[32mdefault[0m] Initialised
build	Install OCaml & opam	2025-09-29T18:09:25.1134619Z ##[endgroup]
build	Install OCaml & opam	2025-09-29T18:09:25.3621939Z ##[group]Install OCaml
build	Install OCaml & opam	2025-09-29T18:09:25.3639550Z [command]/opt/hostedtoolcache/opam/2.1.6/x86_64/opam switch create . --no-install --packages ocaml-base-compiler.4.14.1
build	Install OCaml & opam	2025-09-29T18:09:25.5744290Z 
build	Install OCaml & opam	2025-09-29T18:09:25.5745614Z [36m<><>[0m [01mInstalling new switch packages[0m [36m<><><><><><><><><><><><><><><><><><><><><><>[0m
build	Install OCaml & opam	2025-09-29T18:09:25.5746661Z Switch invariant: ["ocaml-base-compiler" {= "4.14.1"}]
build	Install OCaml & opam	2025-09-29T18:09:29.8252756Z 
build	Install OCaml & opam	2025-09-29T18:09:29.8253797Z [36m<><>[0m [01mProcessing actions[0m [36m<><><><><><><><><><><><><><><><><><><><><><><><><><><><>[0m
build	Install OCaml & opam	2025-09-29T18:09:32.2488868Z [32mâ[0m installed [01mbase-bigarray[0m.base
build	Install OCaml & opam	2025-09-29T18:09:32.2492862Z [32mâ[0m installed [01mbase-threads[0m.base
build	Install OCaml & opam	2025-09-29T18:09:32.2500462Z [32mâ[0m installed [01mbase-unix[0m.base
build	Install OCaml & opam	2025-09-29T18:09:32.2507840Z [32mâ[0m installed [01mocaml-options-vanilla[0m.1
build	Install OCaml & opam	2025-09-29T18:09:32.4294815Z [36mâ¬[0m retrieved [01mocaml-config[0m.2  (2 extra sources)
build	Install OCaml & opam	2025-09-29T18:09:32.8164651Z [36mâ¬[0m retrieved [01mocaml-base-compiler[0m.4.14.1  (https://github.com/ocaml/ocaml/archive/4.14.1.tar.gz)
build	Install OCaml & opam	2025-09-29T18:12:02.6400296Z [32mâ[0m installed [01mocaml-base-compiler[0m.4.14.1
build	Install OCaml & opam	2025-09-29T18:12:02.6580156Z [32mâ[0m installed [01mocaml-config[0m.2
build	Install OCaml & opam	2025-09-29T18:12:02.7293950Z [32mâ[0m installed [01mocaml[0m.4.14.1
build	Install OCaml & opam	2025-09-29T18:12:03.1305278Z Done.
build	Install OCaml & opam	2025-09-29T18:12:03.1311126Z # Run [01meval $(opam env)[0m to update the current shell environment
build	Install OCaml & opam	2025-09-29T18:12:04.4916803Z ##[endgroup]
build	Install OCaml & opam	2025-09-29T18:12:04.4918318Z ##[group]Save the opam cache
build	Install OCaml & opam	2025-09-29T18:12:04.4937321Z [command]/opt/hostedtoolcache/opam/2.1.6/x86_64/opam clean --all-switches --download-cache --logs --repo-cache --unused-repositories
build	Install OCaml & opam	2025-09-29T18:12:04.7015209Z Cleaning up switch /home/runner/work/latex_perf/latex_perf
build	Install OCaml & opam	2025-09-29T18:12:04.8111384Z Updating /home/runner/.opam/repo/repos-config
build	Install OCaml & opam	2025-09-29T18:12:04.8111978Z Clearing repository cache
build	Install OCaml & opam	2025-09-29T18:12:04.8151202Z Clearing cache of downloaded files
build	Install OCaml & opam	2025-09-29T18:12:04.8182071Z Clearing logs
build	Install OCaml & opam	2025-09-29T18:12:06.0361198Z [command]/usr/bin/tar --posix -cf cache.tzst --exclude cache.tzst -P -C /home/runner/work/latex_perf/latex_perf --files-from manifest.txt --use-compress-program zstdmt
build	Install OCaml & opam	2025-09-29T18:12:07.8099619Z ##[warning]Failed to save: <h2>Our services aren't available right now</h2><p>We're working to restore all services as soon as possible. Please check back soon.</p>098vaaAAAAAC0U6lOOksLTalOlemfFHePQlkzRURHRTAxMTUARWRnZQ==
build	Install OCaml & opam	2025-09-29T18:12:07.8882200Z ##[endgroup]
build	Install OCaml & opam	2025-09-29T18:12:07.8883033Z ##[group]Retrieve the opam download cache
build	Install OCaml & opam	2025-09-29T18:12:07.9188505Z ##[warning]Failed to restore: Cache service responded with 400
build	Install OCaml & opam	2025-09-29T18:12:07.9193785Z Cache not found for input keys: v1-setup-ocaml-opam-download-github.com/ocaml/opam-repository.git-4_14_1-2025-8-29-18106304974-57, v1-setup-ocaml-opam-download-github.com/ocaml/opam-repository.git-4_14_1-2025-8-29-18106304974-57, v1-setup-ocaml-opam-download-github.com/ocaml/opam-repository.git-4_14_1-2025-8-29-18106304974-, v1-setup-ocaml-opam-download-github.com/ocaml/opam-repository.git-4_14_1-2025-8-29-, v1-setup-ocaml-opam-download-github.com/ocaml/opam-repository.git-4_14_1-2025-8-
build	Install OCaml & opam	2025-09-29T18:12:07.9197613Z ##[endgroup]
build	Install OCaml & opam	2025-09-29T18:12:07.9228622Z ##[group]Pin local packages
build	Install OCaml & opam	2025-09-29T18:12:07.9243537Z [command]/opt/hostedtoolcache/opam/2.1.6/x86_64/opam pin add latex-perfectionist.dev . --no-action
build	Install OCaml & opam	2025-09-29T18:12:14.8425428Z Package latex-perfectionist does not exist, create as a [01mNEW[0m package? [Y/n] y
build	Install OCaml & opam	2025-09-29T18:12:14.9688944Z [[32mlatex-perfectionist.dev[0m] synchronised (file:///home/runner/work/latex_perf/latex_perf)
build	Install OCaml & opam	2025-09-29T18:12:14.9693528Z [33m[WARNING][0m Failed checks on latex-perfectionist package definition from source at file:///home/runner/work/latex_perf/latex_perf:
build	Install OCaml & opam	2025-09-29T18:12:14.9694575Z     [31merror[0m 23: Missing field 'maintainer'
build	Install OCaml & opam	2025-09-29T18:12:14.9695171Z   [33mwarning[0m 25: Missing field 'authors'
build	Install OCaml & opam	2025-09-29T18:12:14.9695723Z   [33mwarning[0m 35: Missing field 'homepage'
build	Install OCaml & opam	2025-09-29T18:12:14.9696131Z   [33mwarning[0m 36: Missing field 'bug-reports'
build	Install OCaml & opam	2025-09-29T18:12:14.9710473Z latex-perfectionist is now pinned to [01mgit+file:///home/runner/work/latex_perf/latex_perf#fix-math-strip[0m (version [01mdev[0m)
build	Install OCaml & opam	2025-09-29T18:12:16.2192404Z ##[endgroup]
build	Install OCaml & opam	2025-09-29T18:12:16.2210478Z [command]/opt/hostedtoolcache/opam/2.1.6/x86_64/opam --version
build	Install OCaml & opam	2025-09-29T18:12:16.2360919Z 2.1.6
build	Install OCaml & opam	2025-09-29T18:12:16.2388575Z [command]/opt/hostedtoolcache/opam/2.1.6/x86_64/opam exec -- ocaml -version
build	Install OCaml & opam	2025-09-29T18:12:16.2689854Z The OCaml toplevel, version 4.14.1
build	Install dependencies	ï»¿2025-09-29T18:12:16.2829733Z ##[group]Run opam install . --deps-only --with-test -y
build	Install dependencies	2025-09-29T18:12:16.2830151Z [36;1mopam install . --deps-only --with-test -y[0m
build	Install dependencies	2025-09-29T18:12:16.2860590Z shell: /usr/bin/bash -e {0}
build	Install dependencies	2025-09-29T18:12:16.2860826Z env:
build	Install dependencies	2025-09-29T18:12:16.2861828Z   PATH: /home/runner/.github-tools:/snap/bin:/home/runner/.local/bin:/opt/pipx_bin:/home/runner/.cargo/bin:/home/runner/.config/composer/vendor/bin:/usr/local/.ghcup/bin:/home/runner/.dotnet/tools:/usr/local/sbin:/usr/local/bin:/usr/sbin:/usr/bin:/sbin:/bin:/usr/games:/usr/local/games:/snap/bin
build	Install dependencies	2025-09-29T18:12:16.2862911Z   OPAMCLI: 2.0
build	Install dependencies	2025-09-29T18:12:16.2863089Z   OPAMCOLOR: always
build	Install dependencies	2025-09-29T18:12:16.2863279Z   OPAMERRLOGLEN: 0
build	Install dependencies	2025-09-29T18:12:16.2863463Z   OPAMJOBS: 4
build	Install dependencies	2025-09-29T18:12:16.2863641Z   OPAMPRECISETRACKING: 1
build	Install dependencies	2025-09-29T18:12:16.2863852Z   OPAMSOLVERTIMEOUT: 1000
build	Install dependencies	2025-09-29T18:12:16.2864056Z   OPAMYES: 1
build	Install dependencies	2025-09-29T18:12:16.2864217Z   CLICOLOR_FORCE: 1
build	Install dependencies	2025-09-29T18:12:16.2864385Z ##[endgroup]
build	Install dependencies	2025-09-29T18:12:16.5479917Z [1;34m[NOTE][0m Ignoring uncommitted changes in /home/runner/work/latex_perf/latex_perf (`--working-dir' not active).
build	Install dependencies	2025-09-29T18:12:16.7007322Z [[32mlatex-perfectionist.dev[0m] synchronised (git+file:///home/runner/work/latex_perf/latex_perf#fix-math-strip)
build	Install dependencies	2025-09-29T18:12:21.4040960Z The following actions will be performed:
build	Install dependencies	2025-09-29T18:12:21.4042431Z   [32mâ[0m install [01mocamlbuild[0m          0.16.1
build	Install dependencies	2025-09-29T18:12:21.4043338Z   [32mâ[0m install [01mconf-gmp[0m            5
build	Install dependencies	2025-09-29T18:12:21.4043895Z   [32mâ[0m install [01mconf-pkg-config[0m     4
build	Install dependencies	2025-09-29T18:12:21.4044434Z   [32mâ[0m install [01mocamlfind[0m           1.9.8
build	Install dependencies	2025-09-29T18:12:21.4045014Z   [32mâ[0m install [01mdune[0m                3.20.2
build	Install dependencies	2025-09-29T18:12:21.4045595Z   [32mâ[0m install [01mzarith[0m              1.14
build	Install dependencies	2025-09-29T18:12:21.4046188Z   [32mâ[0m install [01mtopkg[0m               1.1.0
build	Install dependencies	2025-09-29T18:12:21.4046920Z   [32mâ[0m install [01myojson[0m              3.0.0
build	Install dependencies	2025-09-29T18:12:21.4047640Z   [32mâ[0m install [01mstdlib-shims[0m        0.3.0
build	Install dependencies	2025-09-29T18:12:21.4048429Z   [32mâ[0m install [01msexplib0[0m            v0.17.0
build	Install dependencies	2025-09-29T18:12:21.4049323Z   [32mâ[0m install [01mppx_derivers[0m        1.2.1
build	Install dependencies	2025-09-29T18:12:21.4050012Z   [32mâ[0m install [01mocaml-syntax-shims[0m  1.0.0
build	Install dependencies	2025-09-29T18:12:21.4050719Z   [32mâ[0m install [01mocaml-compiler-libs[0m v0.12.4
build	Install dependencies	2025-09-29T18:12:21.4051415Z   [32mâ[0m install [01mcsexp[0m               1.5.2
build	Install dependencies	2025-09-29T18:12:21.4052014Z   [32mâ[0m install [01mcppo[0m                1.8.0
build	Install dependencies	2025-09-29T18:12:21.4052690Z   [32mâ[0m install [01mcoq-core[0m            8.18.0
build	Install dependencies	2025-09-29T18:12:21.4053328Z   [32mâ[0m install [01muutf[0m                1.0.4
build	Install dependencies	2025-09-29T18:12:21.4054059Z   [32mâ[0m install [01mppxlib[0m              0.36.0
build	Install dependencies	2025-09-29T18:12:21.4054633Z   [32mâ[0m install [01mdune-configurator[0m   3.20.2
build	Install dependencies	2025-09-29T18:12:21.4055846Z   [32mâ[0m install [01mcoqide-server[0m       8.18.0
build	Install dependencies	2025-09-29T18:12:21.4056413Z   [32mâ[0m install [01mcoq-stdlib[0m          8.18.0
build	Install dependencies	2025-09-29T18:12:21.4056931Z   [32mâ[0m install [01mppx_deriving[0m        6.1.1
build	Install dependencies	2025-09-29T18:12:21.4057517Z   [32mâ[0m install [01mbigstringaf[0m         0.10.0
build	Install dependencies	2025-09-29T18:12:21.4058178Z   [32mâ[0m install [01mcoq[0m                 8.18.0
build	Install dependencies	2025-09-29T18:12:21.4058824Z   [32mâ[0m install [01mangstrom[0m            0.16.1
build	Install dependencies	2025-09-29T18:12:21.4059577Z ===== [32mâ[0m 25 =====
build	Install dependencies	2025-09-29T18:12:21.4062768Z 
build	Install dependencies	2025-09-29T18:12:21.4063465Z [36m<><>[0m [01mProcessing actions[0m [36m<><><><><><><><><><><><><><><><><><><><><><><><><><><><>[0m
build	Install dependencies	2025-09-29T18:12:21.5527021Z [36mâ¬[0m retrieved [01mconf-gmp[0m.5  (https://raw.githubusercontent.com/ocaml/opam-source-archives/main/patches/conf-gmp/test.c.4)
build	Install dependencies	2025-09-29T18:12:24.0931032Z [32mâ[0m installed [01mconf-gmp[0m.5
build	Install dependencies	2025-09-29T18:12:24.0948176Z [32mâ[0m installed [01mconf-pkg-config[0m.4
build	Install dependencies	2025-09-29T18:12:24.1073396Z [36mâ¬[0m retrieved [01mangstrom[0m.0.16.1  (https://github.com/inhabitedtype/angstrom/archive/0.16.1.tar.gz)
build	Install dependencies	2025-09-29T18:12:24.1502068Z [36mâ¬[0m retrieved [01mbigstringaf[0m.0.10.0  (https://github.com/inhabitedtype/bigstringaf/archive/0.10.0.tar.gz)
build	Install dependencies	2025-09-29T18:12:25.5769798Z [36mâ¬[0m retrieved [01mcoq[0m.8.18.0  (https://github.com/coq/coq/releases/download/V8.18.0/coq-8.18.0.tar.gz)
build	Install dependencies	2025-09-29T18:12:26.0298387Z [36mâ¬[0m retrieved [01mcoq-core[0m.8.18.0  (cached)
build	Install dependencies	2025-09-29T18:12:26.4641708Z [36mâ¬[0m retrieved [01mcoq-stdlib[0m.8.18.0  (cached)
build	Install dependencies	2025-09-29T18:12:26.8548333Z [36mâ¬[0m retrieved [01mcoqide-server[0m.8.18.0  (cached)
build	Install dependencies	2025-09-29T18:12:26.9196870Z [36mâ¬[0m retrieved [01mcppo[0m.1.8.0  (https://github.com/ocaml-community/cppo/archive/v1.8.0.tar.gz)
build	Install dependencies	2025-09-29T18:12:26.9283318Z [36mâ¬[0m retrieved [01mcsexp[0m.1.5.2  (https://github.com/ocaml-dune/csexp/releases/download/1.5.2/csexp-1.5.2.tbz)
build	Install dependencies	2025-09-29T18:12:27.2788317Z [36mâ¬[0m retrieved [01mocaml-compiler-libs[0m.v0.12.4  (https://github.com/janestreet/ocaml-compiler-libs/releases/download/v0.12.4/ocaml-compiler-libs-v0.12.4.tbz)
build	Install dependencies	2025-09-29T18:12:27.6327676Z [36mâ¬[0m retrieved [01mocaml-syntax-shims[0m.1.0.0  (https://github.com/ocaml-ppx/ocaml-syntax-shims/releases/download/1.0.0/ocaml-syntax-shims-1.0.0.tbz)
build	Install dependencies	2025-09-29T18:12:28.3789820Z [36mâ¬[0m retrieved [01mdune-configurator[0m.3.20.2  (https://github.com/ocaml/dune/releases/download/3.20.2/dune-3.20.2.tbz)
build	Install dependencies	2025-09-29T18:12:28.9919322Z [36mâ¬[0m retrieved [01mdune[0m.3.20.2  (https://github.com/ocaml/dune/releases/download/3.20.2/dune-3.20.2.tbz)
build	Install dependencies	2025-09-29T18:12:29.4678606Z [36mâ¬[0m retrieved [01mocamlbuild[0m.0.16.1  (https://github.com/ocaml/ocamlbuild/archive/refs/tags/0.16.1.tar.gz)
build	Install dependencies	2025-09-29T18:12:29.5284633Z [36mâ¬[0m retrieved [01mocamlfind[0m.1.9.8  (https://github.com/ocaml/ocamlfind/archive/refs/tags/findlib-1.9.8.tar.gz)
build	Install dependencies	2025-09-29T18:12:29.5592820Z [36mâ¬[0m retrieved [01mppx_derivers[0m.1.2.1  (https://github.com/ocaml-ppx/ppx_derivers/archive/1.2.1.tar.gz)
build	Install dependencies	2025-09-29T18:12:29.8753295Z [36mâ¬[0m retrieved [01mppx_deriving[0m.6.1.1  (https://github.com/ocaml-ppx/ppx_deriving/releases/download/v6.1.1/ppx_deriving-6.1.1.tar.gz)
build	Install dependencies	2025-09-29T18:12:30.2896167Z [36mâ¬[0m retrieved [01mppxlib[0m.0.36.0  (https://github.com/ocaml-ppx/ppxlib/releases/download/0.36.0/ppxlib-0.36.0.tbz)
build	Install dependencies	2025-09-29T18:12:30.3351819Z [36mâ¬[0m retrieved [01msexplib0[0m.v0.17.0  (https://github.com/janestreet/sexplib0/archive/refs/tags/v0.17.0.tar.gz)
build	Install dependencies	2025-09-29T18:12:30.3632146Z [36mâ¬[0m retrieved [01mstdlib-shims[0m.0.3.0  (https://github.com/ocaml/stdlib-shims/releases/download/0.3.0/stdlib-shims-0.3.0.tbz)
build	Install dependencies	2025-09-29T18:12:30.8832573Z [36mâ¬[0m retrieved [01myojson[0m.3.0.0  (https://github.com/ocaml-community/yojson/releases/download/3.0.0/yojson-3.0.0.tbz)
build	Install dependencies	2025-09-29T18:12:31.4188416Z [36mâ¬[0m retrieved [01mzarith[0m.1.14  (https://github.com/ocaml/Zarith/archive/release-1.14.tar.gz)
build	Install dependencies	2025-09-29T18:12:31.6309979Z [36mâ¬[0m retrieved [01muutf[0m.1.0.4  (https://erratique.ch/software/uutf/releases/uutf-1.0.4.tbz)
build	Install dependencies	2025-09-29T18:12:31.7983109Z [36mâ¬[0m retrieved [01mtopkg[0m.1.1.0  (https://erratique.ch/software/topkg/releases/topkg-1.1.0.tbz)
build	Install dependencies	2025-09-29T18:12:34.4670468Z [32mâ[0m installed [01mocamlfind[0m.1.9.8
build	Install dependencies	2025-09-29T18:12:36.1452174Z [32mâ[0m installed [01mocamlbuild[0m.0.16.1
build	Install dependencies	2025-09-29T18:12:38.4783637Z [32mâ[0m installed [01mzarith[0m.1.14
build	Install dependencies	2025-09-29T18:12:42.5391591Z [32mâ[0m installed [01mtopkg[0m.1.1.0
build	Install dependencies	2025-09-29T18:12:43.2975851Z [32mâ[0m installed [01muutf[0m.1.0.4
build	Install dependencies	2025-09-29T18:12:58.8868964Z [32mâ[0m installed [01mdune[0m.3.20.2
build	Install dependencies	2025-09-29T18:12:59.5760828Z [32mâ[0m installed [01mcsexp[0m.1.5.2
build	Install dependencies	2025-09-29T18:13:01.3731549Z [32mâ[0m installed [01mocaml-syntax-shims[0m.1.0.0
build	Install dependencies	2025-09-29T18:13:01.3885049Z [32mâ[0m installed [01mcppo[0m.1.8.0
build	Install dependencies	2025-09-29T18:13:01.4049455Z [32mâ[0m installed [01mocaml-compiler-libs[0m.v0.12.4
build	Install dependencies	2025-09-29T18:13:01.6922650Z [32mâ[0m installed [01mppx_derivers[0m.1.2.1
build	Install dependencies	2025-09-29T18:13:02.0725783Z [32mâ[0m installed [01mstdlib-shims[0m.0.3.0
build	Install dependencies	2025-09-29T18:13:02.5399936Z [32mâ[0m installed [01msexplib0[0m.v0.17.0
build	Install dependencies	2025-09-29T18:13:04.9182565Z [32mâ[0m installed [01mdune-configurator[0m.3.20.2
build	Install dependencies	2025-09-29T18:13:05.4510959Z [32mâ[0m installed [01myojson[0m.3.0.0
build	Install dependencies	2025-09-29T18:13:05.9793305Z [32mâ[0m installed [01mbigstringaf[0m.0.10.0
build	Install dependencies	2025-09-29T18:13:07.0850774Z [32mâ[0m installed [01mangstrom[0m.0.16.1
build	Install dependencies	2025-09-29T18:13:30.5060604Z [32mâ[0m installed [01mppxlib[0m.0.36.0
build	Install dependencies	2025-09-29T18:13:36.8514658Z [32mâ[0m installed [01mppx_deriving[0m.6.1.1
build	Install dependencies	2025-09-29T18:14:02.2477227Z [32mâ[0m installed [01mcoq-core[0m.8.18.0
build	Install dependencies	2025-09-29T18:14:06.0417494Z [32mâ[0m installed [01mcoqide-server[0m.8.18.0
build	Install dependencies	2025-09-29T18:16:28.5301734Z [32mâ[0m installed [01mcoq-stdlib[0m.8.18.0
build	Install dependencies	2025-09-29T18:16:28.9457282Z [32mâ[0m installed [01mcoq[0m.8.18.0
build	Install dependencies	2025-09-29T18:16:30.9292009Z Done.
build	Install dependencies	2025-09-29T18:16:30.9301433Z # Run [01meval $(opam env)[0m to update the current shell environment
build	Build	ï»¿2025-09-29T18:16:32.3229702Z ##[group]Run opam exec -- dune build proofs
build	Build	2025-09-29T18:16:32.3230078Z [36;1mopam exec -- dune build proofs[0m
build	Build	2025-09-29T18:16:32.3230350Z [36;1mpushd latex-parse >/dev/null[0m
build	Build	2025-09-29T18:16:32.3230622Z [36;1mopam exec -- dune build @install[0m
build	Build	2025-09-29T18:16:32.3231032Z [36;1mopam exec -- dune install latex_parse --prefix "$OPAM_SWITCH_PREFIX" --profile release[0m
build	Build	2025-09-29T18:16:32.3231451Z [36;1mpopd >/dev/null[0m
build	Build	2025-09-29T18:16:32.3231657Z [36;1mpushd core >/dev/null[0m
build	Build	2025-09-29T18:16:32.3231888Z [36;1mopam exec -- dune build @all[0m
build	Build	2025-09-29T18:16:32.3232123Z [36;1mpopd >/dev/null[0m
build	Build	2025-09-29T18:16:32.3259523Z shell: /usr/bin/bash -e {0}
build	Build	2025-09-29T18:16:32.3259752Z env:
build	Build	2025-09-29T18:16:32.3260762Z   PATH: /home/runner/.github-tools:/snap/bin:/home/runner/.local/bin:/opt/pipx_bin:/home/runner/.cargo/bin:/home/runner/.config/composer/vendor/bin:/usr/local/.ghcup/bin:/home/runner/.dotnet/tools:/usr/local/sbin:/usr/local/bin:/usr/sbin:/usr/bin:/sbin:/bin:/usr/games:/usr/local/games:/snap/bin
build	Build	2025-09-29T18:16:32.3261867Z   OPAMCLI: 2.0
build	Build	2025-09-29T18:16:32.3262045Z   OPAMCOLOR: always
build	Build	2025-09-29T18:16:32.3262222Z   OPAMERRLOGLEN: 0
build	Build	2025-09-29T18:16:32.3262393Z   OPAMJOBS: 4
build	Build	2025-09-29T18:16:32.3262562Z   OPAMPRECISETRACKING: 1
build	Build	2025-09-29T18:16:32.3262771Z   OPAMSOLVERTIMEOUT: 1000
build	Build	2025-09-29T18:16:32.3262960Z   OPAMYES: 1
build	Build	2025-09-29T18:16:32.3263123Z   CLICOLOR_FORCE: 1
build	Build	2025-09-29T18:16:32.3263290Z ##[endgroup]
build	Build	2025-09-29T18:16:33.3035675Z Entering directory '/home/runner/work/latex_perf/latex_perf'
build	Build	2025-09-29T18:16:33.3269372Z Leaving directory '/home/runner/work/latex_perf/latex_perf'
build	Build	2025-09-29T18:16:33.3608704Z [1;31mError[0m: Unknown package latex_parse!
build	Build	2025-09-29T18:16:33.3631107Z ##[error]Process completed with exit code 1.
build	Post Install OCaml & opam	ï»¿2025-09-29T18:16:33.3706994Z Post job cleanup.
build	Post Run actions/checkout@v4	ï»¿2025-09-29T18:16:33.3756021Z Post job cleanup.
build	Post Run actions/checkout@v4	2025-09-29T18:16:33.4710634Z [command]/usr/bin/git version
build	Post Run actions/checkout@v4	2025-09-29T18:16:33.4746895Z git version 2.51.0
build	Post Run actions/checkout@v4	2025-09-29T18:16:33.4791780Z Temporarily overriding HOME='/home/runner/work/_temp/0634f812-2ea8-441c-a5e6-f39c0813db21' before making global git config changes
build	Post Run actions/checkout@v4	2025-09-29T18:16:33.4793081Z Adding repository directory to the temporary git global config as a safe directory
build	Post Run actions/checkout@v4	2025-09-29T18:16:33.4798193Z [command]/usr/bin/git config --global --add safe.directory /home/runner/work/latex_perf/latex_perf
build	Post Run actions/checkout@v4	2025-09-29T18:16:33.4834732Z [command]/usr/bin/git config --local --name-only --get-regexp core\.sshCommand
build	Post Run actions/checkout@v4	2025-09-29T18:16:33.4868532Z [command]/usr/bin/git submodule foreach --recursive sh -c "git config --local --name-only --get-regexp 'core\.sshCommand' && git config --local --unset-all 'core.sshCommand' || :"
build	Post Run actions/checkout@v4	2025-09-29T18:16:33.5094967Z [command]/usr/bin/git config --local --name-only --get-regexp http\.https\:\/\/github\.com\/\.extraheader
build	Post Run actions/checkout@v4	2025-09-29T18:16:33.5116383Z http.https://github.com/.extraheader
build	Post Run actions/checkout@v4	2025-09-29T18:16:33.5129229Z [command]/usr/bin/git config --local --unset-all http.https://github.com/.extraheader
build	Post Run actions/checkout@v4	2025-09-29T18:16:33.5160473Z [command]/usr/bin/git submodule foreach --recursive sh -c "git config --local --name-only --get-regexp 'http\.https\:\/\/github\.com\/\.extraheader' && git config --local --unset-all 'http.https://github.com/.extraheader' || :"
build	Complete job	ï»¿2025-09-29T18:16:33.5490060Z Cleaning up orphan processes
