unicode-smoke	Set up job	ï»¿2025-09-29T18:07:22.8881227Z Current runner version: '2.328.0'
unicode-smoke	Set up job	2025-09-29T18:07:22.8918748Z ##[group]Runner Image Provisioner
unicode-smoke	Set up job	2025-09-29T18:07:22.8919910Z Hosted Compute Agent
unicode-smoke	Set up job	2025-09-29T18:07:22.8920826Z Version: 20250912.392
unicode-smoke	Set up job	2025-09-29T18:07:22.8921990Z Commit: d921fda672a98b64f4f82364647e2f10b2267d0b
unicode-smoke	Set up job	2025-09-29T18:07:22.8923102Z Build Date: 2025-09-12T15:23:14Z
unicode-smoke	Set up job	2025-09-29T18:07:22.8924106Z ##[endgroup]
unicode-smoke	Set up job	2025-09-29T18:07:22.8925273Z ##[group]Operating System
unicode-smoke	Set up job	2025-09-29T18:07:22.8926344Z Ubuntu
unicode-smoke	Set up job	2025-09-29T18:07:22.8927053Z 24.04.3
unicode-smoke	Set up job	2025-09-29T18:07:22.8927730Z LTS
unicode-smoke	Set up job	2025-09-29T18:07:22.8928475Z ##[endgroup]
unicode-smoke	Set up job	2025-09-29T18:07:22.8929326Z ##[group]Runner Image
unicode-smoke	Set up job	2025-09-29T18:07:22.8930297Z Image: ubuntu-24.04
unicode-smoke	Set up job	2025-09-29T18:07:22.8931315Z Version: 20250922.53.1
unicode-smoke	Set up job	2025-09-29T18:07:22.8933092Z Included Software: https://github.com/actions/runner-images/blob/ubuntu24/20250922.53/images/ubuntu/Ubuntu2404-Readme.md
unicode-smoke	Set up job	2025-09-29T18:07:22.8935695Z Image Release: https://github.com/actions/runner-images/releases/tag/ubuntu24%2F20250922.53
unicode-smoke	Set up job	2025-09-29T18:07:22.8937732Z ##[endgroup]
unicode-smoke	Set up job	2025-09-29T18:07:22.8941952Z ##[group]GITHUB_TOKEN Permissions
unicode-smoke	Set up job	2025-09-29T18:07:22.8945235Z Actions: write
unicode-smoke	Set up job	2025-09-29T18:07:22.8946566Z Attestations: write
unicode-smoke	Set up job	2025-09-29T18:07:22.8947565Z Checks: write
unicode-smoke	Set up job	2025-09-29T18:07:22.8948330Z Contents: write
unicode-smoke	Set up job	2025-09-29T18:07:22.8949076Z Deployments: write
unicode-smoke	Set up job	2025-09-29T18:07:22.8949939Z Discussions: write
unicode-smoke	Set up job	2025-09-29T18:07:22.8950816Z Issues: write
unicode-smoke	Set up job	2025-09-29T18:07:22.8951578Z Metadata: read
unicode-smoke	Set up job	2025-09-29T18:07:22.8952644Z Models: read
unicode-smoke	Set up job	2025-09-29T18:07:22.8953448Z Packages: write
unicode-smoke	Set up job	2025-09-29T18:07:22.8954485Z Pages: write
unicode-smoke	Set up job	2025-09-29T18:07:22.8955382Z PullRequests: write
unicode-smoke	Set up job	2025-09-29T18:07:22.8956380Z RepositoryProjects: write
unicode-smoke	Set up job	2025-09-29T18:07:22.8957343Z SecurityEvents: write
unicode-smoke	Set up job	2025-09-29T18:07:22.8958478Z Statuses: write
unicode-smoke	Set up job	2025-09-29T18:07:22.8959444Z ##[endgroup]
unicode-smoke	Set up job	2025-09-29T18:07:22.8962140Z Secret source: Actions
unicode-smoke	Set up job	2025-09-29T18:07:22.8963370Z Prepare workflow directory
unicode-smoke	Set up job	2025-09-29T18:07:22.9422742Z Prepare all required actions
unicode-smoke	Set up job	2025-09-29T18:07:22.9480234Z Getting action download info
unicode-smoke	Set up job	2025-09-29T18:07:23.2079672Z Download action repository 'actions/checkout@v4' (SHA:08eba0b27e820071cde6df949e0beb9ba4906955)
unicode-smoke	Set up job	2025-09-29T18:07:23.3552399Z Complete job name: unicode-smoke
unicode-smoke	Run actions/checkout@v4	ï»¿2025-09-29T18:07:23.4444631Z ##[group]Run actions/checkout@v4
unicode-smoke	Run actions/checkout@v4	2025-09-29T18:07:23.4445496Z with:
unicode-smoke	Run actions/checkout@v4	2025-09-29T18:07:23.4445931Z   repository: ClanClanClanClan/latex_perf
unicode-smoke	Run actions/checkout@v4	2025-09-29T18:07:23.4446634Z   token: ***
unicode-smoke	Run actions/checkout@v4	2025-09-29T18:07:23.4447011Z   ssh-strict: true
unicode-smoke	Run actions/checkout@v4	2025-09-29T18:07:23.4447400Z   ssh-user: git
unicode-smoke	Run actions/checkout@v4	2025-09-29T18:07:23.4447785Z   persist-credentials: true
unicode-smoke	Run actions/checkout@v4	2025-09-29T18:07:23.4448226Z   clean: true
unicode-smoke	Run actions/checkout@v4	2025-09-29T18:07:23.4448612Z   sparse-checkout-cone-mode: true
unicode-smoke	Run actions/checkout@v4	2025-09-29T18:07:23.4449086Z   fetch-depth: 1
unicode-smoke	Run actions/checkout@v4	2025-09-29T18:07:23.4449463Z   fetch-tags: false
unicode-smoke	Run actions/checkout@v4	2025-09-29T18:07:23.4449861Z   show-progress: true
unicode-smoke	Run actions/checkout@v4	2025-09-29T18:07:23.4450257Z   lfs: false
unicode-smoke	Run actions/checkout@v4	2025-09-29T18:07:23.4450612Z   submodules: false
unicode-smoke	Run actions/checkout@v4	2025-09-29T18:07:23.4451011Z   set-safe-directory: true
unicode-smoke	Run actions/checkout@v4	2025-09-29T18:07:23.4451639Z ##[endgroup]
unicode-smoke	Run actions/checkout@v4	2025-09-29T18:07:23.5523840Z Syncing repository: ClanClanClanClan/latex_perf
unicode-smoke	Run actions/checkout@v4	2025-09-29T18:07:23.5526000Z ##[group]Getting Git version info
unicode-smoke	Run actions/checkout@v4	2025-09-29T18:07:23.5526728Z Working directory is '/home/runner/work/latex_perf/latex_perf'
unicode-smoke	Run actions/checkout@v4	2025-09-29T18:07:23.5527799Z [command]/usr/bin/git version
unicode-smoke	Run actions/checkout@v4	2025-09-29T18:07:23.5658267Z git version 2.51.0
unicode-smoke	Run actions/checkout@v4	2025-09-29T18:07:23.5684914Z ##[endgroup]
unicode-smoke	Run actions/checkout@v4	2025-09-29T18:07:23.5707036Z Temporarily overriding HOME='/home/runner/work/_temp/e266048f-6ac8-4100-a473-b56aa0ff2fd8' before making global git config changes
unicode-smoke	Run actions/checkout@v4	2025-09-29T18:07:23.5708434Z Adding repository directory to the temporary git global config as a safe directory
unicode-smoke	Run actions/checkout@v4	2025-09-29T18:07:23.5712011Z [command]/usr/bin/git config --global --add safe.directory /home/runner/work/latex_perf/latex_perf
unicode-smoke	Run actions/checkout@v4	2025-09-29T18:07:23.5747367Z Deleting the contents of '/home/runner/work/latex_perf/latex_perf'
unicode-smoke	Run actions/checkout@v4	2025-09-29T18:07:23.5750904Z ##[group]Initializing the repository
unicode-smoke	Run actions/checkout@v4	2025-09-29T18:07:23.5754964Z [command]/usr/bin/git init /home/runner/work/latex_perf/latex_perf
unicode-smoke	Run actions/checkout@v4	2025-09-29T18:07:23.5825730Z hint: Using 'master' as the name for the initial branch. This default branch name
unicode-smoke	Run actions/checkout@v4	2025-09-29T18:07:23.5827365Z hint: is subject to change. To configure the initial branch name to use in all
unicode-smoke	Run actions/checkout@v4	2025-09-29T18:07:23.5828837Z hint: of your new repositories, which will suppress this warning, call:
unicode-smoke	Run actions/checkout@v4	2025-09-29T18:07:23.5829849Z hint:
unicode-smoke	Run actions/checkout@v4	2025-09-29T18:07:23.5830353Z hint: 	git config --global init.defaultBranch <name>
unicode-smoke	Run actions/checkout@v4	2025-09-29T18:07:23.5830921Z hint:
unicode-smoke	Run actions/checkout@v4	2025-09-29T18:07:23.5831450Z hint: Names commonly chosen instead of 'master' are 'main', 'trunk' and
unicode-smoke	Run actions/checkout@v4	2025-09-29T18:07:23.5832300Z hint: 'development'. The just-created branch can be renamed via this command:
unicode-smoke	Run actions/checkout@v4	2025-09-29T18:07:23.5832986Z hint:
unicode-smoke	Run actions/checkout@v4	2025-09-29T18:07:23.5833357Z hint: 	git branch -m <name>
unicode-smoke	Run actions/checkout@v4	2025-09-29T18:07:23.5834045Z hint:
unicode-smoke	Run actions/checkout@v4	2025-09-29T18:07:23.5834990Z hint: Disable this message with "git config set advice.defaultBranchName false"
unicode-smoke	Run actions/checkout@v4	2025-09-29T18:07:23.5835963Z Initialized empty Git repository in /home/runner/work/latex_perf/latex_perf/.git/
unicode-smoke	Run actions/checkout@v4	2025-09-29T18:07:23.5839685Z [command]/usr/bin/git remote add origin https://github.com/ClanClanClanClan/latex_perf
unicode-smoke	Run actions/checkout@v4	2025-09-29T18:07:23.5872436Z ##[endgroup]
unicode-smoke	Run actions/checkout@v4	2025-09-29T18:07:23.5873167Z ##[group]Disabling automatic garbage collection
unicode-smoke	Run actions/checkout@v4	2025-09-29T18:07:23.5876525Z [command]/usr/bin/git config --local gc.auto 0
unicode-smoke	Run actions/checkout@v4	2025-09-29T18:07:23.5904200Z ##[endgroup]
unicode-smoke	Run actions/checkout@v4	2025-09-29T18:07:23.5905090Z ##[group]Setting up auth
unicode-smoke	Run actions/checkout@v4	2025-09-29T18:07:23.5910841Z [command]/usr/bin/git config --local --name-only --get-regexp core\.sshCommand
unicode-smoke	Run actions/checkout@v4	2025-09-29T18:07:23.5940876Z [command]/usr/bin/git submodule foreach --recursive sh -c "git config --local --name-only --get-regexp 'core\.sshCommand' && git config --local --unset-all 'core.sshCommand' || :"
unicode-smoke	Run actions/checkout@v4	2025-09-29T18:07:23.6264996Z [command]/usr/bin/git config --local --name-only --get-regexp http\.https\:\/\/github\.com\/\.extraheader
unicode-smoke	Run actions/checkout@v4	2025-09-29T18:07:23.6294247Z [command]/usr/bin/git submodule foreach --recursive sh -c "git config --local --name-only --get-regexp 'http\.https\:\/\/github\.com\/\.extraheader' && git config --local --unset-all 'http.https://github.com/.extraheader' || :"
unicode-smoke	Run actions/checkout@v4	2025-09-29T18:07:23.6515702Z [command]/usr/bin/git config --local http.https://github.com/.extraheader AUTHORIZATION: basic ***
unicode-smoke	Run actions/checkout@v4	2025-09-29T18:07:23.6557781Z ##[endgroup]
unicode-smoke	Run actions/checkout@v4	2025-09-29T18:07:23.6558517Z ##[group]Fetching the repository
unicode-smoke	Run actions/checkout@v4	2025-09-29T18:07:23.6566657Z [command]/usr/bin/git -c protocol.version=2 fetch --no-tags --prune --no-recurse-submodules --depth=1 origin +4887232aba7d6b962bad0d84a547356f48bed82c:refs/remotes/origin/fix-math-strip
unicode-smoke	Run actions/checkout@v4	2025-09-29T18:07:23.9884625Z From https://github.com/ClanClanClanClan/latex_perf
unicode-smoke	Run actions/checkout@v4	2025-09-29T18:07:23.9885772Z  * [new ref]         4887232aba7d6b962bad0d84a547356f48bed82c -> origin/fix-math-strip
unicode-smoke	Run actions/checkout@v4	2025-09-29T18:07:23.9916667Z ##[endgroup]
unicode-smoke	Run actions/checkout@v4	2025-09-29T18:07:23.9918084Z ##[group]Determining the checkout info
unicode-smoke	Run actions/checkout@v4	2025-09-29T18:07:23.9919750Z ##[endgroup]
unicode-smoke	Run actions/checkout@v4	2025-09-29T18:07:23.9924889Z [command]/usr/bin/git sparse-checkout disable
unicode-smoke	Run actions/checkout@v4	2025-09-29T18:07:23.9964010Z [command]/usr/bin/git config --local --unset-all extensions.worktreeConfig
unicode-smoke	Run actions/checkout@v4	2025-09-29T18:07:23.9992145Z ##[group]Checking out the ref
unicode-smoke	Run actions/checkout@v4	2025-09-29T18:07:23.9996681Z [command]/usr/bin/git checkout --progress --force -B fix-math-strip refs/remotes/origin/fix-math-strip
unicode-smoke	Run actions/checkout@v4	2025-09-29T18:07:24.0419538Z Switched to a new branch 'fix-math-strip'
unicode-smoke	Run actions/checkout@v4	2025-09-29T18:07:24.0421407Z branch 'fix-math-strip' set up to track 'origin/fix-math-strip'.
unicode-smoke	Run actions/checkout@v4	2025-09-29T18:07:24.0428645Z ##[endgroup]
unicode-smoke	Run actions/checkout@v4	2025-09-29T18:07:24.0469636Z [command]/usr/bin/git log -1 --format=%H
unicode-smoke	Run actions/checkout@v4	2025-09-29T18:07:24.0491928Z 4887232aba7d6b962bad0d84a547356f48bed82c
unicode-smoke	Set up OCaml and OPAM	ï»¿2025-09-29T18:07:24.0802326Z Prepare all required actions
unicode-smoke	Set up OCaml and OPAM	2025-09-29T18:07:24.0803150Z Getting action download info
unicode-smoke	Set up OCaml and OPAM	2025-09-29T18:07:24.2129345Z Download action repository 'ocaml/setup-ocaml@v2' (SHA:8cc6339f55862749298d198ef84788b8d6acdacc)
unicode-smoke	Set up OCaml and OPAM	2025-09-29T18:07:24.6849462Z ##[group]Run ./.github/actions/setup-ocaml
unicode-smoke	Set up OCaml and OPAM	2025-09-29T18:07:24.6850689Z with:
unicode-smoke	Set up OCaml and OPAM	2025-09-29T18:07:24.6851493Z   ocaml-compiler: 4.14.1
unicode-smoke	Set up OCaml and OPAM	2025-09-29T18:07:24.6852463Z   opam-depext: false
unicode-smoke	Set up OCaml and OPAM	2025-09-29T18:07:24.6853643Z   allow-prerelease-opam: false
unicode-smoke	Set up OCaml and OPAM	2025-09-29T18:07:24.6854819Z   opam-pin: true
unicode-smoke	Set up OCaml and OPAM	2025-09-29T18:07:24.6855724Z   opam-local-packages: *.opam
unicode-smoke	Set up OCaml and OPAM	2025-09-29T18:07:24.6856812Z   opam-disable-sandboxing: false
unicode-smoke	Set up OCaml and OPAM	2025-09-29T18:07:24.6857871Z   dune-cache: false
unicode-smoke	Set up OCaml and OPAM	2025-09-29T18:07:24.6858935Z   cache-prefix: v1
unicode-smoke	Set up OCaml and OPAM	2025-09-29T18:07:24.6860000Z ##[endgroup]
unicode-smoke	Set up OCaml and OPAM	2025-09-29T18:07:24.6983146Z ##[group]Run sudo apt-get update
unicode-smoke	Set up OCaml and OPAM	2025-09-29T18:07:24.6984523Z [36;1msudo apt-get update[0m
unicode-smoke	Set up OCaml and OPAM	2025-09-29T18:07:24.6985581Z [36;1msudo apt-get install -y \[0m
unicode-smoke	Set up OCaml and OPAM	2025-09-29T18:07:24.6986639Z [36;1m  bubblewrap \[0m
unicode-smoke	Set up OCaml and OPAM	2025-09-29T18:07:24.6987610Z [36;1m  g++-multilib \[0m
unicode-smoke	Set up OCaml and OPAM	2025-09-29T18:07:24.6988516Z [36;1m  gcc-multilib \[0m
unicode-smoke	Set up OCaml and OPAM	2025-09-29T18:07:24.6989423Z [36;1m  mercurial \[0m
unicode-smoke	Set up OCaml and OPAM	2025-09-29T18:07:24.6990301Z [36;1m  musl-tools \[0m
unicode-smoke	Set up OCaml and OPAM	2025-09-29T18:07:24.6991165Z [36;1m  rsync[0m
unicode-smoke	Set up OCaml and OPAM	2025-09-29T18:07:24.7029014Z shell: /usr/bin/bash --noprofile --norc -e -o pipefail {0}
unicode-smoke	Set up OCaml and OPAM	2025-09-29T18:07:24.7030352Z ##[endgroup]
unicode-smoke	Set up OCaml and OPAM	2025-09-29T18:07:24.8196333Z Get:1 file:/etc/apt/apt-mirrors.txt Mirrorlist [144 B]
unicode-smoke	Set up OCaml and OPAM	2025-09-29T18:07:24.8532780Z Hit:2 http://azure.archive.ubuntu.com/ubuntu noble InRelease
unicode-smoke	Set up OCaml and OPAM	2025-09-29T18:07:24.8547780Z Get:3 http://azure.archive.ubuntu.com/ubuntu noble-updates InRelease [126 kB]
unicode-smoke	Set up OCaml and OPAM	2025-09-29T18:07:24.8603872Z Get:4 http://azure.archive.ubuntu.com/ubuntu noble-backports InRelease [126 kB]
unicode-smoke	Set up OCaml and OPAM	2025-09-29T18:07:24.8632244Z Get:5 http://azure.archive.ubuntu.com/ubuntu noble-security InRelease [126 kB]
unicode-smoke	Set up OCaml and OPAM	2025-09-29T18:07:25.0151649Z Get:6 http://azure.archive.ubuntu.com/ubuntu noble-updates/main amd64 Packages [1443 kB]
unicode-smoke	Set up OCaml and OPAM	2025-09-29T18:07:25.0330517Z Get:7 http://azure.archive.ubuntu.com/ubuntu noble-updates/main Translation-en [282 kB]
unicode-smoke	Set up OCaml and OPAM	2025-09-29T18:07:25.0361027Z Get:8 http://azure.archive.ubuntu.com/ubuntu noble-updates/main amd64 Components [175 kB]
unicode-smoke	Set up OCaml and OPAM	2025-09-29T18:07:25.0394175Z Get:9 http://azure.archive.ubuntu.com/ubuntu noble-updates/main amd64 c-n-f Metadata [15.3 kB]
unicode-smoke	Set up OCaml and OPAM	2025-09-29T18:07:25.0398717Z Get:10 http://azure.archive.ubuntu.com/ubuntu noble-updates/universe amd64 Packages [1485 kB]
unicode-smoke	Set up OCaml and OPAM	2025-09-29T18:07:25.0483396Z Get:11 http://azure.archive.ubuntu.com/ubuntu noble-updates/universe Translation-en [299 kB]
unicode-smoke	Set up OCaml and OPAM	2025-09-29T18:07:25.0511686Z Get:12 http://azure.archive.ubuntu.com/ubuntu noble-updates/universe amd64 Components [377 kB]
unicode-smoke	Set up OCaml and OPAM	2025-09-29T18:07:25.0542693Z Get:13 http://azure.archive.ubuntu.com/ubuntu noble-updates/universe amd64 c-n-f Metadata [31.0 kB]
unicode-smoke	Set up OCaml and OPAM	2025-09-29T18:07:25.0553743Z Get:14 http://azure.archive.ubuntu.com/ubuntu noble-updates/restricted amd64 Packages [1957 kB]
unicode-smoke	Set up OCaml and OPAM	2025-09-29T18:07:25.0658447Z Get:15 http://azure.archive.ubuntu.com/ubuntu noble-updates/restricted Translation-en [441 kB]
unicode-smoke	Set up OCaml and OPAM	2025-09-29T18:07:25.1128311Z Get:16 http://azure.archive.ubuntu.com/ubuntu noble-updates/restricted amd64 Components [212 B]
unicode-smoke	Set up OCaml and OPAM	2025-09-29T18:07:25.1139975Z Get:17 http://azure.archive.ubuntu.com/ubuntu noble-updates/multiverse amd64 Components [940 B]
unicode-smoke	Set up OCaml and OPAM	2025-09-29T18:07:25.1152064Z Get:18 http://azure.archive.ubuntu.com/ubuntu noble-backports/main amd64 Packages [40.4 kB]
unicode-smoke	Set up OCaml and OPAM	2025-09-29T18:07:25.1162437Z Get:19 http://azure.archive.ubuntu.com/ubuntu noble-backports/main Translation-en [9208 B]
unicode-smoke	Set up OCaml and OPAM	2025-09-29T18:07:25.1176063Z Get:20 http://azure.archive.ubuntu.com/ubuntu noble-backports/main amd64 Components [7124 B]
unicode-smoke	Set up OCaml and OPAM	2025-09-29T18:07:25.1182801Z Get:21 http://azure.archive.ubuntu.com/ubuntu noble-backports/main amd64 c-n-f Metadata [368 B]
unicode-smoke	Set up OCaml and OPAM	2025-09-29T18:07:25.1189956Z Get:22 http://azure.archive.ubuntu.com/ubuntu noble-backports/universe amd64 Packages [28.9 kB]
unicode-smoke	Set up OCaml and OPAM	2025-09-29T18:07:25.1200532Z Get:23 http://azure.archive.ubuntu.com/ubuntu noble-backports/universe Translation-en [17.5 kB]
unicode-smoke	Set up OCaml and OPAM	2025-09-29T18:07:25.1208745Z Get:24 http://azure.archive.ubuntu.com/ubuntu noble-backports/universe amd64 Components [11.0 kB]
unicode-smoke	Set up OCaml and OPAM	2025-09-29T18:07:25.1228222Z Get:25 http://azure.archive.ubuntu.com/ubuntu noble-backports/universe amd64 c-n-f Metadata [1444 B]
unicode-smoke	Set up OCaml and OPAM	2025-09-29T18:07:25.1231906Z Hit:28 https://packages.microsoft.com/repos/azure-cli noble InRelease
unicode-smoke	Set up OCaml and OPAM	2025-09-29T18:07:25.1235860Z Get:26 http://azure.archive.ubuntu.com/ubuntu noble-backports/restricted amd64 Components [216 B]
unicode-smoke	Set up OCaml and OPAM	2025-09-29T18:07:25.1283001Z Get:27 http://azure.archive.ubuntu.com/ubuntu noble-backports/multiverse amd64 Components [212 B]
unicode-smoke	Set up OCaml and OPAM	2025-09-29T18:07:25.1306303Z Get:29 http://azure.archive.ubuntu.com/ubuntu noble-security/main amd64 Packages [1171 kB]
unicode-smoke	Set up OCaml and OPAM	2025-09-29T18:07:25.1389832Z Get:30 http://azure.archive.ubuntu.com/ubuntu noble-security/main Translation-en [198 kB]
unicode-smoke	Set up OCaml and OPAM	2025-09-29T18:07:25.1420529Z Get:41 https://packages.microsoft.com/ubuntu/24.04/prod noble InRelease [3600 B]
unicode-smoke	Set up OCaml and OPAM	2025-09-29T18:07:25.1848449Z Get:31 http://azure.archive.ubuntu.com/ubuntu noble-security/main amd64 Components [21.6 kB]
unicode-smoke	Set up OCaml and OPAM	2025-09-29T18:07:25.1858236Z Get:32 http://azure.archive.ubuntu.com/ubuntu noble-security/main amd64 c-n-f Metadata [8744 B]
unicode-smoke	Set up OCaml and OPAM	2025-09-29T18:07:25.1868209Z Get:33 http://azure.archive.ubuntu.com/ubuntu noble-security/universe amd64 Packages [880 kB]
unicode-smoke	Set up OCaml and OPAM	2025-09-29T18:07:25.1921206Z Get:34 http://azure.archive.ubuntu.com/ubuntu noble-security/universe Translation-en [195 kB]
unicode-smoke	Set up OCaml and OPAM	2025-09-29T18:07:25.1945028Z Get:35 http://azure.archive.ubuntu.com/ubuntu noble-security/universe amd64 Components [52.3 kB]
unicode-smoke	Set up OCaml and OPAM	2025-09-29T18:07:25.1958528Z Get:36 http://azure.archive.ubuntu.com/ubuntu noble-security/universe amd64 c-n-f Metadata [18.0 kB]
unicode-smoke	Set up OCaml and OPAM	2025-09-29T18:07:25.1968490Z Get:37 http://azure.archive.ubuntu.com/ubuntu noble-security/restricted amd64 Packages [1872 kB]
unicode-smoke	Set up OCaml and OPAM	2025-09-29T18:07:25.2067909Z Get:38 http://azure.archive.ubuntu.com/ubuntu noble-security/restricted Translation-en [423 kB]
unicode-smoke	Set up OCaml and OPAM	2025-09-29T18:07:25.2103356Z Get:39 http://azure.archive.ubuntu.com/ubuntu noble-security/restricted amd64 Components [212 B]
unicode-smoke	Set up OCaml and OPAM	2025-09-29T18:07:25.2113129Z Get:40 http://azure.archive.ubuntu.com/ubuntu noble-security/multiverse amd64 Components [212 B]
unicode-smoke	Set up OCaml and OPAM	2025-09-29T18:07:25.6880352Z Get:42 https://packages.microsoft.com/ubuntu/24.04/prod noble/main arm64 Packages [39.7 kB]
unicode-smoke	Set up OCaml and OPAM	2025-09-29T18:07:25.7204212Z Get:43 https://packages.microsoft.com/ubuntu/24.04/prod noble/main amd64 Packages [57.3 kB]
unicode-smoke	Set up OCaml and OPAM	2025-09-29T18:07:34.0100059Z Fetched 11.9 MB in 1s (8361 kB/s)
unicode-smoke	Set up OCaml and OPAM	2025-09-29T18:07:34.7862796Z Reading package lists...
unicode-smoke	Set up OCaml and OPAM	2025-09-29T18:07:34.8192603Z Reading package lists...
unicode-smoke	Set up OCaml and OPAM	2025-09-29T18:07:35.0127211Z Building dependency tree...
unicode-smoke	Set up OCaml and OPAM	2025-09-29T18:07:35.0134512Z Reading state information...
unicode-smoke	Set up OCaml and OPAM	2025-09-29T18:07:35.1865532Z mercurial is already the newest version (6.7.2-1ubuntu2.2).
unicode-smoke	Set up OCaml and OPAM	2025-09-29T18:07:35.1869972Z rsync is already the newest version (3.2.7-1ubuntu1.2).
unicode-smoke	Set up OCaml and OPAM	2025-09-29T18:07:35.1870659Z The following additional packages will be installed:
unicode-smoke	Set up OCaml and OPAM	2025-09-29T18:07:35.1872131Z   g++-13-multilib gcc-13-multilib lib32asan8 lib32atomic1 lib32gcc-13-dev
unicode-smoke	Set up OCaml and OPAM	2025-09-29T18:07:35.1873065Z   lib32gomp1 lib32itm1 lib32quadmath0 lib32stdc++-13-dev lib32ubsan1
unicode-smoke	Set up OCaml and OPAM	2025-09-29T18:07:35.1873950Z   libc6-dev-i386 libc6-dev-x32 libc6-x32 libx32asan8 libx32atomic1
unicode-smoke	Set up OCaml and OPAM	2025-09-29T18:07:35.1875048Z   libx32gcc-13-dev libx32gcc-s1 libx32gomp1 libx32itm1 libx32quadmath0
unicode-smoke	Set up OCaml and OPAM	2025-09-29T18:07:35.1875912Z   libx32stdc++-13-dev libx32stdc++6 libx32ubsan1 musl musl-dev
unicode-smoke	Set up OCaml and OPAM	2025-09-29T18:07:35.1881065Z Suggested packages:
unicode-smoke	Set up OCaml and OPAM	2025-09-29T18:07:35.1881514Z   lib32stdc++6-13-dbg libx32stdc++6-13-dbg
unicode-smoke	Set up OCaml and OPAM	2025-09-29T18:07:35.2260626Z The following NEW packages will be installed:
unicode-smoke	Set up OCaml and OPAM	2025-09-29T18:07:35.2261591Z   bubblewrap g++-13-multilib g++-multilib gcc-13-multilib gcc-multilib
unicode-smoke	Set up OCaml and OPAM	2025-09-29T18:07:35.2262673Z   lib32asan8 lib32atomic1 lib32gcc-13-dev lib32gomp1 lib32itm1 lib32quadmath0
unicode-smoke	Set up OCaml and OPAM	2025-09-29T18:07:35.2268204Z   lib32stdc++-13-dev lib32ubsan1 libc6-dev-i386 libc6-dev-x32 libc6-x32
unicode-smoke	Set up OCaml and OPAM	2025-09-29T18:07:35.2269115Z   libx32asan8 libx32atomic1 libx32gcc-13-dev libx32gcc-s1 libx32gomp1
unicode-smoke	Set up OCaml and OPAM	2025-09-29T18:07:35.2270657Z   libx32itm1 libx32quadmath0 libx32stdc++-13-dev libx32stdc++6 libx32ubsan1
unicode-smoke	Set up OCaml and OPAM	2025-09-29T18:07:35.2273020Z   musl musl-dev musl-tools
unicode-smoke	Set up OCaml and OPAM	2025-09-29T18:07:35.2460392Z 0 upgraded, 29 newly installed, 0 to remove and 18 not upgraded.
unicode-smoke	Set up OCaml and OPAM	2025-09-29T18:07:35.2462363Z Need to get 23.6 MB of archives.
unicode-smoke	Set up OCaml and OPAM	2025-09-29T18:07:35.2462939Z After this operation, 94.1 MB of additional disk space will be used.
unicode-smoke	Set up OCaml and OPAM	2025-09-29T18:07:35.2463962Z Get:1 file:/etc/apt/apt-mirrors.txt Mirrorlist [144 B]
unicode-smoke	Set up OCaml and OPAM	2025-09-29T18:07:35.2805006Z Get:2 http://azure.archive.ubuntu.com/ubuntu noble-updates/main amd64 bubblewrap amd64 0.9.0-1ubuntu0.1 [50.2 kB]
unicode-smoke	Set up OCaml and OPAM	2025-09-29T18:07:35.3099613Z Get:3 http://azure.archive.ubuntu.com/ubuntu noble-updates/main amd64 libc6-dev-i386 amd64 2.39-0ubuntu8.6 [1447 kB]
unicode-smoke	Set up OCaml and OPAM	2025-09-29T18:07:35.3651400Z Get:4 http://azure.archive.ubuntu.com/ubuntu noble-updates/main amd64 libc6-x32 amd64 2.39-0ubuntu8.6 [2913 kB]
unicode-smoke	Set up OCaml and OPAM	2025-09-29T18:07:35.4516109Z Get:5 http://azure.archive.ubuntu.com/ubuntu noble-updates/main amd64 libc6-dev-x32 amd64 2.39-0ubuntu8.6 [1637 kB]
unicode-smoke	Set up OCaml and OPAM	2025-09-29T18:07:35.5082803Z Get:6 http://azure.archive.ubuntu.com/ubuntu noble-updates/main amd64 libx32gcc-s1 amd64 14.2.0-4ubuntu2~24.04 [78.5 kB]
unicode-smoke	Set up OCaml and OPAM	2025-09-29T18:07:35.5280666Z Get:7 http://azure.archive.ubuntu.com/ubuntu noble-updates/main amd64 lib32gomp1 amd64 14.2.0-4ubuntu2~24.04 [141 kB]
unicode-smoke	Set up OCaml and OPAM	2025-09-29T18:07:35.5481128Z Get:8 http://azure.archive.ubuntu.com/ubuntu noble-updates/main amd64 libx32gomp1 amd64 14.2.0-4ubuntu2~24.04 [145 kB]
unicode-smoke	Set up OCaml and OPAM	2025-09-29T18:07:35.5701758Z Get:9 http://azure.archive.ubuntu.com/ubuntu noble-updates/main amd64 lib32itm1 amd64 14.2.0-4ubuntu2~24.04 [29.6 kB]
unicode-smoke	Set up OCaml and OPAM	2025-09-29T18:07:35.5891373Z Get:10 http://azure.archive.ubuntu.com/ubuntu noble-updates/main amd64 libx32itm1 amd64 14.2.0-4ubuntu2~24.04 [29.8 kB]
unicode-smoke	Set up OCaml and OPAM	2025-09-29T18:07:35.6079649Z Get:11 http://azure.archive.ubuntu.com/ubuntu noble-updates/main amd64 lib32atomic1 amd64 14.2.0-4ubuntu2~24.04 [8586 B]
unicode-smoke	Set up OCaml and OPAM	2025-09-29T18:07:35.6268135Z Get:12 http://azure.archive.ubuntu.com/ubuntu noble-updates/main amd64 libx32atomic1 amd64 14.2.0-4ubuntu2~24.04 [10.3 kB]
unicode-smoke	Set up OCaml and OPAM	2025-09-29T18:07:35.6458455Z Get:13 http://azure.archive.ubuntu.com/ubuntu noble-updates/main amd64 lib32asan8 amd64 14.2.0-4ubuntu2~24.04 [2879 kB]
unicode-smoke	Set up OCaml and OPAM	2025-09-29T18:07:35.7288836Z Get:14 http://azure.archive.ubuntu.com/ubuntu noble-updates/main amd64 libx32asan8 amd64 14.2.0-4ubuntu2~24.04 [2893 kB]
unicode-smoke	Set up OCaml and OPAM	2025-09-29T18:07:35.8134004Z Get:15 http://azure.archive.ubuntu.com/ubuntu noble-updates/main amd64 lib32ubsan1 amd64 14.2.0-4ubuntu2~24.04 [1150 kB]
unicode-smoke	Set up OCaml and OPAM	2025-09-29T18:07:35.8718926Z Get:16 http://azure.archive.ubuntu.com/ubuntu noble-updates/main amd64 libx32stdc++6 amd64 14.2.0-4ubuntu2~24.04 [778 kB]
unicode-smoke	Set up OCaml and OPAM	2025-09-29T18:07:35.9425159Z Get:17 http://azure.archive.ubuntu.com/ubuntu noble-updates/main amd64 libx32ubsan1 amd64 14.2.0-4ubuntu2~24.04 [1169 kB]
unicode-smoke	Set up OCaml and OPAM	2025-09-29T18:07:35.9891864Z Get:18 http://azure.archive.ubuntu.com/ubuntu noble-updates/main amd64 lib32quadmath0 amd64 14.2.0-4ubuntu2~24.04 [227 kB]
unicode-smoke	Set up OCaml and OPAM	2025-09-29T18:07:36.0108821Z Get:19 http://azure.archive.ubuntu.com/ubuntu noble-updates/main amd64 libx32quadmath0 amd64 14.2.0-4ubuntu2~24.04 [157 kB]
unicode-smoke	Set up OCaml and OPAM	2025-09-29T18:07:36.0753470Z Get:20 http://azure.archive.ubuntu.com/ubuntu noble-updates/main amd64 lib32gcc-13-dev amd64 13.3.0-6ubuntu2~24.04 [2380 kB]
unicode-smoke	Set up OCaml and OPAM	2025-09-29T18:07:36.1471176Z Get:21 http://azure.archive.ubuntu.com/ubuntu noble-updates/main amd64 libx32gcc-13-dev amd64 13.3.0-6ubuntu2~24.04 [2190 kB]
unicode-smoke	Set up OCaml and OPAM	2025-09-29T18:07:36.2167932Z Get:22 http://azure.archive.ubuntu.com/ubuntu noble-updates/main amd64 gcc-13-multilib amd64 13.3.0-6ubuntu2~24.04 [878 B]
unicode-smoke	Set up OCaml and OPAM	2025-09-29T18:07:36.2349988Z Get:23 http://azure.archive.ubuntu.com/ubuntu noble-updates/main amd64 lib32stdc++-13-dev amd64 13.3.0-6ubuntu2~24.04 [1150 kB]
unicode-smoke	Set up OCaml and OPAM	2025-09-29T18:07:36.2798964Z Get:24 http://azure.archive.ubuntu.com/ubuntu noble-updates/main amd64 libx32stdc++-13-dev amd64 13.3.0-6ubuntu2~24.04 [1086 kB]
unicode-smoke	Set up OCaml and OPAM	2025-09-29T18:07:36.3223480Z Get:25 http://azure.archive.ubuntu.com/ubuntu noble-updates/main amd64 g++-13-multilib amd64 13.3.0-6ubuntu2~24.04 [890 B]
unicode-smoke	Set up OCaml and OPAM	2025-09-29T18:07:36.3408954Z Get:26 http://azure.archive.ubuntu.com/ubuntu noble/main amd64 gcc-multilib amd64 4:13.2.0-7ubuntu1 [1474 B]
unicode-smoke	Set up OCaml and OPAM	2025-09-29T18:07:36.3626429Z Get:27 http://azure.archive.ubuntu.com/ubuntu noble/main amd64 g++-multilib amd64 4:13.2.0-7ubuntu1 [884 B]
unicode-smoke	Set up OCaml and OPAM	2025-09-29T18:07:36.3814546Z Get:28 http://azure.archive.ubuntu.com/ubuntu noble/universe amd64 musl amd64 1.2.4-2 [416 kB]
unicode-smoke	Set up OCaml and OPAM	2025-09-29T18:07:36.4037100Z Get:29 http://azure.archive.ubuntu.com/ubuntu noble/universe amd64 musl-dev amd64 1.2.4-2 [616 kB]
unicode-smoke	Set up OCaml and OPAM	2025-09-29T18:07:36.4409064Z Get:30 http://azure.archive.ubuntu.com/ubuntu noble/universe amd64 musl-tools amd64 1.2.4-2 [5540 B]
unicode-smoke	Set up OCaml and OPAM	2025-09-29T18:07:36.7155273Z Fetched 23.6 MB in 1s (19.6 MB/s)
unicode-smoke	Set up OCaml and OPAM	2025-09-29T18:07:36.7384217Z Selecting previously unselected package bubblewrap.
unicode-smoke	Set up OCaml and OPAM	2025-09-29T18:07:36.7641114Z (Reading database ... 
unicode-smoke	Set up OCaml and OPAM	2025-09-29T18:07:36.7641626Z (Reading database ... 5%
unicode-smoke	Set up OCaml and OPAM	2025-09-29T18:07:36.7641929Z (Reading database ... 10%
unicode-smoke	Set up OCaml and OPAM	2025-09-29T18:07:36.7642233Z (Reading database ... 15%
unicode-smoke	Set up OCaml and OPAM	2025-09-29T18:07:36.7642502Z (Reading database ... 20%
unicode-smoke	Set up OCaml and OPAM	2025-09-29T18:07:36.7642766Z (Reading database ... 25%
unicode-smoke	Set up OCaml and OPAM	2025-09-29T18:07:36.7643036Z (Reading database ... 30%
unicode-smoke	Set up OCaml and OPAM	2025-09-29T18:07:36.7643352Z (Reading database ... 35%
unicode-smoke	Set up OCaml and OPAM	2025-09-29T18:07:36.7643738Z (Reading database ... 40%
unicode-smoke	Set up OCaml and OPAM	2025-09-29T18:07:36.7644005Z (Reading database ... 45%
unicode-smoke	Set up OCaml and OPAM	2025-09-29T18:07:36.7644463Z (Reading database ... 50%
unicode-smoke	Set up OCaml and OPAM	2025-09-29T18:07:36.7813934Z (Reading database ... 55%
unicode-smoke	Set up OCaml and OPAM	2025-09-29T18:07:36.8232989Z (Reading database ... 60%
unicode-smoke	Set up OCaml and OPAM	2025-09-29T18:07:36.8499858Z (Reading database ... 65%
unicode-smoke	Set up OCaml and OPAM	2025-09-29T18:07:36.8790143Z (Reading database ... 70%
unicode-smoke	Set up OCaml and OPAM	2025-09-29T18:07:36.9066970Z (Reading database ... 75%
unicode-smoke	Set up OCaml and OPAM	2025-09-29T18:07:36.9467764Z (Reading database ... 80%
unicode-smoke	Set up OCaml and OPAM	2025-09-29T18:07:36.9786943Z (Reading database ... 85%
unicode-smoke	Set up OCaml and OPAM	2025-09-29T18:07:37.0395352Z (Reading database ... 90%
unicode-smoke	Set up OCaml and OPAM	2025-09-29T18:07:37.0921805Z (Reading database ... 95%
unicode-smoke	Set up OCaml and OPAM	2025-09-29T18:07:37.0922348Z (Reading database ... 100%
unicode-smoke	Set up OCaml and OPAM	2025-09-29T18:07:37.0922884Z (Reading database ... 214164 files and directories currently installed.)
unicode-smoke	Set up OCaml and OPAM	2025-09-29T18:07:37.0967883Z Preparing to unpack .../00-bubblewrap_0.9.0-1ubuntu0.1_amd64.deb ...
unicode-smoke	Set up OCaml and OPAM	2025-09-29T18:07:37.0996749Z Unpacking bubblewrap (0.9.0-1ubuntu0.1) ...
unicode-smoke	Set up OCaml and OPAM	2025-09-29T18:07:37.1279115Z Selecting previously unselected package libc6-dev-i386.
unicode-smoke	Set up OCaml and OPAM	2025-09-29T18:07:37.1414637Z Preparing to unpack .../01-libc6-dev-i386_2.39-0ubuntu8.6_amd64.deb ...
unicode-smoke	Set up OCaml and OPAM	2025-09-29T18:07:37.1426919Z Unpacking libc6-dev-i386 (2.39-0ubuntu8.6) ...
unicode-smoke	Set up OCaml and OPAM	2025-09-29T18:07:37.2271316Z Selecting previously unselected package libc6-x32.
unicode-smoke	Set up OCaml and OPAM	2025-09-29T18:07:37.2406315Z Preparing to unpack .../02-libc6-x32_2.39-0ubuntu8.6_amd64.deb ...
unicode-smoke	Set up OCaml and OPAM	2025-09-29T18:07:37.2461990Z Unpacking libc6-x32 (2.39-0ubuntu8.6) ...
unicode-smoke	Set up OCaml and OPAM	2025-09-29T18:07:37.3529136Z Selecting previously unselected package libc6-dev-x32.
unicode-smoke	Set up OCaml and OPAM	2025-09-29T18:07:37.3668157Z Preparing to unpack .../03-libc6-dev-x32_2.39-0ubuntu8.6_amd64.deb ...
unicode-smoke	Set up OCaml and OPAM	2025-09-29T18:07:37.3680805Z Unpacking libc6-dev-x32 (2.39-0ubuntu8.6) ...
unicode-smoke	Set up OCaml and OPAM	2025-09-29T18:07:37.4283094Z Selecting previously unselected package libx32gcc-s1.
unicode-smoke	Set up OCaml and OPAM	2025-09-29T18:07:37.4419393Z Preparing to unpack .../04-libx32gcc-s1_14.2.0-4ubuntu2~24.04_amd64.deb ...
unicode-smoke	Set up OCaml and OPAM	2025-09-29T18:07:37.4432567Z Unpacking libx32gcc-s1 (14.2.0-4ubuntu2~24.04) ...
unicode-smoke	Set up OCaml and OPAM	2025-09-29T18:07:37.4691426Z Selecting previously unselected package lib32gomp1.
unicode-smoke	Set up OCaml and OPAM	2025-09-29T18:07:37.4826780Z Preparing to unpack .../05-lib32gomp1_14.2.0-4ubuntu2~24.04_amd64.deb ...
unicode-smoke	Set up OCaml and OPAM	2025-09-29T18:07:37.4841812Z Unpacking lib32gomp1 (14.2.0-4ubuntu2~24.04) ...
unicode-smoke	Set up OCaml and OPAM	2025-09-29T18:07:37.5115951Z Selecting previously unselected package libx32gomp1.
unicode-smoke	Set up OCaml and OPAM	2025-09-29T18:07:37.5251855Z Preparing to unpack .../06-libx32gomp1_14.2.0-4ubuntu2~24.04_amd64.deb ...
unicode-smoke	Set up OCaml and OPAM	2025-09-29T18:07:37.5265070Z Unpacking libx32gomp1 (14.2.0-4ubuntu2~24.04) ...
unicode-smoke	Set up OCaml and OPAM	2025-09-29T18:07:37.5532655Z Selecting previously unselected package lib32itm1.
unicode-smoke	Set up OCaml and OPAM	2025-09-29T18:07:37.5668752Z Preparing to unpack .../07-lib32itm1_14.2.0-4ubuntu2~24.04_amd64.deb ...
unicode-smoke	Set up OCaml and OPAM	2025-09-29T18:07:37.5681519Z Unpacking lib32itm1 (14.2.0-4ubuntu2~24.04) ...
unicode-smoke	Set up OCaml and OPAM	2025-09-29T18:07:37.5936954Z Selecting previously unselected package libx32itm1.
unicode-smoke	Set up OCaml and OPAM	2025-09-29T18:07:37.6070597Z Preparing to unpack .../08-libx32itm1_14.2.0-4ubuntu2~24.04_amd64.deb ...
unicode-smoke	Set up OCaml and OPAM	2025-09-29T18:07:37.6085370Z Unpacking libx32itm1 (14.2.0-4ubuntu2~24.04) ...
unicode-smoke	Set up OCaml and OPAM	2025-09-29T18:07:37.6342711Z Selecting previously unselected package lib32atomic1.
unicode-smoke	Set up OCaml and OPAM	2025-09-29T18:07:37.6482228Z Preparing to unpack .../09-lib32atomic1_14.2.0-4ubuntu2~24.04_amd64.deb ...
unicode-smoke	Set up OCaml and OPAM	2025-09-29T18:07:37.6501783Z Unpacking lib32atomic1 (14.2.0-4ubuntu2~24.04) ...
unicode-smoke	Set up OCaml and OPAM	2025-09-29T18:07:37.6742064Z Selecting previously unselected package libx32atomic1.
unicode-smoke	Set up OCaml and OPAM	2025-09-29T18:07:37.6877697Z Preparing to unpack .../10-libx32atomic1_14.2.0-4ubuntu2~24.04_amd64.deb ...
unicode-smoke	Set up OCaml and OPAM	2025-09-29T18:07:37.6894702Z Unpacking libx32atomic1 (14.2.0-4ubuntu2~24.04) ...
unicode-smoke	Set up OCaml and OPAM	2025-09-29T18:07:37.7136720Z Selecting previously unselected package lib32asan8.
unicode-smoke	Set up OCaml and OPAM	2025-09-29T18:07:37.7271285Z Preparing to unpack .../11-lib32asan8_14.2.0-4ubuntu2~24.04_amd64.deb ...
unicode-smoke	Set up OCaml and OPAM	2025-09-29T18:07:37.7286225Z Unpacking lib32asan8 (14.2.0-4ubuntu2~24.04) ...
unicode-smoke	Set up OCaml and OPAM	2025-09-29T18:07:37.7942599Z Selecting previously unselected package libx32asan8.
unicode-smoke	Set up OCaml and OPAM	2025-09-29T18:07:37.8077875Z Preparing to unpack .../12-libx32asan8_14.2.0-4ubuntu2~24.04_amd64.deb ...
unicode-smoke	Set up OCaml and OPAM	2025-09-29T18:07:37.8093524Z Unpacking libx32asan8 (14.2.0-4ubuntu2~24.04) ...
unicode-smoke	Set up OCaml and OPAM	2025-09-29T18:07:37.8754893Z Selecting previously unselected package lib32ubsan1.
unicode-smoke	Set up OCaml and OPAM	2025-09-29T18:07:37.8893310Z Preparing to unpack .../13-lib32ubsan1_14.2.0-4ubuntu2~24.04_amd64.deb ...
unicode-smoke	Set up OCaml and OPAM	2025-09-29T18:07:37.8904449Z Unpacking lib32ubsan1 (14.2.0-4ubuntu2~24.04) ...
unicode-smoke	Set up OCaml and OPAM	2025-09-29T18:07:37.9320739Z Selecting previously unselected package libx32stdc++6.
unicode-smoke	Set up OCaml and OPAM	2025-09-29T18:07:37.9459156Z Preparing to unpack .../14-libx32stdc++6_14.2.0-4ubuntu2~24.04_amd64.deb ...
unicode-smoke	Set up OCaml and OPAM	2025-09-29T18:07:37.9472542Z Unpacking libx32stdc++6 (14.2.0-4ubuntu2~24.04) ...
unicode-smoke	Set up OCaml and OPAM	2025-09-29T18:07:37.9826547Z Selecting previously unselected package libx32ubsan1.
unicode-smoke	Set up OCaml and OPAM	2025-09-29T18:07:37.9964453Z Preparing to unpack .../15-libx32ubsan1_14.2.0-4ubuntu2~24.04_amd64.deb ...
unicode-smoke	Set up OCaml and OPAM	2025-09-29T18:07:37.9980653Z Unpacking libx32ubsan1 (14.2.0-4ubuntu2~24.04) ...
unicode-smoke	Set up OCaml and OPAM	2025-09-29T18:07:38.0382571Z Selecting previously unselected package lib32quadmath0.
unicode-smoke	Set up OCaml and OPAM	2025-09-29T18:07:38.0517007Z Preparing to unpack .../16-lib32quadmath0_14.2.0-4ubuntu2~24.04_amd64.deb ...
unicode-smoke	Set up OCaml and OPAM	2025-09-29T18:07:38.0530254Z Unpacking lib32quadmath0 (14.2.0-4ubuntu2~24.04) ...
unicode-smoke	Set up OCaml and OPAM	2025-09-29T18:07:38.0829506Z Selecting previously unselected package libx32quadmath0.
unicode-smoke	Set up OCaml and OPAM	2025-09-29T18:07:38.0966437Z Preparing to unpack .../17-libx32quadmath0_14.2.0-4ubuntu2~24.04_amd64.deb ...
unicode-smoke	Set up OCaml and OPAM	2025-09-29T18:07:38.0980606Z Unpacking libx32quadmath0 (14.2.0-4ubuntu2~24.04) ...
unicode-smoke	Set up OCaml and OPAM	2025-09-29T18:07:38.1229915Z Selecting previously unselected package lib32gcc-13-dev.
unicode-smoke	Set up OCaml and OPAM	2025-09-29T18:07:38.1365035Z Preparing to unpack .../18-lib32gcc-13-dev_13.3.0-6ubuntu2~24.04_amd64.deb ...
unicode-smoke	Set up OCaml and OPAM	2025-09-29T18:07:38.1378465Z Unpacking lib32gcc-13-dev (13.3.0-6ubuntu2~24.04) ...
unicode-smoke	Set up OCaml and OPAM	2025-09-29T18:07:38.1954863Z Selecting previously unselected package libx32gcc-13-dev.
unicode-smoke	Set up OCaml and OPAM	2025-09-29T18:07:38.2092035Z Preparing to unpack .../19-libx32gcc-13-dev_13.3.0-6ubuntu2~24.04_amd64.deb ...
unicode-smoke	Set up OCaml and OPAM	2025-09-29T18:07:38.2104509Z Unpacking libx32gcc-13-dev (13.3.0-6ubuntu2~24.04) ...
unicode-smoke	Set up OCaml and OPAM	2025-09-29T18:07:38.2619502Z Selecting previously unselected package gcc-13-multilib.
unicode-smoke	Set up OCaml and OPAM	2025-09-29T18:07:38.2755661Z Preparing to unpack .../20-gcc-13-multilib_13.3.0-6ubuntu2~24.04_amd64.deb ...
unicode-smoke	Set up OCaml and OPAM	2025-09-29T18:07:38.2775198Z Unpacking gcc-13-multilib (13.3.0-6ubuntu2~24.04) ...
unicode-smoke	Set up OCaml and OPAM	2025-09-29T18:07:38.2981464Z Selecting previously unselected package lib32stdc++-13-dev.
unicode-smoke	Set up OCaml and OPAM	2025-09-29T18:07:38.3120715Z Preparing to unpack .../21-lib32stdc++-13-dev_13.3.0-6ubuntu2~24.04_amd64.deb ...
unicode-smoke	Set up OCaml and OPAM	2025-09-29T18:07:38.3133821Z Unpacking lib32stdc++-13-dev (13.3.0-6ubuntu2~24.04) ...
unicode-smoke	Set up OCaml and OPAM	2025-09-29T18:07:38.3679104Z Selecting previously unselected package libx32stdc++-13-dev.
unicode-smoke	Set up OCaml and OPAM	2025-09-29T18:07:38.3812909Z Preparing to unpack .../22-libx32stdc++-13-dev_13.3.0-6ubuntu2~24.04_amd64.deb ...
unicode-smoke	Set up OCaml and OPAM	2025-09-29T18:07:38.3824273Z Unpacking libx32stdc++-13-dev (13.3.0-6ubuntu2~24.04) ...
unicode-smoke	Set up OCaml and OPAM	2025-09-29T18:07:38.4349680Z Selecting previously unselected package g++-13-multilib.
unicode-smoke	Set up OCaml and OPAM	2025-09-29T18:07:38.4490650Z Preparing to unpack .../23-g++-13-multilib_13.3.0-6ubuntu2~24.04_amd64.deb ...
unicode-smoke	Set up OCaml and OPAM	2025-09-29T18:07:38.4503621Z Unpacking g++-13-multilib (13.3.0-6ubuntu2~24.04) ...
unicode-smoke	Set up OCaml and OPAM	2025-09-29T18:07:38.4723409Z Selecting previously unselected package gcc-multilib.
unicode-smoke	Set up OCaml and OPAM	2025-09-29T18:07:38.4860968Z Preparing to unpack .../24-gcc-multilib_4%3a13.2.0-7ubuntu1_amd64.deb ...
unicode-smoke	Set up OCaml and OPAM	2025-09-29T18:07:38.4875659Z Unpacking gcc-multilib (4:13.2.0-7ubuntu1) ...
unicode-smoke	Set up OCaml and OPAM	2025-09-29T18:07:38.5110688Z Selecting previously unselected package g++-multilib.
unicode-smoke	Set up OCaml and OPAM	2025-09-29T18:07:38.5250610Z Preparing to unpack .../25-g++-multilib_4%3a13.2.0-7ubuntu1_amd64.deb ...
unicode-smoke	Set up OCaml and OPAM	2025-09-29T18:07:38.5293461Z Unpacking g++-multilib (4:13.2.0-7ubuntu1) ...
unicode-smoke	Set up OCaml and OPAM	2025-09-29T18:07:38.5554725Z Selecting previously unselected package musl:amd64.
unicode-smoke	Set up OCaml and OPAM	2025-09-29T18:07:38.5690160Z Preparing to unpack .../26-musl_1.2.4-2_amd64.deb ...
unicode-smoke	Set up OCaml and OPAM	2025-09-29T18:07:38.5700639Z Unpacking musl:amd64 (1.2.4-2) ...
unicode-smoke	Set up OCaml and OPAM	2025-09-29T18:07:38.6011370Z Selecting previously unselected package musl-dev:amd64.
unicode-smoke	Set up OCaml and OPAM	2025-09-29T18:07:38.6146596Z Preparing to unpack .../27-musl-dev_1.2.4-2_amd64.deb ...
unicode-smoke	Set up OCaml and OPAM	2025-09-29T18:07:38.6160682Z Unpacking musl-dev:amd64 (1.2.4-2) ...
unicode-smoke	Set up OCaml and OPAM	2025-09-29T18:07:38.6877521Z Selecting previously unselected package musl-tools.
unicode-smoke	Set up OCaml and OPAM	2025-09-29T18:07:38.7017054Z Preparing to unpack .../28-musl-tools_1.2.4-2_amd64.deb ...
unicode-smoke	Set up OCaml and OPAM	2025-09-29T18:07:38.7035494Z Unpacking musl-tools (1.2.4-2) ...
unicode-smoke	Set up OCaml and OPAM	2025-09-29T18:07:38.7496789Z Setting up bubblewrap (0.9.0-1ubuntu0.1) ...
unicode-smoke	Set up OCaml and OPAM	2025-09-29T18:07:38.7589236Z Setting up libc6-dev-i386 (2.39-0ubuntu8.6) ...
unicode-smoke	Set up OCaml and OPAM	2025-09-29T18:07:38.7628531Z Setting up lib32itm1 (14.2.0-4ubuntu2~24.04) ...
unicode-smoke	Set up OCaml and OPAM	2025-09-29T18:07:38.7667196Z Setting up lib32ubsan1 (14.2.0-4ubuntu2~24.04) ...
unicode-smoke	Set up OCaml and OPAM	2025-09-29T18:07:38.7706593Z Setting up libc6-x32 (2.39-0ubuntu8.6) ...
unicode-smoke	Set up OCaml and OPAM	2025-09-29T18:07:38.7763756Z Setting up libc6-dev-x32 (2.39-0ubuntu8.6) ...
unicode-smoke	Set up OCaml and OPAM	2025-09-29T18:07:38.7791357Z Setting up lib32gomp1 (14.2.0-4ubuntu2~24.04) ...
unicode-smoke	Set up OCaml and OPAM	2025-09-29T18:07:38.7836820Z Setting up lib32asan8 (14.2.0-4ubuntu2~24.04) ...
unicode-smoke	Set up OCaml and OPAM	2025-09-29T18:07:38.7881627Z Setting up libx32gomp1 (14.2.0-4ubuntu2~24.04) ...
unicode-smoke	Set up OCaml and OPAM	2025-09-29T18:07:38.7931565Z Setting up musl:amd64 (1.2.4-2) ...
unicode-smoke	Set up OCaml and OPAM	2025-09-29T18:07:38.8002586Z Setting up lib32quadmath0 (14.2.0-4ubuntu2~24.04) ...
unicode-smoke	Set up OCaml and OPAM	2025-09-29T18:07:38.8045019Z Setting up libx32quadmath0 (14.2.0-4ubuntu2~24.04) ...
unicode-smoke	Set up OCaml and OPAM	2025-09-29T18:07:38.8088810Z Setting up lib32atomic1 (14.2.0-4ubuntu2~24.04) ...
unicode-smoke	Set up OCaml and OPAM	2025-09-29T18:07:38.8131530Z Setting up libx32atomic1 (14.2.0-4ubuntu2~24.04) ...
unicode-smoke	Set up OCaml and OPAM	2025-09-29T18:07:38.8177976Z Setting up libx32gcc-s1 (14.2.0-4ubuntu2~24.04) ...
unicode-smoke	Set up OCaml and OPAM	2025-09-29T18:07:38.8231524Z Setting up libx32itm1 (14.2.0-4ubuntu2~24.04) ...
unicode-smoke	Set up OCaml and OPAM	2025-09-29T18:07:38.8273289Z Setting up libx32asan8 (14.2.0-4ubuntu2~24.04) ...
unicode-smoke	Set up OCaml and OPAM	2025-09-29T18:07:38.8313291Z Setting up musl-dev:amd64 (1.2.4-2) ...
unicode-smoke	Set up OCaml and OPAM	2025-09-29T18:07:38.8376855Z Setting up libx32stdc++6 (14.2.0-4ubuntu2~24.04) ...
unicode-smoke	Set up OCaml and OPAM	2025-09-29T18:07:38.8424583Z Setting up libx32ubsan1 (14.2.0-4ubuntu2~24.04) ...
unicode-smoke	Set up OCaml and OPAM	2025-09-29T18:07:38.8465387Z Setting up lib32gcc-13-dev (13.3.0-6ubuntu2~24.04) ...
unicode-smoke	Set up OCaml and OPAM	2025-09-29T18:07:38.8513249Z Setting up musl-tools (1.2.4-2) ...
unicode-smoke	Set up OCaml and OPAM	2025-09-29T18:07:38.8557562Z Setting up libx32gcc-13-dev (13.3.0-6ubuntu2~24.04) ...
unicode-smoke	Set up OCaml and OPAM	2025-09-29T18:07:38.8597542Z Setting up gcc-13-multilib (13.3.0-6ubuntu2~24.04) ...
unicode-smoke	Set up OCaml and OPAM	2025-09-29T18:07:38.8662521Z Setting up lib32stdc++-13-dev (13.3.0-6ubuntu2~24.04) ...
unicode-smoke	Set up OCaml and OPAM	2025-09-29T18:07:38.8703360Z Setting up gcc-multilib (4:13.2.0-7ubuntu1) ...
unicode-smoke	Set up OCaml and OPAM	2025-09-29T18:07:38.8744507Z Setting up libx32stdc++-13-dev (13.3.0-6ubuntu2~24.04) ...
unicode-smoke	Set up OCaml and OPAM	2025-09-29T18:07:38.8780605Z Setting up g++-13-multilib (13.3.0-6ubuntu2~24.04) ...
unicode-smoke	Set up OCaml and OPAM	2025-09-29T18:07:38.8825866Z Setting up g++-multilib (4:13.2.0-7ubuntu1) ...
unicode-smoke	Set up OCaml and OPAM	2025-09-29T18:07:38.8875702Z Processing triggers for libc-bin (2.39-0ubuntu8.6) ...
unicode-smoke	Set up OCaml and OPAM	2025-09-29T18:07:40.3821689Z Processing triggers for man-db (2.12.0-4build2) ...
unicode-smoke	Set up OCaml and OPAM	2025-09-29T18:08:32.5977783Z 
unicode-smoke	Set up OCaml and OPAM	2025-09-29T18:08:32.5980395Z Running kernel seems to be up-to-date.
unicode-smoke	Set up OCaml and OPAM	2025-09-29T18:08:32.5980837Z 
unicode-smoke	Set up OCaml and OPAM	2025-09-29T18:08:32.5981403Z Restarting services...
unicode-smoke	Set up OCaml and OPAM	2025-09-29T18:08:32.6052384Z 
unicode-smoke	Set up OCaml and OPAM	2025-09-29T18:08:32.6052627Z Service restarts being deferred:
unicode-smoke	Set up OCaml and OPAM	2025-09-29T18:08:32.6054105Z  systemctl restart hosted-compute-agent.service
unicode-smoke	Set up OCaml and OPAM	2025-09-29T18:08:32.6054605Z 
unicode-smoke	Set up OCaml and OPAM	2025-09-29T18:08:32.6054953Z No containers need to be restarted.
unicode-smoke	Set up OCaml and OPAM	2025-09-29T18:08:32.6055232Z 
unicode-smoke	Set up OCaml and OPAM	2025-09-29T18:08:32.6055420Z No user sessions are running outdated binaries.
unicode-smoke	Set up OCaml and OPAM	2025-09-29T18:08:32.6055941Z 
unicode-smoke	Set up OCaml and OPAM	2025-09-29T18:08:32.6056155Z No VM guests are running outdated hypervisor (qemu) binaries on this host.
unicode-smoke	Set up OCaml and OPAM	2025-09-29T18:08:33.5808744Z ##[group]Run mkdir -p "$HOME/.github-tools"
unicode-smoke	Set up OCaml and OPAM	2025-09-29T18:08:33.5809097Z [36;1mmkdir -p "$HOME/.github-tools"[0m
unicode-smoke	Set up OCaml and OPAM	2025-09-29T18:08:33.5809335Z [36;1m{[0m
unicode-smoke	Set up OCaml and OPAM	2025-09-29T18:08:33.5809527Z [36;1m  printf '%s\n' '#!/usr/bin/env bash'[0m
unicode-smoke	Set up OCaml and OPAM	2025-09-29T18:08:33.5809833Z [36;1m  printf '%s\n' 'if [[ "$1" == "apt-get" ]]; then'[0m
unicode-smoke	Set up OCaml and OPAM	2025-09-29T18:08:33.5810101Z [36;1m  printf '%s\n' '  args=()'[0m
unicode-smoke	Set up OCaml and OPAM	2025-09-29T18:08:33.5810361Z [36;1m  printf '%s\n' '  install_seen=false'[0m
unicode-smoke	Set up OCaml and OPAM	2025-09-29T18:08:33.5810636Z [36;1m  printf '%s\n' '  for arg in "$@"; do'[0m
unicode-smoke	Set up OCaml and OPAM	2025-09-29T18:08:33.5810923Z [36;1m  printf '%s\n' '    if [[ "$arg" == "install" ]]; then'[0m
unicode-smoke	Set up OCaml and OPAM	2025-09-29T18:08:33.5811225Z [36;1m  printf '%s\n' '      install_seen=true'[0m
unicode-smoke	Set up OCaml and OPAM	2025-09-29T18:08:33.5811474Z [36;1m  printf '%s\n' '    fi'[0m
unicode-smoke	Set up OCaml and OPAM	2025-09-29T18:08:33.5811779Z [36;1m  printf '%s\n' '    if [[ "$install_seen" == true && "$arg" == "darcs" ]]; then'[0m
unicode-smoke	Set up OCaml and OPAM	2025-09-29T18:08:33.5812114Z [36;1m  printf '%s\n' '      continue'[0m
unicode-smoke	Set up OCaml and OPAM	2025-09-29T18:08:33.5812346Z [36;1m  printf '%s\n' '    fi'[0m
unicode-smoke	Set up OCaml and OPAM	2025-09-29T18:08:33.5812568Z [36;1m  printf '%s\n' '    args+=("$arg")'[0m
unicode-smoke	Set up OCaml and OPAM	2025-09-29T18:08:33.5812803Z [36;1m  printf '%s\n' '  done'[0m
unicode-smoke	Set up OCaml and OPAM	2025-09-29T18:08:33.5813056Z [36;1m  printf '%s\n' '  exec /usr/bin/sudo "${args[@]}"'[0m
unicode-smoke	Set up OCaml and OPAM	2025-09-29T18:08:33.5813318Z [36;1m  printf '%s\n' 'fi'[0m
unicode-smoke	Set up OCaml and OPAM	2025-09-29T18:08:33.5813545Z [36;1m  printf '%s\n' 'exec /usr/bin/sudo "$@"'[0m
unicode-smoke	Set up OCaml and OPAM	2025-09-29T18:08:33.5813799Z [36;1m} > "$HOME/.github-tools/sudo"[0m
unicode-smoke	Set up OCaml and OPAM	2025-09-29T18:08:33.5814054Z [36;1mchmod +x "$HOME/.github-tools/sudo"[0m
unicode-smoke	Set up OCaml and OPAM	2025-09-29T18:08:33.5814726Z [36;1mecho "PATH=$HOME/.github-tools:$PATH" >> "$GITHUB_ENV"[0m
unicode-smoke	Set up OCaml and OPAM	2025-09-29T18:08:33.5848994Z shell: /usr/bin/bash --noprofile --norc -e -o pipefail {0}
unicode-smoke	Set up OCaml and OPAM	2025-09-29T18:08:33.5849308Z ##[endgroup]
unicode-smoke	Set up OCaml and OPAM	2025-09-29T18:08:33.5997019Z ##[group]Run ocaml/setup-ocaml@v2
unicode-smoke	Set up OCaml and OPAM	2025-09-29T18:08:33.5997261Z with:
unicode-smoke	Set up OCaml and OPAM	2025-09-29T18:08:33.5997430Z   ocaml-compiler: 4.14.1
unicode-smoke	Set up OCaml and OPAM	2025-09-29T18:08:33.5997639Z   allow-prerelease-opam: false
unicode-smoke	Set up OCaml and OPAM	2025-09-29T18:08:33.5997855Z   opam-pin: true
unicode-smoke	Set up OCaml and OPAM	2025-09-29T18:08:33.5998027Z   opam-depext: false
unicode-smoke	Set up OCaml and OPAM	2025-09-29T18:08:33.5998219Z   opam-local-packages: *.opam
unicode-smoke	Set up OCaml and OPAM	2025-09-29T18:08:33.5998437Z   opam-disable-sandboxing: false
unicode-smoke	Set up OCaml and OPAM	2025-09-29T18:08:33.5998648Z   dune-cache: false
unicode-smoke	Set up OCaml and OPAM	2025-09-29T18:08:33.5998815Z   cache-prefix: v1
unicode-smoke	Set up OCaml and OPAM	2025-09-29T18:08:33.5999266Z   github-token: ***
unicode-smoke	Set up OCaml and OPAM	2025-09-29T18:08:33.5999446Z env:
unicode-smoke	Set up OCaml and OPAM	2025-09-29T18:08:33.6000381Z   PATH: /home/runner/.github-tools:/snap/bin:/home/runner/.local/bin:/opt/pipx_bin:/home/runner/.cargo/bin:/home/runner/.config/composer/vendor/bin:/usr/local/.ghcup/bin:/home/runner/.dotnet/tools:/usr/local/sbin:/usr/local/bin:/usr/sbin:/usr/bin:/sbin:/bin:/usr/games:/usr/local/games:/snap/bin
unicode-smoke	Set up OCaml and OPAM	2025-09-29T18:08:33.6001417Z ##[endgroup]
unicode-smoke	Set up OCaml and OPAM	2025-09-29T18:08:33.7830827Z ##[group]Retrieve the opam cache
unicode-smoke	Set up OCaml and OPAM	2025-09-29T18:08:34.8873697Z ##[warning]Failed to restore: Cache service responded with 400
unicode-smoke	Set up OCaml and OPAM	2025-09-29T18:08:34.8876620Z Cache not found for input keys: v1-setup-ocaml-opam-2.1.6-sandbox-linux-24.04-x86_64-ocaml_base_compiler_4_14_1-2025-40, v1-setup-ocaml-opam-2.1.6-sandbox-linux-24.04-x86_64-ocaml_base_compiler_4_14_1-2025-40, v1-setup-ocaml-opam-2.1.6-sandbox-linux-24.04-x86_64-ocaml_base_compiler_4_14_1-2025-, v1-setup-ocaml-opam-2.1.6-sandbox-linux-24.04-x86_64-ocaml_base_compiler_4_14_1-
unicode-smoke	Set up OCaml and OPAM	2025-09-29T18:08:34.8878083Z ##[endgroup]
unicode-smoke	Set up OCaml and OPAM	2025-09-29T18:08:34.8878432Z ##[group]Install opam
unicode-smoke	Set up OCaml and OPAM	2025-09-29T18:08:35.7918873Z Acquired 2.1.6 from https://github.com/ocaml/opam/releases/download/2.1.6/opam-2.1.6-x86_64-linux
unicode-smoke	Set up OCaml and OPAM	2025-09-29T18:08:35.8085542Z Successfully cached opam to /opt/hostedtoolcache/opam/2.1.6/x86_64
unicode-smoke	Set up OCaml and OPAM	2025-09-29T18:08:35.8087964Z Added opam to the path
unicode-smoke	Set up OCaml and OPAM	2025-09-29T18:08:35.8088653Z ##[endgroup]
unicode-smoke	Set up OCaml and OPAM	2025-09-29T18:08:35.8089306Z ##[group]Initialise the opam state
unicode-smoke	Set up OCaml and OPAM	2025-09-29T18:08:35.8108478Z [command]/home/runner/.github-tools/sudo apt-get --yes install bubblewrap darcs g++-multilib gcc-multilib mercurial musl-tools rsync
unicode-smoke	Set up OCaml and OPAM	2025-09-29T18:08:35.8384696Z Reading package lists...
unicode-smoke	Set up OCaml and OPAM	2025-09-29T18:08:36.0413812Z Building dependency tree...
unicode-smoke	Set up OCaml and OPAM	2025-09-29T18:08:36.0421957Z Reading state information...
unicode-smoke	Set up OCaml and OPAM	2025-09-29T18:08:36.3246988Z bubblewrap is already the newest version (0.9.0-1ubuntu0.1).
unicode-smoke	Set up OCaml and OPAM	2025-09-29T18:08:36.3247672Z g++-multilib is already the newest version (4:13.2.0-7ubuntu1).
unicode-smoke	Set up OCaml and OPAM	2025-09-29T18:08:36.3248304Z gcc-multilib is already the newest version (4:13.2.0-7ubuntu1).
unicode-smoke	Set up OCaml and OPAM	2025-09-29T18:08:36.3248904Z mercurial is already the newest version (6.7.2-1ubuntu2.2).
unicode-smoke	Set up OCaml and OPAM	2025-09-29T18:08:36.3249409Z musl-tools is already the newest version (1.2.4-2).
unicode-smoke	Set up OCaml and OPAM	2025-09-29T18:08:36.3249958Z rsync is already the newest version (3.2.7-1ubuntu1.2).
unicode-smoke	Set up OCaml and OPAM	2025-09-29T18:08:36.3250528Z 0 upgraded, 0 newly installed, 0 to remove and 18 not upgraded.
unicode-smoke	Set up OCaml and OPAM	2025-09-29T18:08:36.3289408Z [command]/opt/hostedtoolcache/opam/2.1.6/x86_64/opam init --auto-setup --bare --enable-shell-hook
unicode-smoke	Set up OCaml and OPAM	2025-09-29T18:08:36.3453315Z No configuration file found, using built-in defaults.
unicode-smoke	Set up OCaml and OPAM	2025-09-29T18:08:36.3456404Z Checking for available remotes: rsync and local, git, mercurial.
unicode-smoke	Set up OCaml and OPAM	2025-09-29T18:08:36.3457637Z   - you won't be able to use darcs repositories unless you install the [01mdarcs[0m command on your system.
unicode-smoke	Set up OCaml and OPAM	2025-09-29T18:08:36.3458280Z 
unicode-smoke	Set up OCaml and OPAM	2025-09-29T18:08:36.3642138Z [31m[ERROR][0m Sandboxing is not working on your platform ubuntu:
unicode-smoke	Set up OCaml and OPAM	2025-09-29T18:08:36.3643561Z         "~/.opam/opam-init/hooks/sandbox.sh build sh -c echo SUCCESS >$TMPDIR/opam-sandbox-check-out && cat $TMPDIR/opam-sandbox-check-out; rm -f $TMPDIR/opam-sandbox-check-out" exited with code 1 "bwrap: loopback: Failed RTM_NEWADDR: Operation not permitted"
unicode-smoke	Set up OCaml and OPAM	2025-09-29T18:08:36.3645367Z Do you want to disable it?  Note that this will result in less secure package builds, so please ensure that you have some other isolation mechanisms in place (such as running within a container or virtual machine). [y/N] y
unicode-smoke	Set up OCaml and OPAM	2025-09-29T18:08:36.3647431Z 
unicode-smoke	Set up OCaml and OPAM	2025-09-29T18:08:36.3648189Z [36m<><>[0m [01mFetching repository information[0m [36m><><><><><><><><><><><><><><><><><><><><><>[0m
unicode-smoke	Set up OCaml and OPAM	2025-09-29T18:08:39.2088723Z [[32mdefault[0m] Initialised
unicode-smoke	Set up OCaml and OPAM	2025-09-29T18:08:51.3014572Z 
unicode-smoke	Set up OCaml and OPAM	2025-09-29T18:08:51.3015046Z User configuration:
unicode-smoke	Set up OCaml and OPAM	2025-09-29T18:08:51.3020970Z   Updating ~/.bash_profile.
unicode-smoke	Set up OCaml and OPAM	2025-09-29T18:08:51.3022067Z [1;34m[NOTE][0m Make sure that ~/.bash_profile is well [04msourced[0m in your ~/.bashrc.
unicode-smoke	Set up OCaml and OPAM	2025-09-29T18:08:51.3022598Z 
unicode-smoke	Set up OCaml and OPAM	2025-09-29T18:08:52.5082921Z ##[endgroup]
unicode-smoke	Set up OCaml and OPAM	2025-09-29T18:08:52.5083706Z ##[group]Remove the opam repositories
unicode-smoke	Set up OCaml and OPAM	2025-09-29T18:08:52.5110954Z [command]/opt/hostedtoolcache/opam/2.1.6/x86_64/opam repository list --all-switches --short
unicode-smoke	Set up OCaml and OPAM	2025-09-29T18:08:52.5684036Z default
unicode-smoke	Set up OCaml and OPAM	2025-09-29T18:08:52.5715096Z [command]/opt/hostedtoolcache/opam/2.1.6/x86_64/opam repository remove default --all-switches
unicode-smoke	Set up OCaml and OPAM	2025-09-29T18:08:52.6329508Z ##[endgroup]
unicode-smoke	Set up OCaml and OPAM	2025-09-29T18:08:52.6331972Z ##[group]Initialise the opam repositories
unicode-smoke	Set up OCaml and OPAM	2025-09-29T18:08:52.6347105Z [command]/opt/hostedtoolcache/opam/2.1.6/x86_64/opam repository add default https://github.com/ocaml/opam-repository.git --all-switches --set-default
unicode-smoke	Set up OCaml and OPAM	2025-09-29T18:09:28.0860047Z [[32mdefault[0m] Initialised
unicode-smoke	Set up OCaml and OPAM	2025-09-29T18:09:39.3828284Z ##[endgroup]
unicode-smoke	Set up OCaml and OPAM	2025-09-29T18:09:39.5629728Z ##[group]Install OCaml
unicode-smoke	Set up OCaml and OPAM	2025-09-29T18:09:39.5646760Z [command]/opt/hostedtoolcache/opam/2.1.6/x86_64/opam switch create . --no-install --packages ocaml-base-compiler.4.14.1
unicode-smoke	Set up OCaml and OPAM	2025-09-29T18:09:39.7731647Z 
unicode-smoke	Set up OCaml and OPAM	2025-09-29T18:09:39.7732712Z [36m<><>[0m [01mInstalling new switch packages[0m [36m<><><><><><><><><><><><><><><><><><><><><><>[0m
unicode-smoke	Set up OCaml and OPAM	2025-09-29T18:09:39.7733446Z Switch invariant: ["ocaml-base-compiler" {= "4.14.1"}]
unicode-smoke	Set up OCaml and OPAM	2025-09-29T18:09:44.0333890Z 
unicode-smoke	Set up OCaml and OPAM	2025-09-29T18:09:44.0337501Z [36m<><>[0m [01mProcessing actions[0m [36m<><><><><><><><><><><><><><><><><><><><><><><><><><><><>[0m
unicode-smoke	Set up OCaml and OPAM	2025-09-29T18:09:46.5541601Z [32mâ[0m installed [01mbase-bigarray[0m.base
unicode-smoke	Set up OCaml and OPAM	2025-09-29T18:09:46.5547140Z [32mâ[0m installed [01mbase-threads[0m.base
unicode-smoke	Set up OCaml and OPAM	2025-09-29T18:09:46.5554628Z [32mâ[0m installed [01mbase-unix[0m.base
unicode-smoke	Set up OCaml and OPAM	2025-09-29T18:09:46.5565007Z [32mâ[0m installed [01mocaml-options-vanilla[0m.1
unicode-smoke	Set up OCaml and OPAM	2025-09-29T18:09:46.6474683Z [36mâ¬[0m retrieved [01mocaml-config[0m.2  (2 extra sources)
unicode-smoke	Set up OCaml and OPAM	2025-09-29T18:09:47.0967870Z [36mâ¬[0m retrieved [01mocaml-base-compiler[0m.4.14.1  (https://github.com/ocaml/ocaml/archive/4.14.1.tar.gz)
unicode-smoke	Set up OCaml and OPAM	2025-09-29T18:12:19.0982372Z [32mâ[0m installed [01mocaml-base-compiler[0m.4.14.1
unicode-smoke	Set up OCaml and OPAM	2025-09-29T18:12:19.1067792Z [32mâ[0m installed [01mocaml-config[0m.2
unicode-smoke	Set up OCaml and OPAM	2025-09-29T18:12:19.1583071Z [32mâ[0m installed [01mocaml[0m.4.14.1
unicode-smoke	Set up OCaml and OPAM	2025-09-29T18:12:19.5489762Z Done.
unicode-smoke	Set up OCaml and OPAM	2025-09-29T18:12:19.5494469Z # Run [01meval $(opam env)[0m to update the current shell environment
unicode-smoke	Set up OCaml and OPAM	2025-09-29T18:12:20.7530259Z ##[endgroup]
unicode-smoke	Set up OCaml and OPAM	2025-09-29T18:12:20.7532209Z ##[group]Save the opam cache
unicode-smoke	Set up OCaml and OPAM	2025-09-29T18:12:20.7551861Z [command]/opt/hostedtoolcache/opam/2.1.6/x86_64/opam clean --all-switches --download-cache --logs --repo-cache --unused-repositories
unicode-smoke	Set up OCaml and OPAM	2025-09-29T18:12:20.9626769Z Cleaning up switch /home/runner/work/latex_perf/latex_perf
unicode-smoke	Set up OCaml and OPAM	2025-09-29T18:12:21.0681790Z Updating /home/runner/.opam/repo/repos-config
unicode-smoke	Set up OCaml and OPAM	2025-09-29T18:12:21.0682376Z Clearing repository cache
unicode-smoke	Set up OCaml and OPAM	2025-09-29T18:12:21.0724544Z Clearing cache of downloaded files
unicode-smoke	Set up OCaml and OPAM	2025-09-29T18:12:21.0756525Z Clearing logs
unicode-smoke	Set up OCaml and OPAM	2025-09-29T18:12:21.8290013Z [command]/usr/bin/tar --posix -cf cache.tzst --exclude cache.tzst -P -C /home/runner/work/latex_perf/latex_perf --files-from manifest.txt --use-compress-program zstdmt
unicode-smoke	Set up OCaml and OPAM	2025-09-29T18:12:23.6522755Z ##[warning]Failed to save: <h2>Our services aren't available right now</h2><p>We're working to restore all services as soon as possible. Please check back soon.</p>0B8zaaAAAAACdCP+9yJhWTqPyP1M9Vv7ZUEhMMzBFREdFMDIxOABFZGdl
unicode-smoke	Set up OCaml and OPAM	2025-09-29T18:12:23.7253711Z ##[endgroup]
unicode-smoke	Set up OCaml and OPAM	2025-09-29T18:12:23.7254756Z ##[group]Retrieve the opam download cache
unicode-smoke	Set up OCaml and OPAM	2025-09-29T18:12:23.7867226Z ##[warning]Failed to restore: Cache service responded with 400
unicode-smoke	Set up OCaml and OPAM	2025-09-29T18:12:23.7872251Z Cache not found for input keys: v1-setup-ocaml-opam-download-github.com/ocaml/opam-repository.git-4_14_1-2025-8-29-18106304971-57, v1-setup-ocaml-opam-download-github.com/ocaml/opam-repository.git-4_14_1-2025-8-29-18106304971-57, v1-setup-ocaml-opam-download-github.com/ocaml/opam-repository.git-4_14_1-2025-8-29-18106304971-, v1-setup-ocaml-opam-download-github.com/ocaml/opam-repository.git-4_14_1-2025-8-29-, v1-setup-ocaml-opam-download-github.com/ocaml/opam-repository.git-4_14_1-2025-8-
unicode-smoke	Set up OCaml and OPAM	2025-09-29T18:12:23.7876507Z ##[endgroup]
unicode-smoke	Set up OCaml and OPAM	2025-09-29T18:12:23.7909451Z ##[group]Pin local packages
unicode-smoke	Set up OCaml and OPAM	2025-09-29T18:12:23.7924186Z [command]/opt/hostedtoolcache/opam/2.1.6/x86_64/opam pin add latex-perfectionist.dev . --no-action
unicode-smoke	Set up OCaml and OPAM	2025-09-29T18:12:30.6332060Z Package latex-perfectionist does not exist, create as a [01mNEW[0m package? [Y/n] y
unicode-smoke	Set up OCaml and OPAM	2025-09-29T18:12:30.7454675Z [[32mlatex-perfectionist.dev[0m] synchronised (file:///home/runner/work/latex_perf/latex_perf)
unicode-smoke	Set up OCaml and OPAM	2025-09-29T18:12:30.7459474Z [33m[WARNING][0m Failed checks on latex-perfectionist package definition from source at file:///home/runner/work/latex_perf/latex_perf:
unicode-smoke	Set up OCaml and OPAM	2025-09-29T18:12:30.7460340Z     [31merror[0m 23: Missing field 'maintainer'
unicode-smoke	Set up OCaml and OPAM	2025-09-29T18:12:30.7460696Z   [33mwarning[0m 25: Missing field 'authors'
unicode-smoke	Set up OCaml and OPAM	2025-09-29T18:12:30.7461043Z   [33mwarning[0m 35: Missing field 'homepage'
unicode-smoke	Set up OCaml and OPAM	2025-09-29T18:12:30.7461394Z   [33mwarning[0m 36: Missing field 'bug-reports'
unicode-smoke	Set up OCaml and OPAM	2025-09-29T18:12:30.7468679Z latex-perfectionist is now pinned to [01mgit+file:///home/runner/work/latex_perf/latex_perf#fix-math-strip[0m (version [01mdev[0m)
unicode-smoke	Set up OCaml and OPAM	2025-09-29T18:12:31.8535881Z ##[endgroup]
unicode-smoke	Set up OCaml and OPAM	2025-09-29T18:12:31.8569272Z [command]/opt/hostedtoolcache/opam/2.1.6/x86_64/opam --version
unicode-smoke	Set up OCaml and OPAM	2025-09-29T18:12:31.8706666Z 2.1.6
unicode-smoke	Set up OCaml and OPAM	2025-09-29T18:12:31.8727913Z [command]/opt/hostedtoolcache/opam/2.1.6/x86_64/opam exec -- ocaml -version
unicode-smoke	Set up OCaml and OPAM	2025-09-29T18:12:31.9017565Z The OCaml toplevel, version 4.14.1
unicode-smoke	Install dependencies	ï»¿2025-09-29T18:12:31.9153668Z ##[group]Run sudo apt-get update -y
unicode-smoke	Install dependencies	2025-09-29T18:12:31.9154039Z [36;1msudo apt-get update -y[0m
unicode-smoke	Install dependencies	2025-09-29T18:12:31.9154487Z [36;1msudo apt-get install -y jq curl[0m
unicode-smoke	Install dependencies	2025-09-29T18:12:31.9155024Z [36;1mopam repo add default https://opam.ocaml.org || true[0m
unicode-smoke	Install dependencies	2025-09-29T18:12:31.9155327Z [36;1mopam update -y || true[0m
unicode-smoke	Install dependencies	2025-09-29T18:12:31.9155581Z [36;1mopam install -y . --deps-only --with-test[0m
unicode-smoke	Install dependencies	2025-09-29T18:12:31.9191022Z shell: /usr/bin/bash -e {0}
unicode-smoke	Install dependencies	2025-09-29T18:12:31.9191248Z env:
unicode-smoke	Install dependencies	2025-09-29T18:12:31.9192216Z   PATH: /home/runner/.github-tools:/snap/bin:/home/runner/.local/bin:/opt/pipx_bin:/home/runner/.cargo/bin:/home/runner/.config/composer/vendor/bin:/usr/local/.ghcup/bin:/home/runner/.dotnet/tools:/usr/local/sbin:/usr/local/bin:/usr/sbin:/usr/bin:/sbin:/bin:/usr/games:/usr/local/games:/snap/bin
unicode-smoke	Install dependencies	2025-09-29T18:12:31.9193232Z   OPAMCLI: 2.0
unicode-smoke	Install dependencies	2025-09-29T18:12:31.9193407Z   OPAMCOLOR: always
unicode-smoke	Install dependencies	2025-09-29T18:12:31.9193595Z   OPAMERRLOGLEN: 0
unicode-smoke	Install dependencies	2025-09-29T18:12:31.9193760Z   OPAMJOBS: 4
unicode-smoke	Install dependencies	2025-09-29T18:12:31.9193988Z   OPAMPRECISETRACKING: 1
unicode-smoke	Install dependencies	2025-09-29T18:12:31.9194198Z   OPAMSOLVERTIMEOUT: 1000
unicode-smoke	Install dependencies	2025-09-29T18:12:31.9194570Z   OPAMYES: 1
unicode-smoke	Install dependencies	2025-09-29T18:12:31.9194734Z   CLICOLOR_FORCE: 1
unicode-smoke	Install dependencies	2025-09-29T18:12:31.9194912Z ##[endgroup]
unicode-smoke	Install dependencies	2025-09-29T18:12:32.0108452Z Get:1 file:/etc/apt/apt-mirrors.txt Mirrorlist [144 B]
unicode-smoke	Install dependencies	2025-09-29T18:12:32.0488690Z Hit:2 http://azure.archive.ubuntu.com/ubuntu noble InRelease
unicode-smoke	Install dependencies	2025-09-29T18:12:32.0491744Z Hit:6 https://packages.microsoft.com/repos/azure-cli noble InRelease
unicode-smoke	Install dependencies	2025-09-29T18:12:32.0492688Z Hit:7 https://packages.microsoft.com/ubuntu/24.04/prod noble InRelease
unicode-smoke	Install dependencies	2025-09-29T18:12:32.0509603Z Hit:3 http://azure.archive.ubuntu.com/ubuntu noble-updates InRelease
unicode-smoke	Install dependencies	2025-09-29T18:12:32.0517975Z Hit:4 http://azure.archive.ubuntu.com/ubuntu noble-backports InRelease
unicode-smoke	Install dependencies	2025-09-29T18:12:32.0526035Z Hit:5 http://azure.archive.ubuntu.com/ubuntu noble-security InRelease
unicode-smoke	Install dependencies	2025-09-29T18:12:33.3263628Z Reading package lists...
unicode-smoke	Install dependencies	2025-09-29T18:12:33.3615350Z Reading package lists...
unicode-smoke	Install dependencies	2025-09-29T18:12:33.5801286Z Building dependency tree...
unicode-smoke	Install dependencies	2025-09-29T18:12:33.5809770Z Reading state information...
unicode-smoke	Install dependencies	2025-09-29T18:12:33.8152414Z jq is already the newest version (1.7.1-3ubuntu0.24.04.1).
unicode-smoke	Install dependencies	2025-09-29T18:12:33.8152899Z curl is already the newest version (8.5.0-2ubuntu10.6).
unicode-smoke	Install dependencies	2025-09-29T18:12:33.8153298Z 0 upgraded, 0 newly installed, 0 to remove and 18 not upgraded.
unicode-smoke	Install dependencies	2025-09-29T18:12:33.8707629Z [31m[ERROR][0m Repository default is already set up and points to git+https://github.com/ocaml/opam-repository.git. To change that, use 'opam repository set-url default https://opam.ocaml.org'.
unicode-smoke	Install dependencies	2025-09-29T18:12:34.1101571Z [1;34m[NOTE][0m latex-perfectionist.dev has previously been updated with --working-dir, not resetting unless explicitly selected
unicode-smoke	Install dependencies	2025-09-29T18:12:34.1102397Z 
unicode-smoke	Install dependencies	2025-09-29T18:12:34.1102997Z [36m<><>[0m [01mUpdating package repositories[0m [36m><><><><><><><><><><><><><><><><><><><><><><>[0m
unicode-smoke	Install dependencies	2025-09-29T18:12:37.7320755Z [[32mdefault[0m] no changes from git+https://github.com/ocaml/opam-repository.git
unicode-smoke	Install dependencies	2025-09-29T18:12:49.4078505Z [1;34m[NOTE][0m Ignoring uncommitted changes in /home/runner/work/latex_perf/latex_perf (`--working-dir' not active).
unicode-smoke	Install dependencies	2025-09-29T18:12:49.5538288Z [[32mlatex-perfectionist.dev[0m] synchronised (git+file:///home/runner/work/latex_perf/latex_perf#fix-math-strip)
unicode-smoke	Install dependencies	2025-09-29T18:12:54.1906620Z The following actions will be performed:
unicode-smoke	Install dependencies	2025-09-29T18:12:54.1907940Z   [32mâ[0m install [01mocamlbuild[0m          0.16.1
unicode-smoke	Install dependencies	2025-09-29T18:12:54.1908572Z   [32mâ[0m install [01mconf-gmp[0m            5
unicode-smoke	Install dependencies	2025-09-29T18:12:54.1909181Z   [32mâ[0m install [01mconf-pkg-config[0m     4
unicode-smoke	Install dependencies	2025-09-29T18:12:54.1976655Z   [32mâ[0m install [01mocamlfind[0m           1.9.8
unicode-smoke	Install dependencies	2025-09-29T18:12:54.1977661Z   [32mâ[0m install [01mdune[0m                3.20.2
unicode-smoke	Install dependencies	2025-09-29T18:12:54.1978205Z   [32mâ[0m install [01mzarith[0m              1.14
unicode-smoke	Install dependencies	2025-09-29T18:12:54.1985239Z   [32mâ[0m install [01mtopkg[0m               1.1.0
unicode-smoke	Install dependencies	2025-09-29T18:12:54.1987169Z   [32mâ[0m install [01myojson[0m              3.0.0
unicode-smoke	Install dependencies	2025-09-29T18:12:54.1988121Z   [32mâ[0m install [01mstdlib-shims[0m        0.3.0
unicode-smoke	Install dependencies	2025-09-29T18:12:54.1988707Z   [32mâ[0m install [01msexplib0[0m            v0.17.0
unicode-smoke	Install dependencies	2025-09-29T18:12:54.1989511Z   [32mâ[0m install [01mppx_derivers[0m        1.2.1
unicode-smoke	Install dependencies	2025-09-29T18:12:54.1990134Z   [32mâ[0m install [01mocaml-syntax-shims[0m  1.0.0
unicode-smoke	Install dependencies	2025-09-29T18:12:54.1990715Z   [32mâ[0m install [01mocaml-compiler-libs[0m v0.12.4
unicode-smoke	Install dependencies	2025-09-29T18:12:54.1991258Z   [32mâ[0m install [01mcsexp[0m               1.5.2
unicode-smoke	Install dependencies	2025-09-29T18:12:54.1991775Z   [32mâ[0m install [01mcppo[0m                1.8.0
unicode-smoke	Install dependencies	2025-09-29T18:12:54.1992321Z   [32mâ[0m install [01mcoq-core[0m            8.18.0
unicode-smoke	Install dependencies	2025-09-29T18:12:54.1992861Z   [32mâ[0m install [01muutf[0m                1.0.4
unicode-smoke	Install dependencies	2025-09-29T18:12:54.1993416Z   [32mâ[0m install [01mppxlib[0m              0.36.0
unicode-smoke	Install dependencies	2025-09-29T18:12:54.1993992Z   [32mâ[0m install [01mdune-configurator[0m   3.20.2
unicode-smoke	Install dependencies	2025-09-29T18:12:54.1994930Z   [32mâ[0m install [01mcoqide-server[0m       8.18.0
unicode-smoke	Install dependencies	2025-09-29T18:12:54.1995530Z   [32mâ[0m install [01mcoq-stdlib[0m          8.18.0
unicode-smoke	Install dependencies	2025-09-29T18:12:54.1996076Z   [32mâ[0m install [01mppx_deriving[0m        6.1.1
unicode-smoke	Install dependencies	2025-09-29T18:12:54.1996675Z   [32mâ[0m install [01mbigstringaf[0m         0.10.0
unicode-smoke	Install dependencies	2025-09-29T18:12:54.1997234Z   [32mâ[0m install [01mcoq[0m                 8.18.0
unicode-smoke	Install dependencies	2025-09-29T18:12:54.1997791Z   [32mâ[0m install [01mangstrom[0m            0.16.1
unicode-smoke	Install dependencies	2025-09-29T18:12:54.1998265Z ===== [32mâ[0m 25 =====
unicode-smoke	Install dependencies	2025-09-29T18:12:54.1998464Z 
unicode-smoke	Install dependencies	2025-09-29T18:12:54.1998895Z [36m<><>[0m [01mProcessing actions[0m [36m<><><><><><><><><><><><><><><><><><><><><><><><><><><><>[0m
unicode-smoke	Install dependencies	2025-09-29T18:12:54.2693299Z [36mâ¬[0m retrieved [01mconf-gmp[0m.5  (https://raw.githubusercontent.com/ocaml/opam-source-archives/main/patches/conf-gmp/test.c.4)
unicode-smoke	Install dependencies	2025-09-29T18:12:56.7702673Z [32mâ[0m installed [01mconf-gmp[0m.5
unicode-smoke	Install dependencies	2025-09-29T18:12:56.7718262Z [32mâ[0m installed [01mconf-pkg-config[0m.4
unicode-smoke	Install dependencies	2025-09-29T18:12:56.7869804Z [36mâ¬[0m retrieved [01mangstrom[0m.0.16.1  (https://github.com/inhabitedtype/angstrom/archive/0.16.1.tar.gz)
unicode-smoke	Install dependencies	2025-09-29T18:12:56.8252199Z [36mâ¬[0m retrieved [01mbigstringaf[0m.0.10.0  (https://github.com/inhabitedtype/bigstringaf/archive/0.10.0.tar.gz)
unicode-smoke	Install dependencies	2025-09-29T18:12:57.6490290Z [36mâ¬[0m retrieved [01mcoq[0m.8.18.0  (https://github.com/coq/coq/releases/download/V8.18.0/coq-8.18.0.tar.gz)
unicode-smoke	Install dependencies	2025-09-29T18:12:58.0656205Z [36mâ¬[0m retrieved [01mcoq-core[0m.8.18.0  (cached)
unicode-smoke	Install dependencies	2025-09-29T18:12:58.4412964Z [36mâ¬[0m retrieved [01mcoq-stdlib[0m.8.18.0  (cached)
unicode-smoke	Install dependencies	2025-09-29T18:12:58.8211704Z [36mâ¬[0m retrieved [01mcoqide-server[0m.8.18.0  (cached)
unicode-smoke	Install dependencies	2025-09-29T18:12:58.8620359Z [36mâ¬[0m retrieved [01mcppo[0m.1.8.0  (https://github.com/ocaml-community/cppo/archive/v1.8.0.tar.gz)
unicode-smoke	Install dependencies	2025-09-29T18:12:58.8847988Z [36mâ¬[0m retrieved [01mcsexp[0m.1.5.2  (https://github.com/ocaml-dune/csexp/releases/download/1.5.2/csexp-1.5.2.tbz)
unicode-smoke	Install dependencies	2025-09-29T18:12:59.0861249Z [36mâ¬[0m retrieved [01mocaml-compiler-libs[0m.v0.12.4  (https://github.com/janestreet/ocaml-compiler-libs/releases/download/v0.12.4/ocaml-compiler-libs-v0.12.4.tbz)
unicode-smoke	Install dependencies	2025-09-29T18:12:59.3109827Z [36mâ¬[0m retrieved [01mocaml-syntax-shims[0m.1.0.0  (https://github.com/ocaml-ppx/ocaml-syntax-shims/releases/download/1.0.0/ocaml-syntax-shims-1.0.0.tbz)
unicode-smoke	Install dependencies	2025-09-29T18:12:59.6024826Z [36mâ¬[0m retrieved [01mocamlbuild[0m.0.16.1  (https://github.com/ocaml/ocamlbuild/archive/refs/tags/0.16.1.tar.gz)
unicode-smoke	Install dependencies	2025-09-29T18:13:00.3508182Z [36mâ¬[0m retrieved [01mdune[0m.3.20.2  (https://github.com/ocaml/dune/releases/download/3.20.2/dune-3.20.2.tbz)
unicode-smoke	Install dependencies	2025-09-29T18:13:01.5080971Z [36mâ¬[0m retrieved [01mdune-configurator[0m.3.20.2  (https://github.com/ocaml/dune/releases/download/3.20.2/dune-3.20.2.tbz)
unicode-smoke	Install dependencies	2025-09-29T18:13:01.5729186Z [36mâ¬[0m retrieved [01mocamlfind[0m.1.9.8  (https://github.com/ocaml/ocamlfind/archive/refs/tags/findlib-1.9.8.tar.gz)
unicode-smoke	Install dependencies	2025-09-29T18:13:01.5990120Z [36mâ¬[0m retrieved [01mppx_derivers[0m.1.2.1  (https://github.com/ocaml-ppx/ppx_derivers/archive/1.2.1.tar.gz)
unicode-smoke	Install dependencies	2025-09-29T18:13:01.7962366Z [36mâ¬[0m retrieved [01mppx_deriving[0m.6.1.1  (https://github.com/ocaml-ppx/ppx_deriving/releases/download/v6.1.1/ppx_deriving-6.1.1.tar.gz)
unicode-smoke	Install dependencies	2025-09-29T18:13:01.9206554Z [36mâ¬[0m retrieved [01msexplib0[0m.v0.17.0  (https://github.com/janestreet/sexplib0/archive/refs/tags/v0.17.0.tar.gz)
unicode-smoke	Install dependencies	2025-09-29T18:13:02.0802680Z [36mâ¬[0m retrieved [01mppxlib[0m.0.36.0  (https://github.com/ocaml-ppx/ppxlib/releases/download/0.36.0/ppxlib-0.36.0.tbz)
unicode-smoke	Install dependencies	2025-09-29T18:13:02.1258766Z [36mâ¬[0m retrieved [01mstdlib-shims[0m.0.3.0  (https://github.com/ocaml/stdlib-shims/releases/download/0.3.0/stdlib-shims-0.3.0.tbz)
unicode-smoke	Install dependencies	2025-09-29T18:13:02.4620642Z [36mâ¬[0m retrieved [01myojson[0m.3.0.0  (https://github.com/ocaml-community/yojson/releases/download/3.0.0/yojson-3.0.0.tbz)
unicode-smoke	Install dependencies	2025-09-29T18:13:02.5893661Z [36mâ¬[0m retrieved [01muutf[0m.1.0.4  (https://erratique.ch/software/uutf/releases/uutf-1.0.4.tbz)
unicode-smoke	Install dependencies	2025-09-29T18:13:02.7821339Z [36mâ¬[0m retrieved [01mtopkg[0m.1.1.0  (https://erratique.ch/software/topkg/releases/topkg-1.1.0.tbz)
unicode-smoke	Install dependencies	2025-09-29T18:13:02.9140945Z [36mâ¬[0m retrieved [01mzarith[0m.1.14  (https://github.com/ocaml/Zarith/archive/release-1.14.tar.gz)
unicode-smoke	Install dependencies	2025-09-29T18:13:06.5245236Z [32mâ[0m installed [01mocamlfind[0m.1.9.8
unicode-smoke	Install dependencies	2025-09-29T18:13:06.5753655Z [32mâ[0m installed [01mocamlbuild[0m.0.16.1
unicode-smoke	Install dependencies	2025-09-29T18:13:10.3759557Z [32mâ[0m installed [01mzarith[0m.1.14
unicode-smoke	Install dependencies	2025-09-29T18:13:12.9136063Z [32mâ[0m installed [01mtopkg[0m.1.1.0
unicode-smoke	Install dependencies	2025-09-29T18:13:13.6705301Z [32mâ[0m installed [01muutf[0m.1.0.4
unicode-smoke	Install dependencies	2025-09-29T18:13:29.6408577Z [32mâ[0m installed [01mdune[0m.3.20.2
unicode-smoke	Install dependencies	2025-09-29T18:13:30.3236113Z [32mâ[0m installed [01mcsexp[0m.1.5.2
unicode-smoke	Install dependencies	2025-09-29T18:13:32.0374755Z [32mâ[0m installed [01mcppo[0m.1.8.0
unicode-smoke	Install dependencies	2025-09-29T18:13:32.0614192Z [32mâ[0m installed [01mocaml-compiler-libs[0m.v0.12.4
unicode-smoke	Install dependencies	2025-09-29T18:13:32.1726066Z [32mâ[0m installed [01mocaml-syntax-shims[0m.1.0.0
unicode-smoke	Install dependencies	2025-09-29T18:13:32.4297700Z [32mâ[0m installed [01mppx_derivers[0m.1.2.1
unicode-smoke	Install dependencies	2025-09-29T18:13:32.7330863Z [32mâ[0m installed [01mstdlib-shims[0m.0.3.0
unicode-smoke	Install dependencies	2025-09-29T18:13:33.0170842Z [32mâ[0m installed [01msexplib0[0m.v0.17.0
unicode-smoke	Install dependencies	2025-09-29T18:13:35.3776843Z [32mâ[0m installed [01mdune-configurator[0m.3.20.2
unicode-smoke	Install dependencies	2025-09-29T18:13:36.0796107Z [32mâ[0m installed [01myojson[0m.3.0.0
unicode-smoke	Install dependencies	2025-09-29T18:13:36.3586988Z [32mâ[0m installed [01mbigstringaf[0m.0.10.0
unicode-smoke	Install dependencies	2025-09-29T18:13:37.2924108Z [32mâ[0m installed [01mangstrom[0m.0.16.1
unicode-smoke	Install dependencies	2025-09-29T18:14:00.0501703Z [32mâ[0m installed [01mppxlib[0m.0.36.0
unicode-smoke	Install dependencies	2025-09-29T18:14:05.9636185Z [32mâ[0m installed [01mppx_deriving[0m.6.1.1
unicode-smoke	Install dependencies	2025-09-29T18:14:32.0009851Z [32mâ[0m installed [01mcoq-core[0m.8.18.0
unicode-smoke	Install dependencies	2025-09-29T18:14:35.3370038Z [32mâ[0m installed [01mcoqide-server[0m.8.18.0
unicode-smoke	Install dependencies	2025-09-29T18:16:57.9228685Z [32mâ[0m installed [01mcoq-stdlib[0m.8.18.0
unicode-smoke	Install dependencies	2025-09-29T18:16:58.3238502Z [32mâ[0m installed [01mcoq[0m.8.18.0
unicode-smoke	Install dependencies	2025-09-29T18:17:00.2488773Z Done.
unicode-smoke	Install dependencies	2025-09-29T18:17:00.2497180Z # Run [01meval $(opam env)[0m to update the current shell environment
unicode-smoke	Build service and REST	ï»¿2025-09-29T18:17:01.4798975Z ##[group]Run opam exec -- dune build latex-parse/src/main_service.exe latex-parse/src/rest_api_server.exe
unicode-smoke	Build service and REST	2025-09-29T18:17:01.4799669Z [36;1mopam exec -- dune build latex-parse/src/main_service.exe latex-parse/src/rest_api_server.exe[0m
unicode-smoke	Build service and REST	2025-09-29T18:17:01.4836213Z shell: /usr/bin/bash -e {0}
unicode-smoke	Build service and REST	2025-09-29T18:17:01.4836438Z env:
unicode-smoke	Build service and REST	2025-09-29T18:17:01.4837394Z   PATH: /home/runner/.github-tools:/snap/bin:/home/runner/.local/bin:/opt/pipx_bin:/home/runner/.cargo/bin:/home/runner/.config/composer/vendor/bin:/usr/local/.ghcup/bin:/home/runner/.dotnet/tools:/usr/local/sbin:/usr/local/bin:/usr/sbin:/usr/bin:/sbin:/bin:/usr/games:/usr/local/games:/snap/bin
unicode-smoke	Build service and REST	2025-09-29T18:17:01.4838397Z   OPAMCLI: 2.0
unicode-smoke	Build service and REST	2025-09-29T18:17:01.4838570Z   OPAMCOLOR: always
unicode-smoke	Build service and REST	2025-09-29T18:17:01.4838744Z   OPAMERRLOGLEN: 0
unicode-smoke	Build service and REST	2025-09-29T18:17:01.4838917Z   OPAMJOBS: 4
unicode-smoke	Build service and REST	2025-09-29T18:17:01.4839088Z   OPAMPRECISETRACKING: 1
unicode-smoke	Build service and REST	2025-09-29T18:17:01.4839293Z   OPAMSOLVERTIMEOUT: 1000
unicode-smoke	Build service and REST	2025-09-29T18:17:01.4839482Z   OPAMYES: 1
unicode-smoke	Build service and REST	2025-09-29T18:17:01.4839636Z   CLICOLOR_FORCE: 1
unicode-smoke	Build service and REST	2025-09-29T18:17:01.4839844Z ##[endgroup]
unicode-smoke	Build service and REST	2025-09-29T18:17:01.8928836Z [2m(cd _build/default/latex-parse/src && /usr/bin/gcc -O2 -fno-strict-aliasing -fwrapv -pthread -fPIC -D_FILE_OFFSET_BITS=64 -Wall -fdiagnostics-color=always -g -I /home/runner/work/latex_perf/latex_perf/_opam/lib/ocaml -I /home/runner/work/latex_perf/latex_perf/_opam/lib/ocaml/threads -I /home/runner/work/latex_perf/latex_perf/_opam/lib/uutf -o simd_tokenizer_fixed.o -c simd_tokenizer_fixed.c)[0m
unicode-smoke	Build service and REST	2025-09-29T18:17:01.8932711Z [1msimd_tokenizer_fixed.c:283:15:[0m [1;35mwarning: [0mâ[1mfind_next_special_neon[0mâ defined but not used [[1;35m-Wunused-function[0m]
unicode-smoke	Build service and REST	2025-09-29T18:17:01.8938814Z   283 | static size_t [1;35mfind_next_special_neon[0m(const uint8_t *input, size_t start, size_t len) {
unicode-smoke	Build service and REST	2025-09-29T18:17:01.8939675Z       |               [1;35m^~~~~~~~~~~~~~~~~~~~~~[0m
unicode-smoke	Build service and REST	2025-09-29T18:17:01.9459237Z [2m(cd _build/default/latex-parse/src && /usr/bin/gcc -O2 -fno-strict-aliasing -fwrapv -pthread -fPIC -D_FILE_OFFSET_BITS=64 -Wall -fdiagnostics-color=always -g -I /home/runner/work/latex_perf/latex_perf/_opam/lib/ocaml -I /home/runner/work/latex_perf/latex_perf/_opam/lib/ocaml/threads -I /home/runner/work/latex_perf/latex_perf/_opam/lib/uutf -o xxh64_simd_stubs.o -c xxh64_simd_stubs.c)[0m
unicode-smoke	Build service and REST	2025-09-29T18:17:01.9462825Z [1mxxh64_simd_stubs.c:[0m In function â[1mocaml_xxh64_simd[0mâ:
unicode-smoke	Build service and REST	2025-09-29T18:17:01.9471461Z [1mxxh64_simd_stubs.c:118:7:[0m [1;35mwarning: [0mvariable â[1mhas_simd[0mâ set but not used [[1;35m-Wunused-but-set-variable[0m]
unicode-smoke	Build service and REST	2025-09-29T18:17:01.9472506Z   118 |   int [1;35mhas_simd[0m = 0;
unicode-smoke	Build service and REST	2025-09-29T18:17:01.9473021Z       |       [1;35m^~~~~~~~[0m
unicode-smoke	Run service and REST	ï»¿2025-09-29T18:17:02.5370109Z ##[group]Run rm -f /tmp/l0_lex_svc.sock || true
unicode-smoke	Run service and REST	2025-09-29T18:17:02.5370480Z [36;1mrm -f /tmp/l0_lex_svc.sock || true[0m
unicode-smoke	Run service and REST	2025-09-29T18:17:02.5370843Z [36;1mopam exec -- ./_build/default/latex-parse/src/main_service.exe &[0m
unicode-smoke	Run service and REST	2025-09-29T18:17:02.5371165Z [36;1msleep 0.5[0m
unicode-smoke	Run service and REST	2025-09-29T18:17:02.5371489Z [36;1mopam exec -- ./_build/default/latex-parse/src/rest_api_server.exe -p 8080 &[0m
unicode-smoke	Run service and REST	2025-09-29T18:17:02.5371836Z [36;1msleep 0.5[0m
unicode-smoke	Run service and REST	2025-09-29T18:17:02.5403602Z shell: /usr/bin/bash -e {0}
unicode-smoke	Run service and REST	2025-09-29T18:17:02.5403826Z env:
unicode-smoke	Run service and REST	2025-09-29T18:17:02.5405005Z   PATH: /home/runner/.github-tools:/snap/bin:/home/runner/.local/bin:/opt/pipx_bin:/home/runner/.cargo/bin:/home/runner/.config/composer/vendor/bin:/usr/local/.ghcup/bin:/home/runner/.dotnet/tools:/usr/local/sbin:/usr/local/bin:/usr/sbin:/usr/bin:/sbin:/bin:/usr/games:/usr/local/games:/snap/bin
unicode-smoke	Run service and REST	2025-09-29T18:17:02.5406039Z   OPAMCLI: 2.0
unicode-smoke	Run service and REST	2025-09-29T18:17:02.5406219Z   OPAMCOLOR: always
unicode-smoke	Run service and REST	2025-09-29T18:17:02.5406396Z   OPAMERRLOGLEN: 0
unicode-smoke	Run service and REST	2025-09-29T18:17:02.5406609Z   OPAMJOBS: 4
unicode-smoke	Run service and REST	2025-09-29T18:17:02.5406784Z   OPAMPRECISETRACKING: 1
unicode-smoke	Run service and REST	2025-09-29T18:17:02.5406986Z   OPAMSOLVERTIMEOUT: 1000
unicode-smoke	Run service and REST	2025-09-29T18:17:02.5407176Z   OPAMYES: 1
unicode-smoke	Run service and REST	2025-09-29T18:17:02.5407331Z   CLICOLOR_FORCE: 1
unicode-smoke	Run service and REST	2025-09-29T18:17:02.5407505Z ##[endgroup]
unicode-smoke	Run service and REST	2025-09-29T18:17:02.5610317Z [svc] listening at /tmp/l0_lex_svc.sock
unicode-smoke	Run service and REST	2025-09-29T18:17:03.0648367Z Connected to SIMD service at /tmp/l0_lex_svc.sock
unicode-smoke	Run service and REST	2025-09-29T18:17:03.0648981Z REST API Server listening on port 8080
unicode-smoke	Run service and REST	2025-09-29T18:17:03.0649361Z Endpoints:
unicode-smoke	Run service and REST	2025-09-29T18:17:03.0649674Z   POST /tokenize - Tokenize LaTeX content
unicode-smoke	Run service and REST	2025-09-29T18:17:03.0650092Z   GET /health   - Health check
unicode-smoke	Run service and REST	2025-09-29T18:17:03.0650460Z   GET /metrics  - Prometheus metrics
unicode-smoke	Run service and REST	2025-09-29T18:17:03.0650723Z 
unicode-smoke	Unicode smokes	ï»¿2025-09-29T18:17:08.5538119Z ##[group]Run bash scripts/smoke_rules_unicode.sh http://127.0.0.1:8080/expand
unicode-smoke	Unicode smokes	2025-09-29T18:17:08.5538630Z [36;1mbash scripts/smoke_rules_unicode.sh http://127.0.0.1:8080/expand[0m
unicode-smoke	Unicode smokes	2025-09-29T18:17:08.5569899Z shell: /usr/bin/bash -e {0}
unicode-smoke	Unicode smokes	2025-09-29T18:17:08.5570116Z env:
unicode-smoke	Unicode smokes	2025-09-29T18:17:08.5571063Z   PATH: /home/runner/.github-tools:/snap/bin:/home/runner/.local/bin:/opt/pipx_bin:/home/runner/.cargo/bin:/home/runner/.config/composer/vendor/bin:/usr/local/.ghcup/bin:/home/runner/.dotnet/tools:/usr/local/sbin:/usr/local/bin:/usr/sbin:/usr/bin:/sbin:/bin:/usr/games:/usr/local/games:/snap/bin
unicode-smoke	Unicode smokes	2025-09-29T18:17:08.5572057Z   OPAMCLI: 2.0
unicode-smoke	Unicode smokes	2025-09-29T18:17:08.5572229Z   OPAMCOLOR: always
unicode-smoke	Unicode smokes	2025-09-29T18:17:08.5572584Z   OPAMERRLOGLEN: 0
unicode-smoke	Unicode smokes	2025-09-29T18:17:08.5572755Z   OPAMJOBS: 4
unicode-smoke	Unicode smokes	2025-09-29T18:17:08.5572922Z   OPAMPRECISETRACKING: 1
unicode-smoke	Unicode smokes	2025-09-29T18:17:08.5573127Z   OPAMSOLVERTIMEOUT: 1000
unicode-smoke	Unicode smokes	2025-09-29T18:17:08.5573316Z   OPAMYES: 1
unicode-smoke	Unicode smokes	2025-09-29T18:17:08.5573473Z   CLICOLOR_FORCE: 1
unicode-smoke	Unicode smokes	2025-09-29T18:17:08.5573653Z   L0_VALIDATORS: pilot
unicode-smoke	Unicode smokes	2025-09-29T18:17:08.5573860Z ##[endgroup]
unicode-smoke	Unicode smokes	2025-09-29T18:17:08.5661914Z awk: cmd. line:24: warning: regexp escape sequence `\"' is not a known regexp operator
unicode-smoke	Unicode smokes	2025-09-29T18:17:08.5943590Z [unicode-smoke] FAIL: corpora/lint/unicode/TYPO-031_mixed_dashes.tex expected:[TYPO-031] forbid:[] messages:[;] got: require_documentclass 
unicode-smoke	Unicode smokes	2025-09-29T18:17:08.6155824Z [unicode-smoke] FAIL: corpora/lint/unicode/TYPO-032_prefer_unicode_dashes.tex expected:[TYPO-032] forbid:[] messages:[;] got: require_documentclass 
unicode-smoke	Unicode smokes	2025-09-29T18:17:08.6376577Z [unicode-smoke] FAIL: corpora/lint/unicode/TYPO-033_mixed_ellipsis.tex expected:[TYPO-033] forbid:[] messages:[;] got: require_documentclass 
unicode-smoke	Unicode smokes	2025-09-29T18:17:08.6599519Z [unicode-smoke] FAIL: corpora/lint/unicode/TYPO-014_mixed_quotes.tex expected:[TYPO-014] forbid:[] messages:[;] got: require_documentclass 
unicode-smoke	Unicode smokes	2025-09-29T18:17:08.6823814Z [unicode-smoke] PASS: corpora/lint/unicode/TYPO-014_paragraph_separated_quotes.tex -> expect:[ ] forbid:[TYPO-014 ]
unicode-smoke	Unicode smokes	2025-09-29T18:17:08.7036342Z [unicode-smoke] PASS: corpora/lint/unicode/TYPO-033_paragraph_separated_ellipsis.tex -> expect:[ ] forbid:[TYPO-033 ]
unicode-smoke	Unicode smokes	2025-09-29T18:17:08.7266746Z [unicode-smoke] PASS: corpora/lint/unicode/TYPO-031_dashes_in_math_only.tex -> expect:[ ] forbid:[TYPO-031 TYPO-032 ]
unicode-smoke	Unicode smokes	2025-09-29T18:17:08.7501655Z [unicode-smoke] PASS: corpora/lint/unicode/TYPO-014_quotes_in_math_only.tex -> expect:[ ] forbid:[TYPO-014 TYPO-001 ]
unicode-smoke	Unicode smokes	2025-09-29T18:17:08.7755702Z [unicode-smoke] PASS: corpora/lint/unicode/TYPO-033_ellipsis_in_math_only.tex -> expect:[ ] forbid:[TYPO-033 TYPO-005 ]
unicode-smoke	Unicode smokes	2025-09-29T18:17:08.8021750Z [unicode-smoke] PASS: corpora/lint/unicode/TYPO-031_paragraph_separated_dashes.tex -> expect:[ ] forbid:[TYPO-031 TYPO-032 ]
unicode-smoke	Unicode smokes	2025-09-29T18:17:08.8022594Z [unicode-smoke] Summary: pass=6 fail=4
unicode-smoke	Unicode smokes	2025-09-29T18:17:08.8030099Z ##[error]Process completed with exit code 1.
unicode-smoke	Teardown	ï»¿2025-09-29T18:17:08.8058156Z ##[group]Run pkill -f rest_api_server || true
unicode-smoke	Teardown	2025-09-29T18:17:08.8058525Z [36;1mpkill -f rest_api_server || true[0m
unicode-smoke	Teardown	2025-09-29T18:17:08.8058782Z [36;1mpkill -f main_service || true[0m
unicode-smoke	Teardown	2025-09-29T18:17:08.8090819Z shell: /usr/bin/bash -e {0}
unicode-smoke	Teardown	2025-09-29T18:17:08.8091036Z env:
unicode-smoke	Teardown	2025-09-29T18:17:08.8092012Z   PATH: /home/runner/.github-tools:/snap/bin:/home/runner/.local/bin:/opt/pipx_bin:/home/runner/.cargo/bin:/home/runner/.config/composer/vendor/bin:/usr/local/.ghcup/bin:/home/runner/.dotnet/tools:/usr/local/sbin:/usr/local/bin:/usr/sbin:/usr/bin:/sbin:/bin:/usr/games:/usr/local/games:/snap/bin
unicode-smoke	Teardown	2025-09-29T18:17:08.8093041Z   OPAMCLI: 2.0
unicode-smoke	Teardown	2025-09-29T18:17:08.8093211Z   OPAMCOLOR: always
unicode-smoke	Teardown	2025-09-29T18:17:08.8093391Z   OPAMERRLOGLEN: 0
unicode-smoke	Teardown	2025-09-29T18:17:08.8093558Z   OPAMJOBS: 4
unicode-smoke	Teardown	2025-09-29T18:17:08.8093742Z   OPAMPRECISETRACKING: 1
unicode-smoke	Teardown	2025-09-29T18:17:08.8093945Z   OPAMSOLVERTIMEOUT: 1000
unicode-smoke	Teardown	2025-09-29T18:17:08.8094135Z   OPAMYES: 1
unicode-smoke	Teardown	2025-09-29T18:17:08.8094465Z   CLICOLOR_FORCE: 1
unicode-smoke	Teardown	2025-09-29T18:17:08.8094670Z ##[endgroup]
unicode-smoke	Post Set up OCaml and OPAM	ï»¿2025-09-29T18:17:08.8647156Z Post job cleanup.
unicode-smoke	Post Run actions/checkout@v4	ï»¿2025-09-29T18:17:08.8696856Z Post job cleanup.
unicode-smoke	Post Run actions/checkout@v4	2025-09-29T18:17:08.9680298Z [command]/usr/bin/git version
unicode-smoke	Post Run actions/checkout@v4	2025-09-29T18:17:08.9718175Z git version 2.51.0
unicode-smoke	Post Run actions/checkout@v4	2025-09-29T18:17:08.9762644Z Temporarily overriding HOME='/home/runner/work/_temp/73aec46e-0017-4c67-87d0-89685d67ea1f' before making global git config changes
unicode-smoke	Post Run actions/checkout@v4	2025-09-29T18:17:08.9763765Z Adding repository directory to the temporary git global config as a safe directory
unicode-smoke	Post Run actions/checkout@v4	2025-09-29T18:17:08.9768911Z [command]/usr/bin/git config --global --add safe.directory /home/runner/work/latex_perf/latex_perf
unicode-smoke	Post Run actions/checkout@v4	2025-09-29T18:17:08.9809884Z [command]/usr/bin/git config --local --name-only --get-regexp core\.sshCommand
unicode-smoke	Post Run actions/checkout@v4	2025-09-29T18:17:08.9844875Z [command]/usr/bin/git submodule foreach --recursive sh -c "git config --local --name-only --get-regexp 'core\.sshCommand' && git config --local --unset-all 'core.sshCommand' || :"
unicode-smoke	Post Run actions/checkout@v4	2025-09-29T18:17:09.0076985Z [command]/usr/bin/git config --local --name-only --get-regexp http\.https\:\/\/github\.com\/\.extraheader
unicode-smoke	Post Run actions/checkout@v4	2025-09-29T18:17:09.0105550Z http.https://github.com/.extraheader
unicode-smoke	Post Run actions/checkout@v4	2025-09-29T18:17:09.0119826Z [command]/usr/bin/git config --local --unset-all http.https://github.com/.extraheader
unicode-smoke	Post Run actions/checkout@v4	2025-09-29T18:17:09.0156240Z [command]/usr/bin/git submodule foreach --recursive sh -c "git config --local --name-only --get-regexp 'http\.https\:\/\/github\.com\/\.extraheader' && git config --local --unset-all 'http.https://github.com/.extraheader' || :"
unicode-smoke	Complete job	ï»¿2025-09-29T18:17:09.0536545Z Cleaning up orphan processes
