l1-smoke	Set up job	ï»¿2025-09-29T18:07:24.3458476Z Current runner version: '2.328.0'
l1-smoke	Set up job	2025-09-29T18:07:24.3499430Z ##[group]Runner Image Provisioner
l1-smoke	Set up job	2025-09-29T18:07:24.3500882Z Hosted Compute Agent
l1-smoke	Set up job	2025-09-29T18:07:24.3502045Z Version: 20250912.392
l1-smoke	Set up job	2025-09-29T18:07:24.3503033Z Commit: d921fda672a98b64f4f82364647e2f10b2267d0b
l1-smoke	Set up job	2025-09-29T18:07:24.3504224Z Build Date: 2025-09-12T15:23:14Z
l1-smoke	Set up job	2025-09-29T18:07:24.3505569Z ##[endgroup]
l1-smoke	Set up job	2025-09-29T18:07:24.3506444Z ##[group]Operating System
l1-smoke	Set up job	2025-09-29T18:07:24.3507364Z Ubuntu
l1-smoke	Set up job	2025-09-29T18:07:24.3508295Z 24.04.3
l1-smoke	Set up job	2025-09-29T18:07:24.3509055Z LTS
l1-smoke	Set up job	2025-09-29T18:07:24.3509721Z ##[endgroup]
l1-smoke	Set up job	2025-09-29T18:07:24.3510558Z ##[group]Runner Image
l1-smoke	Set up job	2025-09-29T18:07:24.3511510Z Image: ubuntu-24.04
l1-smoke	Set up job	2025-09-29T18:07:24.3512273Z Version: 20250922.53.1
l1-smoke	Set up job	2025-09-29T18:07:24.3514162Z Included Software: https://github.com/actions/runner-images/blob/ubuntu24/20250922.53/images/ubuntu/Ubuntu2404-Readme.md
l1-smoke	Set up job	2025-09-29T18:07:24.3516453Z Image Release: https://github.com/actions/runner-images/releases/tag/ubuntu24%2F20250922.53
l1-smoke	Set up job	2025-09-29T18:07:24.3518341Z ##[endgroup]
l1-smoke	Set up job	2025-09-29T18:07:24.3522342Z ##[group]GITHUB_TOKEN Permissions
l1-smoke	Set up job	2025-09-29T18:07:24.3526236Z Actions: write
l1-smoke	Set up job	2025-09-29T18:07:24.3527100Z Attestations: write
l1-smoke	Set up job	2025-09-29T18:07:24.3527902Z Checks: write
l1-smoke	Set up job	2025-09-29T18:07:24.3528749Z Contents: write
l1-smoke	Set up job	2025-09-29T18:07:24.3529556Z Deployments: write
l1-smoke	Set up job	2025-09-29T18:07:24.3530320Z Discussions: write
l1-smoke	Set up job	2025-09-29T18:07:24.3531271Z Issues: write
l1-smoke	Set up job	2025-09-29T18:07:24.3531990Z Metadata: read
l1-smoke	Set up job	2025-09-29T18:07:24.3532736Z Models: read
l1-smoke	Set up job	2025-09-29T18:07:24.3533737Z Packages: write
l1-smoke	Set up job	2025-09-29T18:07:24.3534566Z Pages: write
l1-smoke	Set up job	2025-09-29T18:07:24.3535294Z PullRequests: write
l1-smoke	Set up job	2025-09-29T18:07:24.3536302Z RepositoryProjects: write
l1-smoke	Set up job	2025-09-29T18:07:24.3537207Z SecurityEvents: write
l1-smoke	Set up job	2025-09-29T18:07:24.3538122Z Statuses: write
l1-smoke	Set up job	2025-09-29T18:07:24.3539011Z ##[endgroup]
l1-smoke	Set up job	2025-09-29T18:07:24.3541781Z Secret source: Actions
l1-smoke	Set up job	2025-09-29T18:07:24.3542856Z Prepare workflow directory
l1-smoke	Set up job	2025-09-29T18:07:24.4180516Z Prepare all required actions
l1-smoke	Set up job	2025-09-29T18:07:24.4231330Z Getting action download info
l1-smoke	Set up job	2025-09-29T18:07:24.7172575Z Download action repository 'actions/checkout@v4' (SHA:08eba0b27e820071cde6df949e0beb9ba4906955)
l1-smoke	Set up job	2025-09-29T18:07:25.0285159Z Complete job name: l1-smoke
l1-smoke	Run actions/checkout@v4	ï»¿2025-09-29T18:07:25.0998446Z ##[group]Run actions/checkout@v4
l1-smoke	Run actions/checkout@v4	2025-09-29T18:07:25.0999493Z with:
l1-smoke	Run actions/checkout@v4	2025-09-29T18:07:25.0999968Z   repository: ClanClanClanClan/latex_perf
l1-smoke	Run actions/checkout@v4	2025-09-29T18:07:25.1000729Z   token: ***
l1-smoke	Run actions/checkout@v4	2025-09-29T18:07:25.1001151Z   ssh-strict: true
l1-smoke	Run actions/checkout@v4	2025-09-29T18:07:25.1001570Z   ssh-user: git
l1-smoke	Run actions/checkout@v4	2025-09-29T18:07:25.1002016Z   persist-credentials: true
l1-smoke	Run actions/checkout@v4	2025-09-29T18:07:25.1002489Z   clean: true
l1-smoke	Run actions/checkout@v4	2025-09-29T18:07:25.1003222Z   sparse-checkout-cone-mode: true
l1-smoke	Run actions/checkout@v4	2025-09-29T18:07:25.1004131Z   fetch-depth: 1
l1-smoke	Run actions/checkout@v4	2025-09-29T18:07:25.1004667Z   fetch-tags: false
l1-smoke	Run actions/checkout@v4	2025-09-29T18:07:25.1005100Z   show-progress: true
l1-smoke	Run actions/checkout@v4	2025-09-29T18:07:25.1005535Z   lfs: false
l1-smoke	Run actions/checkout@v4	2025-09-29T18:07:25.1005951Z   submodules: false
l1-smoke	Run actions/checkout@v4	2025-09-29T18:07:25.1006385Z   set-safe-directory: true
l1-smoke	Run actions/checkout@v4	2025-09-29T18:07:25.1007156Z ##[endgroup]
l1-smoke	Run actions/checkout@v4	2025-09-29T18:07:25.2073890Z Syncing repository: ClanClanClanClan/latex_perf
l1-smoke	Run actions/checkout@v4	2025-09-29T18:07:25.2075767Z ##[group]Getting Git version info
l1-smoke	Run actions/checkout@v4	2025-09-29T18:07:25.2076537Z Working directory is '/home/runner/work/latex_perf/latex_perf'
l1-smoke	Run actions/checkout@v4	2025-09-29T18:07:25.2077653Z [command]/usr/bin/git version
l1-smoke	Run actions/checkout@v4	2025-09-29T18:07:25.3444859Z git version 2.51.0
l1-smoke	Run actions/checkout@v4	2025-09-29T18:07:25.3473691Z ##[endgroup]
l1-smoke	Run actions/checkout@v4	2025-09-29T18:07:25.3491308Z Temporarily overriding HOME='/home/runner/work/_temp/435accad-8ead-4554-845c-1271d16ce28e' before making global git config changes
l1-smoke	Run actions/checkout@v4	2025-09-29T18:07:25.3495984Z Adding repository directory to the temporary git global config as a safe directory
l1-smoke	Run actions/checkout@v4	2025-09-29T18:07:25.3498841Z [command]/usr/bin/git config --global --add safe.directory /home/runner/work/latex_perf/latex_perf
l1-smoke	Run actions/checkout@v4	2025-09-29T18:07:25.3599613Z Deleting the contents of '/home/runner/work/latex_perf/latex_perf'
l1-smoke	Run actions/checkout@v4	2025-09-29T18:07:25.3603014Z ##[group]Initializing the repository
l1-smoke	Run actions/checkout@v4	2025-09-29T18:07:25.3607721Z [command]/usr/bin/git init /home/runner/work/latex_perf/latex_perf
l1-smoke	Run actions/checkout@v4	2025-09-29T18:07:25.4844296Z hint: Using 'master' as the name for the initial branch. This default branch name
l1-smoke	Run actions/checkout@v4	2025-09-29T18:07:25.4846310Z hint: is subject to change. To configure the initial branch name to use in all
l1-smoke	Run actions/checkout@v4	2025-09-29T18:07:25.4847554Z hint: of your new repositories, which will suppress this warning, call:
l1-smoke	Run actions/checkout@v4	2025-09-29T18:07:25.4848423Z hint:
l1-smoke	Run actions/checkout@v4	2025-09-29T18:07:25.4849076Z hint: 	git config --global init.defaultBranch <name>
l1-smoke	Run actions/checkout@v4	2025-09-29T18:07:25.4849743Z hint:
l1-smoke	Run actions/checkout@v4	2025-09-29T18:07:25.4850345Z hint: Names commonly chosen instead of 'master' are 'main', 'trunk' and
l1-smoke	Run actions/checkout@v4	2025-09-29T18:07:25.4851365Z hint: 'development'. The just-created branch can be renamed via this command:
l1-smoke	Run actions/checkout@v4	2025-09-29T18:07:25.4852164Z hint:
l1-smoke	Run actions/checkout@v4	2025-09-29T18:07:25.4852611Z hint: 	git branch -m <name>
l1-smoke	Run actions/checkout@v4	2025-09-29T18:07:25.4853108Z hint:
l1-smoke	Run actions/checkout@v4	2025-09-29T18:07:25.4854064Z hint: Disable this message with "git config set advice.defaultBranchName false"
l1-smoke	Run actions/checkout@v4	2025-09-29T18:07:25.4910971Z Initialized empty Git repository in /home/runner/work/latex_perf/latex_perf/.git/
l1-smoke	Run actions/checkout@v4	2025-09-29T18:07:25.4926198Z [command]/usr/bin/git remote add origin https://github.com/ClanClanClanClan/latex_perf
l1-smoke	Run actions/checkout@v4	2025-09-29T18:07:25.5087546Z ##[endgroup]
l1-smoke	Run actions/checkout@v4	2025-09-29T18:07:25.5089165Z ##[group]Disabling automatic garbage collection
l1-smoke	Run actions/checkout@v4	2025-09-29T18:07:25.5092404Z [command]/usr/bin/git config --local gc.auto 0
l1-smoke	Run actions/checkout@v4	2025-09-29T18:07:25.5122664Z ##[endgroup]
l1-smoke	Run actions/checkout@v4	2025-09-29T18:07:25.5124331Z ##[group]Setting up auth
l1-smoke	Run actions/checkout@v4	2025-09-29T18:07:25.5130638Z [command]/usr/bin/git config --local --name-only --get-regexp core\.sshCommand
l1-smoke	Run actions/checkout@v4	2025-09-29T18:07:25.5162593Z [command]/usr/bin/git submodule foreach --recursive sh -c "git config --local --name-only --get-regexp 'core\.sshCommand' && git config --local --unset-all 'core.sshCommand' || :"
l1-smoke	Run actions/checkout@v4	2025-09-29T18:07:25.7158825Z [command]/usr/bin/git config --local --name-only --get-regexp http\.https\:\/\/github\.com\/\.extraheader
l1-smoke	Run actions/checkout@v4	2025-09-29T18:07:25.7189609Z [command]/usr/bin/git submodule foreach --recursive sh -c "git config --local --name-only --get-regexp 'http\.https\:\/\/github\.com\/\.extraheader' && git config --local --unset-all 'http.https://github.com/.extraheader' || :"
l1-smoke	Run actions/checkout@v4	2025-09-29T18:07:25.7411323Z [command]/usr/bin/git config --local http.https://github.com/.extraheader AUTHORIZATION: basic ***
l1-smoke	Run actions/checkout@v4	2025-09-29T18:07:25.7446964Z ##[endgroup]
l1-smoke	Run actions/checkout@v4	2025-09-29T18:07:25.7448214Z ##[group]Fetching the repository
l1-smoke	Run actions/checkout@v4	2025-09-29T18:07:25.7456791Z [command]/usr/bin/git -c protocol.version=2 fetch --no-tags --prune --no-recurse-submodules --depth=1 origin +81733f378884f06fc30671a9c24ad89d031a09bd:refs/remotes/pull/4/merge
l1-smoke	Run actions/checkout@v4	2025-09-29T18:07:26.2087787Z From https://github.com/ClanClanClanClan/latex_perf
l1-smoke	Run actions/checkout@v4	2025-09-29T18:07:26.2090268Z  * [new ref]         81733f378884f06fc30671a9c24ad89d031a09bd -> pull/4/merge
l1-smoke	Run actions/checkout@v4	2025-09-29T18:07:26.2192407Z ##[endgroup]
l1-smoke	Run actions/checkout@v4	2025-09-29T18:07:26.2194645Z ##[group]Determining the checkout info
l1-smoke	Run actions/checkout@v4	2025-09-29T18:07:26.2196950Z ##[endgroup]
l1-smoke	Run actions/checkout@v4	2025-09-29T18:07:26.2200548Z [command]/usr/bin/git sparse-checkout disable
l1-smoke	Run actions/checkout@v4	2025-09-29T18:07:26.2311054Z [command]/usr/bin/git config --local --unset-all extensions.worktreeConfig
l1-smoke	Run actions/checkout@v4	2025-09-29T18:07:26.2340276Z ##[group]Checking out the ref
l1-smoke	Run actions/checkout@v4	2025-09-29T18:07:26.2344098Z [command]/usr/bin/git checkout --progress --force refs/remotes/pull/4/merge
l1-smoke	Run actions/checkout@v4	2025-09-29T18:07:26.2831332Z Note: switching to 'refs/remotes/pull/4/merge'.
l1-smoke	Run actions/checkout@v4	2025-09-29T18:07:26.2832983Z 
l1-smoke	Run actions/checkout@v4	2025-09-29T18:07:26.2834301Z You are in 'detached HEAD' state. You can look around, make experimental
l1-smoke	Run actions/checkout@v4	2025-09-29T18:07:26.2837468Z changes and commit them, and you can discard any commits you make in this
l1-smoke	Run actions/checkout@v4	2025-09-29T18:07:26.2840603Z state without impacting any branches by switching back to a branch.
l1-smoke	Run actions/checkout@v4	2025-09-29T18:07:26.2842682Z 
l1-smoke	Run actions/checkout@v4	2025-09-29T18:07:26.2844181Z If you want to create a new branch to retain commits you create, you may
l1-smoke	Run actions/checkout@v4	2025-09-29T18:07:26.2847151Z do so (now or later) by using -c with the switch command. Example:
l1-smoke	Run actions/checkout@v4	2025-09-29T18:07:26.2848881Z 
l1-smoke	Run actions/checkout@v4	2025-09-29T18:07:26.2849562Z   git switch -c <new-branch-name>
l1-smoke	Run actions/checkout@v4	2025-09-29T18:07:26.2850724Z 
l1-smoke	Run actions/checkout@v4	2025-09-29T18:07:26.2851378Z Or undo this operation with:
l1-smoke	Run actions/checkout@v4	2025-09-29T18:07:26.2852869Z 
l1-smoke	Run actions/checkout@v4	2025-09-29T18:07:26.2853660Z   git switch -
l1-smoke	Run actions/checkout@v4	2025-09-29T18:07:26.2854342Z 
l1-smoke	Run actions/checkout@v4	2025-09-29T18:07:26.2855302Z Turn off this advice by setting config variable advice.detachedHead to false
l1-smoke	Run actions/checkout@v4	2025-09-29T18:07:26.2856706Z 
l1-smoke	Run actions/checkout@v4	2025-09-29T18:07:26.2858356Z HEAD is now at 81733f3 Merge 4887232aba7d6b962bad0d84a547356f48bed82c into 92bdfe28e9a19447735918ce6f6c8395415acf11
l1-smoke	Run actions/checkout@v4	2025-09-29T18:07:26.2864383Z ##[endgroup]
l1-smoke	Run actions/checkout@v4	2025-09-29T18:07:26.2882381Z [command]/usr/bin/git log -1 --format=%H
l1-smoke	Run actions/checkout@v4	2025-09-29T18:07:26.2904419Z 81733f378884f06fc30671a9c24ad89d031a09bd
l1-smoke	Set up OCaml and OPAM	ï»¿2025-09-29T18:07:26.3305745Z Prepare all required actions
l1-smoke	Set up OCaml and OPAM	2025-09-29T18:07:26.3307135Z Getting action download info
l1-smoke	Set up OCaml and OPAM	2025-09-29T18:07:26.4924315Z Download action repository 'ocaml/setup-ocaml@v2' (SHA:8cc6339f55862749298d198ef84788b8d6acdacc)
l1-smoke	Set up OCaml and OPAM	2025-09-29T18:07:26.8020286Z ##[group]Run ./.github/actions/setup-ocaml
l1-smoke	Set up OCaml and OPAM	2025-09-29T18:07:26.8021353Z with:
l1-smoke	Set up OCaml and OPAM	2025-09-29T18:07:26.8022063Z   ocaml-compiler: 4.14.1
l1-smoke	Set up OCaml and OPAM	2025-09-29T18:07:26.8022921Z   opam-depext: false
l1-smoke	Set up OCaml and OPAM	2025-09-29T18:07:26.8023920Z   allow-prerelease-opam: false
l1-smoke	Set up OCaml and OPAM	2025-09-29T18:07:26.8024836Z   opam-pin: true
l1-smoke	Set up OCaml and OPAM	2025-09-29T18:07:26.8025645Z   opam-local-packages: *.opam
l1-smoke	Set up OCaml and OPAM	2025-09-29T18:07:26.8026594Z   opam-disable-sandboxing: false
l1-smoke	Set up OCaml and OPAM	2025-09-29T18:07:26.8027537Z   dune-cache: false
l1-smoke	Set up OCaml and OPAM	2025-09-29T18:07:26.8028307Z   cache-prefix: v1
l1-smoke	Set up OCaml and OPAM	2025-09-29T18:07:26.8029062Z ##[endgroup]
l1-smoke	Set up OCaml and OPAM	2025-09-29T18:07:26.8150446Z ##[group]Run sudo apt-get update
l1-smoke	Set up OCaml and OPAM	2025-09-29T18:07:26.8151530Z [36;1msudo apt-get update[0m
l1-smoke	Set up OCaml and OPAM	2025-09-29T18:07:26.8152469Z [36;1msudo apt-get install -y \[0m
l1-smoke	Set up OCaml and OPAM	2025-09-29T18:07:26.8153596Z [36;1m  bubblewrap \[0m
l1-smoke	Set up OCaml and OPAM	2025-09-29T18:07:26.8154500Z [36;1m  g++-multilib \[0m
l1-smoke	Set up OCaml and OPAM	2025-09-29T18:07:26.8155367Z [36;1m  gcc-multilib \[0m
l1-smoke	Set up OCaml and OPAM	2025-09-29T18:07:26.8156216Z [36;1m  mercurial \[0m
l1-smoke	Set up OCaml and OPAM	2025-09-29T18:07:26.8157035Z [36;1m  musl-tools \[0m
l1-smoke	Set up OCaml and OPAM	2025-09-29T18:07:26.8157818Z [36;1m  rsync[0m
l1-smoke	Set up OCaml and OPAM	2025-09-29T18:07:26.8197506Z shell: /usr/bin/bash --noprofile --norc -e -o pipefail {0}
l1-smoke	Set up OCaml and OPAM	2025-09-29T18:07:26.8198731Z ##[endgroup]
l1-smoke	Set up OCaml and OPAM	2025-09-29T18:07:27.0197906Z Get:1 file:/etc/apt/apt-mirrors.txt Mirrorlist [144 B]
l1-smoke	Set up OCaml and OPAM	2025-09-29T18:07:27.0582090Z Hit:3 https://packages.microsoft.com/repos/azure-cli noble InRelease
l1-smoke	Set up OCaml and OPAM	2025-09-29T18:07:27.0589207Z Get:4 https://packages.microsoft.com/ubuntu/24.04/prod noble InRelease [3600 B]
l1-smoke	Set up OCaml and OPAM	2025-09-29T18:07:27.0806771Z Hit:2 http://azure.archive.ubuntu.com/ubuntu noble InRelease
l1-smoke	Set up OCaml and OPAM	2025-09-29T18:07:27.0832845Z Get:5 http://azure.archive.ubuntu.com/ubuntu noble-updates InRelease [126 kB]
l1-smoke	Set up OCaml and OPAM	2025-09-29T18:07:27.1614301Z Get:6 http://azure.archive.ubuntu.com/ubuntu noble-backports InRelease [126 kB]
l1-smoke	Set up OCaml and OPAM	2025-09-29T18:07:27.2249728Z Get:7 http://azure.archive.ubuntu.com/ubuntu noble-security InRelease [126 kB]
l1-smoke	Set up OCaml and OPAM	2025-09-29T18:07:27.3339480Z Get:8 https://packages.microsoft.com/ubuntu/24.04/prod noble/main arm64 Packages [39.7 kB]
l1-smoke	Set up OCaml and OPAM	2025-09-29T18:07:27.3648115Z Get:9 https://packages.microsoft.com/ubuntu/24.04/prod noble/main amd64 Packages [57.3 kB]
l1-smoke	Set up OCaml and OPAM	2025-09-29T18:07:27.4656262Z Get:10 http://azure.archive.ubuntu.com/ubuntu noble-updates/main amd64 Packages [1443 kB]
l1-smoke	Set up OCaml and OPAM	2025-09-29T18:07:27.4768249Z Get:11 http://azure.archive.ubuntu.com/ubuntu noble-updates/main Translation-en [282 kB]
l1-smoke	Set up OCaml and OPAM	2025-09-29T18:07:27.4864840Z Get:12 http://azure.archive.ubuntu.com/ubuntu noble-updates/main amd64 Components [175 kB]
l1-smoke	Set up OCaml and OPAM	2025-09-29T18:07:27.4868813Z Get:13 http://azure.archive.ubuntu.com/ubuntu noble-updates/main amd64 c-n-f Metadata [15.3 kB]
l1-smoke	Set up OCaml and OPAM	2025-09-29T18:07:27.4876704Z Get:14 http://azure.archive.ubuntu.com/ubuntu noble-updates/universe amd64 Packages [1485 kB]
l1-smoke	Set up OCaml and OPAM	2025-09-29T18:07:27.4903644Z Get:15 http://azure.archive.ubuntu.com/ubuntu noble-updates/universe Translation-en [299 kB]
l1-smoke	Set up OCaml and OPAM	2025-09-29T18:07:27.4930958Z Get:16 http://azure.archive.ubuntu.com/ubuntu noble-updates/universe amd64 Components [377 kB]
l1-smoke	Set up OCaml and OPAM	2025-09-29T18:07:27.4962398Z Get:17 http://azure.archive.ubuntu.com/ubuntu noble-updates/universe amd64 c-n-f Metadata [31.0 kB]
l1-smoke	Set up OCaml and OPAM	2025-09-29T18:07:27.4972847Z Get:18 http://azure.archive.ubuntu.com/ubuntu noble-updates/restricted amd64 Packages [1957 kB]
l1-smoke	Set up OCaml and OPAM	2025-09-29T18:07:27.5090186Z Get:19 http://azure.archive.ubuntu.com/ubuntu noble-updates/restricted Translation-en [441 kB]
l1-smoke	Set up OCaml and OPAM	2025-09-29T18:07:27.5536840Z Get:20 http://azure.archive.ubuntu.com/ubuntu noble-updates/restricted amd64 Components [212 B]
l1-smoke	Set up OCaml and OPAM	2025-09-29T18:07:27.5542986Z Get:21 http://azure.archive.ubuntu.com/ubuntu noble-updates/multiverse amd64 Components [940 B]
l1-smoke	Set up OCaml and OPAM	2025-09-29T18:07:27.5554582Z Get:22 http://azure.archive.ubuntu.com/ubuntu noble-backports/main amd64 Packages [40.4 kB]
l1-smoke	Set up OCaml and OPAM	2025-09-29T18:07:27.5567748Z Get:23 http://azure.archive.ubuntu.com/ubuntu noble-backports/main Translation-en [9208 B]
l1-smoke	Set up OCaml and OPAM	2025-09-29T18:07:27.5578938Z Get:24 http://azure.archive.ubuntu.com/ubuntu noble-backports/main amd64 Components [7124 B]
l1-smoke	Set up OCaml and OPAM	2025-09-29T18:07:27.5591999Z Get:25 http://azure.archive.ubuntu.com/ubuntu noble-backports/main amd64 c-n-f Metadata [368 B]
l1-smoke	Set up OCaml and OPAM	2025-09-29T18:07:27.5603236Z Get:26 http://azure.archive.ubuntu.com/ubuntu noble-backports/universe amd64 Packages [28.9 kB]
l1-smoke	Set up OCaml and OPAM	2025-09-29T18:07:27.5612089Z Get:27 http://azure.archive.ubuntu.com/ubuntu noble-backports/universe Translation-en [17.5 kB]
l1-smoke	Set up OCaml and OPAM	2025-09-29T18:07:27.5622324Z Get:28 http://azure.archive.ubuntu.com/ubuntu noble-backports/universe amd64 Components [11.0 kB]
l1-smoke	Set up OCaml and OPAM	2025-09-29T18:07:27.5631726Z Get:29 http://azure.archive.ubuntu.com/ubuntu noble-backports/universe amd64 c-n-f Metadata [1444 B]
l1-smoke	Set up OCaml and OPAM	2025-09-29T18:07:27.5638752Z Get:30 http://azure.archive.ubuntu.com/ubuntu noble-backports/restricted amd64 Components [216 B]
l1-smoke	Set up OCaml and OPAM	2025-09-29T18:07:27.5648689Z Get:31 http://azure.archive.ubuntu.com/ubuntu noble-backports/multiverse amd64 Components [212 B]
l1-smoke	Set up OCaml and OPAM	2025-09-29T18:07:27.5789795Z Get:32 http://azure.archive.ubuntu.com/ubuntu noble-security/main amd64 Packages [1171 kB]
l1-smoke	Set up OCaml and OPAM	2025-09-29T18:07:27.5868519Z Get:33 http://azure.archive.ubuntu.com/ubuntu noble-security/main Translation-en [198 kB]
l1-smoke	Set up OCaml and OPAM	2025-09-29T18:07:27.6333279Z Get:34 http://azure.archive.ubuntu.com/ubuntu noble-security/main amd64 Components [21.6 kB]
l1-smoke	Set up OCaml and OPAM	2025-09-29T18:07:27.6342878Z Get:35 http://azure.archive.ubuntu.com/ubuntu noble-security/main amd64 c-n-f Metadata [8744 B]
l1-smoke	Set up OCaml and OPAM	2025-09-29T18:07:27.6350499Z Get:36 http://azure.archive.ubuntu.com/ubuntu noble-security/universe amd64 Packages [880 kB]
l1-smoke	Set up OCaml and OPAM	2025-09-29T18:07:27.6397523Z Get:37 http://azure.archive.ubuntu.com/ubuntu noble-security/universe Translation-en [195 kB]
l1-smoke	Set up OCaml and OPAM	2025-09-29T18:07:27.6416367Z Get:38 http://azure.archive.ubuntu.com/ubuntu noble-security/universe amd64 Components [52.3 kB]
l1-smoke	Set up OCaml and OPAM	2025-09-29T18:07:27.6433926Z Get:39 http://azure.archive.ubuntu.com/ubuntu noble-security/universe amd64 c-n-f Metadata [18.0 kB]
l1-smoke	Set up OCaml and OPAM	2025-09-29T18:07:27.6442790Z Get:40 http://azure.archive.ubuntu.com/ubuntu noble-security/restricted amd64 Packages [1872 kB]
l1-smoke	Set up OCaml and OPAM	2025-09-29T18:07:27.6528536Z Get:41 http://azure.archive.ubuntu.com/ubuntu noble-security/restricted Translation-en [423 kB]
l1-smoke	Set up OCaml and OPAM	2025-09-29T18:07:27.6555810Z Get:42 http://azure.archive.ubuntu.com/ubuntu noble-security/restricted amd64 Components [212 B]
l1-smoke	Set up OCaml and OPAM	2025-09-29T18:07:27.6567069Z Get:43 http://azure.archive.ubuntu.com/ubuntu noble-security/multiverse amd64 Components [212 B]
l1-smoke	Set up OCaml and OPAM	2025-09-29T18:07:54.1415747Z Fetched 11.9 MB in 2s (7092 kB/s)
l1-smoke	Set up OCaml and OPAM	2025-09-29T18:07:54.8622346Z Reading package lists...
l1-smoke	Set up OCaml and OPAM	2025-09-29T18:07:54.8949573Z Reading package lists...
l1-smoke	Set up OCaml and OPAM	2025-09-29T18:07:55.0621269Z Building dependency tree...
l1-smoke	Set up OCaml and OPAM	2025-09-29T18:07:55.0629079Z Reading state information...
l1-smoke	Set up OCaml and OPAM	2025-09-29T18:07:55.2201662Z mercurial is already the newest version (6.7.2-1ubuntu2.2).
l1-smoke	Set up OCaml and OPAM	2025-09-29T18:07:55.2202346Z rsync is already the newest version (3.2.7-1ubuntu1.2).
l1-smoke	Set up OCaml and OPAM	2025-09-29T18:07:55.2202877Z The following additional packages will be installed:
l1-smoke	Set up OCaml and OPAM	2025-09-29T18:07:55.2204003Z   g++-13-multilib gcc-13-multilib lib32asan8 lib32atomic1 lib32gcc-13-dev
l1-smoke	Set up OCaml and OPAM	2025-09-29T18:07:55.2204664Z   lib32gomp1 lib32itm1 lib32quadmath0 lib32stdc++-13-dev lib32ubsan1
l1-smoke	Set up OCaml and OPAM	2025-09-29T18:07:55.2207234Z   libc6-dev-i386 libc6-dev-x32 libc6-x32 libx32asan8 libx32atomic1
l1-smoke	Set up OCaml and OPAM	2025-09-29T18:07:55.2207963Z   libx32gcc-13-dev libx32gcc-s1 libx32gomp1 libx32itm1 libx32quadmath0
l1-smoke	Set up OCaml and OPAM	2025-09-29T18:07:55.2211745Z   libx32stdc++-13-dev libx32stdc++6 libx32ubsan1 musl musl-dev
l1-smoke	Set up OCaml and OPAM	2025-09-29T18:07:55.2219156Z Suggested packages:
l1-smoke	Set up OCaml and OPAM	2025-09-29T18:07:55.2219522Z   lib32stdc++6-13-dbg libx32stdc++6-13-dbg
l1-smoke	Set up OCaml and OPAM	2025-09-29T18:07:55.2845355Z The following NEW packages will be installed:
l1-smoke	Set up OCaml and OPAM	2025-09-29T18:07:55.2846115Z   bubblewrap g++-13-multilib g++-multilib gcc-13-multilib gcc-multilib
l1-smoke	Set up OCaml and OPAM	2025-09-29T18:07:55.2846883Z   lib32asan8 lib32atomic1 lib32gcc-13-dev lib32gomp1 lib32itm1 lib32quadmath0
l1-smoke	Set up OCaml and OPAM	2025-09-29T18:07:55.2851338Z   lib32stdc++-13-dev lib32ubsan1 libc6-dev-i386 libc6-dev-x32 libc6-x32
l1-smoke	Set up OCaml and OPAM	2025-09-29T18:07:55.2852206Z   libx32asan8 libx32atomic1 libx32gcc-13-dev libx32gcc-s1 libx32gomp1
l1-smoke	Set up OCaml and OPAM	2025-09-29T18:07:55.2853726Z   libx32itm1 libx32quadmath0 libx32stdc++-13-dev libx32stdc++6 libx32ubsan1
l1-smoke	Set up OCaml and OPAM	2025-09-29T18:07:55.2854834Z   musl musl-dev musl-tools
l1-smoke	Set up OCaml and OPAM	2025-09-29T18:07:55.3052205Z 0 upgraded, 29 newly installed, 0 to remove and 18 not upgraded.
l1-smoke	Set up OCaml and OPAM	2025-09-29T18:07:55.3052846Z Need to get 23.6 MB of archives.
l1-smoke	Set up OCaml and OPAM	2025-09-29T18:07:55.3053600Z After this operation, 94.1 MB of additional disk space will be used.
l1-smoke	Set up OCaml and OPAM	2025-09-29T18:07:55.3054311Z Get:1 file:/etc/apt/apt-mirrors.txt Mirrorlist [144 B]
l1-smoke	Set up OCaml and OPAM	2025-09-29T18:07:55.3390992Z Get:2 http://azure.archive.ubuntu.com/ubuntu noble-updates/main amd64 bubblewrap amd64 0.9.0-1ubuntu0.1 [50.2 kB]
l1-smoke	Set up OCaml and OPAM	2025-09-29T18:07:55.3996213Z Get:3 http://azure.archive.ubuntu.com/ubuntu noble-updates/main amd64 libc6-dev-i386 amd64 2.39-0ubuntu8.6 [1447 kB]
l1-smoke	Set up OCaml and OPAM	2025-09-29T18:07:55.4479182Z Get:4 http://azure.archive.ubuntu.com/ubuntu noble-updates/main amd64 libc6-x32 amd64 2.39-0ubuntu8.6 [2913 kB]
l1-smoke	Set up OCaml and OPAM	2025-09-29T18:07:55.5073103Z Get:5 http://azure.archive.ubuntu.com/ubuntu noble-updates/main amd64 libc6-dev-x32 amd64 2.39-0ubuntu8.6 [1637 kB]
l1-smoke	Set up OCaml and OPAM	2025-09-29T18:07:55.5536113Z Get:6 http://azure.archive.ubuntu.com/ubuntu noble-updates/main amd64 libx32gcc-s1 amd64 14.2.0-4ubuntu2~24.04 [78.5 kB]
l1-smoke	Set up OCaml and OPAM	2025-09-29T18:07:55.5690866Z Get:7 http://azure.archive.ubuntu.com/ubuntu noble-updates/main amd64 lib32gomp1 amd64 14.2.0-4ubuntu2~24.04 [141 kB]
l1-smoke	Set up OCaml and OPAM	2025-09-29T18:07:55.5876962Z Get:8 http://azure.archive.ubuntu.com/ubuntu noble-updates/main amd64 libx32gomp1 amd64 14.2.0-4ubuntu2~24.04 [145 kB]
l1-smoke	Set up OCaml and OPAM	2025-09-29T18:07:55.6081166Z Get:9 http://azure.archive.ubuntu.com/ubuntu noble-updates/main amd64 lib32itm1 amd64 14.2.0-4ubuntu2~24.04 [29.6 kB]
l1-smoke	Set up OCaml and OPAM	2025-09-29T18:07:55.6261557Z Get:10 http://azure.archive.ubuntu.com/ubuntu noble-updates/main amd64 libx32itm1 amd64 14.2.0-4ubuntu2~24.04 [29.8 kB]
l1-smoke	Set up OCaml and OPAM	2025-09-29T18:07:55.6435673Z Get:11 http://azure.archive.ubuntu.com/ubuntu noble-updates/main amd64 lib32atomic1 amd64 14.2.0-4ubuntu2~24.04 [8586 B]
l1-smoke	Set up OCaml and OPAM	2025-09-29T18:07:55.6589816Z Get:12 http://azure.archive.ubuntu.com/ubuntu noble-updates/main amd64 libx32atomic1 amd64 14.2.0-4ubuntu2~24.04 [10.3 kB]
l1-smoke	Set up OCaml and OPAM	2025-09-29T18:07:55.6772761Z Get:13 http://azure.archive.ubuntu.com/ubuntu noble-updates/main amd64 lib32asan8 amd64 14.2.0-4ubuntu2~24.04 [2879 kB]
l1-smoke	Set up OCaml and OPAM	2025-09-29T18:07:55.7442830Z Get:14 http://azure.archive.ubuntu.com/ubuntu noble-updates/main amd64 libx32asan8 amd64 14.2.0-4ubuntu2~24.04 [2893 kB]
l1-smoke	Set up OCaml and OPAM	2025-09-29T18:07:55.8386556Z Get:15 http://azure.archive.ubuntu.com/ubuntu noble-updates/main amd64 lib32ubsan1 amd64 14.2.0-4ubuntu2~24.04 [1150 kB]
l1-smoke	Set up OCaml and OPAM	2025-09-29T18:07:55.8806075Z Get:16 http://azure.archive.ubuntu.com/ubuntu noble-updates/main amd64 libx32stdc++6 amd64 14.2.0-4ubuntu2~24.04 [778 kB]
l1-smoke	Set up OCaml and OPAM	2025-09-29T18:07:55.9141608Z Get:17 http://azure.archive.ubuntu.com/ubuntu noble-updates/main amd64 libx32ubsan1 amd64 14.2.0-4ubuntu2~24.04 [1169 kB]
l1-smoke	Set up OCaml and OPAM	2025-09-29T18:07:55.9503665Z Get:18 http://azure.archive.ubuntu.com/ubuntu noble-updates/main amd64 lib32quadmath0 amd64 14.2.0-4ubuntu2~24.04 [227 kB]
l1-smoke	Set up OCaml and OPAM	2025-09-29T18:07:55.9712325Z Get:19 http://azure.archive.ubuntu.com/ubuntu noble-updates/main amd64 libx32quadmath0 amd64 14.2.0-4ubuntu2~24.04 [157 kB]
l1-smoke	Set up OCaml and OPAM	2025-09-29T18:07:56.0326976Z Get:20 http://azure.archive.ubuntu.com/ubuntu noble-updates/main amd64 lib32gcc-13-dev amd64 13.3.0-6ubuntu2~24.04 [2380 kB]
l1-smoke	Set up OCaml and OPAM	2025-09-29T18:07:56.1013185Z Get:21 http://azure.archive.ubuntu.com/ubuntu noble-updates/main amd64 libx32gcc-13-dev amd64 13.3.0-6ubuntu2~24.04 [2190 kB]
l1-smoke	Set up OCaml and OPAM	2025-09-29T18:07:56.1519197Z Get:22 http://azure.archive.ubuntu.com/ubuntu noble-updates/main amd64 gcc-13-multilib amd64 13.3.0-6ubuntu2~24.04 [878 B]
l1-smoke	Set up OCaml and OPAM	2025-09-29T18:07:56.1666951Z Get:23 http://azure.archive.ubuntu.com/ubuntu noble-updates/main amd64 lib32stdc++-13-dev amd64 13.3.0-6ubuntu2~24.04 [1150 kB]
l1-smoke	Set up OCaml and OPAM	2025-09-29T18:07:56.2089278Z Get:24 http://azure.archive.ubuntu.com/ubuntu noble-updates/main amd64 libx32stdc++-13-dev amd64 13.3.0-6ubuntu2~24.04 [1086 kB]
l1-smoke	Set up OCaml and OPAM	2025-09-29T18:07:56.2468403Z Get:25 http://azure.archive.ubuntu.com/ubuntu noble-updates/main amd64 g++-13-multilib amd64 13.3.0-6ubuntu2~24.04 [890 B]
l1-smoke	Set up OCaml and OPAM	2025-09-29T18:07:56.2615438Z Get:26 http://azure.archive.ubuntu.com/ubuntu noble/main amd64 gcc-multilib amd64 4:13.2.0-7ubuntu1 [1474 B]
l1-smoke	Set up OCaml and OPAM	2025-09-29T18:07:56.2832655Z Get:27 http://azure.archive.ubuntu.com/ubuntu noble/main amd64 g++-multilib amd64 4:13.2.0-7ubuntu1 [884 B]
l1-smoke	Set up OCaml and OPAM	2025-09-29T18:07:56.2999452Z Get:28 http://azure.archive.ubuntu.com/ubuntu noble/universe amd64 musl amd64 1.2.4-2 [416 kB]
l1-smoke	Set up OCaml and OPAM	2025-09-29T18:07:56.3292295Z Get:29 http://azure.archive.ubuntu.com/ubuntu noble/universe amd64 musl-dev amd64 1.2.4-2 [616 kB]
l1-smoke	Set up OCaml and OPAM	2025-09-29T18:07:56.3615857Z Get:30 http://azure.archive.ubuntu.com/ubuntu noble/universe amd64 musl-tools amd64 1.2.4-2 [5540 B]
l1-smoke	Set up OCaml and OPAM	2025-09-29T18:07:56.6499438Z Fetched 23.6 MB in 1s (22.1 MB/s)
l1-smoke	Set up OCaml and OPAM	2025-09-29T18:07:56.7704379Z Selecting previously unselected package bubblewrap.
l1-smoke	Set up OCaml and OPAM	2025-09-29T18:07:57.1620596Z (Reading database ... 
l1-smoke	Set up OCaml and OPAM	2025-09-29T18:07:57.1621088Z (Reading database ... 5%
l1-smoke	Set up OCaml and OPAM	2025-09-29T18:07:57.1621491Z (Reading database ... 10%
l1-smoke	Set up OCaml and OPAM	2025-09-29T18:07:57.1621944Z (Reading database ... 15%
l1-smoke	Set up OCaml and OPAM	2025-09-29T18:07:57.1622423Z (Reading database ... 20%
l1-smoke	Set up OCaml and OPAM	2025-09-29T18:07:57.1622895Z (Reading database ... 25%
l1-smoke	Set up OCaml and OPAM	2025-09-29T18:07:57.1623585Z (Reading database ... 30%
l1-smoke	Set up OCaml and OPAM	2025-09-29T18:07:57.1624095Z (Reading database ... 35%
l1-smoke	Set up OCaml and OPAM	2025-09-29T18:07:57.1624753Z (Reading database ... 40%
l1-smoke	Set up OCaml and OPAM	2025-09-29T18:07:57.1625181Z (Reading database ... 45%
l1-smoke	Set up OCaml and OPAM	2025-09-29T18:07:57.1625591Z (Reading database ... 50%
l1-smoke	Set up OCaml and OPAM	2025-09-29T18:07:57.5866011Z (Reading database ... 55%
l1-smoke	Set up OCaml and OPAM	2025-09-29T18:07:58.3889824Z (Reading database ... 60%
l1-smoke	Set up OCaml and OPAM	2025-09-29T18:07:59.1077368Z (Reading database ... 65%
l1-smoke	Set up OCaml and OPAM	2025-09-29T18:07:59.7616602Z (Reading database ... 70%
l1-smoke	Set up OCaml and OPAM	2025-09-29T18:08:00.4340191Z (Reading database ... 75%
l1-smoke	Set up OCaml and OPAM	2025-09-29T18:08:02.0602945Z (Reading database ... 80%
l1-smoke	Set up OCaml and OPAM	2025-09-29T18:08:03.4458692Z (Reading database ... 85%
l1-smoke	Set up OCaml and OPAM	2025-09-29T18:08:05.3533205Z (Reading database ... 90%
l1-smoke	Set up OCaml and OPAM	2025-09-29T18:08:07.4277381Z (Reading database ... 95%
l1-smoke	Set up OCaml and OPAM	2025-09-29T18:08:07.4277911Z (Reading database ... 100%
l1-smoke	Set up OCaml and OPAM	2025-09-29T18:08:07.4278513Z (Reading database ... 214164 files and directories currently installed.)
l1-smoke	Set up OCaml and OPAM	2025-09-29T18:08:07.4325311Z Preparing to unpack .../00-bubblewrap_0.9.0-1ubuntu0.1_amd64.deb ...
l1-smoke	Set up OCaml and OPAM	2025-09-29T18:08:07.4352193Z Unpacking bubblewrap (0.9.0-1ubuntu0.1) ...
l1-smoke	Set up OCaml and OPAM	2025-09-29T18:08:07.5598250Z Selecting previously unselected package libc6-dev-i386.
l1-smoke	Set up OCaml and OPAM	2025-09-29T18:08:07.5730564Z Preparing to unpack .../01-libc6-dev-i386_2.39-0ubuntu8.6_amd64.deb ...
l1-smoke	Set up OCaml and OPAM	2025-09-29T18:08:07.5741543Z Unpacking libc6-dev-i386 (2.39-0ubuntu8.6) ...
l1-smoke	Set up OCaml and OPAM	2025-09-29T18:08:07.7617601Z Selecting previously unselected package libc6-x32.
l1-smoke	Set up OCaml and OPAM	2025-09-29T18:08:07.7748796Z Preparing to unpack .../02-libc6-x32_2.39-0ubuntu8.6_amd64.deb ...
l1-smoke	Set up OCaml and OPAM	2025-09-29T18:08:07.7854618Z Unpacking libc6-x32 (2.39-0ubuntu8.6) ...
l1-smoke	Set up OCaml and OPAM	2025-09-29T18:08:07.8939298Z Selecting previously unselected package libc6-dev-x32.
l1-smoke	Set up OCaml and OPAM	2025-09-29T18:08:07.9071640Z Preparing to unpack .../03-libc6-dev-x32_2.39-0ubuntu8.6_amd64.deb ...
l1-smoke	Set up OCaml and OPAM	2025-09-29T18:08:07.9085198Z Unpacking libc6-dev-x32 (2.39-0ubuntu8.6) ...
l1-smoke	Set up OCaml and OPAM	2025-09-29T18:08:07.9711762Z Selecting previously unselected package libx32gcc-s1.
l1-smoke	Set up OCaml and OPAM	2025-09-29T18:08:07.9844145Z Preparing to unpack .../04-libx32gcc-s1_14.2.0-4ubuntu2~24.04_amd64.deb ...
l1-smoke	Set up OCaml and OPAM	2025-09-29T18:08:07.9859306Z Unpacking libx32gcc-s1 (14.2.0-4ubuntu2~24.04) ...
l1-smoke	Set up OCaml and OPAM	2025-09-29T18:08:08.0095909Z Selecting previously unselected package lib32gomp1.
l1-smoke	Set up OCaml and OPAM	2025-09-29T18:08:08.0227271Z Preparing to unpack .../05-lib32gomp1_14.2.0-4ubuntu2~24.04_amd64.deb ...
l1-smoke	Set up OCaml and OPAM	2025-09-29T18:08:08.0239591Z Unpacking lib32gomp1 (14.2.0-4ubuntu2~24.04) ...
l1-smoke	Set up OCaml and OPAM	2025-09-29T18:08:08.0483585Z Selecting previously unselected package libx32gomp1.
l1-smoke	Set up OCaml and OPAM	2025-09-29T18:08:08.0617523Z Preparing to unpack .../06-libx32gomp1_14.2.0-4ubuntu2~24.04_amd64.deb ...
l1-smoke	Set up OCaml and OPAM	2025-09-29T18:08:08.0633731Z Unpacking libx32gomp1 (14.2.0-4ubuntu2~24.04) ...
l1-smoke	Set up OCaml and OPAM	2025-09-29T18:08:08.0903677Z Selecting previously unselected package lib32itm1.
l1-smoke	Set up OCaml and OPAM	2025-09-29T18:08:08.1036665Z Preparing to unpack .../07-lib32itm1_14.2.0-4ubuntu2~24.04_amd64.deb ...
l1-smoke	Set up OCaml and OPAM	2025-09-29T18:08:08.1049957Z Unpacking lib32itm1 (14.2.0-4ubuntu2~24.04) ...
l1-smoke	Set up OCaml and OPAM	2025-09-29T18:08:08.1294480Z Selecting previously unselected package libx32itm1.
l1-smoke	Set up OCaml and OPAM	2025-09-29T18:08:08.1426232Z Preparing to unpack .../08-libx32itm1_14.2.0-4ubuntu2~24.04_amd64.deb ...
l1-smoke	Set up OCaml and OPAM	2025-09-29T18:08:08.1457913Z Unpacking libx32itm1 (14.2.0-4ubuntu2~24.04) ...
l1-smoke	Set up OCaml and OPAM	2025-09-29T18:08:08.1700553Z Selecting previously unselected package lib32atomic1.
l1-smoke	Set up OCaml and OPAM	2025-09-29T18:08:08.1831218Z Preparing to unpack .../09-lib32atomic1_14.2.0-4ubuntu2~24.04_amd64.deb ...
l1-smoke	Set up OCaml and OPAM	2025-09-29T18:08:08.1844066Z Unpacking lib32atomic1 (14.2.0-4ubuntu2~24.04) ...
l1-smoke	Set up OCaml and OPAM	2025-09-29T18:08:08.2075658Z Selecting previously unselected package libx32atomic1.
l1-smoke	Set up OCaml and OPAM	2025-09-29T18:08:08.2207021Z Preparing to unpack .../10-libx32atomic1_14.2.0-4ubuntu2~24.04_amd64.deb ...
l1-smoke	Set up OCaml and OPAM	2025-09-29T18:08:08.2221594Z Unpacking libx32atomic1 (14.2.0-4ubuntu2~24.04) ...
l1-smoke	Set up OCaml and OPAM	2025-09-29T18:08:08.2444839Z Selecting previously unselected package lib32asan8.
l1-smoke	Set up OCaml and OPAM	2025-09-29T18:08:08.2576659Z Preparing to unpack .../11-lib32asan8_14.2.0-4ubuntu2~24.04_amd64.deb ...
l1-smoke	Set up OCaml and OPAM	2025-09-29T18:08:08.2590563Z Unpacking lib32asan8 (14.2.0-4ubuntu2~24.04) ...
l1-smoke	Set up OCaml and OPAM	2025-09-29T18:08:08.3247245Z Selecting previously unselected package libx32asan8.
l1-smoke	Set up OCaml and OPAM	2025-09-29T18:08:08.3379853Z Preparing to unpack .../12-libx32asan8_14.2.0-4ubuntu2~24.04_amd64.deb ...
l1-smoke	Set up OCaml and OPAM	2025-09-29T18:08:08.3393023Z Unpacking libx32asan8 (14.2.0-4ubuntu2~24.04) ...
l1-smoke	Set up OCaml and OPAM	2025-09-29T18:08:08.4037602Z Selecting previously unselected package lib32ubsan1.
l1-smoke	Set up OCaml and OPAM	2025-09-29T18:08:08.4169125Z Preparing to unpack .../13-lib32ubsan1_14.2.0-4ubuntu2~24.04_amd64.deb ...
l1-smoke	Set up OCaml and OPAM	2025-09-29T18:08:08.4188404Z Unpacking lib32ubsan1 (14.2.0-4ubuntu2~24.04) ...
l1-smoke	Set up OCaml and OPAM	2025-09-29T18:08:08.4576572Z Selecting previously unselected package libx32stdc++6.
l1-smoke	Set up OCaml and OPAM	2025-09-29T18:08:08.4709279Z Preparing to unpack .../14-libx32stdc++6_14.2.0-4ubuntu2~24.04_amd64.deb ...
l1-smoke	Set up OCaml and OPAM	2025-09-29T18:08:08.4721165Z Unpacking libx32stdc++6 (14.2.0-4ubuntu2~24.04) ...
l1-smoke	Set up OCaml and OPAM	2025-09-29T18:08:08.5118436Z Selecting previously unselected package libx32ubsan1.
l1-smoke	Set up OCaml and OPAM	2025-09-29T18:08:08.5252809Z Preparing to unpack .../15-libx32ubsan1_14.2.0-4ubuntu2~24.04_amd64.deb ...
l1-smoke	Set up OCaml and OPAM	2025-09-29T18:08:08.5265819Z Unpacking libx32ubsan1 (14.2.0-4ubuntu2~24.04) ...
l1-smoke	Set up OCaml and OPAM	2025-09-29T18:08:08.5647786Z Selecting previously unselected package lib32quadmath0.
l1-smoke	Set up OCaml and OPAM	2025-09-29T18:08:08.5779292Z Preparing to unpack .../16-lib32quadmath0_14.2.0-4ubuntu2~24.04_amd64.deb ...
l1-smoke	Set up OCaml and OPAM	2025-09-29T18:08:08.5798756Z Unpacking lib32quadmath0 (14.2.0-4ubuntu2~24.04) ...
l1-smoke	Set up OCaml and OPAM	2025-09-29T18:08:08.6083718Z Selecting previously unselected package libx32quadmath0.
l1-smoke	Set up OCaml and OPAM	2025-09-29T18:08:08.6215968Z Preparing to unpack .../17-libx32quadmath0_14.2.0-4ubuntu2~24.04_amd64.deb ...
l1-smoke	Set up OCaml and OPAM	2025-09-29T18:08:08.6230781Z Unpacking libx32quadmath0 (14.2.0-4ubuntu2~24.04) ...
l1-smoke	Set up OCaml and OPAM	2025-09-29T18:08:08.6465388Z Selecting previously unselected package lib32gcc-13-dev.
l1-smoke	Set up OCaml and OPAM	2025-09-29T18:08:08.6596567Z Preparing to unpack .../18-lib32gcc-13-dev_13.3.0-6ubuntu2~24.04_amd64.deb ...
l1-smoke	Set up OCaml and OPAM	2025-09-29T18:08:08.6610001Z Unpacking lib32gcc-13-dev (13.3.0-6ubuntu2~24.04) ...
l1-smoke	Set up OCaml and OPAM	2025-09-29T18:08:08.7244494Z Selecting previously unselected package libx32gcc-13-dev.
l1-smoke	Set up OCaml and OPAM	2025-09-29T18:08:08.7377000Z Preparing to unpack .../19-libx32gcc-13-dev_13.3.0-6ubuntu2~24.04_amd64.deb ...
l1-smoke	Set up OCaml and OPAM	2025-09-29T18:08:08.7387949Z Unpacking libx32gcc-13-dev (13.3.0-6ubuntu2~24.04) ...
l1-smoke	Set up OCaml and OPAM	2025-09-29T18:08:08.7939954Z Selecting previously unselected package gcc-13-multilib.
l1-smoke	Set up OCaml and OPAM	2025-09-29T18:08:08.8071873Z Preparing to unpack .../20-gcc-13-multilib_13.3.0-6ubuntu2~24.04_amd64.deb ...
l1-smoke	Set up OCaml and OPAM	2025-09-29T18:08:08.8086548Z Unpacking gcc-13-multilib (13.3.0-6ubuntu2~24.04) ...
l1-smoke	Set up OCaml and OPAM	2025-09-29T18:08:08.8296321Z Selecting previously unselected package lib32stdc++-13-dev.
l1-smoke	Set up OCaml and OPAM	2025-09-29T18:08:08.8428852Z Preparing to unpack .../21-lib32stdc++-13-dev_13.3.0-6ubuntu2~24.04_amd64.deb ...
l1-smoke	Set up OCaml and OPAM	2025-09-29T18:08:08.8446259Z Unpacking lib32stdc++-13-dev (13.3.0-6ubuntu2~24.04) ...
l1-smoke	Set up OCaml and OPAM	2025-09-29T18:08:08.9069701Z Selecting previously unselected package libx32stdc++-13-dev.
l1-smoke	Set up OCaml and OPAM	2025-09-29T18:08:08.9201677Z Preparing to unpack .../22-libx32stdc++-13-dev_13.3.0-6ubuntu2~24.04_amd64.deb ...
l1-smoke	Set up OCaml and OPAM	2025-09-29T18:08:08.9214254Z Unpacking libx32stdc++-13-dev (13.3.0-6ubuntu2~24.04) ...
l1-smoke	Set up OCaml and OPAM	2025-09-29T18:08:08.9687182Z Selecting previously unselected package g++-13-multilib.
l1-smoke	Set up OCaml and OPAM	2025-09-29T18:08:08.9818192Z Preparing to unpack .../23-g++-13-multilib_13.3.0-6ubuntu2~24.04_amd64.deb ...
l1-smoke	Set up OCaml and OPAM	2025-09-29T18:08:08.9830011Z Unpacking g++-13-multilib (13.3.0-6ubuntu2~24.04) ...
l1-smoke	Set up OCaml and OPAM	2025-09-29T18:08:09.0040259Z Selecting previously unselected package gcc-multilib.
l1-smoke	Set up OCaml and OPAM	2025-09-29T18:08:09.0175204Z Preparing to unpack .../24-gcc-multilib_4%3a13.2.0-7ubuntu1_amd64.deb ...
l1-smoke	Set up OCaml and OPAM	2025-09-29T18:08:09.0185646Z Unpacking gcc-multilib (4:13.2.0-7ubuntu1) ...
l1-smoke	Set up OCaml and OPAM	2025-09-29T18:08:09.0423086Z Selecting previously unselected package g++-multilib.
l1-smoke	Set up OCaml and OPAM	2025-09-29T18:08:09.0555229Z Preparing to unpack .../25-g++-multilib_4%3a13.2.0-7ubuntu1_amd64.deb ...
l1-smoke	Set up OCaml and OPAM	2025-09-29T18:08:09.0571145Z Unpacking g++-multilib (4:13.2.0-7ubuntu1) ...
l1-smoke	Set up OCaml and OPAM	2025-09-29T18:08:09.0790010Z Selecting previously unselected package musl:amd64.
l1-smoke	Set up OCaml and OPAM	2025-09-29T18:08:09.0922776Z Preparing to unpack .../26-musl_1.2.4-2_amd64.deb ...
l1-smoke	Set up OCaml and OPAM	2025-09-29T18:08:09.0936920Z Unpacking musl:amd64 (1.2.4-2) ...
l1-smoke	Set up OCaml and OPAM	2025-09-29T18:08:09.1369342Z Selecting previously unselected package musl-dev:amd64.
l1-smoke	Set up OCaml and OPAM	2025-09-29T18:08:09.1504505Z Preparing to unpack .../27-musl-dev_1.2.4-2_amd64.deb ...
l1-smoke	Set up OCaml and OPAM	2025-09-29T18:08:09.1517296Z Unpacking musl-dev:amd64 (1.2.4-2) ...
l1-smoke	Set up OCaml and OPAM	2025-09-29T18:08:09.2167720Z Selecting previously unselected package musl-tools.
l1-smoke	Set up OCaml and OPAM	2025-09-29T18:08:09.2300692Z Preparing to unpack .../28-musl-tools_1.2.4-2_amd64.deb ...
l1-smoke	Set up OCaml and OPAM	2025-09-29T18:08:09.2313704Z Unpacking musl-tools (1.2.4-2) ...
l1-smoke	Set up OCaml and OPAM	2025-09-29T18:08:09.3053238Z Setting up bubblewrap (0.9.0-1ubuntu0.1) ...
l1-smoke	Set up OCaml and OPAM	2025-09-29T18:08:09.3119342Z Setting up libc6-dev-i386 (2.39-0ubuntu8.6) ...
l1-smoke	Set up OCaml and OPAM	2025-09-29T18:08:09.3154244Z Setting up lib32itm1 (14.2.0-4ubuntu2~24.04) ...
l1-smoke	Set up OCaml and OPAM	2025-09-29T18:08:09.3187922Z Setting up lib32ubsan1 (14.2.0-4ubuntu2~24.04) ...
l1-smoke	Set up OCaml and OPAM	2025-09-29T18:08:09.3218438Z Setting up libc6-x32 (2.39-0ubuntu8.6) ...
l1-smoke	Set up OCaml and OPAM	2025-09-29T18:08:09.3268860Z Setting up libc6-dev-x32 (2.39-0ubuntu8.6) ...
l1-smoke	Set up OCaml and OPAM	2025-09-29T18:08:09.3310226Z Setting up lib32gomp1 (14.2.0-4ubuntu2~24.04) ...
l1-smoke	Set up OCaml and OPAM	2025-09-29T18:08:09.3347563Z Setting up lib32asan8 (14.2.0-4ubuntu2~24.04) ...
l1-smoke	Set up OCaml and OPAM	2025-09-29T18:08:09.3380418Z Setting up libx32gomp1 (14.2.0-4ubuntu2~24.04) ...
l1-smoke	Set up OCaml and OPAM	2025-09-29T18:08:09.3415283Z Setting up musl:amd64 (1.2.4-2) ...
l1-smoke	Set up OCaml and OPAM	2025-09-29T18:08:09.3468580Z Setting up lib32quadmath0 (14.2.0-4ubuntu2~24.04) ...
l1-smoke	Set up OCaml and OPAM	2025-09-29T18:08:09.3499670Z Setting up libx32quadmath0 (14.2.0-4ubuntu2~24.04) ...
l1-smoke	Set up OCaml and OPAM	2025-09-29T18:08:09.3530524Z Setting up lib32atomic1 (14.2.0-4ubuntu2~24.04) ...
l1-smoke	Set up OCaml and OPAM	2025-09-29T18:08:09.3566480Z Setting up libx32atomic1 (14.2.0-4ubuntu2~24.04) ...
l1-smoke	Set up OCaml and OPAM	2025-09-29T18:08:09.3652178Z Setting up libx32gcc-s1 (14.2.0-4ubuntu2~24.04) ...
l1-smoke	Set up OCaml and OPAM	2025-09-29T18:08:09.3685534Z Setting up libx32itm1 (14.2.0-4ubuntu2~24.04) ...
l1-smoke	Set up OCaml and OPAM	2025-09-29T18:08:09.3722116Z Setting up libx32asan8 (14.2.0-4ubuntu2~24.04) ...
l1-smoke	Set up OCaml and OPAM	2025-09-29T18:08:09.3763959Z Setting up musl-dev:amd64 (1.2.4-2) ...
l1-smoke	Set up OCaml and OPAM	2025-09-29T18:08:09.3810213Z Setting up libx32stdc++6 (14.2.0-4ubuntu2~24.04) ...
l1-smoke	Set up OCaml and OPAM	2025-09-29T18:08:09.3847062Z Setting up libx32ubsan1 (14.2.0-4ubuntu2~24.04) ...
l1-smoke	Set up OCaml and OPAM	2025-09-29T18:08:09.3882003Z Setting up lib32gcc-13-dev (13.3.0-6ubuntu2~24.04) ...
l1-smoke	Set up OCaml and OPAM	2025-09-29T18:08:09.3923193Z Setting up musl-tools (1.2.4-2) ...
l1-smoke	Set up OCaml and OPAM	2025-09-29T18:08:09.3954889Z Setting up libx32gcc-13-dev (13.3.0-6ubuntu2~24.04) ...
l1-smoke	Set up OCaml and OPAM	2025-09-29T18:08:09.3992189Z Setting up gcc-13-multilib (13.3.0-6ubuntu2~24.04) ...
l1-smoke	Set up OCaml and OPAM	2025-09-29T18:08:09.4027834Z Setting up lib32stdc++-13-dev (13.3.0-6ubuntu2~24.04) ...
l1-smoke	Set up OCaml and OPAM	2025-09-29T18:08:09.4065921Z Setting up gcc-multilib (4:13.2.0-7ubuntu1) ...
l1-smoke	Set up OCaml and OPAM	2025-09-29T18:08:09.4108351Z Setting up libx32stdc++-13-dev (13.3.0-6ubuntu2~24.04) ...
l1-smoke	Set up OCaml and OPAM	2025-09-29T18:08:09.4142472Z Setting up g++-13-multilib (13.3.0-6ubuntu2~24.04) ...
l1-smoke	Set up OCaml and OPAM	2025-09-29T18:08:09.4178350Z Setting up g++-multilib (4:13.2.0-7ubuntu1) ...
l1-smoke	Set up OCaml and OPAM	2025-09-29T18:08:09.4214061Z Processing triggers for libc-bin (2.39-0ubuntu8.6) ...
l1-smoke	Set up OCaml and OPAM	2025-09-29T18:08:09.6563034Z Processing triggers for man-db (2.12.0-4build2) ...
l1-smoke	Set up OCaml and OPAM	2025-09-29T18:10:23.1825901Z 
l1-smoke	Set up OCaml and OPAM	2025-09-29T18:10:23.1826473Z Running kernel seems to be up-to-date.
l1-smoke	Set up OCaml and OPAM	2025-09-29T18:10:23.1826789Z 
l1-smoke	Set up OCaml and OPAM	2025-09-29T18:10:23.1827297Z Restarting services...
l1-smoke	Set up OCaml and OPAM	2025-09-29T18:10:23.1901411Z 
l1-smoke	Set up OCaml and OPAM	2025-09-29T18:10:23.1901636Z Service restarts being deferred:
l1-smoke	Set up OCaml and OPAM	2025-09-29T18:10:23.1906081Z  systemctl restart hosted-compute-agent.service
l1-smoke	Set up OCaml and OPAM	2025-09-29T18:10:23.1906398Z 
l1-smoke	Set up OCaml and OPAM	2025-09-29T18:10:23.1906718Z No containers need to be restarted.
l1-smoke	Set up OCaml and OPAM	2025-09-29T18:10:23.1907059Z 
l1-smoke	Set up OCaml and OPAM	2025-09-29T18:10:23.1907266Z No user sessions are running outdated binaries.
l1-smoke	Set up OCaml and OPAM	2025-09-29T18:10:23.1907603Z 
l1-smoke	Set up OCaml and OPAM	2025-09-29T18:10:23.1907930Z No VM guests are running outdated hypervisor (qemu) binaries on this host.
l1-smoke	Set up OCaml and OPAM	2025-09-29T18:10:24.1648009Z ##[group]Run mkdir -p "$HOME/.github-tools"
l1-smoke	Set up OCaml and OPAM	2025-09-29T18:10:24.1648379Z [36;1mmkdir -p "$HOME/.github-tools"[0m
l1-smoke	Set up OCaml and OPAM	2025-09-29T18:10:24.1648623Z [36;1m{[0m
l1-smoke	Set up OCaml and OPAM	2025-09-29T18:10:24.1648824Z [36;1m  printf '%s\n' '#!/usr/bin/env bash'[0m
l1-smoke	Set up OCaml and OPAM	2025-09-29T18:10:24.1649130Z [36;1m  printf '%s\n' 'if [[ "$1" == "apt-get" ]]; then'[0m
l1-smoke	Set up OCaml and OPAM	2025-09-29T18:10:24.1649409Z [36;1m  printf '%s\n' '  args=()'[0m
l1-smoke	Set up OCaml and OPAM	2025-09-29T18:10:24.1649662Z [36;1m  printf '%s\n' '  install_seen=false'[0m
l1-smoke	Set up OCaml and OPAM	2025-09-29T18:10:24.1649941Z [36;1m  printf '%s\n' '  for arg in "$@"; do'[0m
l1-smoke	Set up OCaml and OPAM	2025-09-29T18:10:24.1650241Z [36;1m  printf '%s\n' '    if [[ "$arg" == "install" ]]; then'[0m
l1-smoke	Set up OCaml and OPAM	2025-09-29T18:10:24.1650551Z [36;1m  printf '%s\n' '      install_seen=true'[0m
l1-smoke	Set up OCaml and OPAM	2025-09-29T18:10:24.1650809Z [36;1m  printf '%s\n' '    fi'[0m
l1-smoke	Set up OCaml and OPAM	2025-09-29T18:10:24.1651116Z [36;1m  printf '%s\n' '    if [[ "$install_seen" == true && "$arg" == "darcs" ]]; then'[0m
l1-smoke	Set up OCaml and OPAM	2025-09-29T18:10:24.1651456Z [36;1m  printf '%s\n' '      continue'[0m
l1-smoke	Set up OCaml and OPAM	2025-09-29T18:10:24.1651707Z [36;1m  printf '%s\n' '    fi'[0m
l1-smoke	Set up OCaml and OPAM	2025-09-29T18:10:24.1651943Z [36;1m  printf '%s\n' '    args+=("$arg")'[0m
l1-smoke	Set up OCaml and OPAM	2025-09-29T18:10:24.1652189Z [36;1m  printf '%s\n' '  done'[0m
l1-smoke	Set up OCaml and OPAM	2025-09-29T18:10:24.1652449Z [36;1m  printf '%s\n' '  exec /usr/bin/sudo "${args[@]}"'[0m
l1-smoke	Set up OCaml and OPAM	2025-09-29T18:10:24.1652727Z [36;1m  printf '%s\n' 'fi'[0m
l1-smoke	Set up OCaml and OPAM	2025-09-29T18:10:24.1652963Z [36;1m  printf '%s\n' 'exec /usr/bin/sudo "$@"'[0m
l1-smoke	Set up OCaml and OPAM	2025-09-29T18:10:24.1653228Z [36;1m} > "$HOME/.github-tools/sudo"[0m
l1-smoke	Set up OCaml and OPAM	2025-09-29T18:10:24.1653666Z [36;1mchmod +x "$HOME/.github-tools/sudo"[0m
l1-smoke	Set up OCaml and OPAM	2025-09-29T18:10:24.1653990Z [36;1mecho "PATH=$HOME/.github-tools:$PATH" >> "$GITHUB_ENV"[0m
l1-smoke	Set up OCaml and OPAM	2025-09-29T18:10:24.1685396Z shell: /usr/bin/bash --noprofile --norc -e -o pipefail {0}
l1-smoke	Set up OCaml and OPAM	2025-09-29T18:10:24.1685717Z ##[endgroup]
l1-smoke	Set up OCaml and OPAM	2025-09-29T18:10:24.1836372Z ##[group]Run ocaml/setup-ocaml@v2
l1-smoke	Set up OCaml and OPAM	2025-09-29T18:10:24.1836626Z with:
l1-smoke	Set up OCaml and OPAM	2025-09-29T18:10:24.1836818Z   ocaml-compiler: 4.14.1
l1-smoke	Set up OCaml and OPAM	2025-09-29T18:10:24.1837036Z   allow-prerelease-opam: false
l1-smoke	Set up OCaml and OPAM	2025-09-29T18:10:24.1837266Z   opam-pin: true
l1-smoke	Set up OCaml and OPAM	2025-09-29T18:10:24.1837452Z   opam-depext: false
l1-smoke	Set up OCaml and OPAM	2025-09-29T18:10:24.1837656Z   opam-local-packages: *.opam
l1-smoke	Set up OCaml and OPAM	2025-09-29T18:10:24.1837895Z   opam-disable-sandboxing: false
l1-smoke	Set up OCaml and OPAM	2025-09-29T18:10:24.1838115Z   dune-cache: false
l1-smoke	Set up OCaml and OPAM	2025-09-29T18:10:24.1838301Z   cache-prefix: v1
l1-smoke	Set up OCaml and OPAM	2025-09-29T18:10:24.1838812Z   github-token: ***
l1-smoke	Set up OCaml and OPAM	2025-09-29T18:10:24.1839008Z env:
l1-smoke	Set up OCaml and OPAM	2025-09-29T18:10:24.1839968Z   PATH: /home/runner/.github-tools:/snap/bin:/home/runner/.local/bin:/opt/pipx_bin:/home/runner/.cargo/bin:/home/runner/.config/composer/vendor/bin:/usr/local/.ghcup/bin:/home/runner/.dotnet/tools:/usr/local/sbin:/usr/local/bin:/usr/sbin:/usr/bin:/sbin:/bin:/usr/games:/usr/local/games:/snap/bin
l1-smoke	Set up OCaml and OPAM	2025-09-29T18:10:24.1841003Z ##[endgroup]
l1-smoke	Set up OCaml and OPAM	2025-09-29T18:10:24.3663701Z ##[group]Retrieve the opam cache
l1-smoke	Set up OCaml and OPAM	2025-09-29T18:10:25.1510653Z ##[warning]Failed to restore: Cache service responded with 400
l1-smoke	Set up OCaml and OPAM	2025-09-29T18:10:25.1512668Z Cache not found for input keys: v1-setup-ocaml-opam-2.1.6-sandbox-linux-24.04-x86_64-ocaml_base_compiler_4_14_1-2025-40, v1-setup-ocaml-opam-2.1.6-sandbox-linux-24.04-x86_64-ocaml_base_compiler_4_14_1-2025-40, v1-setup-ocaml-opam-2.1.6-sandbox-linux-24.04-x86_64-ocaml_base_compiler_4_14_1-2025-, v1-setup-ocaml-opam-2.1.6-sandbox-linux-24.04-x86_64-ocaml_base_compiler_4_14_1-
l1-smoke	Set up OCaml and OPAM	2025-09-29T18:10:25.1514181Z ##[endgroup]
l1-smoke	Set up OCaml and OPAM	2025-09-29T18:10:25.1514519Z ##[group]Install opam
l1-smoke	Set up OCaml and OPAM	2025-09-29T18:10:25.7359241Z Acquired 2.1.6 from https://github.com/ocaml/opam/releases/download/2.1.6/opam-2.1.6-x86_64-linux
l1-smoke	Set up OCaml and OPAM	2025-09-29T18:10:25.7505629Z Successfully cached opam to /opt/hostedtoolcache/opam/2.1.6/x86_64
l1-smoke	Set up OCaml and OPAM	2025-09-29T18:10:25.7507679Z Added opam to the path
l1-smoke	Set up OCaml and OPAM	2025-09-29T18:10:25.7508416Z ##[endgroup]
l1-smoke	Set up OCaml and OPAM	2025-09-29T18:10:25.7508958Z ##[group]Initialise the opam state
l1-smoke	Set up OCaml and OPAM	2025-09-29T18:10:25.7529329Z [command]/home/runner/.github-tools/sudo apt-get --yes install bubblewrap darcs g++-multilib gcc-multilib mercurial musl-tools rsync
l1-smoke	Set up OCaml and OPAM	2025-09-29T18:10:25.7787754Z Reading package lists...
l1-smoke	Set up OCaml and OPAM	2025-09-29T18:10:25.9571508Z Building dependency tree...
l1-smoke	Set up OCaml and OPAM	2025-09-29T18:10:25.9579012Z Reading state information...
l1-smoke	Set up OCaml and OPAM	2025-09-29T18:10:26.1529711Z bubblewrap is already the newest version (0.9.0-1ubuntu0.1).
l1-smoke	Set up OCaml and OPAM	2025-09-29T18:10:26.1530370Z g++-multilib is already the newest version (4:13.2.0-7ubuntu1).
l1-smoke	Set up OCaml and OPAM	2025-09-29T18:10:26.1530964Z gcc-multilib is already the newest version (4:13.2.0-7ubuntu1).
l1-smoke	Set up OCaml and OPAM	2025-09-29T18:10:26.1531529Z mercurial is already the newest version (6.7.2-1ubuntu2.2).
l1-smoke	Set up OCaml and OPAM	2025-09-29T18:10:26.1532044Z musl-tools is already the newest version (1.2.4-2).
l1-smoke	Set up OCaml and OPAM	2025-09-29T18:10:26.1532552Z rsync is already the newest version (3.2.7-1ubuntu1.2).
l1-smoke	Set up OCaml and OPAM	2025-09-29T18:10:26.1533063Z 0 upgraded, 0 newly installed, 0 to remove and 18 not upgraded.
l1-smoke	Set up OCaml and OPAM	2025-09-29T18:10:26.1564358Z [command]/opt/hostedtoolcache/opam/2.1.6/x86_64/opam init --auto-setup --bare --enable-shell-hook
l1-smoke	Set up OCaml and OPAM	2025-09-29T18:10:26.1780227Z No configuration file found, using built-in defaults.
l1-smoke	Set up OCaml and OPAM	2025-09-29T18:10:26.1782979Z Checking for available remotes: rsync and local, git, mercurial.
l1-smoke	Set up OCaml and OPAM	2025-09-29T18:10:26.1784444Z   - you won't be able to use darcs repositories unless you install the [01mdarcs[0m command on your system.
l1-smoke	Set up OCaml and OPAM	2025-09-29T18:10:26.1784978Z 
l1-smoke	Set up OCaml and OPAM	2025-09-29T18:10:26.1956972Z [31m[ERROR][0m Sandboxing is not working on your platform ubuntu:
l1-smoke	Set up OCaml and OPAM	2025-09-29T18:10:26.1958752Z         "~/.opam/opam-init/hooks/sandbox.sh build sh -c echo SUCCESS >$TMPDIR/opam-sandbox-check-out && cat $TMPDIR/opam-sandbox-check-out; rm -f $TMPDIR/opam-sandbox-check-out" exited with code 1 "bwrap: loopback: Failed RTM_NEWADDR: Operation not permitted"
l1-smoke	Set up OCaml and OPAM	2025-09-29T18:10:26.1961422Z Do you want to disable it?  Note that this will result in less secure package builds, so please ensure that you have some other isolation mechanisms in place (such as running within a container or virtual machine). [y/N] y
l1-smoke	Set up OCaml and OPAM	2025-09-29T18:10:26.1962934Z 
l1-smoke	Set up OCaml and OPAM	2025-09-29T18:10:26.1965060Z [36m<><>[0m [01mFetching repository information[0m [36m><><><><><><><><><><><><><><><><><><><><><>[0m
l1-smoke	Set up OCaml and OPAM	2025-09-29T18:10:29.0045419Z [[32mdefault[0m] Initialised
l1-smoke	Set up OCaml and OPAM	2025-09-29T18:10:41.0602231Z 
l1-smoke	Set up OCaml and OPAM	2025-09-29T18:10:41.0602760Z User configuration:
l1-smoke	Set up OCaml and OPAM	2025-09-29T18:10:41.0678154Z   Updating ~/.bash_profile.
l1-smoke	Set up OCaml and OPAM	2025-09-29T18:10:41.0679719Z [1;34m[NOTE][0m Make sure that ~/.bash_profile is well [04msourced[0m in your ~/.bashrc.
l1-smoke	Set up OCaml and OPAM	2025-09-29T18:10:41.0680278Z 
l1-smoke	Set up OCaml and OPAM	2025-09-29T18:10:42.1519093Z ##[endgroup]
l1-smoke	Set up OCaml and OPAM	2025-09-29T18:10:42.1521623Z ##[group]Remove the opam repositories
l1-smoke	Set up OCaml and OPAM	2025-09-29T18:10:42.1552962Z [command]/opt/hostedtoolcache/opam/2.1.6/x86_64/opam repository list --all-switches --short
l1-smoke	Set up OCaml and OPAM	2025-09-29T18:10:42.2116738Z default
l1-smoke	Set up OCaml and OPAM	2025-09-29T18:10:42.2147388Z [command]/opt/hostedtoolcache/opam/2.1.6/x86_64/opam repository remove default --all-switches
l1-smoke	Set up OCaml and OPAM	2025-09-29T18:10:42.2749941Z ##[endgroup]
l1-smoke	Set up OCaml and OPAM	2025-09-29T18:10:42.2750634Z ##[group]Initialise the opam repositories
l1-smoke	Set up OCaml and OPAM	2025-09-29T18:10:42.2768615Z [command]/opt/hostedtoolcache/opam/2.1.6/x86_64/opam repository add default https://github.com/ocaml/opam-repository.git --all-switches --set-default
l1-smoke	Set up OCaml and OPAM	2025-09-29T18:11:17.6039883Z [[32mdefault[0m] Initialised
l1-smoke	Set up OCaml and OPAM	2025-09-29T18:11:28.8328868Z ##[endgroup]
l1-smoke	Set up OCaml and OPAM	2025-09-29T18:11:28.9706331Z ##[group]Install OCaml
l1-smoke	Set up OCaml and OPAM	2025-09-29T18:11:28.9728237Z [command]/opt/hostedtoolcache/opam/2.1.6/x86_64/opam switch create . --no-install --packages ocaml-base-compiler.4.14.1
l1-smoke	Set up OCaml and OPAM	2025-09-29T18:11:29.1795568Z 
l1-smoke	Set up OCaml and OPAM	2025-09-29T18:11:29.1798705Z [36m<><>[0m [01mInstalling new switch packages[0m [36m<><><><><><><><><><><><><><><><><><><><><><>[0m
l1-smoke	Set up OCaml and OPAM	2025-09-29T18:11:29.1799551Z Switch invariant: ["ocaml-base-compiler" {= "4.14.1"}]
l1-smoke	Set up OCaml and OPAM	2025-09-29T18:11:33.3763203Z 
l1-smoke	Set up OCaml and OPAM	2025-09-29T18:11:33.3764509Z [36m<><>[0m [01mProcessing actions[0m [36m<><><><><><><><><><><><><><><><><><><><><><><><><><><><>[0m
l1-smoke	Set up OCaml and OPAM	2025-09-29T18:11:35.8844373Z [32mâ[0m installed [01mbase-bigarray[0m.base
l1-smoke	Set up OCaml and OPAM	2025-09-29T18:11:35.8849717Z [32mâ[0m installed [01mbase-threads[0m.base
l1-smoke	Set up OCaml and OPAM	2025-09-29T18:11:35.8857269Z [32mâ[0m installed [01mbase-unix[0m.base
l1-smoke	Set up OCaml and OPAM	2025-09-29T18:11:35.8867542Z [32mâ[0m installed [01mocaml-options-vanilla[0m.1
l1-smoke	Set up OCaml and OPAM	2025-09-29T18:11:35.9688756Z [36mâ¬[0m retrieved [01mocaml-config[0m.2  (2 extra sources)
l1-smoke	Set up OCaml and OPAM	2025-09-29T18:11:36.4189487Z [36mâ¬[0m retrieved [01mocaml-base-compiler[0m.4.14.1  (https://github.com/ocaml/ocaml/archive/4.14.1.tar.gz)
l1-smoke	Set up OCaml and OPAM	2025-09-29T18:14:48.9845386Z [32mâ[0m installed [01mocaml-base-compiler[0m.4.14.1
l1-smoke	Set up OCaml and OPAM	2025-09-29T18:14:48.9931131Z [32mâ[0m installed [01mocaml-config[0m.2
l1-smoke	Set up OCaml and OPAM	2025-09-29T18:14:49.0450744Z [32mâ[0m installed [01mocaml[0m.4.14.1
l1-smoke	Set up OCaml and OPAM	2025-09-29T18:14:49.4232402Z Done.
l1-smoke	Set up OCaml and OPAM	2025-09-29T18:14:49.4244607Z # Run [01meval $(opam env)[0m to update the current shell environment
l1-smoke	Set up OCaml and OPAM	2025-09-29T18:14:50.6067714Z ##[endgroup]
l1-smoke	Set up OCaml and OPAM	2025-09-29T18:14:50.6069670Z ##[group]Save the opam cache
l1-smoke	Set up OCaml and OPAM	2025-09-29T18:14:50.6086713Z [command]/opt/hostedtoolcache/opam/2.1.6/x86_64/opam clean --all-switches --download-cache --logs --repo-cache --unused-repositories
l1-smoke	Set up OCaml and OPAM	2025-09-29T18:14:50.8112416Z Cleaning up switch /home/runner/work/latex_perf/latex_perf
l1-smoke	Set up OCaml and OPAM	2025-09-29T18:14:50.9165993Z Updating /home/runner/.opam/repo/repos-config
l1-smoke	Set up OCaml and OPAM	2025-09-29T18:14:50.9166552Z Clearing repository cache
l1-smoke	Set up OCaml and OPAM	2025-09-29T18:14:50.9200366Z Clearing cache of downloaded files
l1-smoke	Set up OCaml and OPAM	2025-09-29T18:14:50.9230792Z Clearing logs
l1-smoke	Set up OCaml and OPAM	2025-09-29T18:14:51.5321215Z [command]/usr/bin/tar --posix -cf cache.tzst --exclude cache.tzst -P -C /home/runner/work/latex_perf/latex_perf --files-from manifest.txt --use-compress-program zstdmt
l1-smoke	Set up OCaml and OPAM	2025-09-29T18:14:53.4818679Z ##[warning]Failed to save: <h2>Our services aren't available right now</h2><p>We're working to restore all services as soon as possible. Please check back soon.</p>0nczaaAAAAABOWWM1rXNBTZXv1iX6DhWDUEhMMzBFREdFMDIxNgBFZGdl
l1-smoke	Set up OCaml and OPAM	2025-09-29T18:14:53.5556528Z ##[endgroup]
l1-smoke	Set up OCaml and OPAM	2025-09-29T18:14:53.5557657Z ##[group]Retrieve the opam download cache
l1-smoke	Set up OCaml and OPAM	2025-09-29T18:14:53.6056112Z ##[warning]Failed to restore: Cache service responded with 400
l1-smoke	Set up OCaml and OPAM	2025-09-29T18:14:53.6060947Z Cache not found for input keys: v1-setup-ocaml-opam-download-github.com/ocaml/opam-repository.git-4_14_1-2025-8-29-18106304886-56, v1-setup-ocaml-opam-download-github.com/ocaml/opam-repository.git-4_14_1-2025-8-29-18106304886-56, v1-setup-ocaml-opam-download-github.com/ocaml/opam-repository.git-4_14_1-2025-8-29-18106304886-, v1-setup-ocaml-opam-download-github.com/ocaml/opam-repository.git-4_14_1-2025-8-29-, v1-setup-ocaml-opam-download-github.com/ocaml/opam-repository.git-4_14_1-2025-8-
l1-smoke	Set up OCaml and OPAM	2025-09-29T18:14:53.6063919Z ##[endgroup]
l1-smoke	Set up OCaml and OPAM	2025-09-29T18:14:53.6101431Z ##[group]Pin local packages
l1-smoke	Set up OCaml and OPAM	2025-09-29T18:14:53.6120809Z [command]/opt/hostedtoolcache/opam/2.1.6/x86_64/opam pin add latex-perfectionist.dev . --no-action
l1-smoke	Set up OCaml and OPAM	2025-09-29T18:15:00.3744874Z Package latex-perfectionist does not exist, create as a [01mNEW[0m package? [Y/n] y
l1-smoke	Set up OCaml and OPAM	2025-09-29T18:15:00.6286858Z [[32mlatex-perfectionist.dev[0m] synchronised (file:///home/runner/work/latex_perf/latex_perf)
l1-smoke	Set up OCaml and OPAM	2025-09-29T18:15:00.6293214Z [33m[WARNING][0m Failed checks on latex-perfectionist package definition from source at file:///home/runner/work/latex_perf/latex_perf:
l1-smoke	Set up OCaml and OPAM	2025-09-29T18:15:00.6295201Z     [31merror[0m 23: Missing field 'maintainer'
l1-smoke	Set up OCaml and OPAM	2025-09-29T18:15:00.6295800Z   [33mwarning[0m 25: Missing field 'authors'
l1-smoke	Set up OCaml and OPAM	2025-09-29T18:15:00.6296341Z   [33mwarning[0m 35: Missing field 'homepage'
l1-smoke	Set up OCaml and OPAM	2025-09-29T18:15:00.6296924Z   [33mwarning[0m 36: Missing field 'bug-reports'
l1-smoke	Set up OCaml and OPAM	2025-09-29T18:15:00.6303519Z latex-perfectionist is now pinned to [01mgit+file:///home/runner/work/latex_perf/latex_perf#HEAD[0m (version [01mdev[0m)
l1-smoke	Set up OCaml and OPAM	2025-09-29T18:15:01.7209066Z ##[endgroup]
l1-smoke	Set up OCaml and OPAM	2025-09-29T18:15:01.7224807Z [command]/opt/hostedtoolcache/opam/2.1.6/x86_64/opam --version
l1-smoke	Set up OCaml and OPAM	2025-09-29T18:15:01.7360059Z 2.1.6
l1-smoke	Set up OCaml and OPAM	2025-09-29T18:15:01.7379579Z [command]/opt/hostedtoolcache/opam/2.1.6/x86_64/opam exec -- ocaml -version
l1-smoke	Set up OCaml and OPAM	2025-09-29T18:15:01.7661673Z The OCaml toplevel, version 4.14.1
l1-smoke	Install dependencies	ï»¿2025-09-29T18:15:01.7818406Z ##[group]Run sudo apt-get update -y
l1-smoke	Install dependencies	2025-09-29T18:15:01.7818779Z [36;1msudo apt-get update -y[0m
l1-smoke	Install dependencies	2025-09-29T18:15:01.7819039Z [36;1msudo apt-get install -y jq[0m
l1-smoke	Install dependencies	2025-09-29T18:15:01.7819368Z [36;1mopam repo add default https://opam.ocaml.org || true[0m
l1-smoke	Install dependencies	2025-09-29T18:15:01.7819702Z [36;1mopam update -y || true[0m
l1-smoke	Install dependencies	2025-09-29T18:15:01.7819965Z [36;1mopam install -y . --deps-only --with-test[0m
l1-smoke	Install dependencies	2025-09-29T18:15:01.7854390Z shell: /usr/bin/bash -e {0}
l1-smoke	Install dependencies	2025-09-29T18:15:01.7854626Z env:
l1-smoke	Install dependencies	2025-09-29T18:15:01.7855648Z   PATH: /home/runner/.github-tools:/snap/bin:/home/runner/.local/bin:/opt/pipx_bin:/home/runner/.cargo/bin:/home/runner/.config/composer/vendor/bin:/usr/local/.ghcup/bin:/home/runner/.dotnet/tools:/usr/local/sbin:/usr/local/bin:/usr/sbin:/usr/bin:/sbin:/bin:/usr/games:/usr/local/games:/snap/bin
l1-smoke	Install dependencies	2025-09-29T18:15:01.7856696Z   OPAMCLI: 2.0
l1-smoke	Install dependencies	2025-09-29T18:15:01.7856878Z   OPAMCOLOR: always
l1-smoke	Install dependencies	2025-09-29T18:15:01.7857061Z   OPAMERRLOGLEN: 0
l1-smoke	Install dependencies	2025-09-29T18:15:01.7857237Z   OPAMJOBS: 4
l1-smoke	Install dependencies	2025-09-29T18:15:01.7857455Z   OPAMPRECISETRACKING: 1
l1-smoke	Install dependencies	2025-09-29T18:15:01.7857673Z   OPAMSOLVERTIMEOUT: 1000
l1-smoke	Install dependencies	2025-09-29T18:15:01.7857871Z   OPAMYES: 1
l1-smoke	Install dependencies	2025-09-29T18:15:01.7858046Z   CLICOLOR_FORCE: 1
l1-smoke	Install dependencies	2025-09-29T18:15:01.7858227Z ##[endgroup]
l1-smoke	Install dependencies	2025-09-29T18:15:01.8521869Z Get:1 file:/etc/apt/apt-mirrors.txt Mirrorlist [144 B]
l1-smoke	Install dependencies	2025-09-29T18:15:01.8962657Z Hit:2 http://azure.archive.ubuntu.com/ubuntu noble InRelease
l1-smoke	Install dependencies	2025-09-29T18:15:01.8976851Z Hit:3 http://azure.archive.ubuntu.com/ubuntu noble-updates InRelease
l1-smoke	Install dependencies	2025-09-29T18:15:01.8984525Z Hit:6 https://packages.microsoft.com/repos/azure-cli noble InRelease
l1-smoke	Install dependencies	2025-09-29T18:15:01.8989351Z Hit:4 http://azure.archive.ubuntu.com/ubuntu noble-backports InRelease
l1-smoke	Install dependencies	2025-09-29T18:15:01.8995060Z Hit:5 http://azure.archive.ubuntu.com/ubuntu noble-security InRelease
l1-smoke	Install dependencies	2025-09-29T18:15:01.9035047Z Hit:7 https://packages.microsoft.com/ubuntu/24.04/prod noble InRelease
l1-smoke	Install dependencies	2025-09-29T18:15:03.1770051Z Reading package lists...
l1-smoke	Install dependencies	2025-09-29T18:15:03.2129039Z Reading package lists...
l1-smoke	Install dependencies	2025-09-29T18:15:03.4093839Z Building dependency tree...
l1-smoke	Install dependencies	2025-09-29T18:15:03.4101737Z Reading state information...
l1-smoke	Install dependencies	2025-09-29T18:15:03.5987609Z jq is already the newest version (1.7.1-3ubuntu0.24.04.1).
l1-smoke	Install dependencies	2025-09-29T18:15:03.5988111Z 0 upgraded, 0 newly installed, 0 to remove and 18 not upgraded.
l1-smoke	Install dependencies	2025-09-29T18:15:03.6537336Z [31m[ERROR][0m Repository default is already set up and points to git+https://github.com/ocaml/opam-repository.git. To change that, use 'opam repository set-url default https://opam.ocaml.org'.
l1-smoke	Install dependencies	2025-09-29T18:15:03.8908816Z [1;34m[NOTE][0m latex-perfectionist.dev has previously been updated with --working-dir, not resetting unless explicitly selected
l1-smoke	Install dependencies	2025-09-29T18:15:03.8909336Z 
l1-smoke	Install dependencies	2025-09-29T18:15:03.8909654Z [36m<><>[0m [01mUpdating package repositories[0m [36m><><><><><><><><><><><><><><><><><><><><><><>[0m
l1-smoke	Install dependencies	2025-09-29T18:15:07.4950704Z [[32mdefault[0m] no changes from git+https://github.com/ocaml/opam-repository.git
l1-smoke	Install dependencies	2025-09-29T18:15:19.0233639Z [1;34m[NOTE][0m Ignoring uncommitted changes in /home/runner/work/latex_perf/latex_perf (`--working-dir' not active).
l1-smoke	Install dependencies	2025-09-29T18:15:19.1677749Z [[32mlatex-perfectionist.dev[0m] synchronised (git+file:///home/runner/work/latex_perf/latex_perf#HEAD)
l1-smoke	Install dependencies	2025-09-29T18:15:23.6968402Z The following actions will be performed:
l1-smoke	Install dependencies	2025-09-29T18:15:23.6969627Z   [32mâ[0m install [01mocamlbuild[0m          0.16.1
l1-smoke	Install dependencies	2025-09-29T18:15:23.6970452Z   [32mâ[0m install [01mconf-gmp[0m            5
l1-smoke	Install dependencies	2025-09-29T18:15:23.6973880Z   [32mâ[0m install [01mconf-pkg-config[0m     4
l1-smoke	Install dependencies	2025-09-29T18:15:23.6974756Z   [32mâ[0m install [01mocamlfind[0m           1.9.8
l1-smoke	Install dependencies	2025-09-29T18:15:23.6975482Z   [32mâ[0m install [01mdune[0m                3.20.2
l1-smoke	Install dependencies	2025-09-29T18:15:23.6976165Z   [32mâ[0m install [01mzarith[0m              1.14
l1-smoke	Install dependencies	2025-09-29T18:15:23.6976798Z   [32mâ[0m install [01mtopkg[0m               1.1.0
l1-smoke	Install dependencies	2025-09-29T18:15:23.6977243Z   [32mâ[0m install [01myojson[0m              3.0.0
l1-smoke	Install dependencies	2025-09-29T18:15:23.6977698Z   [32mâ[0m install [01mstdlib-shims[0m        0.3.0
l1-smoke	Install dependencies	2025-09-29T18:15:23.6978669Z   [32mâ[0m install [01msexplib0[0m            v0.17.0
l1-smoke	Install dependencies	2025-09-29T18:15:23.6979139Z   [32mâ[0m install [01mppx_derivers[0m        1.2.1
l1-smoke	Install dependencies	2025-09-29T18:15:23.6979634Z   [32mâ[0m install [01mocaml-syntax-shims[0m  1.0.0
l1-smoke	Install dependencies	2025-09-29T18:15:23.6980070Z   [32mâ[0m install [01mocaml-compiler-libs[0m v0.12.4
l1-smoke	Install dependencies	2025-09-29T18:15:23.6980445Z   [32mâ[0m install [01mcsexp[0m               1.5.2
l1-smoke	Install dependencies	2025-09-29T18:15:23.6980777Z   [32mâ[0m install [01mcppo[0m                1.8.0
l1-smoke	Install dependencies	2025-09-29T18:15:23.6981107Z   [32mâ[0m install [01mcoq-core[0m            8.18.0
l1-smoke	Install dependencies	2025-09-29T18:15:23.6981428Z   [32mâ[0m install [01muutf[0m                1.0.4
l1-smoke	Install dependencies	2025-09-29T18:15:23.6981743Z   [32mâ[0m install [01mppxlib[0m              0.36.0
l1-smoke	Install dependencies	2025-09-29T18:15:23.6982075Z   [32mâ[0m install [01mdune-configurator[0m   3.20.2
l1-smoke	Install dependencies	2025-09-29T18:15:23.6982408Z   [32mâ[0m install [01mcoqide-server[0m       8.18.0
l1-smoke	Install dependencies	2025-09-29T18:15:23.6982734Z   [32mâ[0m install [01mcoq-stdlib[0m          8.18.0
l1-smoke	Install dependencies	2025-09-29T18:15:23.6983066Z   [32mâ[0m install [01mppx_deriving[0m        6.1.1
l1-smoke	Install dependencies	2025-09-29T18:15:23.6983590Z   [32mâ[0m install [01mbigstringaf[0m         0.10.0
l1-smoke	Install dependencies	2025-09-29T18:15:23.6983925Z   [32mâ[0m install [01mcoq[0m                 8.18.0
l1-smoke	Install dependencies	2025-09-29T18:15:23.6984249Z   [32mâ[0m install [01mangstrom[0m            0.16.1
l1-smoke	Install dependencies	2025-09-29T18:15:23.6984529Z ===== [32mâ[0m 25 =====
l1-smoke	Install dependencies	2025-09-29T18:15:23.6994405Z 
l1-smoke	Install dependencies	2025-09-29T18:15:23.6994947Z [36m<><>[0m [01mProcessing actions[0m [36m<><><><><><><><><><><><><><><><><><><><><><><><><><><><>[0m
l1-smoke	Install dependencies	2025-09-29T18:15:23.7668537Z [36mâ¬[0m retrieved [01mconf-gmp[0m.5  (https://raw.githubusercontent.com/ocaml/opam-source-archives/main/patches/conf-gmp/test.c.4)
l1-smoke	Install dependencies	2025-09-29T18:15:26.2552571Z [32mâ[0m installed [01mconf-gmp[0m.5
l1-smoke	Install dependencies	2025-09-29T18:15:26.2567150Z [32mâ[0m installed [01mconf-pkg-config[0m.4
l1-smoke	Install dependencies	2025-09-29T18:15:26.2721420Z [36mâ¬[0m retrieved [01mangstrom[0m.0.16.1  (https://github.com/inhabitedtype/angstrom/archive/0.16.1.tar.gz)
l1-smoke	Install dependencies	2025-09-29T18:15:26.3105425Z [36mâ¬[0m retrieved [01mbigstringaf[0m.0.10.0  (https://github.com/inhabitedtype/bigstringaf/archive/0.10.0.tar.gz)
l1-smoke	Install dependencies	2025-09-29T18:15:27.3575377Z [36mâ¬[0m retrieved [01mcoq[0m.8.18.0  (https://github.com/coq/coq/releases/download/V8.18.0/coq-8.18.0.tar.gz)
l1-smoke	Install dependencies	2025-09-29T18:15:27.7565659Z [36mâ¬[0m retrieved [01mcoq-core[0m.8.18.0  (cached)
l1-smoke	Install dependencies	2025-09-29T18:15:28.1292335Z [36mâ¬[0m retrieved [01mcoq-stdlib[0m.8.18.0  (cached)
l1-smoke	Install dependencies	2025-09-29T18:15:28.4998163Z [36mâ¬[0m retrieved [01mcoqide-server[0m.8.18.0  (cached)
l1-smoke	Install dependencies	2025-09-29T18:15:28.5426830Z [36mâ¬[0m retrieved [01mcppo[0m.1.8.0  (https://github.com/ocaml-community/cppo/archive/v1.8.0.tar.gz)
l1-smoke	Install dependencies	2025-09-29T18:15:28.6247225Z [36mâ¬[0m retrieved [01mcsexp[0m.1.5.2  (https://github.com/ocaml-dune/csexp/releases/download/1.5.2/csexp-1.5.2.tbz)
l1-smoke	Install dependencies	2025-09-29T18:15:28.8064636Z [36mâ¬[0m retrieved [01mocaml-compiler-libs[0m.v0.12.4  (https://github.com/janestreet/ocaml-compiler-libs/releases/download/v0.12.4/ocaml-compiler-libs-v0.12.4.tbz)
l1-smoke	Install dependencies	2025-09-29T18:15:29.0541900Z [36mâ¬[0m retrieved [01mocaml-syntax-shims[0m.1.0.0  (https://github.com/ocaml-ppx/ocaml-syntax-shims/releases/download/1.0.0/ocaml-syntax-shims-1.0.0.tbz)
l1-smoke	Install dependencies	2025-09-29T18:15:29.7315051Z [36mâ¬[0m retrieved [01mocamlbuild[0m.0.16.1  (https://github.com/ocaml/ocamlbuild/archive/refs/tags/0.16.1.tar.gz)
l1-smoke	Install dependencies	2025-09-29T18:15:30.4511829Z [36mâ¬[0m retrieved [01mdune[0m.3.20.2  (https://github.com/ocaml/dune/releases/download/3.20.2/dune-3.20.2.tbz)
l1-smoke	Install dependencies	2025-09-29T18:15:31.4269193Z [36mâ¬[0m retrieved [01mdune-configurator[0m.3.20.2  (https://github.com/ocaml/dune/releases/download/3.20.2/dune-3.20.2.tbz)
l1-smoke	Install dependencies	2025-09-29T18:15:31.4864323Z [36mâ¬[0m retrieved [01mocamlfind[0m.1.9.8  (https://github.com/ocaml/ocamlfind/archive/refs/tags/findlib-1.9.8.tar.gz)
l1-smoke	Install dependencies	2025-09-29T18:15:31.5169282Z [36mâ¬[0m retrieved [01mppx_derivers[0m.1.2.1  (https://github.com/ocaml-ppx/ppx_derivers/archive/1.2.1.tar.gz)
l1-smoke	Install dependencies	2025-09-29T18:15:31.7784460Z [36mâ¬[0m retrieved [01mppx_deriving[0m.6.1.1  (https://github.com/ocaml-ppx/ppx_deriving/releases/download/v6.1.1/ppx_deriving-6.1.1.tar.gz)
l1-smoke	Install dependencies	2025-09-29T18:15:31.9269302Z [36mâ¬[0m retrieved [01mppxlib[0m.0.36.0  (https://github.com/ocaml-ppx/ppxlib/releases/download/0.36.0/ppxlib-0.36.0.tbz)
l1-smoke	Install dependencies	2025-09-29T18:15:31.9422889Z [36mâ¬[0m retrieved [01msexplib0[0m.v0.17.0  (https://github.com/janestreet/sexplib0/archive/refs/tags/v0.17.0.tar.gz)
l1-smoke	Install dependencies	2025-09-29T18:15:32.0336935Z [36mâ¬[0m retrieved [01mstdlib-shims[0m.0.3.0  (https://github.com/ocaml/stdlib-shims/releases/download/0.3.0/stdlib-shims-0.3.0.tbz)
l1-smoke	Install dependencies	2025-09-29T18:15:32.3221491Z [36mâ¬[0m retrieved [01myojson[0m.3.0.0  (https://github.com/ocaml-community/yojson/releases/download/3.0.0/yojson-3.0.0.tbz)
l1-smoke	Install dependencies	2025-09-29T18:15:32.5696443Z [36mâ¬[0m retrieved [01muutf[0m.1.0.4  (https://erratique.ch/software/uutf/releases/uutf-1.0.4.tbz)
l1-smoke	Install dependencies	2025-09-29T18:15:32.6367767Z [36mâ¬[0m retrieved [01mzarith[0m.1.14  (https://github.com/ocaml/Zarith/archive/release-1.14.tar.gz)
l1-smoke	Install dependencies	2025-09-29T18:15:32.7688145Z [36mâ¬[0m retrieved [01mtopkg[0m.1.1.0  (https://erratique.ch/software/topkg/releases/topkg-1.1.0.tbz)
l1-smoke	Install dependencies	2025-09-29T18:15:36.6562996Z [32mâ[0m installed [01mocamlfind[0m.1.9.8
l1-smoke	Install dependencies	2025-09-29T18:15:37.7527207Z [32mâ[0m installed [01mocamlbuild[0m.0.16.1
l1-smoke	Install dependencies	2025-09-29T18:15:40.3408360Z [32mâ[0m installed [01mzarith[0m.1.14
l1-smoke	Install dependencies	2025-09-29T18:15:44.0056393Z [32mâ[0m installed [01mtopkg[0m.1.1.0
l1-smoke	Install dependencies	2025-09-29T18:15:44.7331361Z [32mâ[0m installed [01muutf[0m.1.0.4
l1-smoke	Install dependencies	2025-09-29T18:15:59.6483659Z [32mâ[0m installed [01mdune[0m.3.20.2
l1-smoke	Install dependencies	2025-09-29T18:16:00.2808078Z [32mâ[0m installed [01mcsexp[0m.1.5.2
l1-smoke	Install dependencies	2025-09-29T18:16:02.0461573Z [32mâ[0m installed [01mocaml-syntax-shims[0m.1.0.0
l1-smoke	Install dependencies	2025-09-29T18:16:02.0658827Z [32mâ[0m installed [01mcppo[0m.1.8.0
l1-smoke	Install dependencies	2025-09-29T18:16:02.0881157Z [32mâ[0m installed [01mocaml-compiler-libs[0m.v0.12.4
l1-smoke	Install dependencies	2025-09-29T18:16:02.3135515Z [32mâ[0m installed [01mppx_derivers[0m.1.2.1
l1-smoke	Install dependencies	2025-09-29T18:16:02.7657103Z [32mâ[0m installed [01mstdlib-shims[0m.0.3.0
l1-smoke	Install dependencies	2025-09-29T18:16:03.0854808Z [32mâ[0m installed [01msexplib0[0m.v0.17.0
l1-smoke	Install dependencies	2025-09-29T18:16:05.0607935Z [32mâ[0m installed [01mdune-configurator[0m.3.20.2
l1-smoke	Install dependencies	2025-09-29T18:16:06.1683079Z [32mâ[0m installed [01mbigstringaf[0m.0.10.0
l1-smoke	Install dependencies	2025-09-29T18:16:06.2652995Z [32mâ[0m installed [01myojson[0m.3.0.0
l1-smoke	Install dependencies	2025-09-29T18:16:07.2260514Z [32mâ[0m installed [01mangstrom[0m.0.16.1
l1-smoke	Install dependencies	2025-09-29T18:16:30.1036148Z [32mâ[0m installed [01mppxlib[0m.0.36.0
l1-smoke	Install dependencies	2025-09-29T18:16:35.8066012Z [32mâ[0m installed [01mppx_deriving[0m.6.1.1
l1-smoke	Install dependencies	2025-09-29T18:17:00.9892692Z [32mâ[0m installed [01mcoq-core[0m.8.18.0
l1-smoke	Install dependencies	2025-09-29T18:17:04.4989292Z [32mâ[0m installed [01mcoqide-server[0m.8.18.0
l1-smoke	Install dependencies	2025-09-29T18:19:24.9314289Z [32mâ[0m installed [01mcoq-stdlib[0m.8.18.0
l1-smoke	Install dependencies	2025-09-29T18:19:25.3272358Z [32mâ[0m installed [01mcoq[0m.8.18.0
l1-smoke	Install dependencies	2025-09-29T18:19:27.1998695Z Done.
l1-smoke	Install dependencies	2025-09-29T18:19:27.2006107Z # Run [01meval $(opam env)[0m to update the current shell environment
l1-smoke	Build service and REST	ï»¿2025-09-29T18:19:28.4230790Z ##[group]Run opam exec -- dune build latex-parse/src/main_service.exe latex-parse/src/rest_api_server.exe
l1-smoke	Build service and REST	2025-09-29T18:19:28.4231877Z [36;1mopam exec -- dune build latex-parse/src/main_service.exe latex-parse/src/rest_api_server.exe[0m
l1-smoke	Build service and REST	2025-09-29T18:19:28.4268129Z shell: /usr/bin/bash -e {0}
l1-smoke	Build service and REST	2025-09-29T18:19:28.4268362Z env:
l1-smoke	Build service and REST	2025-09-29T18:19:28.4269327Z   PATH: /home/runner/.github-tools:/snap/bin:/home/runner/.local/bin:/opt/pipx_bin:/home/runner/.cargo/bin:/home/runner/.config/composer/vendor/bin:/usr/local/.ghcup/bin:/home/runner/.dotnet/tools:/usr/local/sbin:/usr/local/bin:/usr/sbin:/usr/bin:/sbin:/bin:/usr/games:/usr/local/games:/snap/bin
l1-smoke	Build service and REST	2025-09-29T18:19:28.4270324Z   OPAMCLI: 2.0
l1-smoke	Build service and REST	2025-09-29T18:19:28.4270503Z   OPAMCOLOR: always
l1-smoke	Build service and REST	2025-09-29T18:19:28.4270683Z   OPAMERRLOGLEN: 0
l1-smoke	Build service and REST	2025-09-29T18:19:28.4270861Z   OPAMJOBS: 4
l1-smoke	Build service and REST	2025-09-29T18:19:28.4271035Z   OPAMPRECISETRACKING: 1
l1-smoke	Build service and REST	2025-09-29T18:19:28.4271247Z   OPAMSOLVERTIMEOUT: 1000
l1-smoke	Build service and REST	2025-09-29T18:19:28.4271445Z   OPAMYES: 1
l1-smoke	Build service and REST	2025-09-29T18:19:28.4271611Z   CLICOLOR_FORCE: 1
l1-smoke	Build service and REST	2025-09-29T18:19:28.4271815Z ##[endgroup]
l1-smoke	Build service and REST	2025-09-29T18:19:28.8305017Z [2m(cd _build/default/latex-parse/src && /usr/bin/gcc -O2 -fno-strict-aliasing -fwrapv -pthread -fPIC -D_FILE_OFFSET_BITS=64 -Wall -fdiagnostics-color=always -g -I /home/runner/work/latex_perf/latex_perf/_opam/lib/ocaml -I /home/runner/work/latex_perf/latex_perf/_opam/lib/ocaml/threads -I /home/runner/work/latex_perf/latex_perf/_opam/lib/uutf -o simd_tokenizer_fixed.o -c simd_tokenizer_fixed.c)[0m
l1-smoke	Build service and REST	2025-09-29T18:19:28.8308550Z [1msimd_tokenizer_fixed.c:283:15:[0m [1;35mwarning: [0mâ[1mfind_next_special_neon[0mâ defined but not used [[1;35m-Wunused-function[0m]
l1-smoke	Build service and REST	2025-09-29T18:19:28.8310048Z   283 | static size_t [1;35mfind_next_special_neon[0m(const uint8_t *input, size_t start, size_t len) {
l1-smoke	Build service and REST	2025-09-29T18:19:28.8310919Z       |               [1;35m^~~~~~~~~~~~~~~~~~~~~~[0m
l1-smoke	Build service and REST	2025-09-29T18:19:28.8492938Z [2m(cd _build/default/latex-parse/src && /usr/bin/gcc -O2 -fno-strict-aliasing -fwrapv -pthread -fPIC -D_FILE_OFFSET_BITS=64 -Wall -fdiagnostics-color=always -g -I /home/runner/work/latex_perf/latex_perf/_opam/lib/ocaml -I /home/runner/work/latex_perf/latex_perf/_opam/lib/ocaml/threads -I /home/runner/work/latex_perf/latex_perf/_opam/lib/uutf -o xxh64_simd_stubs.o -c xxh64_simd_stubs.c)[0m
l1-smoke	Build service and REST	2025-09-29T18:19:28.8504836Z [1mxxh64_simd_stubs.c:[0m In function â[1mocaml_xxh64_simd[0mâ:
l1-smoke	Build service and REST	2025-09-29T18:19:28.8506612Z [1mxxh64_simd_stubs.c:118:7:[0m [1;35mwarning: [0mvariable â[1mhas_simd[0mâ set but not used [[1;35m-Wunused-but-set-variable[0m]
l1-smoke	Build service and REST	2025-09-29T18:19:28.8507700Z   118 |   int [1;35mhas_simd[0m = 0;
l1-smoke	Build service and REST	2025-09-29T18:19:28.8508287Z       |       [1;35m^~~~~~~~[0m
l1-smoke	Run service and REST	ï»¿2025-09-29T18:19:29.4487119Z ##[group]Run rm -f /tmp/l0_lex_svc.sock
l1-smoke	Run service and REST	2025-09-29T18:19:29.4487470Z [36;1mrm -f /tmp/l0_lex_svc.sock[0m
l1-smoke	Run service and REST	2025-09-29T18:19:29.4487823Z [36;1mopam exec -- ./_build/default/latex-parse/src/main_service.exe &[0m
l1-smoke	Run service and REST	2025-09-29T18:19:29.4488169Z [36;1msleep 0.5[0m
l1-smoke	Run service and REST	2025-09-29T18:19:29.4488496Z [36;1mopam exec -- ./_build/default/latex-parse/src/rest_api_server.exe -p 8080 &[0m
l1-smoke	Run service and REST	2025-09-29T18:19:29.4488857Z [36;1msleep 0.5[0m
l1-smoke	Run service and REST	2025-09-29T18:19:29.4520964Z shell: /usr/bin/bash -e {0}
l1-smoke	Run service and REST	2025-09-29T18:19:29.4521199Z env:
l1-smoke	Run service and REST	2025-09-29T18:19:29.4522188Z   PATH: /home/runner/.github-tools:/snap/bin:/home/runner/.local/bin:/opt/pipx_bin:/home/runner/.cargo/bin:/home/runner/.config/composer/vendor/bin:/usr/local/.ghcup/bin:/home/runner/.dotnet/tools:/usr/local/sbin:/usr/local/bin:/usr/sbin:/usr/bin:/sbin:/bin:/usr/games:/usr/local/games:/snap/bin
l1-smoke	Run service and REST	2025-09-29T18:19:29.4523255Z   OPAMCLI: 2.0
l1-smoke	Run service and REST	2025-09-29T18:19:29.4523575Z   OPAMCOLOR: always
l1-smoke	Run service and REST	2025-09-29T18:19:29.4523761Z   OPAMERRLOGLEN: 0
l1-smoke	Run service and REST	2025-09-29T18:19:29.4523937Z   OPAMJOBS: 4
l1-smoke	Run service and REST	2025-09-29T18:19:29.4524138Z   OPAMPRECISETRACKING: 1
l1-smoke	Run service and REST	2025-09-29T18:19:29.4524375Z   OPAMSOLVERTIMEOUT: 1000
l1-smoke	Run service and REST	2025-09-29T18:19:29.4524572Z   OPAMYES: 1
l1-smoke	Run service and REST	2025-09-29T18:19:29.4524737Z   CLICOLOR_FORCE: 1
l1-smoke	Run service and REST	2025-09-29T18:19:29.4524905Z ##[endgroup]
l1-smoke	Run service and REST	2025-09-29T18:19:29.4723576Z [svc] listening at /tmp/l0_lex_svc.sock
l1-smoke	Run service and REST	2025-09-29T18:19:29.9760202Z Connected to SIMD service at /tmp/l0_lex_svc.sock
l1-smoke	Run service and REST	2025-09-29T18:19:29.9760800Z REST API Server listening on port 8080
l1-smoke	Run service and REST	2025-09-29T18:19:29.9761228Z Endpoints:
l1-smoke	Run service and REST	2025-09-29T18:19:29.9761471Z   POST /tokenize - Tokenize LaTeX content
l1-smoke	Run service and REST	2025-09-29T18:19:29.9762355Z   GET /health   - Health check
l1-smoke	Run service and REST	2025-09-29T18:19:29.9762781Z   GET /metrics  - Prometheus metrics
l1-smoke	Run service and REST	2025-09-29T18:19:29.9763080Z 
l1-smoke	L1 smokes	ï»¿2025-09-29T18:19:35.4676608Z ##[group]Run bash scripts/smoke_rules_l1.sh
l1-smoke	L1 smokes	2025-09-29T18:19:35.4676951Z [36;1mbash scripts/smoke_rules_l1.sh[0m
l1-smoke	L1 smokes	2025-09-29T18:19:35.4708437Z shell: /usr/bin/bash -e {0}
l1-smoke	L1 smokes	2025-09-29T18:19:35.4708667Z env:
l1-smoke	L1 smokes	2025-09-29T18:19:35.4709640Z   PATH: /home/runner/.github-tools:/snap/bin:/home/runner/.local/bin:/opt/pipx_bin:/home/runner/.cargo/bin:/home/runner/.config/composer/vendor/bin:/usr/local/.ghcup/bin:/home/runner/.dotnet/tools:/usr/local/sbin:/usr/local/bin:/usr/sbin:/usr/bin:/sbin:/bin:/usr/games:/usr/local/games:/snap/bin
l1-smoke	L1 smokes	2025-09-29T18:19:35.4710667Z   OPAMCLI: 2.0
l1-smoke	L1 smokes	2025-09-29T18:19:35.4710849Z   OPAMCOLOR: always
l1-smoke	L1 smokes	2025-09-29T18:19:35.4711032Z   OPAMERRLOGLEN: 0
l1-smoke	L1 smokes	2025-09-29T18:19:35.4711209Z   OPAMJOBS: 4
l1-smoke	L1 smokes	2025-09-29T18:19:35.4711384Z   OPAMPRECISETRACKING: 1
l1-smoke	L1 smokes	2025-09-29T18:19:35.4711602Z   OPAMSOLVERTIMEOUT: 1000
l1-smoke	L1 smokes	2025-09-29T18:19:35.4711816Z   OPAMYES: 1
l1-smoke	L1 smokes	2025-09-29T18:19:35.4711976Z   CLICOLOR_FORCE: 1
l1-smoke	L1 smokes	2025-09-29T18:19:35.4712153Z ##[endgroup]
l1-smoke	L1 smokes	2025-09-29T18:19:35.4798616Z awk: cmd. line:21: warning: regexp escape sequence `\"' is not a known regexp operator
l1-smoke	L1 smokes	2025-09-29T18:19:35.5149256Z [l1-smoke] FAIL: corpora/l1/CMD-001_deprecated_after_expansion.tex expected:[CMD-001] forbid:[] messages:[;] got: MOD-001 
l1-smoke	L1 smokes	2025-09-29T18:19:35.5352787Z [l1-smoke] FAIL: corpora/l1/CMD-003_deep_sectioning.tex expected:[CMD-003] forbid:[] messages:[;] got:  
l1-smoke	L1 smokes	2025-09-29T18:19:35.5540772Z [l1-smoke] PASS: corpora/l1/MOD-001_mixed_bf_textbf.tex -> expect:[MOD-001] forbid:[] messages:[;]
l1-smoke	L1 smokes	2025-09-29T18:19:35.5726460Z [l1-smoke] PASS: corpora/l1/EXP-001_incomplete_expansion.tex -> expect:[EXP-001] forbid:[] messages:[;]
l1-smoke	L1 smokes	2025-09-29T18:19:35.5933925Z [l1-smoke] PASS: corpora/l1/MOD-002_mixed_bf_textbf_para.tex -> expect:[MOD-002 EXP-001] forbid:[] messages:[;]
l1-smoke	L1 smokes	2025-09-29T18:19:35.6121898Z [l1-smoke] PASS: corpora/l1/MOD-003_mixed_it_textit_para.tex -> expect:[MOD-003] forbid:[] messages:[;]
l1-smoke	L1 smokes	2025-09-29T18:19:35.6309044Z [l1-smoke] PASS: corpora/l1/MOD-004_mixed_rm_textrm_para.tex -> expect:[MOD-004] forbid:[] messages:[;]
l1-smoke	L1 smokes	2025-09-29T18:19:35.6491795Z [l1-smoke] PASS: corpora/l1/MOD-005_mixed_tt_texttt_para.tex -> expect:[MOD-005] forbid:[] messages:[;]
l1-smoke	L1 smokes	2025-09-29T18:19:35.6676829Z [l1-smoke] PASS: corpora/l1/MOD-006_mixed_sf_textsf_para.tex -> expect:[MOD-006] forbid:[] messages:[;]
l1-smoke	L1 smokes	2025-09-29T18:19:35.6904073Z [l1-smoke] PASS: corpora/l1/MOD-007_mixed_sc_textsc_para.tex -> expect:[MOD-007] forbid:[] messages:[;]
l1-smoke	L1 smokes	2025-09-29T18:19:35.7109860Z [l1-smoke] FAIL: corpora/l1/MOD-008_mixed_bfseries_textbf_para.tex expected:[MOD-008] forbid:[] messages:[;] got: EXP-001 
l1-smoke	L1 smokes	2025-09-29T18:19:35.7292154Z [l1-smoke] PASS: corpora/l1/MOD-009_mixed_itshape_textit_para.tex -> expect:[MOD-009] forbid:[] messages:[;]
l1-smoke	L1 smokes	2025-09-29T18:19:35.7475118Z [l1-smoke] PASS: corpora/l1/MOD-010_mixed_sffamily_textsf_para.tex -> expect:[MOD-010] forbid:[] messages:[;]
l1-smoke	L1 smokes	2025-09-29T18:19:35.7660720Z [l1-smoke] PASS: corpora/l1/MOD-011_mixed_ttfamily_texttt_para.tex -> expect:[MOD-011] forbid:[] messages:[;]
l1-smoke	L1 smokes	2025-09-29T18:19:35.7849714Z [l1-smoke] PASS: corpora/l1/MOD-012_mixed_rmfamily_textrm_para.tex -> expect:[MOD-012] forbid:[] messages:[;]
l1-smoke	L1 smokes	2025-09-29T18:19:35.8041640Z [l1-smoke] PASS: corpora/l1/MOD-013_mixed_scshape_textsc_para.tex -> expect:[MOD-013] forbid:[] messages:[;]
l1-smoke	L1 smokes	2025-09-29T18:19:35.8235490Z [l1-smoke] PASS: corpora/l1/MOD-002_paragraph_separated_bf_textbf.tex -> expect:[] forbid:[MOD-002] messages:[;]
l1-smoke	L1 smokes	2025-09-29T18:19:35.8420322Z [l1-smoke] PASS: corpora/l1/MOD-003_paragraph_separated_it_textit.tex -> expect:[] forbid:[MOD-003] messages:[;]
l1-smoke	L1 smokes	2025-09-29T18:19:35.8602845Z [l1-smoke] PASS: corpora/l1/MOD-004_paragraph_separated_rm_textrm.tex -> expect:[] forbid:[MOD-004] messages:[;]
l1-smoke	L1 smokes	2025-09-29T18:19:35.8785320Z [l1-smoke] PASS: corpora/l1/MOD-005_paragraph_separated_tt_texttt.tex -> expect:[] forbid:[MOD-005] messages:[;]
l1-smoke	L1 smokes	2025-09-29T18:19:35.8974072Z [l1-smoke] PASS: corpora/l1/MOD-006_paragraph_separated_sf_textsf.tex -> expect:[] forbid:[MOD-006] messages:[;]
l1-smoke	L1 smokes	2025-09-29T18:19:35.9154104Z [l1-smoke] PASS: corpora/l1/MOD-007_paragraph_separated_sc_textsc.tex -> expect:[] forbid:[MOD-007] messages:[;]
l1-smoke	L1 smokes	2025-09-29T18:19:35.9370673Z [l1-smoke] FAIL: corpora/l1/MOD-008_paragraph_separated_bfseries_textbf.tex expected:[MOD-020] forbid:[MOD-008] messages:[;] got: EXP-001 
l1-smoke	L1 smokes	2025-09-29T18:19:35.9574295Z [l1-smoke] PASS: corpora/l1/MOD-009_paragraph_separated_itshape_textit.tex -> expect:[MOD-021] forbid:[MOD-009] messages:[;]
l1-smoke	L1 smokes	2025-09-29T18:19:35.9774715Z [l1-smoke] PASS: corpora/l1/MOD-010_paragraph_separated_sffamily_textsf.tex -> expect:[MOD-023] forbid:[MOD-010] messages:[;]
l1-smoke	L1 smokes	2025-09-29T18:19:35.9975003Z [l1-smoke] PASS: corpora/l1/MOD-011_paragraph_separated_ttfamily_texttt.tex -> expect:[MOD-024] forbid:[MOD-011] messages:[;]
l1-smoke	L1 smokes	2025-09-29T18:19:36.0175897Z [l1-smoke] PASS: corpora/l1/MOD-012_paragraph_separated_rmfamily_textrm.tex -> expect:[MOD-022] forbid:[MOD-012] messages:[;]
l1-smoke	L1 smokes	2025-09-29T18:19:36.0369108Z [l1-smoke] PASS: corpora/l1/MOD-013_paragraph_separated_scshape_textsc.tex -> expect:[] forbid:[MOD-013] messages:[;]
l1-smoke	L1 smokes	2025-09-29T18:19:36.0370171Z [l1-smoke] Summary: pass=24 fail=4
l1-smoke	L1 smokes	2025-09-29T18:19:36.0372985Z ##[error]Process completed with exit code 1.
l1-smoke	Teardown	ï»¿2025-09-29T18:19:36.0400954Z ##[group]Run pkill -f rest_api_server || true
l1-smoke	Teardown	2025-09-29T18:19:36.0401299Z [36;1mpkill -f rest_api_server || true[0m
l1-smoke	Teardown	2025-09-29T18:19:36.0401606Z [36;1mpkill -f main_service || true[0m
l1-smoke	Teardown	2025-09-29T18:19:36.0433014Z shell: /usr/bin/bash -e {0}
l1-smoke	Teardown	2025-09-29T18:19:36.0433243Z env:
l1-smoke	Teardown	2025-09-29T18:19:36.0434448Z   PATH: /home/runner/.github-tools:/snap/bin:/home/runner/.local/bin:/opt/pipx_bin:/home/runner/.cargo/bin:/home/runner/.config/composer/vendor/bin:/usr/local/.ghcup/bin:/home/runner/.dotnet/tools:/usr/local/sbin:/usr/local/bin:/usr/sbin:/usr/bin:/sbin:/bin:/usr/games:/usr/local/games:/snap/bin
l1-smoke	Teardown	2025-09-29T18:19:36.0435492Z   OPAMCLI: 2.0
l1-smoke	Teardown	2025-09-29T18:19:36.0435681Z   OPAMCOLOR: always
l1-smoke	Teardown	2025-09-29T18:19:36.0435868Z   OPAMERRLOGLEN: 0
l1-smoke	Teardown	2025-09-29T18:19:36.0436061Z   OPAMJOBS: 4
l1-smoke	Teardown	2025-09-29T18:19:36.0436237Z   OPAMPRECISETRACKING: 1
l1-smoke	Teardown	2025-09-29T18:19:36.0436450Z   OPAMSOLVERTIMEOUT: 1000
l1-smoke	Teardown	2025-09-29T18:19:36.0436646Z   OPAMYES: 1
l1-smoke	Teardown	2025-09-29T18:19:36.0436811Z   CLICOLOR_FORCE: 1
l1-smoke	Teardown	2025-09-29T18:19:36.0436990Z ##[endgroup]
l1-smoke	Post Set up OCaml and OPAM	ï»¿2025-09-29T18:19:36.1555470Z Post job cleanup.
l1-smoke	Post Run actions/checkout@v4	ï»¿2025-09-29T18:19:36.1605005Z Post job cleanup.
l1-smoke	Post Run actions/checkout@v4	2025-09-29T18:19:36.2550511Z [command]/usr/bin/git version
l1-smoke	Post Run actions/checkout@v4	2025-09-29T18:19:36.2588696Z git version 2.51.0
l1-smoke	Post Run actions/checkout@v4	2025-09-29T18:19:36.2639617Z Temporarily overriding HOME='/home/runner/work/_temp/624ab3af-7153-4d2b-871f-1e5be57df8b4' before making global git config changes
l1-smoke	Post Run actions/checkout@v4	2025-09-29T18:19:36.2640936Z Adding repository directory to the temporary git global config as a safe directory
l1-smoke	Post Run actions/checkout@v4	2025-09-29T18:19:36.2645911Z [command]/usr/bin/git config --global --add safe.directory /home/runner/work/latex_perf/latex_perf
l1-smoke	Post Run actions/checkout@v4	2025-09-29T18:19:36.2680280Z [command]/usr/bin/git config --local --name-only --get-regexp core\.sshCommand
l1-smoke	Post Run actions/checkout@v4	2025-09-29T18:19:36.2712601Z [command]/usr/bin/git submodule foreach --recursive sh -c "git config --local --name-only --get-regexp 'core\.sshCommand' && git config --local --unset-all 'core.sshCommand' || :"
l1-smoke	Post Run actions/checkout@v4	2025-09-29T18:19:36.2934509Z [command]/usr/bin/git config --local --name-only --get-regexp http\.https\:\/\/github\.com\/\.extraheader
l1-smoke	Post Run actions/checkout@v4	2025-09-29T18:19:36.2954963Z http.https://github.com/.extraheader
l1-smoke	Post Run actions/checkout@v4	2025-09-29T18:19:36.2968104Z [command]/usr/bin/git config --local --unset-all http.https://github.com/.extraheader
l1-smoke	Post Run actions/checkout@v4	2025-09-29T18:19:36.2998232Z [command]/usr/bin/git submodule foreach --recursive sh -c "git config --local --name-only --get-regexp 'http\.https\:\/\/github\.com\/\.extraheader' && git config --local --unset-all 'http.https://github.com/.extraheader' || :"
l1-smoke	Complete job	ï»¿2025-09-29T18:19:36.3321064Z Cleaning up orphan processes
