performance-test	Set up job	ï»¿2025-09-27T21:30:31.7938612Z Current runner version: '2.328.0'
performance-test	Set up job	2025-09-27T21:30:31.7970481Z ##[group]Runner Image Provisioner
performance-test	Set up job	2025-09-27T21:30:31.7971667Z Hosted Compute Agent
performance-test	Set up job	2025-09-27T21:30:31.7972478Z Version: 20250912.392
performance-test	Set up job	2025-09-27T21:30:31.7973431Z Commit: d921fda672a98b64f4f82364647e2f10b2267d0b
performance-test	Set up job	2025-09-27T21:30:31.7974864Z Build Date: 2025-09-12T15:23:14Z
performance-test	Set up job	2025-09-27T21:30:31.7975822Z ##[endgroup]
performance-test	Set up job	2025-09-27T21:30:31.7976826Z ##[group]Operating System
performance-test	Set up job	2025-09-27T21:30:31.7977754Z Ubuntu
performance-test	Set up job	2025-09-27T21:30:31.7978579Z 24.04.3
performance-test	Set up job	2025-09-27T21:30:31.7979306Z LTS
performance-test	Set up job	2025-09-27T21:30:31.7980309Z ##[endgroup]
performance-test	Set up job	2025-09-27T21:30:31.7981142Z ##[group]Runner Image
performance-test	Set up job	2025-09-27T21:30:31.7982175Z Image: ubuntu-24.04
performance-test	Set up job	2025-09-27T21:30:31.7983101Z Version: 20250922.53.1
performance-test	Set up job	2025-09-27T21:30:31.7985005Z Included Software: https://github.com/actions/runner-images/blob/ubuntu24/20250922.53/images/ubuntu/Ubuntu2404-Readme.md
performance-test	Set up job	2025-09-27T21:30:31.7987640Z Image Release: https://github.com/actions/runner-images/releases/tag/ubuntu24%2F20250922.53
performance-test	Set up job	2025-09-27T21:30:31.7989576Z ##[endgroup]
performance-test	Set up job	2025-09-27T21:30:31.7993740Z ##[group]GITHUB_TOKEN Permissions
performance-test	Set up job	2025-09-27T21:30:31.7997100Z Actions: write
performance-test	Set up job	2025-09-27T21:30:31.7998154Z Attestations: write
performance-test	Set up job	2025-09-27T21:30:31.7999023Z Checks: write
performance-test	Set up job	2025-09-27T21:30:31.7999839Z Contents: write
performance-test	Set up job	2025-09-27T21:30:31.8000670Z Deployments: write
performance-test	Set up job	2025-09-27T21:30:31.8001650Z Discussions: write
performance-test	Set up job	2025-09-27T21:30:31.8002531Z Issues: write
performance-test	Set up job	2025-09-27T21:30:31.8003411Z Metadata: read
performance-test	Set up job	2025-09-27T21:30:31.8004541Z Models: read
performance-test	Set up job	2025-09-27T21:30:31.8005414Z Packages: write
performance-test	Set up job	2025-09-27T21:30:31.8006241Z Pages: write
performance-test	Set up job	2025-09-27T21:30:31.8007327Z PullRequests: write
performance-test	Set up job	2025-09-27T21:30:31.8008252Z RepositoryProjects: write
performance-test	Set up job	2025-09-27T21:30:31.8009143Z SecurityEvents: write
performance-test	Set up job	2025-09-27T21:30:31.8010241Z Statuses: write
performance-test	Set up job	2025-09-27T21:30:31.8011030Z ##[endgroup]
performance-test	Set up job	2025-09-27T21:30:31.8014135Z Secret source: Actions
performance-test	Set up job	2025-09-27T21:30:31.8015589Z Prepare workflow directory
performance-test	Set up job	2025-09-27T21:30:31.8470844Z Prepare all required actions
performance-test	Set up job	2025-09-27T21:30:31.8526031Z Getting action download info
performance-test	Set up job	2025-09-27T21:30:32.1348420Z Download action repository 'actions/checkout@v4' (SHA:08eba0b27e820071cde6df949e0beb9ba4906955)
performance-test	Set up job	2025-09-27T21:30:32.2139641Z Download action repository 'actions/upload-artifact@v4' (SHA:ea165f8d65b6e75b540449e92b4886f43607fa02)
performance-test	Set up job	2025-09-27T21:30:32.4085668Z Complete job name: performance-test
performance-test	Run actions/checkout@v4	ï»¿2025-09-27T21:30:32.4803320Z ##[group]Run actions/checkout@v4
performance-test	Run actions/checkout@v4	2025-09-27T21:30:32.4804340Z with:
performance-test	Run actions/checkout@v4	2025-09-27T21:30:32.4804768Z   repository: ClanClanClanClan/latex_perf
performance-test	Run actions/checkout@v4	2025-09-27T21:30:32.4805473Z   token: ***
performance-test	Run actions/checkout@v4	2025-09-27T21:30:32.4805855Z   ssh-strict: true
performance-test	Run actions/checkout@v4	2025-09-27T21:30:32.4806249Z   ssh-user: git
performance-test	Run actions/checkout@v4	2025-09-27T21:30:32.4806639Z   persist-credentials: true
performance-test	Run actions/checkout@v4	2025-09-27T21:30:32.4807075Z   clean: true
performance-test	Run actions/checkout@v4	2025-09-27T21:30:32.4807465Z   sparse-checkout-cone-mode: true
performance-test	Run actions/checkout@v4	2025-09-27T21:30:32.4807926Z   fetch-depth: 1
performance-test	Run actions/checkout@v4	2025-09-27T21:30:32.4808317Z   fetch-tags: false
performance-test	Run actions/checkout@v4	2025-09-27T21:30:32.4808704Z   show-progress: true
performance-test	Run actions/checkout@v4	2025-09-27T21:30:32.4809100Z   lfs: false
performance-test	Run actions/checkout@v4	2025-09-27T21:30:32.4809480Z   submodules: false
performance-test	Run actions/checkout@v4	2025-09-27T21:30:32.4809878Z   set-safe-directory: true
performance-test	Run actions/checkout@v4	2025-09-27T21:30:32.4810523Z ##[endgroup]
performance-test	Run actions/checkout@v4	2025-09-27T21:30:32.5885313Z Syncing repository: ClanClanClanClan/latex_perf
performance-test	Run actions/checkout@v4	2025-09-27T21:30:32.5887206Z ##[group]Getting Git version info
performance-test	Run actions/checkout@v4	2025-09-27T21:30:32.5887924Z Working directory is '/home/runner/work/latex_perf/latex_perf'
performance-test	Run actions/checkout@v4	2025-09-27T21:30:32.5889078Z [command]/usr/bin/git version
performance-test	Run actions/checkout@v4	2025-09-27T21:30:32.5956592Z git version 2.51.0
performance-test	Run actions/checkout@v4	2025-09-27T21:30:32.5983159Z ##[endgroup]
performance-test	Run actions/checkout@v4	2025-09-27T21:30:32.5997315Z Temporarily overriding HOME='/home/runner/work/_temp/c5165494-c570-43c5-a3ed-7aac740dbf08' before making global git config changes
performance-test	Run actions/checkout@v4	2025-09-27T21:30:32.5999477Z Adding repository directory to the temporary git global config as a safe directory
performance-test	Run actions/checkout@v4	2025-09-27T21:30:32.6002359Z [command]/usr/bin/git config --global --add safe.directory /home/runner/work/latex_perf/latex_perf
performance-test	Run actions/checkout@v4	2025-09-27T21:30:32.6036952Z Deleting the contents of '/home/runner/work/latex_perf/latex_perf'
performance-test	Run actions/checkout@v4	2025-09-27T21:30:32.6040438Z ##[group]Initializing the repository
performance-test	Run actions/checkout@v4	2025-09-27T21:30:32.6044164Z [command]/usr/bin/git init /home/runner/work/latex_perf/latex_perf
performance-test	Run actions/checkout@v4	2025-09-27T21:30:32.6142440Z hint: Using 'master' as the name for the initial branch. This default branch name
performance-test	Run actions/checkout@v4	2025-09-27T21:30:32.6144405Z hint: is subject to change. To configure the initial branch name to use in all
performance-test	Run actions/checkout@v4	2025-09-27T21:30:32.6146034Z hint: of your new repositories, which will suppress this warning, call:
performance-test	Run actions/checkout@v4	2025-09-27T21:30:32.6146908Z hint:
performance-test	Run actions/checkout@v4	2025-09-27T21:30:32.6147419Z hint: 	git config --global init.defaultBranch <name>
performance-test	Run actions/checkout@v4	2025-09-27T21:30:32.6148023Z hint:
performance-test	Run actions/checkout@v4	2025-09-27T21:30:32.6148614Z hint: Names commonly chosen instead of 'master' are 'main', 'trunk' and
performance-test	Run actions/checkout@v4	2025-09-27T21:30:32.6149568Z hint: 'development'. The just-created branch can be renamed via this command:
performance-test	Run actions/checkout@v4	2025-09-27T21:30:32.6150433Z hint:
performance-test	Run actions/checkout@v4	2025-09-27T21:30:32.6151039Z hint: 	git branch -m <name>
performance-test	Run actions/checkout@v4	2025-09-27T21:30:32.6151692Z hint:
performance-test	Run actions/checkout@v4	2025-09-27T21:30:32.6152315Z hint: Disable this message with "git config set advice.defaultBranchName false"
performance-test	Run actions/checkout@v4	2025-09-27T21:30:32.6153361Z Initialized empty Git repository in /home/runner/work/latex_perf/latex_perf/.git/
performance-test	Run actions/checkout@v4	2025-09-27T21:30:32.6156464Z [command]/usr/bin/git remote add origin https://github.com/ClanClanClanClan/latex_perf
performance-test	Run actions/checkout@v4	2025-09-27T21:30:32.6188012Z ##[endgroup]
performance-test	Run actions/checkout@v4	2025-09-27T21:30:32.6188845Z ##[group]Disabling automatic garbage collection
performance-test	Run actions/checkout@v4	2025-09-27T21:30:32.6191802Z [command]/usr/bin/git config --local gc.auto 0
performance-test	Run actions/checkout@v4	2025-09-27T21:30:32.6220148Z ##[endgroup]
performance-test	Run actions/checkout@v4	2025-09-27T21:30:32.6220800Z ##[group]Setting up auth
performance-test	Run actions/checkout@v4	2025-09-27T21:30:32.6226651Z [command]/usr/bin/git config --local --name-only --get-regexp core\.sshCommand
performance-test	Run actions/checkout@v4	2025-09-27T21:30:32.6255722Z [command]/usr/bin/git submodule foreach --recursive sh -c "git config --local --name-only --get-regexp 'core\.sshCommand' && git config --local --unset-all 'core.sshCommand' || :"
performance-test	Run actions/checkout@v4	2025-09-27T21:30:32.6569192Z [command]/usr/bin/git config --local --name-only --get-regexp http\.https\:\/\/github\.com\/\.extraheader
performance-test	Run actions/checkout@v4	2025-09-27T21:30:32.6598637Z [command]/usr/bin/git submodule foreach --recursive sh -c "git config --local --name-only --get-regexp 'http\.https\:\/\/github\.com\/\.extraheader' && git config --local --unset-all 'http.https://github.com/.extraheader' || :"
performance-test	Run actions/checkout@v4	2025-09-27T21:30:32.6816232Z [command]/usr/bin/git config --local http.https://github.com/.extraheader AUTHORIZATION: basic ***
performance-test	Run actions/checkout@v4	2025-09-27T21:30:32.6851075Z ##[endgroup]
performance-test	Run actions/checkout@v4	2025-09-27T21:30:32.6851932Z ##[group]Fetching the repository
performance-test	Run actions/checkout@v4	2025-09-27T21:30:32.6861065Z [command]/usr/bin/git -c protocol.version=2 fetch --no-tags --prune --no-recurse-submodules --depth=1 origin +6acf14e01b575831a3f54eac2db1be0f7c3d9421:refs/remotes/pull/4/merge
performance-test	Run actions/checkout@v4	2025-09-27T21:30:32.9766386Z From https://github.com/ClanClanClanClan/latex_perf
performance-test	Run actions/checkout@v4	2025-09-27T21:30:32.9797182Z  * [new ref]         6acf14e01b575831a3f54eac2db1be0f7c3d9421 -> pull/4/merge
performance-test	Run actions/checkout@v4	2025-09-27T21:30:32.9799528Z ##[endgroup]
performance-test	Run actions/checkout@v4	2025-09-27T21:30:32.9800585Z ##[group]Determining the checkout info
performance-test	Run actions/checkout@v4	2025-09-27T21:30:32.9801554Z ##[endgroup]
performance-test	Run actions/checkout@v4	2025-09-27T21:30:32.9805754Z [command]/usr/bin/git sparse-checkout disable
performance-test	Run actions/checkout@v4	2025-09-27T21:30:32.9854259Z [command]/usr/bin/git config --local --unset-all extensions.worktreeConfig
performance-test	Run actions/checkout@v4	2025-09-27T21:30:32.9889106Z ##[group]Checking out the ref
performance-test	Run actions/checkout@v4	2025-09-27T21:30:32.9891952Z [command]/usr/bin/git checkout --progress --force refs/remotes/pull/4/merge
performance-test	Run actions/checkout@v4	2025-09-27T21:30:33.0308597Z Note: switching to 'refs/remotes/pull/4/merge'.
performance-test	Run actions/checkout@v4	2025-09-27T21:30:33.0309691Z 
performance-test	Run actions/checkout@v4	2025-09-27T21:30:33.0310296Z You are in 'detached HEAD' state. You can look around, make experimental
performance-test	Run actions/checkout@v4	2025-09-27T21:30:33.0311742Z changes and commit them, and you can discard any commits you make in this
performance-test	Run actions/checkout@v4	2025-09-27T21:30:33.0313294Z state without impacting any branches by switching back to a branch.
performance-test	Run actions/checkout@v4	2025-09-27T21:30:33.0314187Z 
performance-test	Run actions/checkout@v4	2025-09-27T21:30:33.0314535Z If you want to create a new branch to retain commits you create, you may
performance-test	Run actions/checkout@v4	2025-09-27T21:30:33.0315302Z do so (now or later) by using -c with the switch command. Example:
performance-test	Run actions/checkout@v4	2025-09-27T21:30:33.0315750Z 
performance-test	Run actions/checkout@v4	2025-09-27T21:30:33.0315953Z   git switch -c <new-branch-name>
performance-test	Run actions/checkout@v4	2025-09-27T21:30:33.0316536Z 
performance-test	Run actions/checkout@v4	2025-09-27T21:30:33.0316724Z Or undo this operation with:
performance-test	Run actions/checkout@v4	2025-09-27T21:30:33.0317059Z 
performance-test	Run actions/checkout@v4	2025-09-27T21:30:33.0317332Z   git switch -
performance-test	Run actions/checkout@v4	2025-09-27T21:30:33.0317714Z 
performance-test	Run actions/checkout@v4	2025-09-27T21:30:33.0318249Z Turn off this advice by setting config variable advice.detachedHead to false
performance-test	Run actions/checkout@v4	2025-09-27T21:30:33.0318806Z 
performance-test	Run actions/checkout@v4	2025-09-27T21:30:33.0319431Z HEAD is now at 6acf14e Merge 07895437ab0cede570fde751cb6861b9d97861e6 into 92bdfe28e9a19447735918ce6f6c8395415acf11
performance-test	Run actions/checkout@v4	2025-09-27T21:30:33.0321278Z ##[endgroup]
performance-test	Run actions/checkout@v4	2025-09-27T21:30:33.0359843Z [command]/usr/bin/git log -1 --format=%H
performance-test	Run actions/checkout@v4	2025-09-27T21:30:33.0383510Z 6acf14e01b575831a3f54eac2db1be0f7c3d9421
performance-test	Run /./.github/actions/setup-ocaml	ï»¿2025-09-27T21:30:33.0689463Z Prepare all required actions
performance-test	Run /./.github/actions/setup-ocaml	2025-09-27T21:30:33.0690202Z Getting action download info
performance-test	Run /./.github/actions/setup-ocaml	2025-09-27T21:30:33.1919903Z Download action repository 'ocaml/setup-ocaml@v2' (SHA:8cc6339f55862749298d198ef84788b8d6acdacc)
performance-test	Run /./.github/actions/setup-ocaml	2025-09-27T21:30:33.5046252Z ##[group]Run ./.github/actions/setup-ocaml
performance-test	Run /./.github/actions/setup-ocaml	2025-09-27T21:30:33.5046849Z with:
performance-test	Run /./.github/actions/setup-ocaml	2025-09-27T21:30:33.5047208Z   ocaml-compiler: 4.14.1
performance-test	Run /./.github/actions/setup-ocaml	2025-09-27T21:30:33.5047851Z   opam-repositories: default,https://github.com/ocaml/opam-repository.git
performance-test	Run /./.github/actions/setup-ocaml	
performance-test	Run /./.github/actions/setup-ocaml	2025-09-27T21:30:33.5048558Z   opam-depext: false
performance-test	Run /./.github/actions/setup-ocaml	2025-09-27T21:30:33.5048985Z   allow-prerelease-opam: false
performance-test	Run /./.github/actions/setup-ocaml	2025-09-27T21:30:33.5049428Z   opam-pin: true
performance-test	Run /./.github/actions/setup-ocaml	2025-09-27T21:30:33.5049826Z   opam-local-packages: *.opam
performance-test	Run /./.github/actions/setup-ocaml	2025-09-27T21:30:33.5050289Z   opam-disable-sandboxing: false
performance-test	Run /./.github/actions/setup-ocaml	2025-09-27T21:30:33.5050737Z   dune-cache: false
performance-test	Run /./.github/actions/setup-ocaml	2025-09-27T21:30:33.5051118Z   cache-prefix: v1
performance-test	Run /./.github/actions/setup-ocaml	2025-09-27T21:30:33.5051491Z ##[endgroup]
performance-test	Run /./.github/actions/setup-ocaml	2025-09-27T21:30:33.5154950Z ##[group]Run sudo apt-get update
performance-test	Run /./.github/actions/setup-ocaml	2025-09-27T21:30:33.5155536Z [36;1msudo apt-get update[0m
performance-test	Run /./.github/actions/setup-ocaml	2025-09-27T21:30:33.5156064Z [36;1msudo apt-get install -y \[0m
performance-test	Run /./.github/actions/setup-ocaml	2025-09-27T21:30:33.5156561Z [36;1m  bubblewrap \[0m
performance-test	Run /./.github/actions/setup-ocaml	2025-09-27T21:30:33.5156982Z [36;1m  g++-multilib \[0m
performance-test	Run /./.github/actions/setup-ocaml	2025-09-27T21:30:33.5157410Z [36;1m  gcc-multilib \[0m
performance-test	Run /./.github/actions/setup-ocaml	2025-09-27T21:30:33.5157827Z [36;1m  mercurial \[0m
performance-test	Run /./.github/actions/setup-ocaml	2025-09-27T21:30:33.5158245Z [36;1m  musl-tools \[0m
performance-test	Run /./.github/actions/setup-ocaml	2025-09-27T21:30:33.5158637Z [36;1m  rsync[0m
performance-test	Run /./.github/actions/setup-ocaml	2025-09-27T21:30:33.5195288Z shell: /usr/bin/bash --noprofile --norc -e -o pipefail {0}
performance-test	Run /./.github/actions/setup-ocaml	2025-09-27T21:30:33.5195931Z ##[endgroup]
performance-test	Run /./.github/actions/setup-ocaml	2025-09-27T21:30:33.6845121Z Get:1 file:/etc/apt/apt-mirrors.txt Mirrorlist [144 B]
performance-test	Run /./.github/actions/setup-ocaml	2025-09-27T21:30:33.7606052Z Hit:6 https://packages.microsoft.com/repos/azure-cli noble InRelease
performance-test	Run /./.github/actions/setup-ocaml	2025-09-27T21:30:33.7608845Z Get:7 https://packages.microsoft.com/ubuntu/24.04/prod noble InRelease [3600 B]
performance-test	Run /./.github/actions/setup-ocaml	2025-09-27T21:30:33.7886227Z Hit:2 http://azure.archive.ubuntu.com/ubuntu noble InRelease
performance-test	Run /./.github/actions/setup-ocaml	2025-09-27T21:30:33.7896581Z Get:3 http://azure.archive.ubuntu.com/ubuntu noble-updates InRelease [126 kB]
performance-test	Run /./.github/actions/setup-ocaml	2025-09-27T21:30:33.7975340Z Get:4 http://azure.archive.ubuntu.com/ubuntu noble-backports InRelease [126 kB]
performance-test	Run /./.github/actions/setup-ocaml	2025-09-27T21:30:33.8029670Z Get:5 http://azure.archive.ubuntu.com/ubuntu noble-security InRelease [126 kB]
performance-test	Run /./.github/actions/setup-ocaml	2025-09-27T21:30:33.9857255Z Get:8 https://packages.microsoft.com/ubuntu/24.04/prod noble/main amd64 Packages [57.1 kB]
performance-test	Run /./.github/actions/setup-ocaml	2025-09-27T21:30:34.0009288Z Get:9 https://packages.microsoft.com/ubuntu/24.04/prod noble/main arm64 Packages [39.5 kB]
performance-test	Run /./.github/actions/setup-ocaml	2025-09-27T21:30:34.1479833Z Get:10 http://azure.archive.ubuntu.com/ubuntu noble-updates/main amd64 Packages [1443 kB]
performance-test	Run /./.github/actions/setup-ocaml	2025-09-27T21:30:34.1600650Z Get:11 http://azure.archive.ubuntu.com/ubuntu noble-updates/main Translation-en [282 kB]
performance-test	Run /./.github/actions/setup-ocaml	2025-09-27T21:30:34.1628435Z Get:12 http://azure.archive.ubuntu.com/ubuntu noble-updates/main amd64 Components [175 kB]
performance-test	Run /./.github/actions/setup-ocaml	2025-09-27T21:30:34.1652875Z Get:13 http://azure.archive.ubuntu.com/ubuntu noble-updates/main amd64 c-n-f Metadata [15.3 kB]
performance-test	Run /./.github/actions/setup-ocaml	2025-09-27T21:30:34.1661266Z Get:14 http://azure.archive.ubuntu.com/ubuntu noble-updates/universe amd64 Packages [1485 kB]
performance-test	Run /./.github/actions/setup-ocaml	2025-09-27T21:30:34.1757156Z Get:15 http://azure.archive.ubuntu.com/ubuntu noble-updates/universe Translation-en [299 kB]
performance-test	Run /./.github/actions/setup-ocaml	2025-09-27T21:30:34.1791377Z Get:16 http://azure.archive.ubuntu.com/ubuntu noble-updates/universe amd64 Components [377 kB]
performance-test	Run /./.github/actions/setup-ocaml	2025-09-27T21:30:34.1832976Z Get:17 http://azure.archive.ubuntu.com/ubuntu noble-updates/universe amd64 c-n-f Metadata [31.0 kB]
performance-test	Run /./.github/actions/setup-ocaml	2025-09-27T21:30:34.1841706Z Get:18 http://azure.archive.ubuntu.com/ubuntu noble-updates/restricted amd64 Packages [1957 kB]
performance-test	Run /./.github/actions/setup-ocaml	2025-09-27T21:30:34.1974449Z Get:19 http://azure.archive.ubuntu.com/ubuntu noble-updates/restricted Translation-en [441 kB]
performance-test	Run /./.github/actions/setup-ocaml	2025-09-27T21:30:34.2460374Z Get:20 http://azure.archive.ubuntu.com/ubuntu noble-updates/restricted amd64 Components [212 B]
performance-test	Run /./.github/actions/setup-ocaml	2025-09-27T21:30:34.2471350Z Get:21 http://azure.archive.ubuntu.com/ubuntu noble-updates/multiverse amd64 Components [940 B]
performance-test	Run /./.github/actions/setup-ocaml	2025-09-27T21:30:34.2480954Z Get:22 http://azure.archive.ubuntu.com/ubuntu noble-backports/main amd64 Components [7076 B]
performance-test	Run /./.github/actions/setup-ocaml	2025-09-27T21:30:34.2490408Z Get:23 http://azure.archive.ubuntu.com/ubuntu noble-backports/universe amd64 Packages [28.9 kB]
performance-test	Run /./.github/actions/setup-ocaml	2025-09-27T21:30:34.2510464Z Get:24 http://azure.archive.ubuntu.com/ubuntu noble-backports/universe amd64 Components [11.0 kB]
performance-test	Run /./.github/actions/setup-ocaml	2025-09-27T21:30:34.2525489Z Get:25 http://azure.archive.ubuntu.com/ubuntu noble-backports/universe amd64 c-n-f Metadata [1444 B]
performance-test	Run /./.github/actions/setup-ocaml	2025-09-27T21:30:34.2531084Z Get:26 http://azure.archive.ubuntu.com/ubuntu noble-backports/restricted amd64 Components [216 B]
performance-test	Run /./.github/actions/setup-ocaml	2025-09-27T21:30:34.2539760Z Get:27 http://azure.archive.ubuntu.com/ubuntu noble-backports/multiverse amd64 Components [212 B]
performance-test	Run /./.github/actions/setup-ocaml	2025-09-27T21:30:34.2696569Z Get:28 http://azure.archive.ubuntu.com/ubuntu noble-security/main amd64 Packages [1171 kB]
performance-test	Run /./.github/actions/setup-ocaml	2025-09-27T21:30:34.2764666Z Get:29 http://azure.archive.ubuntu.com/ubuntu noble-security/main Translation-en [198 kB]
performance-test	Run /./.github/actions/setup-ocaml	2025-09-27T21:30:34.2786362Z Get:30 http://azure.archive.ubuntu.com/ubuntu noble-security/main amd64 Components [21.6 kB]
performance-test	Run /./.github/actions/setup-ocaml	2025-09-27T21:30:34.2796391Z Get:31 http://azure.archive.ubuntu.com/ubuntu noble-security/main amd64 c-n-f Metadata [8744 B]
performance-test	Run /./.github/actions/setup-ocaml	2025-09-27T21:30:34.2806196Z Get:32 http://azure.archive.ubuntu.com/ubuntu noble-security/universe amd64 Packages [880 kB]
performance-test	Run /./.github/actions/setup-ocaml	2025-09-27T21:30:34.2866721Z Get:33 http://azure.archive.ubuntu.com/ubuntu noble-security/universe Translation-en [195 kB]
performance-test	Run /./.github/actions/setup-ocaml	2025-09-27T21:30:34.3335239Z Get:34 http://azure.archive.ubuntu.com/ubuntu noble-security/universe amd64 Components [52.3 kB]
performance-test	Run /./.github/actions/setup-ocaml	2025-09-27T21:30:34.3347569Z Get:35 http://azure.archive.ubuntu.com/ubuntu noble-security/universe amd64 c-n-f Metadata [18.0 kB]
performance-test	Run /./.github/actions/setup-ocaml	2025-09-27T21:30:34.3359128Z Get:36 http://azure.archive.ubuntu.com/ubuntu noble-security/restricted amd64 Packages [1872 kB]
performance-test	Run /./.github/actions/setup-ocaml	2025-09-27T21:30:34.3474097Z Get:37 http://azure.archive.ubuntu.com/ubuntu noble-security/restricted Translation-en [423 kB]
performance-test	Run /./.github/actions/setup-ocaml	2025-09-27T21:30:34.3510885Z Get:38 http://azure.archive.ubuntu.com/ubuntu noble-security/restricted amd64 Components [212 B]
performance-test	Run /./.github/actions/setup-ocaml	2025-09-27T21:30:34.3522773Z Get:39 http://azure.archive.ubuntu.com/ubuntu noble-security/multiverse amd64 Components [212 B]
performance-test	Run /./.github/actions/setup-ocaml	2025-09-27T21:30:45.5902927Z Fetched 11.9 MB in 2s (7084 kB/s)
performance-test	Run /./.github/actions/setup-ocaml	2025-09-27T21:30:46.3433765Z Reading package lists...
performance-test	Run /./.github/actions/setup-ocaml	2025-09-27T21:30:46.3757608Z Reading package lists...
performance-test	Run /./.github/actions/setup-ocaml	2025-09-27T21:30:46.5611290Z Building dependency tree...
performance-test	Run /./.github/actions/setup-ocaml	2025-09-27T21:30:46.5618816Z Reading state information...
performance-test	Run /./.github/actions/setup-ocaml	2025-09-27T21:30:46.7193280Z mercurial is already the newest version (6.7.2-1ubuntu2.2).
performance-test	Run /./.github/actions/setup-ocaml	2025-09-27T21:30:46.7194286Z rsync is already the newest version (3.2.7-1ubuntu1.2).
performance-test	Run /./.github/actions/setup-ocaml	2025-09-27T21:30:46.7194815Z The following additional packages will be installed:
performance-test	Run /./.github/actions/setup-ocaml	2025-09-27T21:30:46.7195951Z   g++-13-multilib gcc-13-multilib lib32asan8 lib32atomic1 lib32gcc-13-dev
performance-test	Run /./.github/actions/setup-ocaml	2025-09-27T21:30:46.7196879Z   lib32gomp1 lib32itm1 lib32quadmath0 lib32stdc++-13-dev lib32ubsan1
performance-test	Run /./.github/actions/setup-ocaml	2025-09-27T21:30:46.7198800Z   libc6-dev-i386 libc6-dev-x32 libc6-x32 libx32asan8 libx32atomic1
performance-test	Run /./.github/actions/setup-ocaml	2025-09-27T21:30:46.7199730Z   libx32gcc-13-dev libx32gcc-s1 libx32gomp1 libx32itm1 libx32quadmath0
performance-test	Run /./.github/actions/setup-ocaml	2025-09-27T21:30:46.7200675Z   libx32stdc++-13-dev libx32stdc++6 libx32ubsan1 musl musl-dev
performance-test	Run /./.github/actions/setup-ocaml	2025-09-27T21:30:46.7206123Z Suggested packages:
performance-test	Run /./.github/actions/setup-ocaml	2025-09-27T21:30:46.7874780Z   lib32stdc++6-13-dbg libx32stdc++6-13-dbg
performance-test	Run /./.github/actions/setup-ocaml	2025-09-27T21:30:46.7875497Z The following NEW packages will be installed:
performance-test	Run /./.github/actions/setup-ocaml	2025-09-27T21:30:46.7876207Z   bubblewrap g++-13-multilib g++-multilib gcc-13-multilib gcc-multilib
performance-test	Run /./.github/actions/setup-ocaml	2025-09-27T21:30:46.7877299Z   lib32asan8 lib32atomic1 lib32gcc-13-dev lib32gomp1 lib32itm1 lib32quadmath0
performance-test	Run /./.github/actions/setup-ocaml	2025-09-27T21:30:46.7882031Z   lib32stdc++-13-dev lib32ubsan1 libc6-dev-i386 libc6-dev-x32 libc6-x32
performance-test	Run /./.github/actions/setup-ocaml	2025-09-27T21:30:46.7882786Z   libx32asan8 libx32atomic1 libx32gcc-13-dev libx32gcc-s1 libx32gomp1
performance-test	Run /./.github/actions/setup-ocaml	2025-09-27T21:30:46.7883549Z   libx32itm1 libx32quadmath0 libx32stdc++-13-dev libx32stdc++6 libx32ubsan1
performance-test	Run /./.github/actions/setup-ocaml	2025-09-27T21:30:46.7886210Z   musl musl-dev musl-tools
performance-test	Run /./.github/actions/setup-ocaml	2025-09-27T21:30:46.8079977Z 0 upgraded, 29 newly installed, 0 to remove and 17 not upgraded.
performance-test	Run /./.github/actions/setup-ocaml	2025-09-27T21:30:46.8080711Z Need to get 23.6 MB of archives.
performance-test	Run /./.github/actions/setup-ocaml	2025-09-27T21:30:46.8081287Z After this operation, 94.1 MB of additional disk space will be used.
performance-test	Run /./.github/actions/setup-ocaml	2025-09-27T21:30:46.8082386Z Get:1 file:/etc/apt/apt-mirrors.txt Mirrorlist [144 B]
performance-test	Run /./.github/actions/setup-ocaml	2025-09-27T21:30:46.8434914Z Get:2 http://azure.archive.ubuntu.com/ubuntu noble-updates/main amd64 bubblewrap amd64 0.9.0-1ubuntu0.1 [50.2 kB]
performance-test	Run /./.github/actions/setup-ocaml	2025-09-27T21:30:46.8640293Z Get:3 http://azure.archive.ubuntu.com/ubuntu noble-updates/main amd64 libc6-dev-i386 amd64 2.39-0ubuntu8.6 [1447 kB]
performance-test	Run /./.github/actions/setup-ocaml	2025-09-27T21:30:46.9022985Z Get:4 http://azure.archive.ubuntu.com/ubuntu noble-updates/main amd64 libc6-x32 amd64 2.39-0ubuntu8.6 [2913 kB]
performance-test	Run /./.github/actions/setup-ocaml	2025-09-27T21:30:46.9503519Z Get:5 http://azure.archive.ubuntu.com/ubuntu noble-updates/main amd64 libc6-dev-x32 amd64 2.39-0ubuntu8.6 [1637 kB]
performance-test	Run /./.github/actions/setup-ocaml	2025-09-27T21:30:46.9901461Z Get:6 http://azure.archive.ubuntu.com/ubuntu noble-updates/main amd64 libx32gcc-s1 amd64 14.2.0-4ubuntu2~24.04 [78.5 kB]
performance-test	Run /./.github/actions/setup-ocaml	2025-09-27T21:30:47.0092840Z Get:7 http://azure.archive.ubuntu.com/ubuntu noble-updates/main amd64 lib32gomp1 amd64 14.2.0-4ubuntu2~24.04 [141 kB]
performance-test	Run /./.github/actions/setup-ocaml	2025-09-27T21:30:47.0290823Z Get:8 http://azure.archive.ubuntu.com/ubuntu noble-updates/main amd64 libx32gomp1 amd64 14.2.0-4ubuntu2~24.04 [145 kB]
performance-test	Run /./.github/actions/setup-ocaml	2025-09-27T21:30:47.0487589Z Get:9 http://azure.archive.ubuntu.com/ubuntu noble-updates/main amd64 lib32itm1 amd64 14.2.0-4ubuntu2~24.04 [29.6 kB]
performance-test	Run /./.github/actions/setup-ocaml	2025-09-27T21:30:47.0682903Z Get:10 http://azure.archive.ubuntu.com/ubuntu noble-updates/main amd64 libx32itm1 amd64 14.2.0-4ubuntu2~24.04 [29.8 kB]
performance-test	Run /./.github/actions/setup-ocaml	2025-09-27T21:30:47.0870193Z Get:11 http://azure.archive.ubuntu.com/ubuntu noble-updates/main amd64 lib32atomic1 amd64 14.2.0-4ubuntu2~24.04 [8586 B]
performance-test	Run /./.github/actions/setup-ocaml	2025-09-27T21:30:47.1098887Z Get:12 http://azure.archive.ubuntu.com/ubuntu noble-updates/main amd64 libx32atomic1 amd64 14.2.0-4ubuntu2~24.04 [10.3 kB]
performance-test	Run /./.github/actions/setup-ocaml	2025-09-27T21:30:47.1289173Z Get:13 http://azure.archive.ubuntu.com/ubuntu noble-updates/main amd64 lib32asan8 amd64 14.2.0-4ubuntu2~24.04 [2879 kB]
performance-test	Run /./.github/actions/setup-ocaml	2025-09-27T21:30:47.1768828Z Get:14 http://azure.archive.ubuntu.com/ubuntu noble-updates/main amd64 libx32asan8 amd64 14.2.0-4ubuntu2~24.04 [2893 kB]
performance-test	Run /./.github/actions/setup-ocaml	2025-09-27T21:30:47.2257937Z Get:15 http://azure.archive.ubuntu.com/ubuntu noble-updates/main amd64 lib32ubsan1 amd64 14.2.0-4ubuntu2~24.04 [1150 kB]
performance-test	Run /./.github/actions/setup-ocaml	2025-09-27T21:30:47.2615115Z Get:16 http://azure.archive.ubuntu.com/ubuntu noble-updates/main amd64 libx32stdc++6 amd64 14.2.0-4ubuntu2~24.04 [778 kB]
performance-test	Run /./.github/actions/setup-ocaml	2025-09-27T21:30:47.2866646Z Get:17 http://azure.archive.ubuntu.com/ubuntu noble-updates/main amd64 libx32ubsan1 amd64 14.2.0-4ubuntu2~24.04 [1169 kB]
performance-test	Run /./.github/actions/setup-ocaml	2025-09-27T21:30:47.3228049Z Get:18 http://azure.archive.ubuntu.com/ubuntu noble-updates/main amd64 lib32quadmath0 amd64 14.2.0-4ubuntu2~24.04 [227 kB]
performance-test	Run /./.github/actions/setup-ocaml	2025-09-27T21:30:47.3431421Z Get:19 http://azure.archive.ubuntu.com/ubuntu noble-updates/main amd64 libx32quadmath0 amd64 14.2.0-4ubuntu2~24.04 [157 kB]
performance-test	Run /./.github/actions/setup-ocaml	2025-09-27T21:30:47.4074513Z Get:20 http://azure.archive.ubuntu.com/ubuntu noble-updates/main amd64 lib32gcc-13-dev amd64 13.3.0-6ubuntu2~24.04 [2380 kB]
performance-test	Run /./.github/actions/setup-ocaml	2025-09-27T21:30:47.4490311Z Get:21 http://azure.archive.ubuntu.com/ubuntu noble-updates/main amd64 libx32gcc-13-dev amd64 13.3.0-6ubuntu2~24.04 [2190 kB]
performance-test	Run /./.github/actions/setup-ocaml	2025-09-27T21:30:47.4922358Z Get:22 http://azure.archive.ubuntu.com/ubuntu noble-updates/main amd64 gcc-13-multilib amd64 13.3.0-6ubuntu2~24.04 [878 B]
performance-test	Run /./.github/actions/setup-ocaml	2025-09-27T21:30:47.5106535Z Get:23 http://azure.archive.ubuntu.com/ubuntu noble-updates/main amd64 lib32stdc++-13-dev amd64 13.3.0-6ubuntu2~24.04 [1150 kB]
performance-test	Run /./.github/actions/setup-ocaml	2025-09-27T21:30:47.5467305Z Get:24 http://azure.archive.ubuntu.com/ubuntu noble-updates/main amd64 libx32stdc++-13-dev amd64 13.3.0-6ubuntu2~24.04 [1086 kB]
performance-test	Run /./.github/actions/setup-ocaml	2025-09-27T21:30:47.5730462Z Get:25 http://azure.archive.ubuntu.com/ubuntu noble-updates/main amd64 g++-13-multilib amd64 13.3.0-6ubuntu2~24.04 [890 B]
performance-test	Run /./.github/actions/setup-ocaml	2025-09-27T21:30:47.5916960Z Get:26 http://azure.archive.ubuntu.com/ubuntu noble/main amd64 gcc-multilib amd64 4:13.2.0-7ubuntu1 [1474 B]
performance-test	Run /./.github/actions/setup-ocaml	2025-09-27T21:30:47.6106980Z Get:27 http://azure.archive.ubuntu.com/ubuntu noble/main amd64 g++-multilib amd64 4:13.2.0-7ubuntu1 [884 B]
performance-test	Run /./.github/actions/setup-ocaml	2025-09-27T21:30:47.6296192Z Get:28 http://azure.archive.ubuntu.com/ubuntu noble/universe amd64 musl amd64 1.2.4-2 [416 kB]
performance-test	Run /./.github/actions/setup-ocaml	2025-09-27T21:30:47.6511925Z Get:29 http://azure.archive.ubuntu.com/ubuntu noble/universe amd64 musl-dev amd64 1.2.4-2 [616 kB]
performance-test	Run /./.github/actions/setup-ocaml	2025-09-27T21:30:47.6745479Z Get:30 http://azure.archive.ubuntu.com/ubuntu noble/universe amd64 musl-tools amd64 1.2.4-2 [5540 B]
performance-test	Run /./.github/actions/setup-ocaml	2025-09-27T21:30:47.9578389Z Fetched 23.6 MB in 1s (26.9 MB/s)
performance-test	Run /./.github/actions/setup-ocaml	2025-09-27T21:30:48.0332320Z Selecting previously unselected package bubblewrap.
performance-test	Run /./.github/actions/setup-ocaml	2025-09-27T21:30:48.1153712Z (Reading database ... 
performance-test	Run /./.github/actions/setup-ocaml	2025-09-27T21:30:48.1155998Z (Reading database ... 5%
performance-test	Run /./.github/actions/setup-ocaml	2025-09-27T21:30:48.1156390Z (Reading database ... 10%
performance-test	Run /./.github/actions/setup-ocaml	2025-09-27T21:30:48.1156726Z (Reading database ... 15%
performance-test	Run /./.github/actions/setup-ocaml	2025-09-27T21:30:48.1157047Z (Reading database ... 20%
performance-test	Run /./.github/actions/setup-ocaml	2025-09-27T21:30:48.1157247Z (Reading database ... 25%
performance-test	Run /./.github/actions/setup-ocaml	2025-09-27T21:30:48.1157454Z (Reading database ... 30%
performance-test	Run /./.github/actions/setup-ocaml	2025-09-27T21:30:48.1157665Z (Reading database ... 35%
performance-test	Run /./.github/actions/setup-ocaml	2025-09-27T21:30:48.1157881Z (Reading database ... 40%
performance-test	Run /./.github/actions/setup-ocaml	2025-09-27T21:30:48.1158079Z (Reading database ... 45%
performance-test	Run /./.github/actions/setup-ocaml	2025-09-27T21:30:48.1158315Z (Reading database ... 50%
performance-test	Run /./.github/actions/setup-ocaml	2025-09-27T21:30:48.3951765Z (Reading database ... 55%
performance-test	Run /./.github/actions/setup-ocaml	2025-09-27T21:30:49.2050361Z (Reading database ... 60%
performance-test	Run /./.github/actions/setup-ocaml	2025-09-27T21:30:49.3962283Z (Reading database ... 65%
performance-test	Run /./.github/actions/setup-ocaml	2025-09-27T21:30:49.4847276Z (Reading database ... 70%
performance-test	Run /./.github/actions/setup-ocaml	2025-09-27T21:30:49.8033208Z (Reading database ... 75%
performance-test	Run /./.github/actions/setup-ocaml	2025-09-27T21:30:51.4297061Z (Reading database ... 80%
performance-test	Run /./.github/actions/setup-ocaml	2025-09-27T21:30:52.9297497Z (Reading database ... 85%
performance-test	Run /./.github/actions/setup-ocaml	2025-09-27T21:30:54.6336582Z (Reading database ... 90%
performance-test	Run /./.github/actions/setup-ocaml	2025-09-27T21:30:56.0392177Z (Reading database ... 95%
performance-test	Run /./.github/actions/setup-ocaml	2025-09-27T21:30:56.0392743Z (Reading database ... 100%
performance-test	Run /./.github/actions/setup-ocaml	2025-09-27T21:30:56.0393368Z (Reading database ... 214164 files and directories currently installed.)
performance-test	Run /./.github/actions/setup-ocaml	2025-09-27T21:30:56.0446178Z Preparing to unpack .../00-bubblewrap_0.9.0-1ubuntu0.1_amd64.deb ...
performance-test	Run /./.github/actions/setup-ocaml	2025-09-27T21:30:56.0476937Z Unpacking bubblewrap (0.9.0-1ubuntu0.1) ...
performance-test	Run /./.github/actions/setup-ocaml	2025-09-27T21:30:56.0967101Z Selecting previously unselected package libc6-dev-i386.
performance-test	Run /./.github/actions/setup-ocaml	2025-09-27T21:30:56.1103970Z Preparing to unpack .../01-libc6-dev-i386_2.39-0ubuntu8.6_amd64.deb ...
performance-test	Run /./.github/actions/setup-ocaml	2025-09-27T21:30:56.1116115Z Unpacking libc6-dev-i386 (2.39-0ubuntu8.6) ...
performance-test	Run /./.github/actions/setup-ocaml	2025-09-27T21:30:56.2508870Z Selecting previously unselected package libc6-x32.
performance-test	Run /./.github/actions/setup-ocaml	2025-09-27T21:30:56.2643288Z Preparing to unpack .../02-libc6-x32_2.39-0ubuntu8.6_amd64.deb ...
performance-test	Run /./.github/actions/setup-ocaml	2025-09-27T21:30:56.2702212Z Unpacking libc6-x32 (2.39-0ubuntu8.6) ...
performance-test	Run /./.github/actions/setup-ocaml	2025-09-27T21:30:56.3851616Z Selecting previously unselected package libc6-dev-x32.
performance-test	Run /./.github/actions/setup-ocaml	2025-09-27T21:30:56.3987637Z Preparing to unpack .../03-libc6-dev-x32_2.39-0ubuntu8.6_amd64.deb ...
performance-test	Run /./.github/actions/setup-ocaml	2025-09-27T21:30:56.4029824Z Unpacking libc6-dev-x32 (2.39-0ubuntu8.6) ...
performance-test	Run /./.github/actions/setup-ocaml	2025-09-27T21:30:56.4665904Z Selecting previously unselected package libx32gcc-s1.
performance-test	Run /./.github/actions/setup-ocaml	2025-09-27T21:30:56.4799673Z Preparing to unpack .../04-libx32gcc-s1_14.2.0-4ubuntu2~24.04_amd64.deb ...
performance-test	Run /./.github/actions/setup-ocaml	2025-09-27T21:30:56.4812275Z Unpacking libx32gcc-s1 (14.2.0-4ubuntu2~24.04) ...
performance-test	Run /./.github/actions/setup-ocaml	2025-09-27T21:30:56.5086456Z Selecting previously unselected package lib32gomp1.
performance-test	Run /./.github/actions/setup-ocaml	2025-09-27T21:30:56.5227004Z Preparing to unpack .../05-lib32gomp1_14.2.0-4ubuntu2~24.04_amd64.deb ...
performance-test	Run /./.github/actions/setup-ocaml	2025-09-27T21:30:56.5247578Z Unpacking lib32gomp1 (14.2.0-4ubuntu2~24.04) ...
performance-test	Run /./.github/actions/setup-ocaml	2025-09-27T21:30:56.5515970Z Selecting previously unselected package libx32gomp1.
performance-test	Run /./.github/actions/setup-ocaml	2025-09-27T21:30:56.5649953Z Preparing to unpack .../06-libx32gomp1_14.2.0-4ubuntu2~24.04_amd64.deb ...
performance-test	Run /./.github/actions/setup-ocaml	2025-09-27T21:30:56.5661557Z Unpacking libx32gomp1 (14.2.0-4ubuntu2~24.04) ...
performance-test	Run /./.github/actions/setup-ocaml	2025-09-27T21:30:56.5930075Z Selecting previously unselected package lib32itm1.
performance-test	Run /./.github/actions/setup-ocaml	2025-09-27T21:30:56.6064874Z Preparing to unpack .../07-lib32itm1_14.2.0-4ubuntu2~24.04_amd64.deb ...
performance-test	Run /./.github/actions/setup-ocaml	2025-09-27T21:30:56.6080376Z Unpacking lib32itm1 (14.2.0-4ubuntu2~24.04) ...
performance-test	Run /./.github/actions/setup-ocaml	2025-09-27T21:30:56.6331056Z Selecting previously unselected package libx32itm1.
performance-test	Run /./.github/actions/setup-ocaml	2025-09-27T21:30:56.6466648Z Preparing to unpack .../08-libx32itm1_14.2.0-4ubuntu2~24.04_amd64.deb ...
performance-test	Run /./.github/actions/setup-ocaml	2025-09-27T21:30:56.6487552Z Unpacking libx32itm1 (14.2.0-4ubuntu2~24.04) ...
performance-test	Run /./.github/actions/setup-ocaml	2025-09-27T21:30:56.6782576Z Selecting previously unselected package lib32atomic1.
performance-test	Run /./.github/actions/setup-ocaml	2025-09-27T21:30:56.6917872Z Preparing to unpack .../09-lib32atomic1_14.2.0-4ubuntu2~24.04_amd64.deb ...
performance-test	Run /./.github/actions/setup-ocaml	2025-09-27T21:30:56.6934434Z Unpacking lib32atomic1 (14.2.0-4ubuntu2~24.04) ...
performance-test	Run /./.github/actions/setup-ocaml	2025-09-27T21:30:56.7190102Z Selecting previously unselected package libx32atomic1.
performance-test	Run /./.github/actions/setup-ocaml	2025-09-27T21:30:56.7323304Z Preparing to unpack .../10-libx32atomic1_14.2.0-4ubuntu2~24.04_amd64.deb ...
performance-test	Run /./.github/actions/setup-ocaml	2025-09-27T21:30:56.7339803Z Unpacking libx32atomic1 (14.2.0-4ubuntu2~24.04) ...
performance-test	Run /./.github/actions/setup-ocaml	2025-09-27T21:30:56.7628204Z Selecting previously unselected package lib32asan8.
performance-test	Run /./.github/actions/setup-ocaml	2025-09-27T21:30:56.7762073Z Preparing to unpack .../11-lib32asan8_14.2.0-4ubuntu2~24.04_amd64.deb ...
performance-test	Run /./.github/actions/setup-ocaml	2025-09-27T21:30:56.7777930Z Unpacking lib32asan8 (14.2.0-4ubuntu2~24.04) ...
performance-test	Run /./.github/actions/setup-ocaml	2025-09-27T21:30:56.8462536Z Selecting previously unselected package libx32asan8.
performance-test	Run /./.github/actions/setup-ocaml	2025-09-27T21:30:56.8596831Z Preparing to unpack .../12-libx32asan8_14.2.0-4ubuntu2~24.04_amd64.deb ...
performance-test	Run /./.github/actions/setup-ocaml	2025-09-27T21:30:56.8615497Z Unpacking libx32asan8 (14.2.0-4ubuntu2~24.04) ...
performance-test	Run /./.github/actions/setup-ocaml	2025-09-27T21:30:56.9290309Z Selecting previously unselected package lib32ubsan1.
performance-test	Run /./.github/actions/setup-ocaml	2025-09-27T21:30:56.9423076Z Preparing to unpack .../13-lib32ubsan1_14.2.0-4ubuntu2~24.04_amd64.deb ...
performance-test	Run /./.github/actions/setup-ocaml	2025-09-27T21:30:56.9437203Z Unpacking lib32ubsan1 (14.2.0-4ubuntu2~24.04) ...
performance-test	Run /./.github/actions/setup-ocaml	2025-09-27T21:30:56.9868828Z Selecting previously unselected package libx32stdc++6.
performance-test	Run /./.github/actions/setup-ocaml	2025-09-27T21:30:57.0001687Z Preparing to unpack .../14-libx32stdc++6_14.2.0-4ubuntu2~24.04_amd64.deb ...
performance-test	Run /./.github/actions/setup-ocaml	2025-09-27T21:30:57.0014937Z Unpacking libx32stdc++6 (14.2.0-4ubuntu2~24.04) ...
performance-test	Run /./.github/actions/setup-ocaml	2025-09-27T21:30:57.0332358Z Selecting previously unselected package libx32ubsan1.
performance-test	Run /./.github/actions/setup-ocaml	2025-09-27T21:30:57.0467467Z Preparing to unpack .../15-libx32ubsan1_14.2.0-4ubuntu2~24.04_amd64.deb ...
performance-test	Run /./.github/actions/setup-ocaml	2025-09-27T21:30:57.0480190Z Unpacking libx32ubsan1 (14.2.0-4ubuntu2~24.04) ...
performance-test	Run /./.github/actions/setup-ocaml	2025-09-27T21:30:57.0927774Z Selecting previously unselected package lib32quadmath0.
performance-test	Run /./.github/actions/setup-ocaml	2025-09-27T21:30:57.1066197Z Preparing to unpack .../16-lib32quadmath0_14.2.0-4ubuntu2~24.04_amd64.deb ...
performance-test	Run /./.github/actions/setup-ocaml	2025-09-27T21:30:57.1081476Z Unpacking lib32quadmath0 (14.2.0-4ubuntu2~24.04) ...
performance-test	Run /./.github/actions/setup-ocaml	2025-09-27T21:30:57.1388110Z Selecting previously unselected package libx32quadmath0.
performance-test	Run /./.github/actions/setup-ocaml	2025-09-27T21:30:57.1523332Z Preparing to unpack .../17-libx32quadmath0_14.2.0-4ubuntu2~24.04_amd64.deb ...
performance-test	Run /./.github/actions/setup-ocaml	2025-09-27T21:30:57.1534795Z Unpacking libx32quadmath0 (14.2.0-4ubuntu2~24.04) ...
performance-test	Run /./.github/actions/setup-ocaml	2025-09-27T21:30:57.1761616Z Selecting previously unselected package lib32gcc-13-dev.
performance-test	Run /./.github/actions/setup-ocaml	2025-09-27T21:30:57.1899825Z Preparing to unpack .../18-lib32gcc-13-dev_13.3.0-6ubuntu2~24.04_amd64.deb ...
performance-test	Run /./.github/actions/setup-ocaml	2025-09-27T21:30:57.1916737Z Unpacking lib32gcc-13-dev (13.3.0-6ubuntu2~24.04) ...
performance-test	Run /./.github/actions/setup-ocaml	2025-09-27T21:30:57.2474368Z Selecting previously unselected package libx32gcc-13-dev.
performance-test	Run /./.github/actions/setup-ocaml	2025-09-27T21:30:57.2610793Z Preparing to unpack .../19-libx32gcc-13-dev_13.3.0-6ubuntu2~24.04_amd64.deb ...
performance-test	Run /./.github/actions/setup-ocaml	2025-09-27T21:30:57.2623529Z Unpacking libx32gcc-13-dev (13.3.0-6ubuntu2~24.04) ...
performance-test	Run /./.github/actions/setup-ocaml	2025-09-27T21:30:57.3173792Z Selecting previously unselected package gcc-13-multilib.
performance-test	Run /./.github/actions/setup-ocaml	2025-09-27T21:30:57.3311413Z Preparing to unpack .../20-gcc-13-multilib_13.3.0-6ubuntu2~24.04_amd64.deb ...
performance-test	Run /./.github/actions/setup-ocaml	2025-09-27T21:30:57.3328203Z Unpacking gcc-13-multilib (13.3.0-6ubuntu2~24.04) ...
performance-test	Run /./.github/actions/setup-ocaml	2025-09-27T21:30:57.3561961Z Selecting previously unselected package lib32stdc++-13-dev.
performance-test	Run /./.github/actions/setup-ocaml	2025-09-27T21:30:57.3694884Z Preparing to unpack .../21-lib32stdc++-13-dev_13.3.0-6ubuntu2~24.04_amd64.deb ...
performance-test	Run /./.github/actions/setup-ocaml	2025-09-27T21:30:57.3708805Z Unpacking lib32stdc++-13-dev (13.3.0-6ubuntu2~24.04) ...
performance-test	Run /./.github/actions/setup-ocaml	2025-09-27T21:30:57.4322180Z Selecting previously unselected package libx32stdc++-13-dev.
performance-test	Run /./.github/actions/setup-ocaml	2025-09-27T21:30:57.4456748Z Preparing to unpack .../22-libx32stdc++-13-dev_13.3.0-6ubuntu2~24.04_amd64.deb ...
performance-test	Run /./.github/actions/setup-ocaml	2025-09-27T21:30:57.4473322Z Unpacking libx32stdc++-13-dev (13.3.0-6ubuntu2~24.04) ...
performance-test	Run /./.github/actions/setup-ocaml	2025-09-27T21:30:57.5052434Z Selecting previously unselected package g++-13-multilib.
performance-test	Run /./.github/actions/setup-ocaml	2025-09-27T21:30:57.5185710Z Preparing to unpack .../23-g++-13-multilib_13.3.0-6ubuntu2~24.04_amd64.deb ...
performance-test	Run /./.github/actions/setup-ocaml	2025-09-27T21:30:57.5210941Z Unpacking g++-13-multilib (13.3.0-6ubuntu2~24.04) ...
performance-test	Run /./.github/actions/setup-ocaml	2025-09-27T21:30:57.5441848Z Selecting previously unselected package gcc-multilib.
performance-test	Run /./.github/actions/setup-ocaml	2025-09-27T21:30:57.5576628Z Preparing to unpack .../24-gcc-multilib_4%3a13.2.0-7ubuntu1_amd64.deb ...
performance-test	Run /./.github/actions/setup-ocaml	2025-09-27T21:30:57.5596252Z Unpacking gcc-multilib (4:13.2.0-7ubuntu1) ...
performance-test	Run /./.github/actions/setup-ocaml	2025-09-27T21:30:57.5827165Z Selecting previously unselected package g++-multilib.
performance-test	Run /./.github/actions/setup-ocaml	2025-09-27T21:30:57.5960410Z Preparing to unpack .../25-g++-multilib_4%3a13.2.0-7ubuntu1_amd64.deb ...
performance-test	Run /./.github/actions/setup-ocaml	2025-09-27T21:30:57.5976482Z Unpacking g++-multilib (4:13.2.0-7ubuntu1) ...
performance-test	Run /./.github/actions/setup-ocaml	2025-09-27T21:30:57.6204802Z Selecting previously unselected package musl:amd64.
performance-test	Run /./.github/actions/setup-ocaml	2025-09-27T21:30:57.6338462Z Preparing to unpack .../26-musl_1.2.4-2_amd64.deb ...
performance-test	Run /./.github/actions/setup-ocaml	2025-09-27T21:30:57.6350458Z Unpacking musl:amd64 (1.2.4-2) ...
performance-test	Run /./.github/actions/setup-ocaml	2025-09-27T21:30:57.6718659Z Selecting previously unselected package musl-dev:amd64.
performance-test	Run /./.github/actions/setup-ocaml	2025-09-27T21:30:57.6851885Z Preparing to unpack .../27-musl-dev_1.2.4-2_amd64.deb ...
performance-test	Run /./.github/actions/setup-ocaml	2025-09-27T21:30:57.6886037Z Unpacking musl-dev:amd64 (1.2.4-2) ...
performance-test	Run /./.github/actions/setup-ocaml	2025-09-27T21:30:57.7568527Z Selecting previously unselected package musl-tools.
performance-test	Run /./.github/actions/setup-ocaml	2025-09-27T21:30:57.7704707Z Preparing to unpack .../28-musl-tools_1.2.4-2_amd64.deb ...
performance-test	Run /./.github/actions/setup-ocaml	2025-09-27T21:30:57.7716861Z Unpacking musl-tools (1.2.4-2) ...
performance-test	Run /./.github/actions/setup-ocaml	2025-09-27T21:30:57.8288000Z Setting up bubblewrap (0.9.0-1ubuntu0.1) ...
performance-test	Run /./.github/actions/setup-ocaml	2025-09-27T21:30:57.8350099Z Setting up libc6-dev-i386 (2.39-0ubuntu8.6) ...
performance-test	Run /./.github/actions/setup-ocaml	2025-09-27T21:30:57.8395802Z Setting up lib32itm1 (14.2.0-4ubuntu2~24.04) ...
performance-test	Run /./.github/actions/setup-ocaml	2025-09-27T21:30:57.8449926Z Setting up lib32ubsan1 (14.2.0-4ubuntu2~24.04) ...
performance-test	Run /./.github/actions/setup-ocaml	2025-09-27T21:30:57.8492532Z Setting up libc6-x32 (2.39-0ubuntu8.6) ...
performance-test	Run /./.github/actions/setup-ocaml	2025-09-27T21:30:57.8570898Z Setting up libc6-dev-x32 (2.39-0ubuntu8.6) ...
performance-test	Run /./.github/actions/setup-ocaml	2025-09-27T21:30:57.8659008Z Setting up lib32gomp1 (14.2.0-4ubuntu2~24.04) ...
performance-test	Run /./.github/actions/setup-ocaml	2025-09-27T21:30:57.8701226Z Setting up lib32asan8 (14.2.0-4ubuntu2~24.04) ...
performance-test	Run /./.github/actions/setup-ocaml	2025-09-27T21:30:57.8746539Z Setting up libx32gomp1 (14.2.0-4ubuntu2~24.04) ...
performance-test	Run /./.github/actions/setup-ocaml	2025-09-27T21:30:57.8785095Z Setting up musl:amd64 (1.2.4-2) ...
performance-test	Run /./.github/actions/setup-ocaml	2025-09-27T21:30:57.8841766Z Setting up lib32quadmath0 (14.2.0-4ubuntu2~24.04) ...
performance-test	Run /./.github/actions/setup-ocaml	2025-09-27T21:30:57.8872382Z Setting up libx32quadmath0 (14.2.0-4ubuntu2~24.04) ...
performance-test	Run /./.github/actions/setup-ocaml	2025-09-27T21:30:57.8903131Z Setting up lib32atomic1 (14.2.0-4ubuntu2~24.04) ...
performance-test	Run /./.github/actions/setup-ocaml	2025-09-27T21:30:57.8935948Z Setting up libx32atomic1 (14.2.0-4ubuntu2~24.04) ...
performance-test	Run /./.github/actions/setup-ocaml	2025-09-27T21:30:57.8975767Z Setting up libx32gcc-s1 (14.2.0-4ubuntu2~24.04) ...
performance-test	Run /./.github/actions/setup-ocaml	2025-09-27T21:30:57.9011824Z Setting up libx32itm1 (14.2.0-4ubuntu2~24.04) ...
performance-test	Run /./.github/actions/setup-ocaml	2025-09-27T21:30:57.9051943Z Setting up libx32asan8 (14.2.0-4ubuntu2~24.04) ...
performance-test	Run /./.github/actions/setup-ocaml	2025-09-27T21:30:57.9097744Z Setting up musl-dev:amd64 (1.2.4-2) ...
performance-test	Run /./.github/actions/setup-ocaml	2025-09-27T21:30:57.9146126Z Setting up libx32stdc++6 (14.2.0-4ubuntu2~24.04) ...
performance-test	Run /./.github/actions/setup-ocaml	2025-09-27T21:30:57.9191835Z Setting up libx32ubsan1 (14.2.0-4ubuntu2~24.04) ...
performance-test	Run /./.github/actions/setup-ocaml	2025-09-27T21:30:57.9225817Z Setting up lib32gcc-13-dev (13.3.0-6ubuntu2~24.04) ...
performance-test	Run /./.github/actions/setup-ocaml	2025-09-27T21:30:57.9269888Z Setting up musl-tools (1.2.4-2) ...
performance-test	Run /./.github/actions/setup-ocaml	2025-09-27T21:30:57.9319996Z Setting up libx32gcc-13-dev (13.3.0-6ubuntu2~24.04) ...
performance-test	Run /./.github/actions/setup-ocaml	2025-09-27T21:30:57.9364206Z Setting up gcc-13-multilib (13.3.0-6ubuntu2~24.04) ...
performance-test	Run /./.github/actions/setup-ocaml	2025-09-27T21:30:57.9402944Z Setting up lib32stdc++-13-dev (13.3.0-6ubuntu2~24.04) ...
performance-test	Run /./.github/actions/setup-ocaml	2025-09-27T21:30:57.9439086Z Setting up gcc-multilib (4:13.2.0-7ubuntu1) ...
performance-test	Run /./.github/actions/setup-ocaml	2025-09-27T21:30:57.9484685Z Setting up libx32stdc++-13-dev (13.3.0-6ubuntu2~24.04) ...
performance-test	Run /./.github/actions/setup-ocaml	2025-09-27T21:30:57.9516495Z Setting up g++-13-multilib (13.3.0-6ubuntu2~24.04) ...
performance-test	Run /./.github/actions/setup-ocaml	2025-09-27T21:30:57.9560848Z Setting up g++-multilib (4:13.2.0-7ubuntu1) ...
performance-test	Run /./.github/actions/setup-ocaml	2025-09-27T21:30:57.9604056Z Processing triggers for libc-bin (2.39-0ubuntu8.6) ...
performance-test	Run /./.github/actions/setup-ocaml	2025-09-27T21:31:02.4291722Z Processing triggers for man-db (2.12.0-4build2) ...
performance-test	Run /./.github/actions/setup-ocaml	2025-09-27T21:32:02.7377948Z 
performance-test	Run /./.github/actions/setup-ocaml	2025-09-27T21:32:02.7378620Z Running kernel seems to be up-to-date.
performance-test	Run /./.github/actions/setup-ocaml	2025-09-27T21:32:02.7378954Z 
performance-test	Run /./.github/actions/setup-ocaml	2025-09-27T21:32:02.7379072Z Restarting services...
performance-test	Run /./.github/actions/setup-ocaml	2025-09-27T21:32:02.7452307Z 
performance-test	Run /./.github/actions/setup-ocaml	2025-09-27T21:32:02.7452684Z Service restarts being deferred:
performance-test	Run /./.github/actions/setup-ocaml	2025-09-27T21:32:02.7454748Z  systemctl restart hosted-compute-agent.service
performance-test	Run /./.github/actions/setup-ocaml	2025-09-27T21:32:02.7455133Z 
performance-test	Run /./.github/actions/setup-ocaml	2025-09-27T21:32:02.7455296Z No containers need to be restarted.
performance-test	Run /./.github/actions/setup-ocaml	2025-09-27T21:32:02.7455570Z 
performance-test	Run /./.github/actions/setup-ocaml	2025-09-27T21:32:02.7455752Z No user sessions are running outdated binaries.
performance-test	Run /./.github/actions/setup-ocaml	2025-09-27T21:32:02.7456416Z 
performance-test	Run /./.github/actions/setup-ocaml	2025-09-27T21:32:02.7456712Z No VM guests are running outdated hypervisor (qemu) binaries on this host.
performance-test	Run /./.github/actions/setup-ocaml	2025-09-27T21:32:03.6985746Z ##[group]Run mkdir -p "$HOME/.github-tools"
performance-test	Run /./.github/actions/setup-ocaml	2025-09-27T21:32:03.6986185Z [36;1mmkdir -p "$HOME/.github-tools"[0m
performance-test	Run /./.github/actions/setup-ocaml	2025-09-27T21:32:03.6986433Z [36;1m{[0m
performance-test	Run /./.github/actions/setup-ocaml	2025-09-27T21:32:03.6986646Z [36;1m  printf '%s\n' '#!/usr/bin/env bash'[0m
performance-test	Run /./.github/actions/setup-ocaml	2025-09-27T21:32:03.6986942Z [36;1m  printf '%s\n' 'if [[ "$1" == "apt-get" ]]; then'[0m
performance-test	Run /./.github/actions/setup-ocaml	2025-09-27T21:32:03.6987209Z [36;1m  printf '%s\n' '  args=()'[0m
performance-test	Run /./.github/actions/setup-ocaml	2025-09-27T21:32:03.6987457Z [36;1m  printf '%s\n' '  install_seen=false'[0m
performance-test	Run /./.github/actions/setup-ocaml	2025-09-27T21:32:03.6987713Z [36;1m  printf '%s\n' '  for arg in "$@"; do'[0m
performance-test	Run /./.github/actions/setup-ocaml	2025-09-27T21:32:03.6988004Z [36;1m  printf '%s\n' '    if [[ "$arg" == "install" ]]; then'[0m
performance-test	Run /./.github/actions/setup-ocaml	2025-09-27T21:32:03.6988308Z [36;1m  printf '%s\n' '      install_seen=true'[0m
performance-test	Run /./.github/actions/setup-ocaml	2025-09-27T21:32:03.6988561Z [36;1m  printf '%s\n' '    fi'[0m
performance-test	Run /./.github/actions/setup-ocaml	2025-09-27T21:32:03.6988862Z [36;1m  printf '%s\n' '    if [[ "$install_seen" == true && "$arg" == "darcs" ]]; then'[0m
performance-test	Run /./.github/actions/setup-ocaml	2025-09-27T21:32:03.6989191Z [36;1m  printf '%s\n' '      continue'[0m
performance-test	Run /./.github/actions/setup-ocaml	2025-09-27T21:32:03.6989427Z [36;1m  printf '%s\n' '    fi'[0m
performance-test	Run /./.github/actions/setup-ocaml	2025-09-27T21:32:03.6989648Z [36;1m  printf '%s\n' '    args+=("$arg")'[0m
performance-test	Run /./.github/actions/setup-ocaml	2025-09-27T21:32:03.6989890Z [36;1m  printf '%s\n' '  done'[0m
performance-test	Run /./.github/actions/setup-ocaml	2025-09-27T21:32:03.6990138Z [36;1m  printf '%s\n' '  exec /usr/bin/sudo "${args[@]}"'[0m
performance-test	Run /./.github/actions/setup-ocaml	2025-09-27T21:32:03.6990411Z [36;1m  printf '%s\n' 'fi'[0m
performance-test	Run /./.github/actions/setup-ocaml	2025-09-27T21:32:03.6990640Z [36;1m  printf '%s\n' 'exec /usr/bin/sudo "$@"'[0m
performance-test	Run /./.github/actions/setup-ocaml	2025-09-27T21:32:03.6990892Z [36;1m} > "$HOME/.github-tools/sudo"[0m
performance-test	Run /./.github/actions/setup-ocaml	2025-09-27T21:32:03.6991146Z [36;1mchmod +x "$HOME/.github-tools/sudo"[0m
performance-test	Run /./.github/actions/setup-ocaml	2025-09-27T21:32:03.6991443Z [36;1mecho "PATH=$HOME/.github-tools:$PATH" >> "$GITHUB_ENV"[0m
performance-test	Run /./.github/actions/setup-ocaml	2025-09-27T21:32:03.7024871Z shell: /usr/bin/bash --noprofile --norc -e -o pipefail {0}
performance-test	Run /./.github/actions/setup-ocaml	2025-09-27T21:32:03.7025181Z ##[endgroup]
performance-test	Run /./.github/actions/setup-ocaml	2025-09-27T21:32:03.7166794Z ##[group]Run ocaml/setup-ocaml@v2
performance-test	Run /./.github/actions/setup-ocaml	2025-09-27T21:32:03.7167037Z with:
performance-test	Run /./.github/actions/setup-ocaml	2025-09-27T21:32:03.7167205Z   ocaml-compiler: 4.14.1
performance-test	Run /./.github/actions/setup-ocaml	2025-09-27T21:32:03.7167421Z   allow-prerelease-opam: false
performance-test	Run /./.github/actions/setup-ocaml	2025-09-27T21:32:03.7167775Z   opam-repositories: default,https://github.com/ocaml/opam-repository.git
performance-test	Run /./.github/actions/setup-ocaml	
performance-test	Run /./.github/actions/setup-ocaml	2025-09-27T21:32:03.7168138Z   opam-pin: true
performance-test	Run /./.github/actions/setup-ocaml	2025-09-27T21:32:03.7168319Z   opam-depext: false
performance-test	Run /./.github/actions/setup-ocaml	2025-09-27T21:32:03.7168516Z   opam-local-packages: *.opam
performance-test	Run /./.github/actions/setup-ocaml	2025-09-27T21:32:03.7168739Z   opam-disable-sandboxing: false
performance-test	Run /./.github/actions/setup-ocaml	2025-09-27T21:32:03.7168952Z   dune-cache: false
performance-test	Run /./.github/actions/setup-ocaml	2025-09-27T21:32:03.7169124Z   cache-prefix: v1
performance-test	Run /./.github/actions/setup-ocaml	2025-09-27T21:32:03.7169574Z   github-token: ***
performance-test	Run /./.github/actions/setup-ocaml	2025-09-27T21:32:03.7169759Z env:
performance-test	Run /./.github/actions/setup-ocaml	2025-09-27T21:32:03.7170707Z   PATH: /home/runner/.github-tools:/snap/bin:/home/runner/.local/bin:/opt/pipx_bin:/home/runner/.cargo/bin:/home/runner/.config/composer/vendor/bin:/usr/local/.ghcup/bin:/home/runner/.dotnet/tools:/usr/local/sbin:/usr/local/bin:/usr/sbin:/usr/bin:/sbin:/bin:/usr/games:/usr/local/games:/snap/bin
performance-test	Run /./.github/actions/setup-ocaml	2025-09-27T21:32:03.7171711Z ##[endgroup]
performance-test	Run /./.github/actions/setup-ocaml	2025-09-27T21:32:03.8968772Z ##[group]Retrieve the opam cache
performance-test	Run /./.github/actions/setup-ocaml	2025-09-27T21:32:04.7764032Z ##[warning]Failed to restore: Cache service responded with 400
performance-test	Run /./.github/actions/setup-ocaml	2025-09-27T21:32:04.7766167Z Cache not found for input keys: v1-setup-ocaml-opam-2.1.6-sandbox-linux-24.04-x86_64-ocaml_base_compiler_4_14_1-2025-39, v1-setup-ocaml-opam-2.1.6-sandbox-linux-24.04-x86_64-ocaml_base_compiler_4_14_1-2025-39, v1-setup-ocaml-opam-2.1.6-sandbox-linux-24.04-x86_64-ocaml_base_compiler_4_14_1-2025-, v1-setup-ocaml-opam-2.1.6-sandbox-linux-24.04-x86_64-ocaml_base_compiler_4_14_1-
performance-test	Run /./.github/actions/setup-ocaml	2025-09-27T21:32:04.7767983Z ##[endgroup]
performance-test	Run /./.github/actions/setup-ocaml	2025-09-27T21:32:04.7768319Z ##[group]Install opam
performance-test	Run /./.github/actions/setup-ocaml	2025-09-27T21:32:05.4377431Z Acquired 2.1.6 from https://github.com/ocaml/opam/releases/download/2.1.6/opam-2.1.6-x86_64-linux
performance-test	Run /./.github/actions/setup-ocaml	2025-09-27T21:32:05.4466690Z Successfully cached opam to /opt/hostedtoolcache/opam/2.1.6/x86_64
performance-test	Run /./.github/actions/setup-ocaml	2025-09-27T21:32:05.4469517Z Added opam to the path
performance-test	Run /./.github/actions/setup-ocaml	2025-09-27T21:32:05.4470259Z ##[endgroup]
performance-test	Run /./.github/actions/setup-ocaml	2025-09-27T21:32:05.4470884Z ##[group]Initialise the opam state
performance-test	Run /./.github/actions/setup-ocaml	2025-09-27T21:32:05.4494202Z [command]/home/runner/.github-tools/sudo apt-get --yes install bubblewrap darcs g++-multilib gcc-multilib mercurial musl-tools rsync
performance-test	Run /./.github/actions/setup-ocaml	2025-09-27T21:32:05.4756667Z Reading package lists...
performance-test	Run /./.github/actions/setup-ocaml	2025-09-27T21:32:05.6617106Z Building dependency tree...
performance-test	Run /./.github/actions/setup-ocaml	2025-09-27T21:32:05.6624487Z Reading state information...
performance-test	Run /./.github/actions/setup-ocaml	2025-09-27T21:32:05.8415150Z bubblewrap is already the newest version (0.9.0-1ubuntu0.1).
performance-test	Run /./.github/actions/setup-ocaml	2025-09-27T21:32:05.8415836Z g++-multilib is already the newest version (4:13.2.0-7ubuntu1).
performance-test	Run /./.github/actions/setup-ocaml	2025-09-27T21:32:05.8416473Z gcc-multilib is already the newest version (4:13.2.0-7ubuntu1).
performance-test	Run /./.github/actions/setup-ocaml	2025-09-27T21:32:05.8417063Z mercurial is already the newest version (6.7.2-1ubuntu2.2).
performance-test	Run /./.github/actions/setup-ocaml	2025-09-27T21:32:05.8417613Z musl-tools is already the newest version (1.2.4-2).
performance-test	Run /./.github/actions/setup-ocaml	2025-09-27T21:32:05.8418133Z rsync is already the newest version (3.2.7-1ubuntu1.2).
performance-test	Run /./.github/actions/setup-ocaml	2025-09-27T21:32:05.8418707Z 0 upgraded, 0 newly installed, 0 to remove and 17 not upgraded.
performance-test	Run /./.github/actions/setup-ocaml	2025-09-27T21:32:05.8451173Z [command]/opt/hostedtoolcache/opam/2.1.6/x86_64/opam init --auto-setup --bare --enable-shell-hook
performance-test	Run /./.github/actions/setup-ocaml	2025-09-27T21:32:05.8598114Z No configuration file found, using built-in defaults.
performance-test	Run /./.github/actions/setup-ocaml	2025-09-27T21:32:05.8601885Z Checking for available remotes: rsync and local, git, mercurial.
performance-test	Run /./.github/actions/setup-ocaml	2025-09-27T21:32:05.8603192Z   - you won't be able to use darcs repositories unless you install the [01mdarcs[0m command on your system.
performance-test	Run /./.github/actions/setup-ocaml	2025-09-27T21:32:05.8603750Z 
performance-test	Run /./.github/actions/setup-ocaml	2025-09-27T21:32:05.8775139Z [31m[ERROR][0m Sandboxing is not working on your platform ubuntu:
performance-test	Run /./.github/actions/setup-ocaml	2025-09-27T21:32:05.8777156Z         "~/.opam/opam-init/hooks/sandbox.sh build sh -c echo SUCCESS >$TMPDIR/opam-sandbox-check-out && cat $TMPDIR/opam-sandbox-check-out; rm -f $TMPDIR/opam-sandbox-check-out" exited with code 1 "bwrap: loopback: Failed RTM_NEWADDR: Operation not permitted"
performance-test	Run /./.github/actions/setup-ocaml	2025-09-27T21:32:05.8779713Z Do you want to disable it?  Note that this will result in less secure package builds, so please ensure that you have some other isolation mechanisms in place (such as running within a container or virtual machine). [y/N] y
performance-test	Run /./.github/actions/setup-ocaml	2025-09-27T21:32:05.8780957Z 
performance-test	Run /./.github/actions/setup-ocaml	2025-09-27T21:32:05.8781585Z [36m<><>[0m [01mFetching repository information[0m [36m><><><><><><><><><><><><><><><><><><><><><>[0m
performance-test	Run /./.github/actions/setup-ocaml	2025-09-27T21:32:08.4257311Z [[32mdefault[0m] Initialised
performance-test	Run /./.github/actions/setup-ocaml	2025-09-27T21:32:20.4240817Z 
performance-test	Run /./.github/actions/setup-ocaml	2025-09-27T21:32:20.4241355Z User configuration:
performance-test	Run /./.github/actions/setup-ocaml	2025-09-27T21:32:20.4243285Z   Updating ~/.bash_profile.
performance-test	Run /./.github/actions/setup-ocaml	2025-09-27T21:32:20.4244783Z [1;34m[NOTE][0m Make sure that ~/.bash_profile is well [04msourced[0m in your ~/.bashrc.
performance-test	Run /./.github/actions/setup-ocaml	2025-09-27T21:32:20.4245298Z 
performance-test	Run /./.github/actions/setup-ocaml	2025-09-27T21:32:21.5021257Z ##[endgroup]
performance-test	Run /./.github/actions/setup-ocaml	2025-09-27T21:32:21.5024436Z ##[group]Remove the opam repositories
performance-test	Run /./.github/actions/setup-ocaml	2025-09-27T21:32:21.5046099Z [command]/opt/hostedtoolcache/opam/2.1.6/x86_64/opam repository list --all-switches --short
performance-test	Run /./.github/actions/setup-ocaml	2025-09-27T21:32:21.5596619Z default
performance-test	Run /./.github/actions/setup-ocaml	2025-09-27T21:32:21.5623628Z [command]/opt/hostedtoolcache/opam/2.1.6/x86_64/opam repository remove default --all-switches
performance-test	Run /./.github/actions/setup-ocaml	2025-09-27T21:32:21.6251508Z ##[endgroup]
performance-test	Run /./.github/actions/setup-ocaml	2025-09-27T21:32:21.6252242Z ##[group]Initialise the opam repositories
performance-test	Run /./.github/actions/setup-ocaml	2025-09-27T21:32:21.6271591Z [command]/opt/hostedtoolcache/opam/2.1.6/x86_64/opam repository add 51 t --all-switches --set-default
performance-test	Run /./.github/actions/setup-ocaml	2025-09-27T21:32:21.6429120Z [31m[ERROR][0m Could not update repository "51": rsync failed
performance-test	Run /./.github/actions/setup-ocaml	2025-09-27T21:32:21.6436447Z [31m[ERROR][0m Initial repository fetch failed
performance-test	Run /./.github/actions/setup-ocaml	2025-09-27T21:32:21.6450403Z ##[endgroup]
performance-test	Run /./.github/actions/setup-ocaml	2025-09-27T21:32:21.6452786Z ##[error]The process '/opt/hostedtoolcache/opam/2.1.6/x86_64/opam' failed with exit code 40
performance-test	Post Run /./.github/actions/setup-ocaml	ï»¿2025-09-27T21:32:21.6703746Z Post job cleanup.
performance-test	Post Run actions/checkout@v4	ï»¿2025-09-27T21:32:21.6778598Z Post job cleanup.
performance-test	Post Run actions/checkout@v4	2025-09-27T21:32:21.7720320Z [command]/usr/bin/git version
performance-test	Post Run actions/checkout@v4	2025-09-27T21:32:21.7757055Z git version 2.51.0
performance-test	Post Run actions/checkout@v4	2025-09-27T21:32:21.7801812Z Temporarily overriding HOME='/home/runner/work/_temp/3ef9e2fd-6e95-4e23-8de7-94f793d89623' before making global git config changes
performance-test	Post Run actions/checkout@v4	2025-09-27T21:32:21.7803097Z Adding repository directory to the temporary git global config as a safe directory
performance-test	Post Run actions/checkout@v4	2025-09-27T21:32:21.7815647Z [command]/usr/bin/git config --global --add safe.directory /home/runner/work/latex_perf/latex_perf
performance-test	Post Run actions/checkout@v4	2025-09-27T21:32:21.7851183Z [command]/usr/bin/git config --local --name-only --get-regexp core\.sshCommand
performance-test	Post Run actions/checkout@v4	2025-09-27T21:32:21.7884430Z [command]/usr/bin/git submodule foreach --recursive sh -c "git config --local --name-only --get-regexp 'core\.sshCommand' && git config --local --unset-all 'core.sshCommand' || :"
performance-test	Post Run actions/checkout@v4	2025-09-27T21:32:21.8111937Z [command]/usr/bin/git config --local --name-only --get-regexp http\.https\:\/\/github\.com\/\.extraheader
performance-test	Post Run actions/checkout@v4	2025-09-27T21:32:21.8133574Z http.https://github.com/.extraheader
performance-test	Post Run actions/checkout@v4	2025-09-27T21:32:21.8146855Z [command]/usr/bin/git config --local --unset-all http.https://github.com/.extraheader
performance-test	Post Run actions/checkout@v4	2025-09-27T21:32:21.8177604Z [command]/usr/bin/git submodule foreach --recursive sh -c "git config --local --name-only --get-regexp 'http\.https\:\/\/github\.com\/\.extraheader' && git config --local --unset-all 'http.https://github.com/.extraheader' || :"
performance-test	Complete job	ï»¿2025-09-27T21:32:21.8532149Z Cleaning up orphan processes
