build	Set up job	ï»¿2025-09-27T21:29:40.6611643Z Current runner version: '2.328.0'
build	Set up job	2025-09-27T21:29:40.6636731Z ##[group]Runner Image Provisioner
build	Set up job	2025-09-27T21:29:40.6637596Z Hosted Compute Agent
build	Set up job	2025-09-27T21:29:40.6638244Z Version: 20250912.392
build	Set up job	2025-09-27T21:29:40.6638847Z Commit: d921fda672a98b64f4f82364647e2f10b2267d0b
build	Set up job	2025-09-27T21:29:40.6639537Z Build Date: 2025-09-12T15:23:14Z
build	Set up job	2025-09-27T21:29:40.6640157Z ##[endgroup]
build	Set up job	2025-09-27T21:29:40.6640729Z ##[group]Operating System
build	Set up job	2025-09-27T21:29:40.6641258Z Ubuntu
build	Set up job	2025-09-27T21:29:40.6641778Z 22.04.5
build	Set up job	2025-09-27T21:29:40.6642257Z LTS
build	Set up job	2025-09-27T21:29:40.6642828Z ##[endgroup]
build	Set up job	2025-09-27T21:29:40.6643280Z ##[group]Runner Image
build	Set up job	2025-09-27T21:29:40.6643901Z Image: ubuntu-22.04
build	Set up job	2025-09-27T21:29:40.6644412Z Version: 20250922.79.1
build	Set up job	2025-09-27T21:29:40.6645729Z Included Software: https://github.com/actions/runner-images/blob/ubuntu22/20250922.79/images/ubuntu/Ubuntu2204-Readme.md
build	Set up job	2025-09-27T21:29:40.6647201Z Image Release: https://github.com/actions/runner-images/releases/tag/ubuntu22%2F20250922.79
build	Set up job	2025-09-27T21:29:40.6648395Z ##[endgroup]
build	Set up job	2025-09-27T21:29:40.6650786Z ##[group]GITHUB_TOKEN Permissions
build	Set up job	2025-09-27T21:29:40.6653013Z Actions: write
build	Set up job	2025-09-27T21:29:40.6653650Z Attestations: write
build	Set up job	2025-09-27T21:29:40.6654198Z Checks: write
build	Set up job	2025-09-27T21:29:40.6654859Z Contents: write
build	Set up job	2025-09-27T21:29:40.6655409Z Deployments: write
build	Set up job	2025-09-27T21:29:40.6655955Z Discussions: write
build	Set up job	2025-09-27T21:29:40.6656425Z Issues: write
build	Set up job	2025-09-27T21:29:40.6656961Z Metadata: read
build	Set up job	2025-09-27T21:29:40.6657427Z Models: read
build	Set up job	2025-09-27T21:29:40.6657919Z Packages: write
build	Set up job	2025-09-27T21:29:40.6658432Z Pages: write
build	Set up job	2025-09-27T21:29:40.6658967Z PullRequests: write
build	Set up job	2025-09-27T21:29:40.6659474Z RepositoryProjects: write
build	Set up job	2025-09-27T21:29:40.6660078Z SecurityEvents: write
build	Set up job	2025-09-27T21:29:40.6660744Z Statuses: write
build	Set up job	2025-09-27T21:29:40.6661224Z ##[endgroup]
build	Set up job	2025-09-27T21:29:40.6663677Z Secret source: Actions
build	Set up job	2025-09-27T21:29:40.6664390Z Prepare workflow directory
build	Set up job	2025-09-27T21:29:40.6991122Z Prepare all required actions
build	Set up job	2025-09-27T21:29:40.7028817Z Getting action download info
build	Set up job	2025-09-27T21:29:41.1293035Z Download action repository 'actions/checkout@v4' (SHA:08eba0b27e820071cde6df949e0beb9ba4906955)
build	Set up job	2025-09-27T21:29:41.4879975Z Complete job name: build
build	Run actions/checkout@v4	ï»¿2025-09-27T21:29:41.5551119Z ##[group]Run actions/checkout@v4
build	Run actions/checkout@v4	2025-09-27T21:29:41.5551949Z with:
build	Run actions/checkout@v4	2025-09-27T21:29:41.5552382Z   repository: ClanClanClanClan/latex_perf
build	Run actions/checkout@v4	2025-09-27T21:29:41.5553099Z   token: ***
build	Run actions/checkout@v4	2025-09-27T21:29:41.5553474Z   ssh-strict: true
build	Run actions/checkout@v4	2025-09-27T21:29:41.5553874Z   ssh-user: git
build	Run actions/checkout@v4	2025-09-27T21:29:41.5554270Z   persist-credentials: true
build	Run actions/checkout@v4	2025-09-27T21:29:41.5554969Z   clean: true
build	Run actions/checkout@v4	2025-09-27T21:29:41.5555377Z   sparse-checkout-cone-mode: true
build	Run actions/checkout@v4	2025-09-27T21:29:41.5555853Z   fetch-depth: 1
build	Run actions/checkout@v4	2025-09-27T21:29:41.5556246Z   fetch-tags: false
build	Run actions/checkout@v4	2025-09-27T21:29:41.5556643Z   show-progress: true
build	Run actions/checkout@v4	2025-09-27T21:29:41.5557055Z   lfs: false
build	Run actions/checkout@v4	2025-09-27T21:29:41.5557427Z   submodules: false
build	Run actions/checkout@v4	2025-09-27T21:29:41.5557843Z   set-safe-directory: true
build	Run actions/checkout@v4	2025-09-27T21:29:41.5558541Z ##[endgroup]
build	Run actions/checkout@v4	2025-09-27T21:29:41.6660925Z Syncing repository: ClanClanClanClan/latex_perf
build	Run actions/checkout@v4	2025-09-27T21:29:41.6662691Z ##[group]Getting Git version info
build	Run actions/checkout@v4	2025-09-27T21:29:41.6663411Z Working directory is '/home/runner/work/latex_perf/latex_perf'
build	Run actions/checkout@v4	2025-09-27T21:29:41.6664444Z [command]/usr/bin/git version
build	Run actions/checkout@v4	2025-09-27T21:29:41.6747493Z git version 2.51.0
build	Run actions/checkout@v4	2025-09-27T21:29:41.6773935Z ##[endgroup]
build	Run actions/checkout@v4	2025-09-27T21:29:41.6788594Z Temporarily overriding HOME='/home/runner/work/_temp/f84df15f-6d04-4cad-a86c-fe19af309824' before making global git config changes
build	Run actions/checkout@v4	2025-09-27T21:29:41.6791095Z Adding repository directory to the temporary git global config as a safe directory
build	Run actions/checkout@v4	2025-09-27T21:29:41.6793573Z [command]/usr/bin/git config --global --add safe.directory /home/runner/work/latex_perf/latex_perf
build	Run actions/checkout@v4	2025-09-27T21:29:41.6826984Z Deleting the contents of '/home/runner/work/latex_perf/latex_perf'
build	Run actions/checkout@v4	2025-09-27T21:29:41.6830759Z ##[group]Initializing the repository
build	Run actions/checkout@v4	2025-09-27T21:29:41.6834726Z [command]/usr/bin/git init /home/runner/work/latex_perf/latex_perf
build	Run actions/checkout@v4	2025-09-27T21:29:41.6930540Z hint: Using 'master' as the name for the initial branch. This default branch name
build	Run actions/checkout@v4	2025-09-27T21:29:41.6931806Z hint: is subject to change. To configure the initial branch name to use in all
build	Run actions/checkout@v4	2025-09-27T21:29:41.6932830Z hint: of your new repositories, which will suppress this warning, call:
build	Run actions/checkout@v4	2025-09-27T21:29:41.6933570Z hint:
build	Run actions/checkout@v4	2025-09-27T21:29:41.6934388Z hint: 	git config --global init.defaultBranch <name>
build	Run actions/checkout@v4	2025-09-27T21:29:41.6935583Z hint:
build	Run actions/checkout@v4	2025-09-27T21:29:41.6936196Z hint: Names commonly chosen instead of 'master' are 'main', 'trunk' and
build	Run actions/checkout@v4	2025-09-27T21:29:41.6937182Z hint: 'development'. The just-created branch can be renamed via this command:
build	Run actions/checkout@v4	2025-09-27T21:29:41.6937955Z hint:
build	Run actions/checkout@v4	2025-09-27T21:29:41.6938360Z hint: 	git branch -m <name>
build	Run actions/checkout@v4	2025-09-27T21:29:41.6938831Z hint:
build	Run actions/checkout@v4	2025-09-27T21:29:41.6939483Z hint: Disable this message with "git config set advice.defaultBranchName false"
build	Run actions/checkout@v4	2025-09-27T21:29:41.6940755Z Initialized empty Git repository in /home/runner/work/latex_perf/latex_perf/.git/
build	Run actions/checkout@v4	2025-09-27T21:29:41.6946659Z [command]/usr/bin/git remote add origin https://github.com/ClanClanClanClan/latex_perf
build	Run actions/checkout@v4	2025-09-27T21:29:41.6981127Z ##[endgroup]
build	Run actions/checkout@v4	2025-09-27T21:29:41.6981877Z ##[group]Disabling automatic garbage collection
build	Run actions/checkout@v4	2025-09-27T21:29:41.6986077Z [command]/usr/bin/git config --local gc.auto 0
build	Run actions/checkout@v4	2025-09-27T21:29:41.7013398Z ##[endgroup]
build	Run actions/checkout@v4	2025-09-27T21:29:41.7014093Z ##[group]Setting up auth
build	Run actions/checkout@v4	2025-09-27T21:29:41.7021050Z [command]/usr/bin/git config --local --name-only --get-regexp core\.sshCommand
build	Run actions/checkout@v4	2025-09-27T21:29:41.7050181Z [command]/usr/bin/git submodule foreach --recursive sh -c "git config --local --name-only --get-regexp 'core\.sshCommand' && git config --local --unset-all 'core.sshCommand' || :"
build	Run actions/checkout@v4	2025-09-27T21:29:41.7421426Z [command]/usr/bin/git config --local --name-only --get-regexp http\.https\:\/\/github\.com\/\.extraheader
build	Run actions/checkout@v4	2025-09-27T21:29:41.7456574Z [command]/usr/bin/git submodule foreach --recursive sh -c "git config --local --name-only --get-regexp 'http\.https\:\/\/github\.com\/\.extraheader' && git config --local --unset-all 'http.https://github.com/.extraheader' || :"
build	Run actions/checkout@v4	2025-09-27T21:29:41.7707751Z [command]/usr/bin/git config --local http.https://github.com/.extraheader AUTHORIZATION: basic ***
build	Run actions/checkout@v4	2025-09-27T21:29:41.7751493Z ##[endgroup]
build	Run actions/checkout@v4	2025-09-27T21:29:41.7752707Z ##[group]Fetching the repository
build	Run actions/checkout@v4	2025-09-27T21:29:41.7761815Z [command]/usr/bin/git -c protocol.version=2 fetch --no-tags --prune --no-recurse-submodules --depth=1 origin +6acf14e01b575831a3f54eac2db1be0f7c3d9421:refs/remotes/pull/4/merge
build	Run actions/checkout@v4	2025-09-27T21:29:42.2933226Z From https://github.com/ClanClanClanClan/latex_perf
build	Run actions/checkout@v4	2025-09-27T21:29:42.2934315Z  * [new ref]         6acf14e01b575831a3f54eac2db1be0f7c3d9421 -> pull/4/merge
build	Run actions/checkout@v4	2025-09-27T21:29:42.2965915Z ##[endgroup]
build	Run actions/checkout@v4	2025-09-27T21:29:42.2966787Z ##[group]Determining the checkout info
build	Run actions/checkout@v4	2025-09-27T21:29:42.2969182Z ##[endgroup]
build	Run actions/checkout@v4	2025-09-27T21:29:42.2975832Z [command]/usr/bin/git sparse-checkout disable
build	Run actions/checkout@v4	2025-09-27T21:29:42.3019826Z [command]/usr/bin/git config --local --unset-all extensions.worktreeConfig
build	Run actions/checkout@v4	2025-09-27T21:29:42.3052846Z ##[group]Checking out the ref
build	Run actions/checkout@v4	2025-09-27T21:29:42.3057869Z [command]/usr/bin/git checkout --progress --force refs/remotes/pull/4/merge
build	Run actions/checkout@v4	2025-09-27T21:29:42.3529772Z Note: switching to 'refs/remotes/pull/4/merge'.
build	Run actions/checkout@v4	2025-09-27T21:29:42.3532548Z 
build	Run actions/checkout@v4	2025-09-27T21:29:42.3533317Z You are in 'detached HEAD' state. You can look around, make experimental
build	Run actions/checkout@v4	2025-09-27T21:29:42.3535290Z changes and commit them, and you can discard any commits you make in this
build	Run actions/checkout@v4	2025-09-27T21:29:42.3536872Z state without impacting any branches by switching back to a branch.
build	Run actions/checkout@v4	2025-09-27T21:29:42.3538750Z 
build	Run actions/checkout@v4	2025-09-27T21:29:42.3539301Z If you want to create a new branch to retain commits you create, you may
build	Run actions/checkout@v4	2025-09-27T21:29:42.3540582Z do so (now or later) by using -c with the switch command. Example:
build	Run actions/checkout@v4	2025-09-27T21:29:42.3541340Z 
build	Run actions/checkout@v4	2025-09-27T21:29:42.3541650Z   git switch -c <new-branch-name>
build	Run actions/checkout@v4	2025-09-27T21:29:42.3542165Z 
build	Run actions/checkout@v4	2025-09-27T21:29:42.3542488Z Or undo this operation with:
build	Run actions/checkout@v4	2025-09-27T21:29:42.3543402Z 
build	Run actions/checkout@v4	2025-09-27T21:29:42.3543690Z   git switch -
build	Run actions/checkout@v4	2025-09-27T21:29:42.3544087Z 
build	Run actions/checkout@v4	2025-09-27T21:29:42.3545047Z Turn off this advice by setting config variable advice.detachedHead to false
build	Run actions/checkout@v4	2025-09-27T21:29:42.3545997Z 
build	Run actions/checkout@v4	2025-09-27T21:29:42.3547122Z HEAD is now at 6acf14e Merge 07895437ab0cede570fde751cb6861b9d97861e6 into 92bdfe28e9a19447735918ce6f6c8395415acf11
build	Run actions/checkout@v4	2025-09-27T21:29:42.3550447Z ##[endgroup]
build	Run actions/checkout@v4	2025-09-27T21:29:42.3597423Z [command]/usr/bin/git log -1 --format=%H
build	Run actions/checkout@v4	2025-09-27T21:29:42.3630363Z 6acf14e01b575831a3f54eac2db1be0f7c3d9421
build	Install OCaml & opam	ï»¿2025-09-27T21:29:42.3995559Z Prepare all required actions
build	Install OCaml & opam	2025-09-27T21:29:42.3996414Z Getting action download info
build	Install OCaml & opam	2025-09-27T21:29:42.5768907Z Download action repository 'ocaml/setup-ocaml@v2' (SHA:8cc6339f55862749298d198ef84788b8d6acdacc)
build	Install OCaml & opam	2025-09-27T21:29:43.2944351Z ##[group]Run ./.github/actions/setup-ocaml
build	Install OCaml & opam	2025-09-27T21:29:43.2945661Z with:
build	Install OCaml & opam	2025-09-27T21:29:43.2946477Z   ocaml-compiler: 4.14.1
build	Install OCaml & opam	2025-09-27T21:29:43.2947454Z   opam-depext: false
build	Install OCaml & opam	2025-09-27T21:29:43.2948432Z   allow-prerelease-opam: false
build	Install OCaml & opam	2025-09-27T21:29:43.2949471Z   opam-pin: true
build	Install OCaml & opam	2025-09-27T21:29:43.2950361Z   opam-local-packages: *.opam
build	Install OCaml & opam	2025-09-27T21:29:43.2951430Z   opam-disable-sandboxing: false
build	Install OCaml & opam	2025-09-27T21:29:43.2952461Z   dune-cache: false
build	Install OCaml & opam	2025-09-27T21:29:43.2953329Z   cache-prefix: v1
build	Install OCaml & opam	2025-09-27T21:29:43.2954167Z ##[endgroup]
build	Install OCaml & opam	2025-09-27T21:29:43.3077931Z ##[group]Run sudo apt-get update
build	Install OCaml & opam	2025-09-27T21:29:43.3079079Z [36;1msudo apt-get update[0m
build	Install OCaml & opam	2025-09-27T21:29:43.3080109Z [36;1msudo apt-get install -y \[0m
build	Install OCaml & opam	2025-09-27T21:29:43.3081145Z [36;1m  bubblewrap \[0m
build	Install OCaml & opam	2025-09-27T21:29:43.3082109Z [36;1m  g++-multilib \[0m
build	Install OCaml & opam	2025-09-27T21:29:43.3083010Z [36;1m  gcc-multilib \[0m
build	Install OCaml & opam	2025-09-27T21:29:43.3083909Z [36;1m  mercurial \[0m
build	Install OCaml & opam	2025-09-27T21:29:43.3084978Z [36;1m  musl-tools \[0m
build	Install OCaml & opam	2025-09-27T21:29:43.3085837Z [36;1m  rsync[0m
build	Install OCaml & opam	2025-09-27T21:29:43.3119335Z shell: /usr/bin/bash --noprofile --norc -e -o pipefail {0}
build	Install OCaml & opam	2025-09-27T21:29:43.3120662Z ##[endgroup]
build	Install OCaml & opam	2025-09-27T21:29:43.4252551Z Get:1 file:/etc/apt/apt-mirrors.txt Mirrorlist [144 B]
build	Install OCaml & opam	2025-09-27T21:29:43.4797611Z Hit:6 https://packages.microsoft.com/repos/azure-cli jammy InRelease
build	Install OCaml & opam	2025-09-27T21:29:43.4807104Z Get:7 https://packages.microsoft.com/ubuntu/22.04/prod jammy InRelease [3632 B]
build	Install OCaml & opam	2025-09-27T21:29:43.5389291Z Hit:2 http://azure.archive.ubuntu.com/ubuntu jammy InRelease
build	Install OCaml & opam	2025-09-27T21:29:43.5401085Z Get:3 http://azure.archive.ubuntu.com/ubuntu jammy-updates InRelease [128 kB]
build	Install OCaml & opam	2025-09-27T21:29:43.5447483Z Get:4 http://azure.archive.ubuntu.com/ubuntu jammy-backports InRelease [127 kB]
build	Install OCaml & opam	2025-09-27T21:29:43.5470177Z Get:5 http://azure.archive.ubuntu.com/ubuntu jammy-security InRelease [129 kB]
build	Install OCaml & opam	2025-09-27T21:29:43.6210104Z Get:8 https://packages.microsoft.com/ubuntu/22.04/prod jammy/main amd64 Packages [255 kB]
build	Install OCaml & opam	2025-09-27T21:29:43.6352165Z Get:9 https://packages.microsoft.com/ubuntu/22.04/prod jammy/main arm64 Packages [84.9 kB]
build	Install OCaml & opam	2025-09-27T21:29:43.7922553Z Get:10 http://azure.archive.ubuntu.com/ubuntu jammy-updates/main amd64 Packages [2940 kB]
build	Install OCaml & opam	2025-09-27T21:29:43.8292245Z Get:11 http://azure.archive.ubuntu.com/ubuntu jammy-updates/main Translation-en [459 kB]
build	Install OCaml & opam	2025-09-27T21:29:43.8328968Z Get:12 http://azure.archive.ubuntu.com/ubuntu jammy-updates/main amd64 c-n-f Metadata [19.0 kB]
build	Install OCaml & opam	2025-09-27T21:29:43.8338403Z Get:13 http://azure.archive.ubuntu.com/ubuntu jammy-updates/restricted amd64 Packages [4562 kB]
build	Install OCaml & opam	2025-09-27T21:29:43.8619591Z Get:14 http://azure.archive.ubuntu.com/ubuntu jammy-updates/restricted Translation-en [841 kB]
build	Install OCaml & opam	2025-09-27T21:29:43.8680017Z Get:15 http://azure.archive.ubuntu.com/ubuntu jammy-updates/universe amd64 Packages [1228 kB]
build	Install OCaml & opam	2025-09-27T21:29:43.8779557Z Get:16 http://azure.archive.ubuntu.com/ubuntu jammy-updates/universe Translation-en [305 kB]
build	Install OCaml & opam	2025-09-27T21:29:43.8813284Z Get:17 http://azure.archive.ubuntu.com/ubuntu jammy-updates/universe amd64 c-n-f Metadata [29.5 kB]
build	Install OCaml & opam	2025-09-27T21:29:43.9088901Z Get:18 http://azure.archive.ubuntu.com/ubuntu jammy-backports/universe amd64 Packages [30.0 kB]
build	Install OCaml & opam	2025-09-27T21:29:43.9121102Z Get:19 http://azure.archive.ubuntu.com/ubuntu jammy-backports/universe amd64 c-n-f Metadata [672 B]
build	Install OCaml & opam	2025-09-27T21:29:44.0385144Z Get:20 http://azure.archive.ubuntu.com/ubuntu jammy-security/main amd64 Packages [2688 kB]
build	Install OCaml & opam	2025-09-27T21:29:44.0548447Z Get:21 http://azure.archive.ubuntu.com/ubuntu jammy-security/main Translation-en [394 kB]
build	Install OCaml & opam	2025-09-27T21:29:44.0582491Z Get:22 http://azure.archive.ubuntu.com/ubuntu jammy-security/main amd64 c-n-f Metadata [13.9 kB]
build	Install OCaml & opam	2025-09-27T21:29:44.0591923Z Get:23 http://azure.archive.ubuntu.com/ubuntu jammy-security/restricted amd64 Packages [4413 kB]
build	Install OCaml & opam	2025-09-27T21:29:44.0837641Z Get:24 http://azure.archive.ubuntu.com/ubuntu jammy-security/restricted Translation-en [818 kB]
build	Install OCaml & opam	2025-09-27T21:29:44.0887160Z Get:25 http://azure.archive.ubuntu.com/ubuntu jammy-security/universe amd64 Packages [997 kB]
build	Install OCaml & opam	2025-09-27T21:29:44.0940477Z Get:26 http://azure.archive.ubuntu.com/ubuntu jammy-security/universe Translation-en [218 kB]
build	Install OCaml & opam	2025-09-27T21:29:44.0960024Z Get:27 http://azure.archive.ubuntu.com/ubuntu jammy-security/universe amd64 c-n-f Metadata [22.1 kB]
build	Install OCaml & opam	2025-09-27T21:29:53.1012853Z Fetched 20.7 MB in 3s (8251 kB/s)
build	Install OCaml & opam	2025-09-27T21:29:54.0295553Z Reading package lists...
build	Install OCaml & opam	2025-09-27T21:29:54.0902320Z Reading package lists...
build	Install OCaml & opam	2025-09-27T21:29:54.3332897Z Building dependency tree...
build	Install OCaml & opam	2025-09-27T21:29:54.3346103Z Reading state information...
build	Install OCaml & opam	2025-09-27T21:29:54.5161631Z mercurial is already the newest version (6.1.1-1ubuntu1).
build	Install OCaml & opam	2025-09-27T21:29:54.5162262Z rsync is already the newest version (3.2.7-0ubuntu0.22.04.4).
build	Install OCaml & opam	2025-09-27T21:29:54.5162808Z The following additional packages will be installed:
build	Install OCaml & opam	2025-09-27T21:29:54.5164076Z   g++-11-multilib gcc-11-multilib lib32asan6 lib32atomic1 lib32gcc-11-dev
build	Install OCaml & opam	2025-09-27T21:29:54.5165531Z   lib32gomp1 lib32itm1 lib32quadmath0 lib32stdc++-11-dev lib32ubsan1
build	Install OCaml & opam	2025-09-27T21:29:54.5166529Z   libc6-dev-i386 libc6-dev-x32 libc6-x32 libx32asan6 libx32atomic1
build	Install OCaml & opam	2025-09-27T21:29:54.5167386Z   libx32gcc-11-dev libx32gcc-s1 libx32gomp1 libx32itm1 libx32quadmath0
build	Install OCaml & opam	2025-09-27T21:29:54.5168759Z   libx32stdc++-11-dev libx32stdc++6 libx32ubsan1 musl musl-dev
build	Install OCaml & opam	2025-09-27T21:29:54.5176903Z Suggested packages:
build	Install OCaml & opam	2025-09-27T21:29:54.5177381Z   lib32stdc++6-11-dbg libx32stdc++6-11-dbg
build	Install OCaml & opam	2025-09-27T21:29:54.5177942Z Recommended packages:
build	Install OCaml & opam	2025-09-27T21:29:54.5178373Z   linux-musl-dev
build	Install OCaml & opam	2025-09-27T21:29:54.5576290Z The following NEW packages will be installed:
build	Install OCaml & opam	2025-09-27T21:29:54.5577485Z   bubblewrap g++-11-multilib g++-multilib gcc-11-multilib gcc-multilib
build	Install OCaml & opam	2025-09-27T21:29:54.5578209Z   lib32asan6 lib32atomic1 lib32gcc-11-dev lib32gomp1 lib32itm1 lib32quadmath0
build	Install OCaml & opam	2025-09-27T21:29:54.5581356Z   lib32stdc++-11-dev lib32ubsan1 libc6-dev-i386 libc6-dev-x32 libc6-x32
build	Install OCaml & opam	2025-09-27T21:29:54.5582022Z   libx32asan6 libx32atomic1 libx32gcc-11-dev libx32gcc-s1 libx32gomp1
build	Install OCaml & opam	2025-09-27T21:29:54.5583673Z   libx32itm1 libx32quadmath0 libx32stdc++-11-dev libx32stdc++6 libx32ubsan1
build	Install OCaml & opam	2025-09-27T21:29:54.5586219Z   musl musl-dev musl-tools
build	Install OCaml & opam	2025-09-27T21:29:54.5755307Z 0 upgraded, 29 newly installed, 0 to remove and 32 not upgraded.
build	Install OCaml & opam	2025-09-27T21:29:54.5755943Z Need to get 21.1 MB of archives.
build	Install OCaml & opam	2025-09-27T21:29:54.5756279Z After this operation, 93.4 MB of additional disk space will be used.
build	Install OCaml & opam	2025-09-27T21:29:54.5756678Z Get:1 file:/etc/apt/apt-mirrors.txt Mirrorlist [144 B]
build	Install OCaml & opam	2025-09-27T21:29:54.6806173Z Get:2 http://azure.archive.ubuntu.com/ubuntu jammy-updates/main amd64 bubblewrap amd64 0.6.1-1ubuntu0.1 [46.3 kB]
build	Install OCaml & opam	2025-09-27T21:29:54.7631722Z Get:3 http://azure.archive.ubuntu.com/ubuntu jammy-updates/main amd64 libc6-dev-i386 amd64 2.35-0ubuntu3.11 [1445 kB]
build	Install OCaml & opam	2025-09-27T21:29:55.0903372Z Get:4 http://azure.archive.ubuntu.com/ubuntu jammy-updates/main amd64 libc6-x32 amd64 2.35-0ubuntu3.11 [2978 kB]
build	Install OCaml & opam	2025-09-27T21:29:55.5686813Z Get:5 http://azure.archive.ubuntu.com/ubuntu jammy-updates/main amd64 libc6-dev-x32 amd64 2.35-0ubuntu3.11 [1632 kB]
build	Install OCaml & opam	2025-09-27T21:29:55.8119728Z Get:6 http://azure.archive.ubuntu.com/ubuntu jammy-updates/main amd64 libx32gcc-s1 amd64 12.3.0-1ubuntu1~22.04.2 [54.0 kB]
build	Install OCaml & opam	2025-09-27T21:29:55.8929322Z Get:7 http://azure.archive.ubuntu.com/ubuntu jammy-updates/main amd64 lib32gomp1 amd64 12.3.0-1ubuntu1~22.04.2 [133 kB]
build	Install OCaml & opam	2025-09-27T21:29:55.9781432Z Get:8 http://azure.archive.ubuntu.com/ubuntu jammy-updates/main amd64 libx32gomp1 amd64 12.3.0-1ubuntu1~22.04.2 [127 kB]
build	Install OCaml & opam	2025-09-27T21:29:56.0592990Z Get:9 http://azure.archive.ubuntu.com/ubuntu jammy-updates/main amd64 lib32itm1 amd64 12.3.0-1ubuntu1~22.04.2 [32.0 kB]
build	Install OCaml & opam	2025-09-27T21:29:56.1398921Z Get:10 http://azure.archive.ubuntu.com/ubuntu jammy-updates/main amd64 libx32itm1 amd64 12.3.0-1ubuntu1~22.04.2 [30.2 kB]
build	Install OCaml & opam	2025-09-27T21:29:56.2205578Z Get:11 http://azure.archive.ubuntu.com/ubuntu jammy-updates/main amd64 lib32atomic1 amd64 12.3.0-1ubuntu1~22.04.2 [8512 B]
build	Install OCaml & opam	2025-09-27T21:29:56.3007120Z Get:12 http://azure.archive.ubuntu.com/ubuntu jammy-updates/main amd64 libx32atomic1 amd64 12.3.0-1ubuntu1~22.04.2 [10.2 kB]
build	Install OCaml & opam	2025-09-27T21:29:56.3812594Z Get:13 http://azure.archive.ubuntu.com/ubuntu jammy-updates/main amd64 lib32asan6 amd64 11.4.0-1ubuntu1~22.04.2 [2154 kB]
build	Install OCaml & opam	2025-09-27T21:29:56.6964823Z Get:14 http://azure.archive.ubuntu.com/ubuntu jammy-updates/main amd64 libx32asan6 amd64 11.4.0-1ubuntu1~22.04.2 [2128 kB]
build	Install OCaml & opam	2025-09-27T21:29:57.0216192Z Get:15 http://azure.archive.ubuntu.com/ubuntu jammy-updates/main amd64 lib32ubsan1 amd64 12.3.0-1ubuntu1~22.04.2 [959 kB]
build	Install OCaml & opam	2025-09-27T21:29:57.2607038Z Get:16 http://azure.archive.ubuntu.com/ubuntu jammy-updates/main amd64 libx32stdc++6 amd64 12.3.0-1ubuntu1~22.04.2 [682 kB]
build	Install OCaml & opam	2025-09-27T21:29:57.4241677Z Get:17 http://azure.archive.ubuntu.com/ubuntu jammy-updates/main amd64 libx32ubsan1 amd64 12.3.0-1ubuntu1~22.04.2 [963 kB]
build	Install OCaml & opam	2025-09-27T21:29:57.5922631Z Get:18 http://azure.archive.ubuntu.com/ubuntu jammy-updates/main amd64 lib32quadmath0 amd64 12.3.0-1ubuntu1~22.04.2 [244 kB]
build	Install OCaml & opam	2025-09-27T21:29:57.6742050Z Get:19 http://azure.archive.ubuntu.com/ubuntu jammy-updates/main amd64 libx32quadmath0 amd64 12.3.0-1ubuntu1~22.04.2 [156 kB]
build	Install OCaml & opam	2025-09-27T21:29:57.7567970Z Get:20 http://azure.archive.ubuntu.com/ubuntu jammy-updates/main amd64 lib32gcc-11-dev amd64 11.4.0-1ubuntu1~22.04.2 [2339 kB]
build	Install OCaml & opam	2025-09-27T21:29:58.0956910Z Get:21 http://azure.archive.ubuntu.com/ubuntu jammy-updates/main amd64 libx32gcc-11-dev amd64 11.4.0-1ubuntu1~22.04.2 [2106 kB]
build	Install OCaml & opam	2025-09-27T21:29:58.3493319Z Get:22 http://azure.archive.ubuntu.com/ubuntu jammy-updates/main amd64 gcc-11-multilib amd64 11.4.0-1ubuntu1~22.04.2 [880 B]
build	Install OCaml & opam	2025-09-27T21:29:58.4290990Z Get:23 http://azure.archive.ubuntu.com/ubuntu jammy-updates/main amd64 lib32stdc++-11-dev amd64 11.4.0-1ubuntu1~22.04.2 [989 kB]
build	Install OCaml & opam	2025-09-27T21:29:58.6004744Z Get:24 http://azure.archive.ubuntu.com/ubuntu jammy-updates/main amd64 libx32stdc++-11-dev amd64 11.4.0-1ubuntu1~22.04.2 [906 kB]
build	Install OCaml & opam	2025-09-27T21:29:58.7656205Z Get:25 http://azure.archive.ubuntu.com/ubuntu jammy-updates/main amd64 g++-11-multilib amd64 11.4.0-1ubuntu1~22.04.2 [894 B]
build	Install OCaml & opam	2025-09-27T21:29:58.8458846Z Get:26 http://azure.archive.ubuntu.com/ubuntu jammy/main amd64 gcc-multilib amd64 4:11.2.0-1ubuntu1 [1382 B]
build	Install OCaml & opam	2025-09-27T21:29:58.9263218Z Get:27 http://azure.archive.ubuntu.com/ubuntu jammy/main amd64 g++-multilib amd64 4:11.2.0-1ubuntu1 [854 B]
build	Install OCaml & opam	2025-09-27T21:29:59.0063657Z Get:28 http://azure.archive.ubuntu.com/ubuntu jammy/universe amd64 musl amd64 1.2.2-4 [407 kB]
build	Install OCaml & opam	2025-09-27T21:29:59.1670629Z Get:29 http://azure.archive.ubuntu.com/ubuntu jammy/universe amd64 musl-dev amd64 1.2.2-4 [605 kB]
build	Install OCaml & opam	2025-09-27T21:29:59.3257054Z Get:30 http://azure.archive.ubuntu.com/ubuntu jammy/universe amd64 musl-tools amd64 1.2.2-4 [5520 B]
build	Install OCaml & opam	2025-09-27T21:29:59.6346379Z Fetched 21.1 MB in 5s (4441 kB/s)
build	Install OCaml & opam	2025-09-27T21:29:59.6587423Z Selecting previously unselected package bubblewrap.
build	Install OCaml & opam	2025-09-27T21:29:59.6908460Z (Reading database ... 
build	Install OCaml & opam	2025-09-27T21:29:59.6909045Z (Reading database ... 5%
build	Install OCaml & opam	2025-09-27T21:29:59.6909526Z (Reading database ... 10%
build	Install OCaml & opam	2025-09-27T21:29:59.6909854Z (Reading database ... 15%
build	Install OCaml & opam	2025-09-27T21:29:59.6910175Z (Reading database ... 20%
build	Install OCaml & opam	2025-09-27T21:29:59.6910889Z (Reading database ... 25%
build	Install OCaml & opam	2025-09-27T21:29:59.6911254Z (Reading database ... 30%
build	Install OCaml & opam	2025-09-27T21:29:59.6911602Z (Reading database ... 35%
build	Install OCaml & opam	2025-09-27T21:29:59.6912332Z (Reading database ... 40%
build	Install OCaml & opam	2025-09-27T21:29:59.6912641Z (Reading database ... 45%
build	Install OCaml & opam	2025-09-27T21:29:59.6912939Z (Reading database ... 50%
build	Install OCaml & opam	2025-09-27T21:29:59.9168391Z (Reading database ... 55%
build	Install OCaml & opam	2025-09-27T21:30:00.2218964Z (Reading database ... 60%
build	Install OCaml & opam	2025-09-27T21:30:00.5117704Z (Reading database ... 65%
build	Install OCaml & opam	2025-09-27T21:30:00.7191993Z (Reading database ... 70%
build	Install OCaml & opam	2025-09-27T21:30:01.0084068Z (Reading database ... 75%
build	Install OCaml & opam	2025-09-27T21:30:01.3081215Z (Reading database ... 80%
build	Install OCaml & opam	2025-09-27T21:30:01.5686464Z (Reading database ... 85%
build	Install OCaml & opam	2025-09-27T21:30:01.7723507Z (Reading database ... 90%
build	Install OCaml & opam	2025-09-27T21:30:02.0682636Z (Reading database ... 95%
build	Install OCaml & opam	2025-09-27T21:30:02.0683328Z (Reading database ... 100%
build	Install OCaml & opam	2025-09-27T21:30:02.0684195Z (Reading database ... 256283 files and directories currently installed.)
build	Install OCaml & opam	2025-09-27T21:30:02.0738882Z Preparing to unpack .../00-bubblewrap_0.6.1-1ubuntu0.1_amd64.deb ...
build	Install OCaml & opam	2025-09-27T21:30:02.0770773Z Unpacking bubblewrap (0.6.1-1ubuntu0.1) ...
build	Install OCaml & opam	2025-09-27T21:30:02.1194955Z Selecting previously unselected package libc6-dev-i386.
build	Install OCaml & opam	2025-09-27T21:30:02.1356397Z Preparing to unpack .../01-libc6-dev-i386_2.35-0ubuntu3.11_amd64.deb ...
build	Install OCaml & opam	2025-09-27T21:30:02.1367635Z Unpacking libc6-dev-i386 (2.35-0ubuntu3.11) ...
build	Install OCaml & opam	2025-09-27T21:30:02.2119012Z Selecting previously unselected package libc6-x32.
build	Install OCaml & opam	2025-09-27T21:30:02.2286240Z Preparing to unpack .../02-libc6-x32_2.35-0ubuntu3.11_amd64.deb ...
build	Install OCaml & opam	2025-09-27T21:30:02.2309184Z Unpacking libc6-x32 (2.35-0ubuntu3.11) ...
build	Install OCaml & opam	2025-09-27T21:30:02.3436423Z Selecting previously unselected package libc6-dev-x32.
build	Install OCaml & opam	2025-09-27T21:30:02.3597489Z Preparing to unpack .../03-libc6-dev-x32_2.35-0ubuntu3.11_amd64.deb ...
build	Install OCaml & opam	2025-09-27T21:30:02.3609036Z Unpacking libc6-dev-x32 (2.35-0ubuntu3.11) ...
build	Install OCaml & opam	2025-09-27T21:30:02.4117150Z Selecting previously unselected package libx32gcc-s1.
build	Install OCaml & opam	2025-09-27T21:30:02.4279453Z Preparing to unpack .../04-libx32gcc-s1_12.3.0-1ubuntu1~22.04.2_amd64.deb ...
build	Install OCaml & opam	2025-09-27T21:30:02.4291713Z Unpacking libx32gcc-s1 (12.3.0-1ubuntu1~22.04.2) ...
build	Install OCaml & opam	2025-09-27T21:30:02.4569070Z Selecting previously unselected package lib32gomp1.
build	Install OCaml & opam	2025-09-27T21:30:02.4731969Z Preparing to unpack .../05-lib32gomp1_12.3.0-1ubuntu1~22.04.2_amd64.deb ...
build	Install OCaml & opam	2025-09-27T21:30:02.4744423Z Unpacking lib32gomp1 (12.3.0-1ubuntu1~22.04.2) ...
build	Install OCaml & opam	2025-09-27T21:30:02.4998448Z Selecting previously unselected package libx32gomp1.
build	Install OCaml & opam	2025-09-27T21:30:02.5159141Z Preparing to unpack .../06-libx32gomp1_12.3.0-1ubuntu1~22.04.2_amd64.deb ...
build	Install OCaml & opam	2025-09-27T21:30:02.5172942Z Unpacking libx32gomp1 (12.3.0-1ubuntu1~22.04.2) ...
build	Install OCaml & opam	2025-09-27T21:30:02.5442114Z Selecting previously unselected package lib32itm1.
build	Install OCaml & opam	2025-09-27T21:30:02.5605707Z Preparing to unpack .../07-lib32itm1_12.3.0-1ubuntu1~22.04.2_amd64.deb ...
build	Install OCaml & opam	2025-09-27T21:30:02.5617165Z Unpacking lib32itm1 (12.3.0-1ubuntu1~22.04.2) ...
build	Install OCaml & opam	2025-09-27T21:30:02.5874264Z Selecting previously unselected package libx32itm1.
build	Install OCaml & opam	2025-09-27T21:30:02.6036105Z Preparing to unpack .../08-libx32itm1_12.3.0-1ubuntu1~22.04.2_amd64.deb ...
build	Install OCaml & opam	2025-09-27T21:30:02.6048320Z Unpacking libx32itm1 (12.3.0-1ubuntu1~22.04.2) ...
build	Install OCaml & opam	2025-09-27T21:30:02.6287698Z Selecting previously unselected package lib32atomic1.
build	Install OCaml & opam	2025-09-27T21:30:02.6447541Z Preparing to unpack .../09-lib32atomic1_12.3.0-1ubuntu1~22.04.2_amd64.deb ...
build	Install OCaml & opam	2025-09-27T21:30:02.6459950Z Unpacking lib32atomic1 (12.3.0-1ubuntu1~22.04.2) ...
build	Install OCaml & opam	2025-09-27T21:30:02.6702862Z Selecting previously unselected package libx32atomic1.
build	Install OCaml & opam	2025-09-27T21:30:02.6864433Z Preparing to unpack .../10-libx32atomic1_12.3.0-1ubuntu1~22.04.2_amd64.deb ...
build	Install OCaml & opam	2025-09-27T21:30:02.6877105Z Unpacking libx32atomic1 (12.3.0-1ubuntu1~22.04.2) ...
build	Install OCaml & opam	2025-09-27T21:30:02.7112935Z Selecting previously unselected package lib32asan6.
build	Install OCaml & opam	2025-09-27T21:30:02.7274411Z Preparing to unpack .../11-lib32asan6_11.4.0-1ubuntu1~22.04.2_amd64.deb ...
build	Install OCaml & opam	2025-09-27T21:30:02.7285766Z Unpacking lib32asan6 (11.4.0-1ubuntu1~22.04.2) ...
build	Install OCaml & opam	2025-09-27T21:30:02.7831127Z Selecting previously unselected package libx32asan6.
build	Install OCaml & opam	2025-09-27T21:30:02.7995824Z Preparing to unpack .../12-libx32asan6_11.4.0-1ubuntu1~22.04.2_amd64.deb ...
build	Install OCaml & opam	2025-09-27T21:30:02.8008845Z Unpacking libx32asan6 (11.4.0-1ubuntu1~22.04.2) ...
build	Install OCaml & opam	2025-09-27T21:30:02.8527830Z Selecting previously unselected package lib32ubsan1.
build	Install OCaml & opam	2025-09-27T21:30:02.8690932Z Preparing to unpack .../13-lib32ubsan1_12.3.0-1ubuntu1~22.04.2_amd64.deb ...
build	Install OCaml & opam	2025-09-27T21:30:02.8701707Z Unpacking lib32ubsan1 (12.3.0-1ubuntu1~22.04.2) ...
build	Install OCaml & opam	2025-09-27T21:30:02.9075970Z Selecting previously unselected package libx32stdc++6.
build	Install OCaml & opam	2025-09-27T21:30:02.9239234Z Preparing to unpack .../14-libx32stdc++6_12.3.0-1ubuntu1~22.04.2_amd64.deb ...
build	Install OCaml & opam	2025-09-27T21:30:02.9253374Z Unpacking libx32stdc++6 (12.3.0-1ubuntu1~22.04.2) ...
build	Install OCaml & opam	2025-09-27T21:30:02.9573362Z Selecting previously unselected package libx32ubsan1.
build	Install OCaml & opam	2025-09-27T21:30:02.9734941Z Preparing to unpack .../15-libx32ubsan1_12.3.0-1ubuntu1~22.04.2_amd64.deb ...
build	Install OCaml & opam	2025-09-27T21:30:02.9746384Z Unpacking libx32ubsan1 (12.3.0-1ubuntu1~22.04.2) ...
build	Install OCaml & opam	2025-09-27T21:30:03.0101682Z Selecting previously unselected package lib32quadmath0.
build	Install OCaml & opam	2025-09-27T21:30:03.0263754Z Preparing to unpack .../16-lib32quadmath0_12.3.0-1ubuntu1~22.04.2_amd64.deb ...
build	Install OCaml & opam	2025-09-27T21:30:03.0279939Z Unpacking lib32quadmath0 (12.3.0-1ubuntu1~22.04.2) ...
build	Install OCaml & opam	2025-09-27T21:30:03.0543915Z Selecting previously unselected package libx32quadmath0.
build	Install OCaml & opam	2025-09-27T21:30:03.0705985Z Preparing to unpack .../17-libx32quadmath0_12.3.0-1ubuntu1~22.04.2_amd64.deb ...
build	Install OCaml & opam	2025-09-27T21:30:03.0717455Z Unpacking libx32quadmath0 (12.3.0-1ubuntu1~22.04.2) ...
build	Install OCaml & opam	2025-09-27T21:30:03.0954410Z Selecting previously unselected package lib32gcc-11-dev.
build	Install OCaml & opam	2025-09-27T21:30:03.1118143Z Preparing to unpack .../18-lib32gcc-11-dev_11.4.0-1ubuntu1~22.04.2_amd64.deb ...
build	Install OCaml & opam	2025-09-27T21:30:03.1129434Z Unpacking lib32gcc-11-dev (11.4.0-1ubuntu1~22.04.2) ...
build	Install OCaml & opam	2025-09-27T21:30:03.1685237Z Selecting previously unselected package libx32gcc-11-dev.
build	Install OCaml & opam	2025-09-27T21:30:03.1847702Z Preparing to unpack .../19-libx32gcc-11-dev_11.4.0-1ubuntu1~22.04.2_amd64.deb ...
build	Install OCaml & opam	2025-09-27T21:30:03.1860209Z Unpacking libx32gcc-11-dev (11.4.0-1ubuntu1~22.04.2) ...
build	Install OCaml & opam	2025-09-27T21:30:03.2398775Z Selecting previously unselected package gcc-11-multilib.
build	Install OCaml & opam	2025-09-27T21:30:03.2568197Z Preparing to unpack .../20-gcc-11-multilib_11.4.0-1ubuntu1~22.04.2_amd64.deb ...
build	Install OCaml & opam	2025-09-27T21:30:03.2581225Z Unpacking gcc-11-multilib (11.4.0-1ubuntu1~22.04.2) ...
build	Install OCaml & opam	2025-09-27T21:30:03.2795062Z Selecting previously unselected package lib32stdc++-11-dev.
build	Install OCaml & opam	2025-09-27T21:30:03.2956706Z Preparing to unpack .../21-lib32stdc++-11-dev_11.4.0-1ubuntu1~22.04.2_amd64.deb ...
build	Install OCaml & opam	2025-09-27T21:30:03.2967603Z Unpacking lib32stdc++-11-dev (11.4.0-1ubuntu1~22.04.2) ...
build	Install OCaml & opam	2025-09-27T21:30:03.3632180Z Selecting previously unselected package libx32stdc++-11-dev.
build	Install OCaml & opam	2025-09-27T21:30:03.3793167Z Preparing to unpack .../22-libx32stdc++-11-dev_11.4.0-1ubuntu1~22.04.2_amd64.deb ...
build	Install OCaml & opam	2025-09-27T21:30:03.3804279Z Unpacking libx32stdc++-11-dev (11.4.0-1ubuntu1~22.04.2) ...
build	Install OCaml & opam	2025-09-27T21:30:03.4378602Z Selecting previously unselected package g++-11-multilib.
build	Install OCaml & opam	2025-09-27T21:30:03.4540017Z Preparing to unpack .../23-g++-11-multilib_11.4.0-1ubuntu1~22.04.2_amd64.deb ...
build	Install OCaml & opam	2025-09-27T21:30:03.4550372Z Unpacking g++-11-multilib (11.4.0-1ubuntu1~22.04.2) ...
build	Install OCaml & opam	2025-09-27T21:30:03.4777730Z Selecting previously unselected package gcc-multilib.
build	Install OCaml & opam	2025-09-27T21:30:03.4940889Z Preparing to unpack .../24-gcc-multilib_4%3a11.2.0-1ubuntu1_amd64.deb ...
build	Install OCaml & opam	2025-09-27T21:30:03.4953774Z Unpacking gcc-multilib (4:11.2.0-1ubuntu1) ...
build	Install OCaml & opam	2025-09-27T21:30:03.5155923Z Selecting previously unselected package g++-multilib.
build	Install OCaml & opam	2025-09-27T21:30:03.5316177Z Preparing to unpack .../25-g++-multilib_4%3a11.2.0-1ubuntu1_amd64.deb ...
build	Install OCaml & opam	2025-09-27T21:30:03.5327933Z Unpacking g++-multilib (4:11.2.0-1ubuntu1) ...
build	Install OCaml & opam	2025-09-27T21:30:03.5546828Z Selecting previously unselected package musl:amd64.
build	Install OCaml & opam	2025-09-27T21:30:03.5709846Z Preparing to unpack .../26-musl_1.2.2-4_amd64.deb ...
build	Install OCaml & opam	2025-09-27T21:30:03.5726815Z Unpacking musl:amd64 (1.2.2-4) ...
build	Install OCaml & opam	2025-09-27T21:30:03.6145606Z Selecting previously unselected package musl-dev:amd64.
build	Install OCaml & opam	2025-09-27T21:30:03.6304303Z Preparing to unpack .../27-musl-dev_1.2.2-4_amd64.deb ...
build	Install OCaml & opam	2025-09-27T21:30:03.6315310Z Unpacking musl-dev:amd64 (1.2.2-4) ...
build	Install OCaml & opam	2025-09-27T21:30:03.6999139Z Selecting previously unselected package musl-tools.
build	Install OCaml & opam	2025-09-27T21:30:03.7161398Z Preparing to unpack .../28-musl-tools_1.2.2-4_amd64.deb ...
build	Install OCaml & opam	2025-09-27T21:30:03.7172945Z Unpacking musl-tools (1.2.2-4) ...
build	Install OCaml & opam	2025-09-27T21:30:03.7701854Z Setting up bubblewrap (0.6.1-1ubuntu0.1) ...
build	Install OCaml & opam	2025-09-27T21:30:03.7757336Z Setting up libc6-dev-i386 (2.35-0ubuntu3.11) ...
build	Install OCaml & opam	2025-09-27T21:30:03.7782255Z Setting up lib32itm1 (12.3.0-1ubuntu1~22.04.2) ...
build	Install OCaml & opam	2025-09-27T21:30:03.7809600Z Setting up lib32ubsan1 (12.3.0-1ubuntu1~22.04.2) ...
build	Install OCaml & opam	2025-09-27T21:30:03.7850816Z Setting up libc6-x32 (2.35-0ubuntu3.11) ...
build	Install OCaml & opam	2025-09-27T21:30:03.7888633Z Setting up libc6-dev-x32 (2.35-0ubuntu3.11) ...
build	Install OCaml & opam	2025-09-27T21:30:03.7914034Z Setting up lib32gomp1 (12.3.0-1ubuntu1~22.04.2) ...
build	Install OCaml & opam	2025-09-27T21:30:03.7938432Z Setting up libx32gomp1 (12.3.0-1ubuntu1~22.04.2) ...
build	Install OCaml & opam	2025-09-27T21:30:03.7969431Z Setting up lib32asan6 (11.4.0-1ubuntu1~22.04.2) ...
build	Install OCaml & opam	2025-09-27T21:30:03.8007128Z Setting up musl:amd64 (1.2.2-4) ...
build	Install OCaml & opam	2025-09-27T21:30:03.8054019Z Setting up lib32quadmath0 (12.3.0-1ubuntu1~22.04.2) ...
build	Install OCaml & opam	2025-09-27T21:30:03.8082473Z Setting up libx32quadmath0 (12.3.0-1ubuntu1~22.04.2) ...
build	Install OCaml & opam	2025-09-27T21:30:03.8110419Z Setting up lib32atomic1 (12.3.0-1ubuntu1~22.04.2) ...
build	Install OCaml & opam	2025-09-27T21:30:03.8136055Z Setting up libx32atomic1 (12.3.0-1ubuntu1~22.04.2) ...
build	Install OCaml & opam	2025-09-27T21:30:03.8173203Z Setting up libx32gcc-s1 (12.3.0-1ubuntu1~22.04.2) ...
build	Install OCaml & opam	2025-09-27T21:30:03.8201271Z Setting up libx32itm1 (12.3.0-1ubuntu1~22.04.2) ...
build	Install OCaml & opam	2025-09-27T21:30:03.8227759Z Setting up musl-dev:amd64 (1.2.2-4) ...
build	Install OCaml & opam	2025-09-27T21:30:03.8267883Z Setting up libx32asan6 (11.4.0-1ubuntu1~22.04.2) ...
build	Install OCaml & opam	2025-09-27T21:30:03.8296412Z Setting up libx32stdc++6 (12.3.0-1ubuntu1~22.04.2) ...
build	Install OCaml & opam	2025-09-27T21:30:03.8330834Z Setting up libx32ubsan1 (12.3.0-1ubuntu1~22.04.2) ...
build	Install OCaml & opam	2025-09-27T21:30:03.8360571Z Setting up musl-tools (1.2.2-4) ...
build	Install OCaml & opam	2025-09-27T21:30:03.8391508Z Setting up libx32gcc-11-dev (11.4.0-1ubuntu1~22.04.2) ...
build	Install OCaml & opam	2025-09-27T21:30:03.8422589Z Setting up libx32stdc++-11-dev (11.4.0-1ubuntu1~22.04.2) ...
build	Install OCaml & opam	2025-09-27T21:30:03.8449024Z Setting up lib32gcc-11-dev (11.4.0-1ubuntu1~22.04.2) ...
build	Install OCaml & opam	2025-09-27T21:30:03.8482528Z Setting up lib32stdc++-11-dev (11.4.0-1ubuntu1~22.04.2) ...
build	Install OCaml & opam	2025-09-27T21:30:03.8509965Z Setting up gcc-11-multilib (11.4.0-1ubuntu1~22.04.2) ...
build	Install OCaml & opam	2025-09-27T21:30:03.8536957Z Setting up gcc-multilib (4:11.2.0-1ubuntu1) ...
build	Install OCaml & opam	2025-09-27T21:30:03.8565735Z Setting up g++-11-multilib (11.4.0-1ubuntu1~22.04.2) ...
build	Install OCaml & opam	2025-09-27T21:30:03.8594009Z Setting up g++-multilib (4:11.2.0-1ubuntu1) ...
build	Install OCaml & opam	2025-09-27T21:30:03.8630537Z Processing triggers for libc-bin (2.35-0ubuntu3.10) ...
build	Install OCaml & opam	2025-09-27T21:30:03.8977712Z Processing triggers for man-db (2.10.2-1) ...
build	Install OCaml & opam	2025-09-27T21:30:05.3163110Z NEEDRESTART-VER: 3.5
build	Install OCaml & opam	2025-09-27T21:30:05.6715754Z NEEDRESTART-KCUR: 6.8.0-1031-azure
build	Install OCaml & opam	2025-09-27T21:30:05.6716408Z NEEDRESTART-KEXP: 6.8.0-1031-azure
build	Install OCaml & opam	2025-09-27T21:30:05.6716807Z NEEDRESTART-KSTA: 1
build	Install OCaml & opam	2025-09-27T21:30:05.6717141Z NEEDRESTART-SVC: hosted-compute-agent.service
build	Install OCaml & opam	2025-09-27T21:30:07.2359690Z ##[group]Run mkdir -p "$HOME/.github-tools"
build	Install OCaml & opam	2025-09-27T21:30:07.2360047Z [36;1mmkdir -p "$HOME/.github-tools"[0m
build	Install OCaml & opam	2025-09-27T21:30:07.2360285Z [36;1m{[0m
build	Install OCaml & opam	2025-09-27T21:30:07.2360493Z [36;1m  printf '%s\n' '#!/usr/bin/env bash'[0m
build	Install OCaml & opam	2025-09-27T21:30:07.2360810Z [36;1m  printf '%s\n' 'if [[ "$1" == "apt-get" ]]; then'[0m
build	Install OCaml & opam	2025-09-27T21:30:07.2361089Z [36;1m  printf '%s\n' '  args=()'[0m
build	Install OCaml & opam	2025-09-27T21:30:07.2361342Z [36;1m  printf '%s\n' '  install_seen=false'[0m
build	Install OCaml & opam	2025-09-27T21:30:07.2361601Z [36;1m  printf '%s\n' '  for arg in "$@"; do'[0m
build	Install OCaml & opam	2025-09-27T21:30:07.2361910Z [36;1m  printf '%s\n' '    if [[ "$arg" == "install" ]]; then'[0m
build	Install OCaml & opam	2025-09-27T21:30:07.2362212Z [36;1m  printf '%s\n' '      install_seen=true'[0m
build	Install OCaml & opam	2025-09-27T21:30:07.2362467Z [36;1m  printf '%s\n' '    fi'[0m
build	Install OCaml & opam	2025-09-27T21:30:07.2362770Z [36;1m  printf '%s\n' '    if [[ "$install_seen" == true && "$arg" == "darcs" ]]; then'[0m
build	Install OCaml & opam	2025-09-27T21:30:07.2363095Z [36;1m  printf '%s\n' '      continue'[0m
build	Install OCaml & opam	2025-09-27T21:30:07.2363563Z [36;1m  printf '%s\n' '    fi'[0m
build	Install OCaml & opam	2025-09-27T21:30:07.2363791Z [36;1m  printf '%s\n' '    args+=("$arg")'[0m
build	Install OCaml & opam	2025-09-27T21:30:07.2364036Z [36;1m  printf '%s\n' '  done'[0m
build	Install OCaml & opam	2025-09-27T21:30:07.2364283Z [36;1m  printf '%s\n' '  exec /usr/bin/sudo "${args[@]}"'[0m
build	Install OCaml & opam	2025-09-27T21:30:07.2364813Z [36;1m  printf '%s\n' 'fi'[0m
build	Install OCaml & opam	2025-09-27T21:30:07.2365059Z [36;1m  printf '%s\n' 'exec /usr/bin/sudo "$@"'[0m
build	Install OCaml & opam	2025-09-27T21:30:07.2365318Z [36;1m} > "$HOME/.github-tools/sudo"[0m
build	Install OCaml & opam	2025-09-27T21:30:07.2365571Z [36;1mchmod +x "$HOME/.github-tools/sudo"[0m
build	Install OCaml & opam	2025-09-27T21:30:07.2366038Z [36;1mecho "PATH=$HOME/.github-tools:$PATH" >> "$GITHUB_ENV"[0m
build	Install OCaml & opam	2025-09-27T21:30:07.2395791Z shell: /usr/bin/bash --noprofile --norc -e -o pipefail {0}
build	Install OCaml & opam	2025-09-27T21:30:07.2396122Z ##[endgroup]
build	Install OCaml & opam	2025-09-27T21:30:07.2550721Z ##[group]Run ocaml/setup-ocaml@v2
build	Install OCaml & opam	2025-09-27T21:30:07.2550958Z with:
build	Install OCaml & opam	2025-09-27T21:30:07.2551136Z   ocaml-compiler: 4.14.1
build	Install OCaml & opam	2025-09-27T21:30:07.2551366Z   allow-prerelease-opam: false
build	Install OCaml & opam	2025-09-27T21:30:07.2551587Z   opam-pin: true
build	Install OCaml & opam	2025-09-27T21:30:07.2551785Z   opam-depext: false
build	Install OCaml & opam	2025-09-27T21:30:07.2551973Z   opam-local-packages: *.opam
build	Install OCaml & opam	2025-09-27T21:30:07.2552202Z   opam-disable-sandboxing: false
build	Install OCaml & opam	2025-09-27T21:30:07.2552412Z   dune-cache: false
build	Install OCaml & opam	2025-09-27T21:30:07.2552588Z   cache-prefix: v1
build	Install OCaml & opam	2025-09-27T21:30:07.2553101Z   github-token: ***
build	Install OCaml & opam	2025-09-27T21:30:07.2553283Z env:
build	Install OCaml & opam	2025-09-27T21:30:07.2554238Z   PATH: /home/runner/.github-tools:/snap/bin:/home/runner/.local/bin:/opt/pipx_bin:/home/runner/.cargo/bin:/home/runner/.config/composer/vendor/bin:/usr/local/.ghcup/bin:/home/runner/.dotnet/tools:/usr/local/sbin:/usr/local/bin:/usr/sbin:/usr/bin:/sbin:/bin:/usr/games:/usr/local/games:/snap/bin
build	Install OCaml & opam	2025-09-27T21:30:07.2555572Z ##[endgroup]
build	Install OCaml & opam	2025-09-27T21:30:07.4412051Z ##[group]Retrieve the opam cache
build	Install OCaml & opam	2025-09-27T21:30:08.6349295Z ##[warning]Failed to restore: Cache service responded with 400
build	Install OCaml & opam	2025-09-27T21:30:08.6351069Z Cache not found for input keys: v1-setup-ocaml-opam-2.1.6-sandbox-linux-22.04-x86_64-ocaml_base_compiler_4_14_1-2025-39, v1-setup-ocaml-opam-2.1.6-sandbox-linux-22.04-x86_64-ocaml_base_compiler_4_14_1-2025-39, v1-setup-ocaml-opam-2.1.6-sandbox-linux-22.04-x86_64-ocaml_base_compiler_4_14_1-2025-, v1-setup-ocaml-opam-2.1.6-sandbox-linux-22.04-x86_64-ocaml_base_compiler_4_14_1-
build	Install OCaml & opam	2025-09-27T21:30:08.6352454Z ##[endgroup]
build	Install OCaml & opam	2025-09-27T21:30:08.6352777Z ##[group]Install opam
build	Install OCaml & opam	2025-09-27T21:30:09.5181556Z Acquired 2.1.6 from https://github.com/ocaml/opam/releases/download/2.1.6/opam-2.1.6-x86_64-linux
build	Install OCaml & opam	2025-09-27T21:30:09.5279960Z Successfully cached opam to /opt/hostedtoolcache/opam/2.1.6/x86_64
build	Install OCaml & opam	2025-09-27T21:30:09.5282616Z Added opam to the path
build	Install OCaml & opam	2025-09-27T21:30:09.5283312Z ##[endgroup]
build	Install OCaml & opam	2025-09-27T21:30:09.5283899Z ##[group]Initialise the opam state
build	Install OCaml & opam	2025-09-27T21:30:09.5303598Z [command]/home/runner/.github-tools/sudo apt-get --yes install bubblewrap darcs g++-multilib gcc-multilib mercurial musl-tools rsync
build	Install OCaml & opam	2025-09-27T21:30:09.5836100Z Reading package lists...
build	Install OCaml & opam	2025-09-27T21:30:09.7949730Z Building dependency tree...
build	Install OCaml & opam	2025-09-27T21:30:09.7961140Z Reading state information...
build	Install OCaml & opam	2025-09-27T21:30:09.9746857Z g++-multilib is already the newest version (4:11.2.0-1ubuntu1).
build	Install OCaml & opam	2025-09-27T21:30:09.9747591Z gcc-multilib is already the newest version (4:11.2.0-1ubuntu1).
build	Install OCaml & opam	2025-09-27T21:30:09.9748166Z mercurial is already the newest version (6.1.1-1ubuntu1).
build	Install OCaml & opam	2025-09-27T21:30:09.9748671Z musl-tools is already the newest version (1.2.2-4).
build	Install OCaml & opam	2025-09-27T21:30:09.9749189Z bubblewrap is already the newest version (0.6.1-1ubuntu0.1).
build	Install OCaml & opam	2025-09-27T21:30:09.9749830Z rsync is already the newest version (3.2.7-0ubuntu0.22.04.4).
build	Install OCaml & opam	2025-09-27T21:30:09.9750437Z 0 upgraded, 0 newly installed, 0 to remove and 32 not upgraded.
build	Install OCaml & opam	2025-09-27T21:30:09.9788707Z [command]/opt/hostedtoolcache/opam/2.1.6/x86_64/opam init --auto-setup --bare --enable-shell-hook
build	Install OCaml & opam	2025-09-27T21:30:09.9929895Z No configuration file found, using built-in defaults.
build	Install OCaml & opam	2025-09-27T21:30:09.9933305Z Checking for available remotes: rsync and local, git, mercurial.
build	Install OCaml & opam	2025-09-27T21:30:09.9935252Z   - you won't be able to use darcs repositories unless you install the [01mdarcs[0m command on your system.
build	Install OCaml & opam	2025-09-27T21:30:09.9935981Z 
build	Install OCaml & opam	2025-09-27T21:30:10.0160020Z 
build	Install OCaml & opam	2025-09-27T21:30:10.0161227Z [36m<><>[0m [01mFetching repository information[0m [36m><><><><><><><><><><><><><><><><><><><><><>[0m
build	Install OCaml & opam	2025-09-27T21:30:13.1328188Z [[32mdefault[0m] Initialised
build	Install OCaml & opam	2025-09-27T21:30:25.0477192Z 
build	Install OCaml & opam	2025-09-27T21:30:25.0477670Z User configuration:
build	Install OCaml & opam	2025-09-27T21:30:25.0531318Z   Updating ~/.bash_profile.
build	Install OCaml & opam	2025-09-27T21:30:25.0534277Z [1;34m[NOTE][0m Make sure that ~/.bash_profile is well [04msourced[0m in your ~/.bashrc.
build	Install OCaml & opam	2025-09-27T21:30:25.0535060Z 
build	Install OCaml & opam	2025-09-27T21:30:26.2829162Z ##[endgroup]
build	Install OCaml & opam	2025-09-27T21:30:26.2829928Z ##[group]Remove the opam repositories
build	Install OCaml & opam	2025-09-27T21:30:26.2883547Z [command]/opt/hostedtoolcache/opam/2.1.6/x86_64/opam repository list --all-switches --short
build	Install OCaml & opam	2025-09-27T21:30:26.3442734Z default
build	Install OCaml & opam	2025-09-27T21:30:26.3475056Z [command]/opt/hostedtoolcache/opam/2.1.6/x86_64/opam repository remove default --all-switches
build	Install OCaml & opam	2025-09-27T21:30:26.4095472Z ##[endgroup]
build	Install OCaml & opam	2025-09-27T21:30:26.4096411Z ##[group]Initialise the opam repositories
build	Install OCaml & opam	2025-09-27T21:30:26.4115744Z [command]/opt/hostedtoolcache/opam/2.1.6/x86_64/opam repository add default https://github.com/ocaml/opam-repository.git --all-switches --set-default
build	Install OCaml & opam	2025-09-27T21:31:01.3961259Z [[32mdefault[0m] Initialised
build	Install OCaml & opam	2025-09-27T21:31:13.1713026Z ##[endgroup]
build	Install OCaml & opam	2025-09-27T21:31:13.5027210Z ##[group]Install OCaml
build	Install OCaml & opam	2025-09-27T21:31:13.5040268Z [command]/opt/hostedtoolcache/opam/2.1.6/x86_64/opam switch create . --no-install --packages ocaml-base-compiler.4.14.1
build	Install OCaml & opam	2025-09-27T21:31:13.7092366Z 
build	Install OCaml & opam	2025-09-27T21:31:13.7093789Z [36m<><>[0m [01mInstalling new switch packages[0m [36m<><><><><><><><><><><><><><><><><><><><><><>[0m
build	Install OCaml & opam	2025-09-27T21:31:13.7094692Z Switch invariant: ["ocaml-base-compiler" {= "4.14.1"}]
build	Install OCaml & opam	2025-09-27T21:31:17.8124422Z 
build	Install OCaml & opam	2025-09-27T21:31:17.8125913Z [36m<><>[0m [01mProcessing actions[0m [36m<><><><><><><><><><><><><><><><><><><><><><><><><><><><>[0m
build	Install OCaml & opam	2025-09-27T21:31:20.2177721Z [32mâ[0m installed [01mbase-bigarray[0m.base
build	Install OCaml & opam	2025-09-27T21:31:20.2183688Z [32mâ[0m installed [01mbase-threads[0m.base
build	Install OCaml & opam	2025-09-27T21:31:20.2207333Z [32mâ[0m installed [01mbase-unix[0m.base
build	Install OCaml & opam	2025-09-27T21:31:20.2214990Z [32mâ[0m installed [01mocaml-options-vanilla[0m.1
build	Install OCaml & opam	2025-09-27T21:31:20.7351720Z [36mâ¬[0m retrieved [01mocaml-config[0m.2  (2 extra sources)
build	Install OCaml & opam	2025-09-27T21:31:20.8832545Z [36mâ¬[0m retrieved [01mocaml-base-compiler[0m.4.14.1  (https://github.com/ocaml/ocaml/archive/4.14.1.tar.gz)
build	Install OCaml & opam	2025-09-27T21:33:49.0777820Z [32mâ[0m installed [01mocaml-base-compiler[0m.4.14.1
build	Install OCaml & opam	2025-09-27T21:33:49.0958625Z [32mâ[0m installed [01mocaml-config[0m.2
build	Install OCaml & opam	2025-09-27T21:33:49.1663511Z [32mâ[0m installed [01mocaml[0m.4.14.1
build	Install OCaml & opam	2025-09-27T21:33:49.5716160Z Done.
build	Install OCaml & opam	2025-09-27T21:33:49.5721509Z # Run [01meval $(opam env)[0m to update the current shell environment
build	Install OCaml & opam	2025-09-27T21:33:50.9175298Z ##[endgroup]
build	Install OCaml & opam	2025-09-27T21:33:50.9176157Z ##[group]Save the opam cache
build	Install OCaml & opam	2025-09-27T21:33:50.9196606Z [command]/opt/hostedtoolcache/opam/2.1.6/x86_64/opam clean --all-switches --download-cache --logs --repo-cache --unused-repositories
build	Install OCaml & opam	2025-09-27T21:33:51.1285547Z Cleaning up switch /home/runner/work/latex_perf/latex_perf
build	Install OCaml & opam	2025-09-27T21:33:51.2375286Z Updating /home/runner/.opam/repo/repos-config
build	Install OCaml & opam	2025-09-27T21:33:51.2376057Z Clearing repository cache
build	Install OCaml & opam	2025-09-27T21:33:51.2412294Z Clearing cache of downloaded files
build	Install OCaml & opam	2025-09-27T21:33:51.2447256Z Clearing logs
build	Install OCaml & opam	2025-09-27T21:33:52.1785063Z [command]/usr/bin/tar --posix -cf cache.tzst --exclude cache.tzst -P -C /home/runner/work/latex_perf/latex_perf --files-from manifest.txt --use-compress-program zstdmt
build	Install OCaml & opam	2025-09-27T21:33:53.9853505Z ##[warning]Failed to save: <h2>Our services aren't available right now</h2><p>We're working to restore all services as soon as possible. Please check back soon.</p>0QVjYaAAAAACylpxpyw3rSa8VsFcPKar6UEFPRURHRTA1MTgARWRnZQ==
build	Install OCaml & opam	2025-09-27T21:33:54.0658201Z ##[endgroup]
build	Install OCaml & opam	2025-09-27T21:33:54.0659430Z ##[group]Retrieve the opam download cache
build	Install OCaml & opam	2025-09-27T21:33:54.0967489Z ##[warning]Failed to restore: Cache service responded with 400
build	Install OCaml & opam	2025-09-27T21:33:54.0972932Z Cache not found for input keys: v1-setup-ocaml-opam-download-github.com/ocaml/opam-repository.git-4_14_1-2025-8-27-18065098766-51, v1-setup-ocaml-opam-download-github.com/ocaml/opam-repository.git-4_14_1-2025-8-27-18065098766-51, v1-setup-ocaml-opam-download-github.com/ocaml/opam-repository.git-4_14_1-2025-8-27-18065098766-, v1-setup-ocaml-opam-download-github.com/ocaml/opam-repository.git-4_14_1-2025-8-27-, v1-setup-ocaml-opam-download-github.com/ocaml/opam-repository.git-4_14_1-2025-8-
build	Install OCaml & opam	2025-09-27T21:33:54.0976017Z ##[endgroup]
build	Install OCaml & opam	2025-09-27T21:33:54.1008333Z ##[group]Pin local packages
build	Install OCaml & opam	2025-09-27T21:33:54.1022577Z [command]/opt/hostedtoolcache/opam/2.1.6/x86_64/opam pin add latex-perfectionist.dev . --no-action
build	Install OCaml & opam	2025-09-27T21:34:00.8516822Z Package latex-perfectionist does not exist, create as a [01mNEW[0m package? [Y/n] y
build	Install OCaml & opam	2025-09-27T21:34:00.9649574Z [[32mlatex-perfectionist.dev[0m] synchronised (file:///home/runner/work/latex_perf/latex_perf)
build	Install OCaml & opam	2025-09-27T21:34:00.9655011Z [33m[WARNING][0m Failed checks on latex-perfectionist package definition from source at file:///home/runner/work/latex_perf/latex_perf:
build	Install OCaml & opam	2025-09-27T21:34:00.9656524Z     [31merror[0m 23: Missing field 'maintainer'
build	Install OCaml & opam	2025-09-27T21:34:00.9657266Z   [33mwarning[0m 25: Missing field 'authors'
build	Install OCaml & opam	2025-09-27T21:34:00.9657930Z   [33mwarning[0m 35: Missing field 'homepage'
build	Install OCaml & opam	2025-09-27T21:34:00.9658684Z   [33mwarning[0m 36: Missing field 'bug-reports'
build	Install OCaml & opam	2025-09-27T21:34:00.9666719Z latex-perfectionist is now pinned to [01mgit+file:///home/runner/work/latex_perf/latex_perf#HEAD[0m (version [01mdev[0m)
build	Install OCaml & opam	2025-09-27T21:34:02.2087831Z ##[endgroup]
build	Install OCaml & opam	2025-09-27T21:34:02.2099554Z [command]/opt/hostedtoolcache/opam/2.1.6/x86_64/opam --version
build	Install OCaml & opam	2025-09-27T21:34:02.2227715Z 2.1.6
build	Install OCaml & opam	2025-09-27T21:34:02.2255655Z [command]/opt/hostedtoolcache/opam/2.1.6/x86_64/opam exec -- ocaml -version
build	Install OCaml & opam	2025-09-27T21:34:02.2532472Z The OCaml toplevel, version 4.14.1
build	Install dependencies	ï»¿2025-09-27T21:34:02.2663142Z ##[group]Run opam install . --deps-only --with-test -y
build	Install dependencies	2025-09-27T21:34:02.2663529Z [36;1mopam install . --deps-only --with-test -y[0m
build	Install dependencies	2025-09-27T21:34:02.2693447Z shell: /usr/bin/bash -e {0}
build	Install dependencies	2025-09-27T21:34:02.2693679Z env:
build	Install dependencies	2025-09-27T21:34:02.2694927Z   PATH: /home/runner/.github-tools:/snap/bin:/home/runner/.local/bin:/opt/pipx_bin:/home/runner/.cargo/bin:/home/runner/.config/composer/vendor/bin:/usr/local/.ghcup/bin:/home/runner/.dotnet/tools:/usr/local/sbin:/usr/local/bin:/usr/sbin:/usr/bin:/sbin:/bin:/usr/games:/usr/local/games:/snap/bin
build	Install dependencies	2025-09-27T21:34:02.2695977Z   OPAMCLI: 2.0
build	Install dependencies	2025-09-27T21:34:02.2696157Z   OPAMCOLOR: always
build	Install dependencies	2025-09-27T21:34:02.2696347Z   OPAMERRLOGLEN: 0
build	Install dependencies	2025-09-27T21:34:02.2696520Z   OPAMJOBS: 4
build	Install dependencies	2025-09-27T21:34:02.2696687Z   OPAMPRECISETRACKING: 1
build	Install dependencies	2025-09-27T21:34:02.2696893Z   OPAMSOLVERTIMEOUT: 1000
build	Install dependencies	2025-09-27T21:34:02.2697076Z   OPAMYES: 1
build	Install dependencies	2025-09-27T21:34:02.2697252Z   CLICOLOR_FORCE: 1
build	Install dependencies	2025-09-27T21:34:02.2697415Z ##[endgroup]
build	Install dependencies	2025-09-27T21:34:02.5440424Z [1;34m[NOTE][0m Ignoring uncommitted changes in /home/runner/work/latex_perf/latex_perf (`--working-dir' not active).
build	Install dependencies	2025-09-27T21:34:02.6728606Z [[32mlatex-perfectionist.dev[0m] synchronised (git+file:///home/runner/work/latex_perf/latex_perf#HEAD)
build	Install dependencies	2025-09-27T21:34:07.2253895Z The following actions will be performed:
build	Install dependencies	2025-09-27T21:34:07.2255654Z   [32mâ[0m install [01mocamlbuild[0m          0.16.1
build	Install dependencies	2025-09-27T21:34:07.2256284Z   [32mâ[0m install [01mconf-gmp[0m            5
build	Install dependencies	2025-09-27T21:34:07.2261366Z   [32mâ[0m install [01mconf-pkg-config[0m     4
build	Install dependencies	2025-09-27T21:34:07.2262243Z   [32mâ[0m install [01mocamlfind[0m           1.9.8
build	Install dependencies	2025-09-27T21:34:07.2262865Z   [32mâ[0m install [01mdune[0m                3.20.2
build	Install dependencies	2025-09-27T21:34:07.2263495Z   [32mâ[0m install [01mzarith[0m              1.14
build	Install dependencies	2025-09-27T21:34:07.2264179Z   [32mâ[0m install [01mtopkg[0m               1.1.0
build	Install dependencies	2025-09-27T21:34:07.2265717Z   [32mâ[0m install [01myojson[0m              3.0.0
build	Install dependencies	2025-09-27T21:34:07.2266582Z   [32mâ[0m install [01mstdlib-shims[0m        0.3.0
build	Install dependencies	2025-09-27T21:34:07.2267562Z   [32mâ[0m install [01msexplib0[0m            v0.17.0
build	Install dependencies	2025-09-27T21:34:07.2268449Z   [32mâ[0m install [01mppx_derivers[0m        1.2.1
build	Install dependencies	2025-09-27T21:34:07.2269232Z   [32mâ[0m install [01mocaml-syntax-shims[0m  1.0.0
build	Install dependencies	2025-09-27T21:34:07.2270092Z   [32mâ[0m install [01mocaml-compiler-libs[0m v0.12.4
build	Install dependencies	2025-09-27T21:34:07.2270910Z   [32mâ[0m install [01mcsexp[0m               1.5.2
build	Install dependencies	2025-09-27T21:34:07.2271613Z   [32mâ[0m install [01mcppo[0m                1.8.0
build	Install dependencies	2025-09-27T21:34:07.2272177Z   [32mâ[0m install [01mcoq-core[0m            8.18.0
build	Install dependencies	2025-09-27T21:34:07.2272717Z   [32mâ[0m install [01muutf[0m                1.0.4
build	Install dependencies	2025-09-27T21:34:07.2273274Z   [32mâ[0m install [01mppxlib[0m              0.36.0
build	Install dependencies	2025-09-27T21:34:07.2273820Z   [32mâ[0m install [01mdune-configurator[0m   3.20.2
build	Install dependencies	2025-09-27T21:34:07.2274397Z   [32mâ[0m install [01mcoqide-server[0m       8.18.0
build	Install dependencies	2025-09-27T21:34:07.2275186Z   [32mâ[0m install [01mcoq-stdlib[0m          8.18.0
build	Install dependencies	2025-09-27T21:34:07.2275736Z   [32mâ[0m install [01mppx_deriving[0m        6.1.1
build	Install dependencies	2025-09-27T21:34:07.2276284Z   [32mâ[0m install [01mbigstringaf[0m         0.10.0
build	Install dependencies	2025-09-27T21:34:07.2276901Z   [32mâ[0m install [01mcoq[0m                 8.18.0
build	Install dependencies	2025-09-27T21:34:07.2277529Z   [32mâ[0m install [01mangstrom[0m            0.16.1
build	Install dependencies	2025-09-27T21:34:07.2278058Z ===== [32mâ[0m 25 =====
build	Install dependencies	2025-09-27T21:34:07.2278292Z 
build	Install dependencies	2025-09-27T21:34:07.2278782Z [36m<><>[0m [01mProcessing actions[0m [36m<><><><><><><><><><><><><><><><><><><><><><><><><><><><>[0m
build	Install dependencies	2025-09-27T21:34:07.3918232Z [36mâ¬[0m retrieved [01mconf-gmp[0m.5  (https://raw.githubusercontent.com/ocaml/opam-source-archives/main/patches/conf-gmp/test.c.4)
build	Install dependencies	2025-09-27T21:34:09.8653045Z [32mâ[0m installed [01mconf-gmp[0m.5
build	Install dependencies	2025-09-27T21:34:09.8673772Z [32mâ[0m installed [01mconf-pkg-config[0m.4
build	Install dependencies	2025-09-27T21:34:09.8941658Z [36mâ¬[0m retrieved [01mangstrom[0m.0.16.1  (https://github.com/inhabitedtype/angstrom/archive/0.16.1.tar.gz)
build	Install dependencies	2025-09-27T21:34:09.9320546Z [36mâ¬[0m retrieved [01mbigstringaf[0m.0.10.0  (https://github.com/inhabitedtype/bigstringaf/archive/0.10.0.tar.gz)
build	Install dependencies	2025-09-27T21:34:11.1480462Z [36mâ¬[0m retrieved [01mcoq[0m.8.18.0  (https://github.com/coq/coq/releases/download/V8.18.0/coq-8.18.0.tar.gz)
build	Install dependencies	2025-09-27T21:34:11.7450873Z [36mâ¬[0m retrieved [01mcoq-core[0m.8.18.0  (cached)
build	Install dependencies	2025-09-27T21:34:12.1309458Z [36mâ¬[0m retrieved [01mcoq-stdlib[0m.8.18.0  (cached)
build	Install dependencies	2025-09-27T21:34:12.5303361Z [36mâ¬[0m retrieved [01mcoqide-server[0m.8.18.0  (cached)
build	Install dependencies	2025-09-27T21:34:12.5696883Z [36mâ¬[0m retrieved [01mcppo[0m.1.8.0  (https://github.com/ocaml-community/cppo/archive/v1.8.0.tar.gz)
build	Install dependencies	2025-09-27T21:34:12.5779236Z [36mâ¬[0m retrieved [01mcsexp[0m.1.5.2  (https://github.com/ocaml-dune/csexp/releases/download/1.5.2/csexp-1.5.2.tbz)
build	Install dependencies	2025-09-27T21:34:12.9183531Z [36mâ¬[0m retrieved [01mocaml-compiler-libs[0m.v0.12.4  (https://github.com/janestreet/ocaml-compiler-libs/releases/download/v0.12.4/ocaml-compiler-libs-v0.12.4.tbz)
build	Install dependencies	2025-09-27T21:34:13.2434082Z [36mâ¬[0m retrieved [01mocaml-syntax-shims[0m.1.0.0  (https://github.com/ocaml-ppx/ocaml-syntax-shims/releases/download/1.0.0/ocaml-syntax-shims-1.0.0.tbz)
build	Install dependencies	2025-09-27T21:34:14.3462153Z [36mâ¬[0m retrieved [01mdune-configurator[0m.3.20.2  (https://github.com/ocaml/dune/releases/download/3.20.2/dune-3.20.2.tbz)
build	Install dependencies	2025-09-27T21:34:14.9284099Z [36mâ¬[0m retrieved [01mdune[0m.3.20.2  (https://github.com/ocaml/dune/releases/download/3.20.2/dune-3.20.2.tbz)
build	Install dependencies	2025-09-27T21:34:15.4333811Z [36mâ¬[0m retrieved [01mocamlbuild[0m.0.16.1  (https://github.com/ocaml/ocamlbuild/archive/refs/tags/0.16.1.tar.gz)
build	Install dependencies	2025-09-27T21:34:15.4967848Z [36mâ¬[0m retrieved [01mocamlfind[0m.1.9.8  (https://github.com/ocaml/ocamlfind/archive/refs/tags/findlib-1.9.8.tar.gz)
build	Install dependencies	2025-09-27T21:34:15.5239662Z [36mâ¬[0m retrieved [01mppx_derivers[0m.1.2.1  (https://github.com/ocaml-ppx/ppx_derivers/archive/1.2.1.tar.gz)
build	Install dependencies	2025-09-27T21:34:15.7992490Z [36mâ¬[0m retrieved [01mppx_deriving[0m.6.1.1  (https://github.com/ocaml-ppx/ppx_deriving/releases/download/v6.1.1/ppx_deriving-6.1.1.tar.gz)
build	Install dependencies	2025-09-27T21:34:16.1247955Z [36mâ¬[0m retrieved [01mppxlib[0m.0.36.0  (https://github.com/ocaml-ppx/ppxlib/releases/download/0.36.0/ppxlib-0.36.0.tbz)
build	Install dependencies	2025-09-27T21:34:16.1592394Z [36mâ¬[0m retrieved [01msexplib0[0m.v0.17.0  (https://github.com/janestreet/sexplib0/archive/refs/tags/v0.17.0.tar.gz)
build	Install dependencies	2025-09-27T21:34:16.2573464Z [36mâ¬[0m retrieved [01mstdlib-shims[0m.0.3.0  (https://github.com/ocaml/stdlib-shims/releases/download/0.3.0/stdlib-shims-0.3.0.tbz)
build	Install dependencies	2025-09-27T21:34:16.6989187Z [36mâ¬[0m retrieved [01myojson[0m.3.0.0  (https://github.com/ocaml-community/yojson/releases/download/3.0.0/yojson-3.0.0.tbz)
build	Install dependencies	2025-09-27T21:34:17.3294807Z [36mâ¬[0m retrieved [01mzarith[0m.1.14  (https://github.com/ocaml/Zarith/archive/release-1.14.tar.gz)
build	Install dependencies	2025-09-27T21:34:17.4192124Z [36mâ¬[0m retrieved [01muutf[0m.1.0.4  (https://erratique.ch/software/uutf/releases/uutf-1.0.4.tbz)
build	Install dependencies	2025-09-27T21:34:17.5666986Z [36mâ¬[0m retrieved [01mtopkg[0m.1.1.0  (https://erratique.ch/software/topkg/releases/topkg-1.1.0.tbz)
build	Install dependencies	2025-09-27T21:34:20.2465053Z [32mâ[0m installed [01mocamlfind[0m.1.9.8
build	Install dependencies	2025-09-27T21:34:21.8702570Z [32mâ[0m installed [01mocamlbuild[0m.0.16.1
build	Install dependencies	2025-09-27T21:34:23.7728709Z [32mâ[0m installed [01mzarith[0m.1.14
build	Install dependencies	2025-09-27T21:34:27.6324307Z [32mâ[0m installed [01mtopkg[0m.1.1.0
build	Install dependencies	2025-09-27T21:34:28.4855451Z [32mâ[0m installed [01muutf[0m.1.0.4
build	Install dependencies	2025-09-27T21:34:44.3488230Z [32mâ[0m installed [01mdune[0m.3.20.2
build	Install dependencies	2025-09-27T21:34:45.0620935Z [32mâ[0m installed [01mcsexp[0m.1.5.2
build	Install dependencies	2025-09-27T21:34:46.7621821Z [32mâ[0m installed [01mcppo[0m.1.8.0
build	Install dependencies	2025-09-27T21:34:46.7779508Z [32mâ[0m installed [01mocaml-compiler-libs[0m.v0.12.4
build	Install dependencies	2025-09-27T21:34:46.8376227Z [32mâ[0m installed [01mocaml-syntax-shims[0m.1.0.0
build	Install dependencies	2025-09-27T21:34:47.0750217Z [32mâ[0m installed [01mppx_derivers[0m.1.2.1
build	Install dependencies	2025-09-27T21:34:47.4739977Z [32mâ[0m installed [01mstdlib-shims[0m.0.3.0
build	Install dependencies	2025-09-27T21:34:47.8641871Z [32mâ[0m installed [01msexplib0[0m.v0.17.0
build	Install dependencies	2025-09-27T21:34:50.1775995Z [32mâ[0m installed [01mdune-configurator[0m.3.20.2
build	Install dependencies	2025-09-27T21:34:50.5767557Z [32mâ[0m installed [01myojson[0m.3.0.0
build	Install dependencies	2025-09-27T21:34:51.1809650Z [32mâ[0m installed [01mbigstringaf[0m.0.10.0
build	Install dependencies	2025-09-27T21:34:52.3339824Z [32mâ[0m installed [01mangstrom[0m.0.16.1
build	Install dependencies	2025-09-27T21:35:16.6550502Z [32mâ[0m installed [01mppxlib[0m.0.36.0
build	Install dependencies	2025-09-27T21:35:23.0188774Z [32mâ[0m installed [01mppx_deriving[0m.6.1.1
build	Install dependencies	2025-09-27T21:35:46.7585560Z [32mâ[0m installed [01mcoq-core[0m.8.18.0
build	Install dependencies	2025-09-27T21:35:50.7446347Z [32mâ[0m installed [01mcoqide-server[0m.8.18.0
build	Install dependencies	2025-09-27T21:38:11.4572265Z [32mâ[0m installed [01mcoq-stdlib[0m.8.18.0
build	Install dependencies	2025-09-27T21:38:11.8779298Z [32mâ[0m installed [01mcoq[0m.8.18.0
build	Install dependencies	2025-09-27T21:38:13.8316585Z Done.
build	Install dependencies	2025-09-27T21:38:13.8323791Z # Run [01meval $(opam env)[0m to update the current shell environment
build	Build	ï»¿2025-09-27T21:38:15.1952126Z ##[group]Run opam exec -- dune build proofs
build	Build	2025-09-27T21:38:15.1952493Z [36;1mopam exec -- dune build proofs[0m
build	Build	2025-09-27T21:38:15.1952772Z [36;1mpushd latex-parse >/dev/null[0m
build	Build	2025-09-27T21:38:15.1953021Z [36;1mopam exec -- dune build @all[0m
build	Build	2025-09-27T21:38:15.1953269Z [36;1mpopd >/dev/null[0m
build	Build	2025-09-27T21:38:15.1953476Z [36;1mpushd core >/dev/null[0m
build	Build	2025-09-27T21:38:15.1953691Z [36;1mopam exec -- dune build @all[0m
build	Build	2025-09-27T21:38:15.1953921Z [36;1mpopd >/dev/null[0m
build	Build	2025-09-27T21:38:15.1981119Z shell: /usr/bin/bash -e {0}
build	Build	2025-09-27T21:38:15.1981340Z env:
build	Build	2025-09-27T21:38:15.1982320Z   PATH: /home/runner/.github-tools:/snap/bin:/home/runner/.local/bin:/opt/pipx_bin:/home/runner/.cargo/bin:/home/runner/.config/composer/vendor/bin:/usr/local/.ghcup/bin:/home/runner/.dotnet/tools:/usr/local/sbin:/usr/local/bin:/usr/sbin:/usr/bin:/sbin:/bin:/usr/games:/usr/local/games:/snap/bin
build	Build	2025-09-27T21:38:15.1983608Z   OPAMCLI: 2.0
build	Build	2025-09-27T21:38:15.1983788Z   OPAMCOLOR: always
build	Build	2025-09-27T21:38:15.1984003Z   OPAMERRLOGLEN: 0
build	Build	2025-09-27T21:38:15.1984186Z   OPAMJOBS: 4
build	Build	2025-09-27T21:38:15.1984360Z   OPAMPRECISETRACKING: 1
build	Build	2025-09-27T21:38:15.1984714Z   OPAMSOLVERTIMEOUT: 1000
build	Build	2025-09-27T21:38:15.1984907Z   OPAMYES: 1
build	Build	2025-09-27T21:38:15.1985072Z   CLICOLOR_FORCE: 1
build	Build	2025-09-27T21:38:15.1985242Z ##[endgroup]
build	Build	2025-09-27T21:38:16.1256724Z Entering directory '/home/runner/work/latex_perf/latex_perf'
build	Build	2025-09-27T21:38:16.5451729Z [2m(cd _build/default/latex-parse/src && /usr/bin/gcc -O2 -fno-strict-aliasing -fwrapv -pthread -fPIC -D_FILE_OFFSET_BITS=64 -Wall -fdiagnostics-color=always -g -I /home/runner/work/latex_perf/latex_perf/_opam/lib/ocaml -I /home/runner/work/latex_perf/latex_perf/_opam/lib/ocaml/threads -I /home/runner/work/latex_perf/latex_perf/_opam/lib/uutf -o simd_tokenizer_fixed.o -c simd_tokenizer_fixed.c)[0m
build	Build	2025-09-27T21:38:16.5461579Z [1msimd_tokenizer_fixed.c:283:15:[0m [1;35mwarning: [0mâ[1mfind_next_special_neon[0mâ defined but not used [[1;35m-Wunused-function[0m]
build	Build	2025-09-27T21:38:16.5462975Z   283 | static size_t [1;35mfind_next_special_neon[0m(const uint8_t *input, size_t start, size_t len) {
build	Build	2025-09-27T21:38:16.5463773Z       |               [1;35m^~~~~~~~~~~~~~~~~~~~~~[0m
build	Build	2025-09-27T21:38:16.5731302Z [2m(cd _build/default/latex-parse/src && /usr/bin/gcc -O2 -fno-strict-aliasing -fwrapv -pthread -fPIC -D_FILE_OFFSET_BITS=64 -Wall -fdiagnostics-color=always -g -I /home/runner/work/latex_perf/latex_perf/_opam/lib/ocaml -I /home/runner/work/latex_perf/latex_perf/_opam/lib/ocaml/threads -I /home/runner/work/latex_perf/latex_perf/_opam/lib/uutf -o xxh64_simd_stubs.o -c xxh64_simd_stubs.c)[0m
build	Build	2025-09-27T21:38:16.5736592Z [1mxxh64_simd_stubs.c:[0m In function â[1mocaml_xxh64_simd[0mâ:
build	Build	2025-09-27T21:38:16.5737642Z [1mxxh64_simd_stubs.c:118:7:[0m [1;35mwarning: [0mvariable â[1mhas_simd[0mâ set but not used [[1;35m-Wunused-but-set-variable[0m]
build	Build	2025-09-27T21:38:16.5738493Z   118 |   int [1;35mhas_simd[0m = 0;
build	Build	2025-09-27T21:38:16.5738878Z       |       [1;35m^~~~~~~~[0m
build	Build	2025-09-27T21:38:16.9426970Z [2m(cd _build/default && /home/runner/work/latex_perf/latex_perf/_opam/bin/ocamlopt.opt -w @1..3@5..28@30..39@43@46..47@49..57@61..62@67@69-40 -strict-sequence -strict-formats -short-paths -keep-locs -g -I latex-parse/bench/.catcode_selftest.eobjs/byte -I latex-parse/bench/.catcode_selftest.eobjs/native -I /home/runner/work/latex_perf/latex_perf/_opam/lib/ocaml/threads -I /home/runner/work/latex_perf/latex_perf/_opam/lib/uutf -I latex-parse/src/.latex_parse_lib.objs/byte -I latex-parse/src/.latex_parse_lib.objs/native -intf-suffix .ml -no-alias-deps -opaque -o latex-parse/bench/.catcode_selftest.eobjs/native/dune__exe__Catcode_selftest.cmx -c -impl latex-parse/bench/catcode_selftest.ml)[0m
build	Build	2025-09-27T21:38:16.9432307Z [1mFile "latex-parse/bench/catcode_selftest.ml", line 9, characters 10-17[0m:
build	Build	2025-09-27T21:38:16.9434038Z 9 |   let c = Catcode in
build	Build	2025-09-27T21:38:16.9434675Z               [1;31m^^^^^^^[0m
build	Build	2025-09-27T21:38:16.9435157Z [1;31mError[0m: Unbound constructor Catcode
build	Build	2025-09-27T21:38:18.6635297Z Leaving directory '/home/runner/work/latex_perf/latex_perf'
build	Build	2025-09-27T21:38:18.6680225Z ##[error]Process completed with exit code 1.
build	Post Install OCaml & opam	ï»¿2025-09-27T21:38:18.6753299Z Post job cleanup.
build	Post Run actions/checkout@v4	ï»¿2025-09-27T21:38:18.6801176Z Post job cleanup.
build	Post Run actions/checkout@v4	2025-09-27T21:38:18.7734338Z [command]/usr/bin/git version
build	Post Run actions/checkout@v4	2025-09-27T21:38:18.7769719Z git version 2.51.0
build	Post Run actions/checkout@v4	2025-09-27T21:38:18.7820027Z Temporarily overriding HOME='/home/runner/work/_temp/8518303e-2ff8-4f90-9ede-b4b1586c5679' before making global git config changes
build	Post Run actions/checkout@v4	2025-09-27T21:38:18.7821329Z Adding repository directory to the temporary git global config as a safe directory
build	Post Run actions/checkout@v4	2025-09-27T21:38:18.7826185Z [command]/usr/bin/git config --global --add safe.directory /home/runner/work/latex_perf/latex_perf
build	Post Run actions/checkout@v4	2025-09-27T21:38:18.7860571Z [command]/usr/bin/git config --local --name-only --get-regexp core\.sshCommand
build	Post Run actions/checkout@v4	2025-09-27T21:38:18.7892341Z [command]/usr/bin/git submodule foreach --recursive sh -c "git config --local --name-only --get-regexp 'core\.sshCommand' && git config --local --unset-all 'core.sshCommand' || :"
build	Post Run actions/checkout@v4	2025-09-27T21:38:18.8115897Z [command]/usr/bin/git config --local --name-only --get-regexp http\.https\:\/\/github\.com\/\.extraheader
build	Post Run actions/checkout@v4	2025-09-27T21:38:18.8136376Z http.https://github.com/.extraheader
build	Post Run actions/checkout@v4	2025-09-27T21:38:18.8148556Z [command]/usr/bin/git config --local --unset-all http.https://github.com/.extraheader
build	Post Run actions/checkout@v4	2025-09-27T21:38:18.8177674Z [command]/usr/bin/git submodule foreach --recursive sh -c "git config --local --name-only --get-regexp 'http\.https\:\/\/github\.com\/\.extraheader' && git config --local --unset-all 'http.https://github.com/.extraheader' || :"
build	Complete job	ï»¿2025-09-27T21:38:18.8529421Z Cleaning up orphan processes
format	Set up job	ï»¿2025-09-27T21:30:39.2372636Z Current runner version: '2.328.0'
format	Set up job	2025-09-27T21:30:39.2395620Z ##[group]Runner Image Provisioner
format	Set up job	2025-09-27T21:30:39.2396586Z Hosted Compute Agent
format	Set up job	2025-09-27T21:30:39.2397140Z Version: 20250912.392
format	Set up job	2025-09-27T21:30:39.2397757Z Commit: d921fda672a98b64f4f82364647e2f10b2267d0b
format	Set up job	2025-09-27T21:30:39.2398392Z Build Date: 2025-09-12T15:23:14Z
format	Set up job	2025-09-27T21:30:39.2399063Z ##[endgroup]
format	Set up job	2025-09-27T21:30:39.2399583Z ##[group]Operating System
format	Set up job	2025-09-27T21:30:39.2400127Z Ubuntu
format	Set up job	2025-09-27T21:30:39.2400649Z 22.04.5
format	Set up job	2025-09-27T21:30:39.2401143Z LTS
format	Set up job	2025-09-27T21:30:39.2401567Z ##[endgroup]
format	Set up job	2025-09-27T21:30:39.2402099Z ##[group]Runner Image
format	Set up job	2025-09-27T21:30:39.2402651Z Image: ubuntu-22.04
format	Set up job	2025-09-27T21:30:39.2403114Z Version: 20250922.79.1
format	Set up job	2025-09-27T21:30:39.2404169Z Included Software: https://github.com/actions/runner-images/blob/ubuntu22/20250922.79/images/ubuntu/Ubuntu2204-Readme.md
format	Set up job	2025-09-27T21:30:39.2405699Z Image Release: https://github.com/actions/runner-images/releases/tag/ubuntu22%2F20250922.79
format	Set up job	2025-09-27T21:30:39.2406910Z ##[endgroup]
format	Set up job	2025-09-27T21:30:39.2409257Z ##[group]GITHUB_TOKEN Permissions
format	Set up job	2025-09-27T21:30:39.2411445Z Actions: write
format	Set up job	2025-09-27T21:30:39.2412043Z Attestations: write
format	Set up job	2025-09-27T21:30:39.2412585Z Checks: write
format	Set up job	2025-09-27T21:30:39.2413083Z Contents: write
format	Set up job	2025-09-27T21:30:39.2413611Z Deployments: write
format	Set up job	2025-09-27T21:30:39.2414152Z Discussions: write
format	Set up job	2025-09-27T21:30:39.2414698Z Issues: write
format	Set up job	2025-09-27T21:30:39.2415165Z Metadata: read
format	Set up job	2025-09-27T21:30:39.2415829Z Models: read
format	Set up job	2025-09-27T21:30:39.2416275Z Packages: write
format	Set up job	2025-09-27T21:30:39.2416848Z Pages: write
format	Set up job	2025-09-27T21:30:39.2417324Z PullRequests: write
format	Set up job	2025-09-27T21:30:39.2417840Z RepositoryProjects: write
format	Set up job	2025-09-27T21:30:39.2418453Z SecurityEvents: write
format	Set up job	2025-09-27T21:30:39.2419060Z Statuses: write
format	Set up job	2025-09-27T21:30:39.2419550Z ##[endgroup]
format	Set up job	2025-09-27T21:30:39.2421762Z Secret source: Actions
format	Set up job	2025-09-27T21:30:39.2422493Z Prepare workflow directory
format	Set up job	2025-09-27T21:30:39.2732495Z Prepare all required actions
format	Set up job	2025-09-27T21:30:39.2768535Z Getting action download info
format	Set up job	2025-09-27T21:30:39.7067804Z Download action repository 'actions/checkout@v4' (SHA:08eba0b27e820071cde6df949e0beb9ba4906955)
format	Set up job	2025-09-27T21:30:40.6594577Z Download action repository 'actions/upload-artifact@v4' (SHA:ea165f8d65b6e75b540449e92b4886f43607fa02)
format	Set up job	2025-09-27T21:30:40.9303163Z Complete job name: format
format	Run actions/checkout@v4	ï»¿2025-09-27T21:30:41.0003721Z ##[group]Run actions/checkout@v4
format	Run actions/checkout@v4	2025-09-27T21:30:41.0004751Z with:
format	Run actions/checkout@v4	2025-09-27T21:30:41.0005406Z   repository: ClanClanClanClan/latex_perf
format	Run actions/checkout@v4	2025-09-27T21:30:41.0006159Z   token: ***
format	Run actions/checkout@v4	2025-09-27T21:30:41.0006581Z   ssh-strict: true
format	Run actions/checkout@v4	2025-09-27T21:30:41.0007005Z   ssh-user: git
format	Run actions/checkout@v4	2025-09-27T21:30:41.0007435Z   persist-credentials: true
format	Run actions/checkout@v4	2025-09-27T21:30:41.0007903Z   clean: true
format	Run actions/checkout@v4	2025-09-27T21:30:41.0008346Z   sparse-checkout-cone-mode: true
format	Run actions/checkout@v4	2025-09-27T21:30:41.0008850Z   fetch-depth: 1
format	Run actions/checkout@v4	2025-09-27T21:30:41.0009266Z   fetch-tags: false
format	Run actions/checkout@v4	2025-09-27T21:30:41.0009690Z   show-progress: true
format	Run actions/checkout@v4	2025-09-27T21:30:41.0010138Z   lfs: false
format	Run actions/checkout@v4	2025-09-27T21:30:41.0010532Z   submodules: false
format	Run actions/checkout@v4	2025-09-27T21:30:41.0010993Z   set-safe-directory: true
format	Run actions/checkout@v4	2025-09-27T21:30:41.0011745Z ##[endgroup]
format	Run actions/checkout@v4	2025-09-27T21:30:41.1082453Z Syncing repository: ClanClanClanClan/latex_perf
format	Run actions/checkout@v4	2025-09-27T21:30:41.1084347Z ##[group]Getting Git version info
format	Run actions/checkout@v4	2025-09-27T21:30:41.1085119Z Working directory is '/home/runner/work/latex_perf/latex_perf'
format	Run actions/checkout@v4	2025-09-27T21:30:41.1086395Z [command]/usr/bin/git version
format	Run actions/checkout@v4	2025-09-27T21:30:41.2788747Z git version 2.51.0
format	Run actions/checkout@v4	2025-09-27T21:30:41.2816558Z ##[endgroup]
format	Run actions/checkout@v4	2025-09-27T21:30:41.2831098Z Temporarily overriding HOME='/home/runner/work/_temp/d57d3105-a078-44ac-a7d8-19aa06fe82d5' before making global git config changes
format	Run actions/checkout@v4	2025-09-27T21:30:41.2833419Z Adding repository directory to the temporary git global config as a safe directory
format	Run actions/checkout@v4	2025-09-27T21:30:41.2835968Z [command]/usr/bin/git config --global --add safe.directory /home/runner/work/latex_perf/latex_perf
format	Run actions/checkout@v4	2025-09-27T21:30:41.2868167Z Deleting the contents of '/home/runner/work/latex_perf/latex_perf'
format	Run actions/checkout@v4	2025-09-27T21:30:41.2871121Z ##[group]Initializing the repository
format	Run actions/checkout@v4	2025-09-27T21:30:41.2874863Z [command]/usr/bin/git init /home/runner/work/latex_perf/latex_perf
format	Run actions/checkout@v4	2025-09-27T21:30:41.4042723Z hint: Using 'master' as the name for the initial branch. This default branch name
format	Run actions/checkout@v4	2025-09-27T21:30:41.4044356Z hint: is subject to change. To configure the initial branch name to use in all
format	Run actions/checkout@v4	2025-09-27T21:30:41.4045898Z hint: of your new repositories, which will suppress this warning, call:
format	Run actions/checkout@v4	2025-09-27T21:30:41.4046861Z hint:
format	Run actions/checkout@v4	2025-09-27T21:30:41.4047514Z hint: 	git config --global init.defaultBranch <name>
format	Run actions/checkout@v4	2025-09-27T21:30:41.4048323Z hint:
format	Run actions/checkout@v4	2025-09-27T21:30:41.4049088Z hint: Names commonly chosen instead of 'master' are 'main', 'trunk' and
format	Run actions/checkout@v4	2025-09-27T21:30:41.4050372Z hint: 'development'. The just-created branch can be renamed via this command:
format	Run actions/checkout@v4	2025-09-27T21:30:41.4051382Z hint:
format	Run actions/checkout@v4	2025-09-27T21:30:41.4051891Z hint: 	git branch -m <name>
format	Run actions/checkout@v4	2025-09-27T21:30:41.4052506Z hint:
format	Run actions/checkout@v4	2025-09-27T21:30:41.4053314Z hint: Disable this message with "git config set advice.defaultBranchName false"
format	Run actions/checkout@v4	2025-09-27T21:30:41.4124455Z Initialized empty Git repository in /home/runner/work/latex_perf/latex_perf/.git/
format	Run actions/checkout@v4	2025-09-27T21:30:41.4140288Z [command]/usr/bin/git remote add origin https://github.com/ClanClanClanClan/latex_perf
format	Run actions/checkout@v4	2025-09-27T21:30:41.4248293Z ##[endgroup]
format	Run actions/checkout@v4	2025-09-27T21:30:41.4250160Z ##[group]Disabling automatic garbage collection
format	Run actions/checkout@v4	2025-09-27T21:30:41.4253464Z [command]/usr/bin/git config --local gc.auto 0
format	Run actions/checkout@v4	2025-09-27T21:30:41.4284219Z ##[endgroup]
format	Run actions/checkout@v4	2025-09-27T21:30:41.4285781Z ##[group]Setting up auth
format	Run actions/checkout@v4	2025-09-27T21:30:41.4292203Z [command]/usr/bin/git config --local --name-only --get-regexp core\.sshCommand
format	Run actions/checkout@v4	2025-09-27T21:30:41.4323459Z [command]/usr/bin/git submodule foreach --recursive sh -c "git config --local --name-only --get-regexp 'core\.sshCommand' && git config --local --unset-all 'core.sshCommand' || :"
format	Run actions/checkout@v4	2025-09-27T21:30:41.7018648Z [command]/usr/bin/git config --local --name-only --get-regexp http\.https\:\/\/github\.com\/\.extraheader
format	Run actions/checkout@v4	2025-09-27T21:30:41.7051119Z [command]/usr/bin/git submodule foreach --recursive sh -c "git config --local --name-only --get-regexp 'http\.https\:\/\/github\.com\/\.extraheader' && git config --local --unset-all 'http.https://github.com/.extraheader' || :"
format	Run actions/checkout@v4	2025-09-27T21:30:41.7270876Z [command]/usr/bin/git config --local http.https://github.com/.extraheader AUTHORIZATION: basic ***
format	Run actions/checkout@v4	2025-09-27T21:30:41.7305759Z ##[endgroup]
format	Run actions/checkout@v4	2025-09-27T21:30:41.7307228Z ##[group]Fetching the repository
format	Run actions/checkout@v4	2025-09-27T21:30:41.7316164Z [command]/usr/bin/git -c protocol.version=2 fetch --no-tags --prune --no-recurse-submodules --depth=1 origin +6acf14e01b575831a3f54eac2db1be0f7c3d9421:refs/remotes/pull/4/merge
format	Run actions/checkout@v4	2025-09-27T21:30:42.3769613Z From https://github.com/ClanClanClanClan/latex_perf
format	Run actions/checkout@v4	2025-09-27T21:30:42.3772184Z  * [new ref]         6acf14e01b575831a3f54eac2db1be0f7c3d9421 -> pull/4/merge
format	Run actions/checkout@v4	2025-09-27T21:30:42.3851529Z ##[endgroup]
format	Run actions/checkout@v4	2025-09-27T21:30:42.3852569Z ##[group]Determining the checkout info
format	Run actions/checkout@v4	2025-09-27T21:30:42.3853911Z ##[endgroup]
format	Run actions/checkout@v4	2025-09-27T21:30:42.3859866Z [command]/usr/bin/git sparse-checkout disable
format	Run actions/checkout@v4	2025-09-27T21:30:42.3957209Z [command]/usr/bin/git config --local --unset-all extensions.worktreeConfig
format	Run actions/checkout@v4	2025-09-27T21:30:42.3986013Z ##[group]Checking out the ref
format	Run actions/checkout@v4	2025-09-27T21:30:42.3989600Z [command]/usr/bin/git checkout --progress --force refs/remotes/pull/4/merge
format	Run actions/checkout@v4	2025-09-27T21:30:42.4401528Z Note: switching to 'refs/remotes/pull/4/merge'.
format	Run actions/checkout@v4	2025-09-27T21:30:42.4403213Z 
format	Run actions/checkout@v4	2025-09-27T21:30:42.4404352Z You are in 'detached HEAD' state. You can look around, make experimental
format	Run actions/checkout@v4	2025-09-27T21:30:42.4407569Z changes and commit them, and you can discard any commits you make in this
format	Run actions/checkout@v4	2025-09-27T21:30:42.4410793Z state without impacting any branches by switching back to a branch.
format	Run actions/checkout@v4	2025-09-27T21:30:42.4413055Z 
format	Run actions/checkout@v4	2025-09-27T21:30:42.4414161Z If you want to create a new branch to retain commits you create, you may
format	Run actions/checkout@v4	2025-09-27T21:30:42.4416754Z do so (now or later) by using -c with the switch command. Example:
format	Run actions/checkout@v4	2025-09-27T21:30:42.4418067Z 
format	Run actions/checkout@v4	2025-09-27T21:30:42.4418619Z   git switch -c <new-branch-name>
format	Run actions/checkout@v4	2025-09-27T21:30:42.4420020Z 
format	Run actions/checkout@v4	2025-09-27T21:30:42.4420534Z Or undo this operation with:
format	Run actions/checkout@v4	2025-09-27T21:30:42.4421406Z 
format	Run actions/checkout@v4	2025-09-27T21:30:42.4421781Z   git switch -
format	Run actions/checkout@v4	2025-09-27T21:30:42.4422238Z 
format	Run actions/checkout@v4	2025-09-27T21:30:42.4422936Z Turn off this advice by setting config variable advice.detachedHead to false
format	Run actions/checkout@v4	2025-09-27T21:30:42.4424021Z 
format	Run actions/checkout@v4	2025-09-27T21:30:42.4425540Z HEAD is now at 6acf14e Merge 07895437ab0cede570fde751cb6861b9d97861e6 into 92bdfe28e9a19447735918ce6f6c8395415acf11
format	Run actions/checkout@v4	2025-09-27T21:30:42.4430511Z ##[endgroup]
format	Run actions/checkout@v4	2025-09-27T21:30:42.4447777Z [command]/usr/bin/git log -1 --format=%H
format	Run actions/checkout@v4	2025-09-27T21:30:42.4469316Z 6acf14e01b575831a3f54eac2db1be0f7c3d9421
format	Install OCaml & opam	ï»¿2025-09-27T21:30:42.4876439Z Prepare all required actions
format	Install OCaml & opam	2025-09-27T21:30:42.4877769Z Getting action download info
format	Install OCaml & opam	2025-09-27T21:30:42.6705079Z Download action repository 'ocaml/setup-ocaml@v2' (SHA:8cc6339f55862749298d198ef84788b8d6acdacc)
format	Install OCaml & opam	2025-09-27T21:30:43.3433422Z ##[group]Run ./.github/actions/setup-ocaml
format	Install OCaml & opam	2025-09-27T21:30:43.3434476Z with:
format	Install OCaml & opam	2025-09-27T21:30:43.3435189Z   ocaml-compiler: 4.14.1
format	Install OCaml & opam	2025-09-27T21:30:43.3436176Z   opam-depext: false
format	Install OCaml & opam	2025-09-27T21:30:43.3437015Z   allow-prerelease-opam: false
format	Install OCaml & opam	2025-09-27T21:30:43.3437902Z   opam-pin: true
format	Install OCaml & opam	2025-09-27T21:30:43.3438691Z   opam-local-packages: *.opam
format	Install OCaml & opam	2025-09-27T21:30:43.3439643Z   opam-disable-sandboxing: false
format	Install OCaml & opam	2025-09-27T21:30:43.3440582Z   dune-cache: false
format	Install OCaml & opam	2025-09-27T21:30:43.3441338Z   cache-prefix: v1
format	Install OCaml & opam	2025-09-27T21:30:43.3442082Z ##[endgroup]
format	Install OCaml & opam	2025-09-27T21:30:43.3641363Z ##[group]Run sudo apt-get update
format	Install OCaml & opam	2025-09-27T21:30:43.3642440Z [36;1msudo apt-get update[0m
format	Install OCaml & opam	2025-09-27T21:30:43.3643402Z [36;1msudo apt-get install -y \[0m
format	Install OCaml & opam	2025-09-27T21:30:43.3644384Z [36;1m  bubblewrap \[0m
format	Install OCaml & opam	2025-09-27T21:30:43.3645479Z [36;1m  g++-multilib \[0m
format	Install OCaml & opam	2025-09-27T21:30:43.3646428Z [36;1m  gcc-multilib \[0m
format	Install OCaml & opam	2025-09-27T21:30:43.3647278Z [36;1m  mercurial \[0m
format	Install OCaml & opam	2025-09-27T21:30:43.3648092Z [36;1m  musl-tools \[0m
format	Install OCaml & opam	2025-09-27T21:30:43.3648897Z [36;1m  rsync[0m
format	Install OCaml & opam	2025-09-27T21:30:43.3681685Z shell: /usr/bin/bash --noprofile --norc -e -o pipefail {0}
format	Install OCaml & opam	2025-09-27T21:30:43.3682922Z ##[endgroup]
format	Install OCaml & opam	2025-09-27T21:30:43.6796749Z Get:1 file:/etc/apt/apt-mirrors.txt Mirrorlist [144 B]
format	Install OCaml & opam	2025-09-27T21:30:43.8067690Z Hit:6 https://packages.microsoft.com/repos/azure-cli jammy InRelease
format	Install OCaml & opam	2025-09-27T21:30:43.8071295Z Hit:2 http://azure.archive.ubuntu.com/ubuntu jammy InRelease
format	Install OCaml & opam	2025-09-27T21:30:43.8075931Z Get:7 https://packages.microsoft.com/ubuntu/22.04/prod jammy InRelease [3632 B]
format	Install OCaml & opam	2025-09-27T21:30:43.8085960Z Get:3 http://azure.archive.ubuntu.com/ubuntu jammy-updates InRelease [128 kB]
format	Install OCaml & opam	2025-09-27T21:30:43.8112906Z Get:4 http://azure.archive.ubuntu.com/ubuntu jammy-backports InRelease [127 kB]
format	Install OCaml & opam	2025-09-27T21:30:43.8130453Z Get:5 http://azure.archive.ubuntu.com/ubuntu jammy-security InRelease [129 kB]
format	Install OCaml & opam	2025-09-27T21:30:44.1254825Z Get:8 https://packages.microsoft.com/ubuntu/22.04/prod jammy/main amd64 Packages [255 kB]
format	Install OCaml & opam	2025-09-27T21:30:44.1503894Z Get:9 https://packages.microsoft.com/ubuntu/22.04/prod jammy/main arm64 Packages [84.9 kB]
format	Install OCaml & opam	2025-09-27T21:30:44.2041701Z Get:10 http://azure.archive.ubuntu.com/ubuntu jammy-updates/main amd64 Packages [2940 kB]
format	Install OCaml & opam	2025-09-27T21:30:44.2186950Z Get:11 http://azure.archive.ubuntu.com/ubuntu jammy-updates/main Translation-en [459 kB]
format	Install OCaml & opam	2025-09-27T21:30:44.2218355Z Get:12 http://azure.archive.ubuntu.com/ubuntu jammy-updates/main amd64 c-n-f Metadata [19.0 kB]
format	Install OCaml & opam	2025-09-27T21:30:44.2232837Z Get:13 http://azure.archive.ubuntu.com/ubuntu jammy-updates/restricted amd64 Packages [4562 kB]
format	Install OCaml & opam	2025-09-27T21:30:44.2463489Z Get:14 http://azure.archive.ubuntu.com/ubuntu jammy-updates/restricted Translation-en [841 kB]
format	Install OCaml & opam	2025-09-27T21:30:44.2513081Z Get:15 http://azure.archive.ubuntu.com/ubuntu jammy-updates/universe amd64 Packages [1228 kB]
format	Install OCaml & opam	2025-09-27T21:30:44.2573263Z Get:16 http://azure.archive.ubuntu.com/ubuntu jammy-updates/universe Translation-en [305 kB]
format	Install OCaml & opam	2025-09-27T21:30:44.2600042Z Get:17 http://azure.archive.ubuntu.com/ubuntu jammy-updates/universe amd64 c-n-f Metadata [29.5 kB]
format	Install OCaml & opam	2025-09-27T21:30:44.2938195Z Get:18 http://azure.archive.ubuntu.com/ubuntu jammy-backports/universe amd64 Packages [30.0 kB]
format	Install OCaml & opam	2025-09-27T21:30:44.2952147Z Get:19 http://azure.archive.ubuntu.com/ubuntu jammy-backports/universe amd64 c-n-f Metadata [672 B]
format	Install OCaml & opam	2025-09-27T21:30:44.4218841Z Get:20 http://azure.archive.ubuntu.com/ubuntu jammy-security/main amd64 Packages [2688 kB]
format	Install OCaml & opam	2025-09-27T21:30:44.4339883Z Get:21 http://azure.archive.ubuntu.com/ubuntu jammy-security/main Translation-en [394 kB]
format	Install OCaml & opam	2025-09-27T21:30:44.4368602Z Get:22 http://azure.archive.ubuntu.com/ubuntu jammy-security/main amd64 c-n-f Metadata [13.9 kB]
format	Install OCaml & opam	2025-09-27T21:30:44.4381874Z Get:23 http://azure.archive.ubuntu.com/ubuntu jammy-security/restricted amd64 Packages [4413 kB]
format	Install OCaml & opam	2025-09-27T21:30:44.4570651Z Get:24 http://azure.archive.ubuntu.com/ubuntu jammy-security/restricted Translation-en [818 kB]
format	Install OCaml & opam	2025-09-27T21:30:44.4616438Z Get:25 http://azure.archive.ubuntu.com/ubuntu jammy-security/universe amd64 Packages [997 kB]
format	Install OCaml & opam	2025-09-27T21:30:44.4680879Z Get:26 http://azure.archive.ubuntu.com/ubuntu jammy-security/universe Translation-en [218 kB]
format	Install OCaml & opam	2025-09-27T21:30:44.4701890Z Get:27 http://azure.archive.ubuntu.com/ubuntu jammy-security/universe amd64 c-n-f Metadata [22.1 kB]
format	Install OCaml & opam	2025-09-27T21:30:56.5227474Z Fetched 20.7 MB in 3s (7810 kB/s)
format	Install OCaml & opam	2025-09-27T21:30:57.3613898Z Reading package lists...
format	Install OCaml & opam	2025-09-27T21:30:57.4210692Z Reading package lists...
format	Install OCaml & opam	2025-09-27T21:30:57.6046292Z Building dependency tree...
format	Install OCaml & opam	2025-09-27T21:30:57.6058845Z Reading state information...
format	Install OCaml & opam	2025-09-27T21:30:57.7563394Z mercurial is already the newest version (6.1.1-1ubuntu1).
format	Install OCaml & opam	2025-09-27T21:30:57.7564502Z rsync is already the newest version (3.2.7-0ubuntu0.22.04.4).
format	Install OCaml & opam	2025-09-27T21:30:57.7566023Z The following additional packages will be installed:
format	Install OCaml & opam	2025-09-27T21:30:57.7567240Z   g++-11-multilib gcc-11-multilib lib32asan6 lib32atomic1 lib32gcc-11-dev
format	Install OCaml & opam	2025-09-27T21:30:57.7568697Z   lib32gomp1 lib32itm1 lib32quadmath0 lib32stdc++-11-dev lib32ubsan1
format	Install OCaml & opam	2025-09-27T21:30:57.7570257Z   libc6-dev-i386 libc6-dev-x32 libc6-x32 libx32asan6 libx32atomic1
format	Install OCaml & opam	2025-09-27T21:30:57.7571533Z   libx32gcc-11-dev libx32gcc-s1 libx32gomp1 libx32itm1 libx32quadmath0
format	Install OCaml & opam	2025-09-27T21:30:57.7572752Z   libx32stdc++-11-dev libx32stdc++6 libx32ubsan1 musl musl-dev
format	Install OCaml & opam	2025-09-27T21:30:57.7574377Z Suggested packages:
format	Install OCaml & opam	2025-09-27T21:30:57.7574798Z   lib32stdc++6-11-dbg libx32stdc++6-11-dbg
format	Install OCaml & opam	2025-09-27T21:30:57.7575474Z Recommended packages:
format	Install OCaml & opam	2025-09-27T21:30:57.7575938Z   linux-musl-dev
format	Install OCaml & opam	2025-09-27T21:30:57.8259670Z The following NEW packages will be installed:
format	Install OCaml & opam	2025-09-27T21:30:57.8260835Z   bubblewrap g++-11-multilib g++-multilib gcc-11-multilib gcc-multilib
format	Install OCaml & opam	2025-09-27T21:30:57.8266752Z   lib32asan6 lib32atomic1 lib32gcc-11-dev lib32gomp1 lib32itm1 lib32quadmath0
format	Install OCaml & opam	2025-09-27T21:30:57.8268004Z   lib32stdc++-11-dev lib32ubsan1 libc6-dev-i386 libc6-dev-x32 libc6-x32
format	Install OCaml & opam	2025-09-27T21:30:57.8269161Z   libx32asan6 libx32atomic1 libx32gcc-11-dev libx32gcc-s1 libx32gomp1
format	Install OCaml & opam	2025-09-27T21:30:57.8270347Z   libx32itm1 libx32quadmath0 libx32stdc++-11-dev libx32stdc++6 libx32ubsan1
format	Install OCaml & opam	2025-09-27T21:30:57.8271315Z   musl musl-dev musl-tools
format	Install OCaml & opam	2025-09-27T21:30:57.8433624Z 0 upgraded, 29 newly installed, 0 to remove and 32 not upgraded.
format	Install OCaml & opam	2025-09-27T21:30:57.8434226Z Need to get 21.1 MB of archives.
format	Install OCaml & opam	2025-09-27T21:30:57.8434705Z After this operation, 93.4 MB of additional disk space will be used.
format	Install OCaml & opam	2025-09-27T21:30:57.8435414Z Get:1 file:/etc/apt/apt-mirrors.txt Mirrorlist [144 B]
format	Install OCaml & opam	2025-09-27T21:30:57.9408574Z Get:2 http://azure.archive.ubuntu.com/ubuntu jammy-updates/main amd64 bubblewrap amd64 0.6.1-1ubuntu0.1 [46.3 kB]
format	Install OCaml & opam	2025-09-27T21:30:58.0231350Z Get:3 http://azure.archive.ubuntu.com/ubuntu jammy-updates/main amd64 libc6-dev-i386 amd64 2.35-0ubuntu3.11 [1445 kB]
format	Install OCaml & opam	2025-09-27T21:30:58.2713950Z Get:4 http://azure.archive.ubuntu.com/ubuntu jammy-updates/main amd64 libc6-x32 amd64 2.35-0ubuntu3.11 [2978 kB]
format	Install OCaml & opam	2025-09-27T21:30:58.6054269Z Get:5 http://azure.archive.ubuntu.com/ubuntu jammy-updates/main amd64 libc6-dev-x32 amd64 2.35-0ubuntu3.11 [1632 kB]
format	Install OCaml & opam	2025-09-27T21:30:58.8486140Z Get:6 http://azure.archive.ubuntu.com/ubuntu jammy-updates/main amd64 libx32gcc-s1 amd64 12.3.0-1ubuntu1~22.04.2 [54.0 kB]
format	Install OCaml & opam	2025-09-27T21:30:58.9293901Z Get:7 http://azure.archive.ubuntu.com/ubuntu jammy-updates/main amd64 lib32gomp1 amd64 12.3.0-1ubuntu1~22.04.2 [133 kB]
format	Install OCaml & opam	2025-09-27T21:30:59.0114602Z Get:8 http://azure.archive.ubuntu.com/ubuntu jammy-updates/main amd64 libx32gomp1 amd64 12.3.0-1ubuntu1~22.04.2 [127 kB]
format	Install OCaml & opam	2025-09-27T21:30:59.0931910Z Get:9 http://azure.archive.ubuntu.com/ubuntu jammy-updates/main amd64 lib32itm1 amd64 12.3.0-1ubuntu1~22.04.2 [32.0 kB]
format	Install OCaml & opam	2025-09-27T21:30:59.1736575Z Get:10 http://azure.archive.ubuntu.com/ubuntu jammy-updates/main amd64 libx32itm1 amd64 12.3.0-1ubuntu1~22.04.2 [30.2 kB]
format	Install OCaml & opam	2025-09-27T21:30:59.2538542Z Get:11 http://azure.archive.ubuntu.com/ubuntu jammy-updates/main amd64 lib32atomic1 amd64 12.3.0-1ubuntu1~22.04.2 [8512 B]
format	Install OCaml & opam	2025-09-27T21:30:59.3330218Z Get:12 http://azure.archive.ubuntu.com/ubuntu jammy-updates/main amd64 libx32atomic1 amd64 12.3.0-1ubuntu1~22.04.2 [10.2 kB]
format	Install OCaml & opam	2025-09-27T21:30:59.4122792Z Get:13 http://azure.archive.ubuntu.com/ubuntu jammy-updates/main amd64 lib32asan6 amd64 11.4.0-1ubuntu1~22.04.2 [2154 kB]
format	Install OCaml & opam	2025-09-27T21:30:59.6642176Z Get:14 http://azure.archive.ubuntu.com/ubuntu jammy-updates/main amd64 libx32asan6 amd64 11.4.0-1ubuntu1~22.04.2 [2128 kB]
format	Install OCaml & opam	2025-09-27T21:30:59.9142895Z Get:15 http://azure.archive.ubuntu.com/ubuntu jammy-updates/main amd64 lib32ubsan1 amd64 12.3.0-1ubuntu1~22.04.2 [959 kB]
format	Install OCaml & opam	2025-09-27T21:31:00.0843802Z Get:16 http://azure.archive.ubuntu.com/ubuntu jammy-updates/main amd64 libx32stdc++6 amd64 12.3.0-1ubuntu1~22.04.2 [682 kB]
format	Install OCaml & opam	2025-09-27T21:31:00.2452302Z Get:17 http://azure.archive.ubuntu.com/ubuntu jammy-updates/main amd64 libx32ubsan1 amd64 12.3.0-1ubuntu1~22.04.2 [963 kB]
format	Install OCaml & opam	2025-09-27T21:31:00.4102552Z Get:18 http://azure.archive.ubuntu.com/ubuntu jammy-updates/main amd64 lib32quadmath0 amd64 12.3.0-1ubuntu1~22.04.2 [244 kB]
format	Install OCaml & opam	2025-09-27T21:31:00.4943115Z Get:19 http://azure.archive.ubuntu.com/ubuntu jammy-updates/main amd64 libx32quadmath0 amd64 12.3.0-1ubuntu1~22.04.2 [156 kB]
format	Install OCaml & opam	2025-09-27T21:31:00.5775420Z Get:20 http://azure.archive.ubuntu.com/ubuntu jammy-updates/main amd64 lib32gcc-11-dev amd64 11.4.0-1ubuntu1~22.04.2 [2339 kB]
format	Install OCaml & opam	2025-09-27T21:31:00.8906881Z Get:21 http://azure.archive.ubuntu.com/ubuntu jammy-updates/main amd64 libx32gcc-11-dev amd64 11.4.0-1ubuntu1~22.04.2 [2106 kB]
format	Install OCaml & opam	2025-09-27T21:31:01.1409679Z Get:22 http://azure.archive.ubuntu.com/ubuntu jammy-updates/main amd64 gcc-11-multilib amd64 11.4.0-1ubuntu1~22.04.2 [880 B]
format	Install OCaml & opam	2025-09-27T21:31:01.2204712Z Get:23 http://azure.archive.ubuntu.com/ubuntu jammy-updates/main amd64 lib32stdc++-11-dev amd64 11.4.0-1ubuntu1~22.04.2 [989 kB]
format	Install OCaml & opam	2025-09-27T21:31:01.3837985Z Get:24 http://azure.archive.ubuntu.com/ubuntu jammy-updates/main amd64 libx32stdc++-11-dev amd64 11.4.0-1ubuntu1~22.04.2 [906 kB]
format	Install OCaml & opam	2025-09-27T21:31:01.5452986Z Get:25 http://azure.archive.ubuntu.com/ubuntu jammy-updates/main amd64 g++-11-multilib amd64 11.4.0-1ubuntu1~22.04.2 [894 B]
format	Install OCaml & opam	2025-09-27T21:31:01.6254385Z Get:26 http://azure.archive.ubuntu.com/ubuntu jammy/main amd64 gcc-multilib amd64 4:11.2.0-1ubuntu1 [1382 B]
format	Install OCaml & opam	2025-09-27T21:31:01.7049763Z Get:27 http://azure.archive.ubuntu.com/ubuntu jammy/main amd64 g++-multilib amd64 4:11.2.0-1ubuntu1 [854 B]
format	Install OCaml & opam	2025-09-27T21:31:01.7847316Z Get:28 http://azure.archive.ubuntu.com/ubuntu jammy/universe amd64 musl amd64 1.2.2-4 [407 kB]
format	Install OCaml & opam	2025-09-27T21:31:01.9416955Z Get:29 http://azure.archive.ubuntu.com/ubuntu jammy/universe amd64 musl-dev amd64 1.2.2-4 [605 kB]
format	Install OCaml & opam	2025-09-27T21:31:02.1008883Z Get:30 http://azure.archive.ubuntu.com/ubuntu jammy/universe amd64 musl-tools amd64 1.2.2-4 [5520 B]
format	Install OCaml & opam	2025-09-27T21:31:02.4711697Z Fetched 21.1 MB in 4s (4954 kB/s)
format	Install OCaml & opam	2025-09-27T21:31:02.5947443Z Selecting previously unselected package bubblewrap.
format	Install OCaml & opam	2025-09-27T21:31:02.7335761Z (Reading database ... 
format	Install OCaml & opam	2025-09-27T21:31:02.7336467Z (Reading database ... 5%
format	Install OCaml & opam	2025-09-27T21:31:02.7337121Z (Reading database ... 10%
format	Install OCaml & opam	2025-09-27T21:31:02.7337657Z (Reading database ... 15%
format	Install OCaml & opam	2025-09-27T21:31:02.7338311Z (Reading database ... 20%
format	Install OCaml & opam	2025-09-27T21:31:02.7339325Z (Reading database ... 25%
format	Install OCaml & opam	2025-09-27T21:31:02.7339763Z (Reading database ... 30%
format	Install OCaml & opam	2025-09-27T21:31:02.7340136Z (Reading database ... 35%
format	Install OCaml & opam	2025-09-27T21:31:02.7340515Z (Reading database ... 40%
format	Install OCaml & opam	2025-09-27T21:31:02.7340889Z (Reading database ... 45%
format	Install OCaml & opam	2025-09-27T21:31:02.7341268Z (Reading database ... 50%
format	Install OCaml & opam	2025-09-27T21:31:03.4300852Z (Reading database ... 55%
format	Install OCaml & opam	2025-09-27T21:31:04.3230946Z (Reading database ... 60%
format	Install OCaml & opam	2025-09-27T21:31:05.1825821Z (Reading database ... 65%
format	Install OCaml & opam	2025-09-27T21:31:06.0076821Z (Reading database ... 70%
format	Install OCaml & opam	2025-09-27T21:31:06.9414137Z (Reading database ... 75%
format	Install OCaml & opam	2025-09-27T21:31:07.8176971Z (Reading database ... 80%
format	Install OCaml & opam	2025-09-27T21:31:08.7812134Z (Reading database ... 85%
format	Install OCaml & opam	2025-09-27T21:31:09.7106559Z (Reading database ... 90%
format	Install OCaml & opam	2025-09-27T21:31:11.0473064Z (Reading database ... 95%
format	Install OCaml & opam	2025-09-27T21:31:11.0473724Z (Reading database ... 100%
format	Install OCaml & opam	2025-09-27T21:31:11.0474463Z (Reading database ... 256283 files and directories currently installed.)
format	Install OCaml & opam	2025-09-27T21:31:11.0537876Z Preparing to unpack .../00-bubblewrap_0.6.1-1ubuntu0.1_amd64.deb ...
format	Install OCaml & opam	2025-09-27T21:31:11.0557587Z Unpacking bubblewrap (0.6.1-1ubuntu0.1) ...
format	Install OCaml & opam	2025-09-27T21:31:11.1356044Z Selecting previously unselected package libc6-dev-i386.
format	Install OCaml & opam	2025-09-27T21:31:11.1514531Z Preparing to unpack .../01-libc6-dev-i386_2.35-0ubuntu3.11_amd64.deb ...
format	Install OCaml & opam	2025-09-27T21:31:11.1526861Z Unpacking libc6-dev-i386 (2.35-0ubuntu3.11) ...
format	Install OCaml & opam	2025-09-27T21:31:11.2683720Z Selecting previously unselected package libc6-x32.
format	Install OCaml & opam	2025-09-27T21:31:11.2843126Z Preparing to unpack .../02-libc6-x32_2.35-0ubuntu3.11_amd64.deb ...
format	Install OCaml & opam	2025-09-27T21:31:11.2864509Z Unpacking libc6-x32 (2.35-0ubuntu3.11) ...
format	Install OCaml & opam	2025-09-27T21:31:11.4072839Z Selecting previously unselected package libc6-dev-x32.
format	Install OCaml & opam	2025-09-27T21:31:11.4235603Z Preparing to unpack .../03-libc6-dev-x32_2.35-0ubuntu3.11_amd64.deb ...
format	Install OCaml & opam	2025-09-27T21:31:11.4244903Z Unpacking libc6-dev-x32 (2.35-0ubuntu3.11) ...
format	Install OCaml & opam	2025-09-27T21:31:11.4762179Z Selecting previously unselected package libx32gcc-s1.
format	Install OCaml & opam	2025-09-27T21:31:11.4919287Z Preparing to unpack .../04-libx32gcc-s1_12.3.0-1ubuntu1~22.04.2_amd64.deb ...
format	Install OCaml & opam	2025-09-27T21:31:11.4931173Z Unpacking libx32gcc-s1 (12.3.0-1ubuntu1~22.04.2) ...
format	Install OCaml & opam	2025-09-27T21:31:11.5167764Z Selecting previously unselected package lib32gomp1.
format	Install OCaml & opam	2025-09-27T21:31:11.5323758Z Preparing to unpack .../05-lib32gomp1_12.3.0-1ubuntu1~22.04.2_amd64.deb ...
format	Install OCaml & opam	2025-09-27T21:31:11.5336668Z Unpacking lib32gomp1 (12.3.0-1ubuntu1~22.04.2) ...
format	Install OCaml & opam	2025-09-27T21:31:11.5662432Z Selecting previously unselected package libx32gomp1.
format	Install OCaml & opam	2025-09-27T21:31:11.5839121Z Preparing to unpack .../06-libx32gomp1_12.3.0-1ubuntu1~22.04.2_amd64.deb ...
format	Install OCaml & opam	2025-09-27T21:31:11.5851492Z Unpacking libx32gomp1 (12.3.0-1ubuntu1~22.04.2) ...
format	Install OCaml & opam	2025-09-27T21:31:11.6090129Z Selecting previously unselected package lib32itm1.
format	Install OCaml & opam	2025-09-27T21:31:11.6250244Z Preparing to unpack .../07-lib32itm1_12.3.0-1ubuntu1~22.04.2_amd64.deb ...
format	Install OCaml & opam	2025-09-27T21:31:11.6260976Z Unpacking lib32itm1 (12.3.0-1ubuntu1~22.04.2) ...
format	Install OCaml & opam	2025-09-27T21:31:11.6496819Z Selecting previously unselected package libx32itm1.
format	Install OCaml & opam	2025-09-27T21:31:11.6654169Z Preparing to unpack .../08-libx32itm1_12.3.0-1ubuntu1~22.04.2_amd64.deb ...
format	Install OCaml & opam	2025-09-27T21:31:11.6664790Z Unpacking libx32itm1 (12.3.0-1ubuntu1~22.04.2) ...
format	Install OCaml & opam	2025-09-27T21:31:11.6899227Z Selecting previously unselected package lib32atomic1.
format	Install OCaml & opam	2025-09-27T21:31:11.7055997Z Preparing to unpack .../09-lib32atomic1_12.3.0-1ubuntu1~22.04.2_amd64.deb ...
format	Install OCaml & opam	2025-09-27T21:31:11.7067929Z Unpacking lib32atomic1 (12.3.0-1ubuntu1~22.04.2) ...
format	Install OCaml & opam	2025-09-27T21:31:11.7343837Z Selecting previously unselected package libx32atomic1.
format	Install OCaml & opam	2025-09-27T21:31:11.7502497Z Preparing to unpack .../10-libx32atomic1_12.3.0-1ubuntu1~22.04.2_amd64.deb ...
format	Install OCaml & opam	2025-09-27T21:31:11.7514158Z Unpacking libx32atomic1 (12.3.0-1ubuntu1~22.04.2) ...
format	Install OCaml & opam	2025-09-27T21:31:11.7738388Z Selecting previously unselected package lib32asan6.
format	Install OCaml & opam	2025-09-27T21:31:11.7892622Z Preparing to unpack .../11-lib32asan6_11.4.0-1ubuntu1~22.04.2_amd64.deb ...
format	Install OCaml & opam	2025-09-27T21:31:11.7905519Z Unpacking lib32asan6 (11.4.0-1ubuntu1~22.04.2) ...
format	Install OCaml & opam	2025-09-27T21:31:11.8391786Z Selecting previously unselected package libx32asan6.
format	Install OCaml & opam	2025-09-27T21:31:11.8549923Z Preparing to unpack .../12-libx32asan6_11.4.0-1ubuntu1~22.04.2_amd64.deb ...
format	Install OCaml & opam	2025-09-27T21:31:11.8562102Z Unpacking libx32asan6 (11.4.0-1ubuntu1~22.04.2) ...
format	Install OCaml & opam	2025-09-27T21:31:11.9059249Z Selecting previously unselected package lib32ubsan1.
format	Install OCaml & opam	2025-09-27T21:31:11.9218673Z Preparing to unpack .../13-lib32ubsan1_12.3.0-1ubuntu1~22.04.2_amd64.deb ...
format	Install OCaml & opam	2025-09-27T21:31:11.9232324Z Unpacking lib32ubsan1 (12.3.0-1ubuntu1~22.04.2) ...
format	Install OCaml & opam	2025-09-27T21:31:11.9574450Z Selecting previously unselected package libx32stdc++6.
format	Install OCaml & opam	2025-09-27T21:31:11.9732231Z Preparing to unpack .../14-libx32stdc++6_12.3.0-1ubuntu1~22.04.2_amd64.deb ...
format	Install OCaml & opam	2025-09-27T21:31:11.9742418Z Unpacking libx32stdc++6 (12.3.0-1ubuntu1~22.04.2) ...
format	Install OCaml & opam	2025-09-27T21:31:12.0038951Z Selecting previously unselected package libx32ubsan1.
format	Install OCaml & opam	2025-09-27T21:31:12.0195911Z Preparing to unpack .../15-libx32ubsan1_12.3.0-1ubuntu1~22.04.2_amd64.deb ...
format	Install OCaml & opam	2025-09-27T21:31:12.0206732Z Unpacking libx32ubsan1 (12.3.0-1ubuntu1~22.04.2) ...
format	Install OCaml & opam	2025-09-27T21:31:12.0532913Z Selecting previously unselected package lib32quadmath0.
format	Install OCaml & opam	2025-09-27T21:31:12.0692048Z Preparing to unpack .../16-lib32quadmath0_12.3.0-1ubuntu1~22.04.2_amd64.deb ...
format	Install OCaml & opam	2025-09-27T21:31:12.0704443Z Unpacking lib32quadmath0 (12.3.0-1ubuntu1~22.04.2) ...
format	Install OCaml & opam	2025-09-27T21:31:12.0957991Z Selecting previously unselected package libx32quadmath0.
format	Install OCaml & opam	2025-09-27T21:31:12.1122978Z Preparing to unpack .../17-libx32quadmath0_12.3.0-1ubuntu1~22.04.2_amd64.deb ...
format	Install OCaml & opam	2025-09-27T21:31:12.1136544Z Unpacking libx32quadmath0 (12.3.0-1ubuntu1~22.04.2) ...
format	Install OCaml & opam	2025-09-27T21:31:12.1403083Z Selecting previously unselected package lib32gcc-11-dev.
format	Install OCaml & opam	2025-09-27T21:31:12.1573333Z Preparing to unpack .../18-lib32gcc-11-dev_11.4.0-1ubuntu1~22.04.2_amd64.deb ...
format	Install OCaml & opam	2025-09-27T21:31:12.1586280Z Unpacking lib32gcc-11-dev (11.4.0-1ubuntu1~22.04.2) ...
format	Install OCaml & opam	2025-09-27T21:31:12.2269532Z Selecting previously unselected package libx32gcc-11-dev.
format	Install OCaml & opam	2025-09-27T21:31:12.2437286Z Preparing to unpack .../19-libx32gcc-11-dev_11.4.0-1ubuntu1~22.04.2_amd64.deb ...
format	Install OCaml & opam	2025-09-27T21:31:12.2448387Z Unpacking libx32gcc-11-dev (11.4.0-1ubuntu1~22.04.2) ...
format	Install OCaml & opam	2025-09-27T21:31:12.2909076Z Selecting previously unselected package gcc-11-multilib.
format	Install OCaml & opam	2025-09-27T21:31:12.3079229Z Preparing to unpack .../20-gcc-11-multilib_11.4.0-1ubuntu1~22.04.2_amd64.deb ...
format	Install OCaml & opam	2025-09-27T21:31:12.3091098Z Unpacking gcc-11-multilib (11.4.0-1ubuntu1~22.04.2) ...
format	Install OCaml & opam	2025-09-27T21:31:12.3301333Z Selecting previously unselected package lib32stdc++-11-dev.
format	Install OCaml & opam	2025-09-27T21:31:12.3471634Z Preparing to unpack .../21-lib32stdc++-11-dev_11.4.0-1ubuntu1~22.04.2_amd64.deb ...
format	Install OCaml & opam	2025-09-27T21:31:12.3481660Z Unpacking lib32stdc++-11-dev (11.4.0-1ubuntu1~22.04.2) ...
format	Install OCaml & opam	2025-09-27T21:31:12.4233972Z Selecting previously unselected package libx32stdc++-11-dev.
format	Install OCaml & opam	2025-09-27T21:31:12.4403375Z Preparing to unpack .../22-libx32stdc++-11-dev_11.4.0-1ubuntu1~22.04.2_amd64.deb ...
format	Install OCaml & opam	2025-09-27T21:31:12.4413391Z Unpacking libx32stdc++-11-dev (11.4.0-1ubuntu1~22.04.2) ...
format	Install OCaml & opam	2025-09-27T21:31:12.4972963Z Selecting previously unselected package g++-11-multilib.
format	Install OCaml & opam	2025-09-27T21:31:12.5143309Z Preparing to unpack .../23-g++-11-multilib_11.4.0-1ubuntu1~22.04.2_amd64.deb ...
format	Install OCaml & opam	2025-09-27T21:31:12.5157298Z Unpacking g++-11-multilib (11.4.0-1ubuntu1~22.04.2) ...
format	Install OCaml & opam	2025-09-27T21:31:12.5389012Z Selecting previously unselected package gcc-multilib.
format	Install OCaml & opam	2025-09-27T21:31:12.5558187Z Preparing to unpack .../24-gcc-multilib_4%3a11.2.0-1ubuntu1_amd64.deb ...
format	Install OCaml & opam	2025-09-27T21:31:12.5568703Z Unpacking gcc-multilib (4:11.2.0-1ubuntu1) ...
format	Install OCaml & opam	2025-09-27T21:31:12.5773968Z Selecting previously unselected package g++-multilib.
format	Install OCaml & opam	2025-09-27T21:31:12.5942016Z Preparing to unpack .../25-g++-multilib_4%3a11.2.0-1ubuntu1_amd64.deb ...
format	Install OCaml & opam	2025-09-27T21:31:12.5953172Z Unpacking g++-multilib (4:11.2.0-1ubuntu1) ...
format	Install OCaml & opam	2025-09-27T21:31:12.6166965Z Selecting previously unselected package musl:amd64.
format	Install OCaml & opam	2025-09-27T21:31:12.6328622Z Preparing to unpack .../26-musl_1.2.2-4_amd64.deb ...
format	Install OCaml & opam	2025-09-27T21:31:12.6338297Z Unpacking musl:amd64 (1.2.2-4) ...
format	Install OCaml & opam	2025-09-27T21:31:12.6845703Z Selecting previously unselected package musl-dev:amd64.
format	Install OCaml & opam	2025-09-27T21:31:12.7013466Z Preparing to unpack .../27-musl-dev_1.2.2-4_amd64.deb ...
format	Install OCaml & opam	2025-09-27T21:31:12.7025013Z Unpacking musl-dev:amd64 (1.2.2-4) ...
format	Install OCaml & opam	2025-09-27T21:31:12.7601986Z Selecting previously unselected package musl-tools.
format	Install OCaml & opam	2025-09-27T21:31:12.7760105Z Preparing to unpack .../28-musl-tools_1.2.2-4_amd64.deb ...
format	Install OCaml & opam	2025-09-27T21:31:12.7770257Z Unpacking musl-tools (1.2.2-4) ...
format	Install OCaml & opam	2025-09-27T21:31:12.8494959Z Setting up bubblewrap (0.6.1-1ubuntu0.1) ...
format	Install OCaml & opam	2025-09-27T21:31:12.8549242Z Setting up libc6-dev-i386 (2.35-0ubuntu3.11) ...
format	Install OCaml & opam	2025-09-27T21:31:12.8578496Z Setting up lib32itm1 (12.3.0-1ubuntu1~22.04.2) ...
format	Install OCaml & opam	2025-09-27T21:31:12.8608563Z Setting up lib32ubsan1 (12.3.0-1ubuntu1~22.04.2) ...
format	Install OCaml & opam	2025-09-27T21:31:12.8636736Z Setting up libc6-x32 (2.35-0ubuntu3.11) ...
format	Install OCaml & opam	2025-09-27T21:31:12.8674652Z Setting up libc6-dev-x32 (2.35-0ubuntu3.11) ...
format	Install OCaml & opam	2025-09-27T21:31:12.8703079Z Setting up lib32gomp1 (12.3.0-1ubuntu1~22.04.2) ...
format	Install OCaml & opam	2025-09-27T21:31:12.8732121Z Setting up libx32gomp1 (12.3.0-1ubuntu1~22.04.2) ...
format	Install OCaml & opam	2025-09-27T21:31:12.8760102Z Setting up lib32asan6 (11.4.0-1ubuntu1~22.04.2) ...
format	Install OCaml & opam	2025-09-27T21:31:12.8791220Z Setting up musl:amd64 (1.2.2-4) ...
format	Install OCaml & opam	2025-09-27T21:31:12.8842717Z Setting up lib32quadmath0 (12.3.0-1ubuntu1~22.04.2) ...
format	Install OCaml & opam	2025-09-27T21:31:12.8879363Z Setting up libx32quadmath0 (12.3.0-1ubuntu1~22.04.2) ...
format	Install OCaml & opam	2025-09-27T21:31:12.8911329Z Setting up lib32atomic1 (12.3.0-1ubuntu1~22.04.2) ...
format	Install OCaml & opam	2025-09-27T21:31:12.8943117Z Setting up libx32atomic1 (12.3.0-1ubuntu1~22.04.2) ...
format	Install OCaml & opam	2025-09-27T21:31:12.8972899Z Setting up libx32gcc-s1 (12.3.0-1ubuntu1~22.04.2) ...
format	Install OCaml & opam	2025-09-27T21:31:12.9005806Z Setting up libx32itm1 (12.3.0-1ubuntu1~22.04.2) ...
format	Install OCaml & opam	2025-09-27T21:31:12.9034383Z Setting up musl-dev:amd64 (1.2.2-4) ...
format	Install OCaml & opam	2025-09-27T21:31:12.9075048Z Setting up libx32asan6 (11.4.0-1ubuntu1~22.04.2) ...
format	Install OCaml & opam	2025-09-27T21:31:12.9105075Z Setting up libx32stdc++6 (12.3.0-1ubuntu1~22.04.2) ...
format	Install OCaml & opam	2025-09-27T21:31:12.9148251Z Setting up libx32ubsan1 (12.3.0-1ubuntu1~22.04.2) ...
format	Install OCaml & opam	2025-09-27T21:31:12.9175756Z Setting up musl-tools (1.2.2-4) ...
format	Install OCaml & opam	2025-09-27T21:31:12.9202836Z Setting up libx32gcc-11-dev (11.4.0-1ubuntu1~22.04.2) ...
format	Install OCaml & opam	2025-09-27T21:31:12.9232835Z Setting up libx32stdc++-11-dev (11.4.0-1ubuntu1~22.04.2) ...
format	Install OCaml & opam	2025-09-27T21:31:12.9263447Z Setting up lib32gcc-11-dev (11.4.0-1ubuntu1~22.04.2) ...
format	Install OCaml & opam	2025-09-27T21:31:12.9297596Z Setting up lib32stdc++-11-dev (11.4.0-1ubuntu1~22.04.2) ...
format	Install OCaml & opam	2025-09-27T21:31:12.9323986Z Setting up gcc-11-multilib (11.4.0-1ubuntu1~22.04.2) ...
format	Install OCaml & opam	2025-09-27T21:31:12.9358112Z Setting up gcc-multilib (4:11.2.0-1ubuntu1) ...
format	Install OCaml & opam	2025-09-27T21:31:12.9389440Z Setting up g++-11-multilib (11.4.0-1ubuntu1~22.04.2) ...
format	Install OCaml & opam	2025-09-27T21:31:12.9417970Z Setting up g++-multilib (4:11.2.0-1ubuntu1) ...
format	Install OCaml & opam	2025-09-27T21:31:12.9448533Z Processing triggers for libc-bin (2.35-0ubuntu3.10) ...
format	Install OCaml & opam	2025-09-27T21:31:17.2060070Z Processing triggers for man-db (2.10.2-1) ...
format	Install OCaml & opam	2025-09-27T21:31:21.0619357Z NEEDRESTART-VER: 3.5
format	Install OCaml & opam	2025-09-27T21:31:22.3615556Z NEEDRESTART-KCUR: 6.8.0-1031-azure
format	Install OCaml & opam	2025-09-27T21:31:22.3616102Z NEEDRESTART-KEXP: 6.8.0-1031-azure
format	Install OCaml & opam	2025-09-27T21:31:22.3616491Z NEEDRESTART-KSTA: 1
format	Install OCaml & opam	2025-09-27T21:31:22.3616866Z NEEDRESTART-SVC: hosted-compute-agent.service
format	Install OCaml & opam	2025-09-27T21:31:23.7767326Z ##[group]Run mkdir -p "$HOME/.github-tools"
format	Install OCaml & opam	2025-09-27T21:31:23.7767705Z [36;1mmkdir -p "$HOME/.github-tools"[0m
format	Install OCaml & opam	2025-09-27T21:31:23.7767948Z [36;1m{[0m
format	Install OCaml & opam	2025-09-27T21:31:23.7768142Z [36;1m  printf '%s\n' '#!/usr/bin/env bash'[0m
format	Install OCaml & opam	2025-09-27T21:31:23.7768454Z [36;1m  printf '%s\n' 'if [[ "$1" == "apt-get" ]]; then'[0m
format	Install OCaml & opam	2025-09-27T21:31:23.7768733Z [36;1m  printf '%s\n' '  args=()'[0m
format	Install OCaml & opam	2025-09-27T21:31:23.7768992Z [36;1m  printf '%s\n' '  install_seen=false'[0m
format	Install OCaml & opam	2025-09-27T21:31:23.7769257Z [36;1m  printf '%s\n' '  for arg in "$@"; do'[0m
format	Install OCaml & opam	2025-09-27T21:31:23.7769578Z [36;1m  printf '%s\n' '    if [[ "$arg" == "install" ]]; then'[0m
format	Install OCaml & opam	2025-09-27T21:31:23.7769882Z [36;1m  printf '%s\n' '      install_seen=true'[0m
format	Install OCaml & opam	2025-09-27T21:31:23.7770142Z [36;1m  printf '%s\n' '    fi'[0m
format	Install OCaml & opam	2025-09-27T21:31:23.7770450Z [36;1m  printf '%s\n' '    if [[ "$install_seen" == true && "$arg" == "darcs" ]]; then'[0m
format	Install OCaml & opam	2025-09-27T21:31:23.7770965Z [36;1m  printf '%s\n' '      continue'[0m
format	Install OCaml & opam	2025-09-27T21:31:23.7771205Z [36;1m  printf '%s\n' '    fi'[0m
format	Install OCaml & opam	2025-09-27T21:31:23.7771428Z [36;1m  printf '%s\n' '    args+=("$arg")'[0m
format	Install OCaml & opam	2025-09-27T21:31:23.7771672Z [36;1m  printf '%s\n' '  done'[0m
format	Install OCaml & opam	2025-09-27T21:31:23.7771922Z [36;1m  printf '%s\n' '  exec /usr/bin/sudo "${args[@]}"'[0m
format	Install OCaml & opam	2025-09-27T21:31:23.7772196Z [36;1m  printf '%s\n' 'fi'[0m
format	Install OCaml & opam	2025-09-27T21:31:23.7772428Z [36;1m  printf '%s\n' 'exec /usr/bin/sudo "$@"'[0m
format	Install OCaml & opam	2025-09-27T21:31:23.7772687Z [36;1m} > "$HOME/.github-tools/sudo"[0m
format	Install OCaml & opam	2025-09-27T21:31:23.7772944Z [36;1mchmod +x "$HOME/.github-tools/sudo"[0m
format	Install OCaml & opam	2025-09-27T21:31:23.7773413Z [36;1mecho "PATH=$HOME/.github-tools:$PATH" >> "$GITHUB_ENV"[0m
format	Install OCaml & opam	2025-09-27T21:31:23.7800980Z shell: /usr/bin/bash --noprofile --norc -e -o pipefail {0}
format	Install OCaml & opam	2025-09-27T21:31:23.7801306Z ##[endgroup]
format	Install OCaml & opam	2025-09-27T21:31:23.7934584Z ##[group]Run ocaml/setup-ocaml@v2
format	Install OCaml & opam	2025-09-27T21:31:23.7934821Z with:
format	Install OCaml & opam	2025-09-27T21:31:23.7934992Z   ocaml-compiler: 4.14.1
format	Install OCaml & opam	2025-09-27T21:31:23.7935202Z   allow-prerelease-opam: false
format	Install OCaml & opam	2025-09-27T21:31:23.7935649Z   opam-pin: true
format	Install OCaml & opam	2025-09-27T21:31:23.7935827Z   opam-depext: false
format	Install OCaml & opam	2025-09-27T21:31:23.7936016Z   opam-local-packages: *.opam
format	Install OCaml & opam	2025-09-27T21:31:23.7936251Z   opam-disable-sandboxing: false
format	Install OCaml & opam	2025-09-27T21:31:23.7936466Z   dune-cache: false
format	Install OCaml & opam	2025-09-27T21:31:23.7936641Z   cache-prefix: v1
format	Install OCaml & opam	2025-09-27T21:31:23.7937119Z   github-token: ***
format	Install OCaml & opam	2025-09-27T21:31:23.7937304Z env:
format	Install OCaml & opam	2025-09-27T21:31:23.7938254Z   PATH: /home/runner/.github-tools:/snap/bin:/home/runner/.local/bin:/opt/pipx_bin:/home/runner/.cargo/bin:/home/runner/.config/composer/vendor/bin:/usr/local/.ghcup/bin:/home/runner/.dotnet/tools:/usr/local/sbin:/usr/local/bin:/usr/sbin:/usr/bin:/sbin:/bin:/usr/games:/usr/local/games:/snap/bin
format	Install OCaml & opam	2025-09-27T21:31:23.7939270Z ##[endgroup]
format	Install OCaml & opam	2025-09-27T21:31:23.9724003Z ##[group]Retrieve the opam cache
format	Install OCaml & opam	2025-09-27T21:31:25.0512252Z ##[warning]Failed to restore: Cache service responded with 400
format	Install OCaml & opam	2025-09-27T21:31:25.0515060Z Cache not found for input keys: v1-setup-ocaml-opam-2.1.6-sandbox-linux-22.04-x86_64-ocaml_base_compiler_4_14_1-2025-39, v1-setup-ocaml-opam-2.1.6-sandbox-linux-22.04-x86_64-ocaml_base_compiler_4_14_1-2025-39, v1-setup-ocaml-opam-2.1.6-sandbox-linux-22.04-x86_64-ocaml_base_compiler_4_14_1-2025-, v1-setup-ocaml-opam-2.1.6-sandbox-linux-22.04-x86_64-ocaml_base_compiler_4_14_1-
format	Install OCaml & opam	2025-09-27T21:31:25.0517572Z ##[endgroup]
format	Install OCaml & opam	2025-09-27T21:31:25.0518092Z ##[group]Install opam
format	Install OCaml & opam	2025-09-27T21:31:26.0616190Z Acquired 2.1.6 from https://github.com/ocaml/opam/releases/download/2.1.6/opam-2.1.6-x86_64-linux
format	Install OCaml & opam	2025-09-27T21:31:26.0709474Z Successfully cached opam to /opt/hostedtoolcache/opam/2.1.6/x86_64
format	Install OCaml & opam	2025-09-27T21:31:26.0711470Z Added opam to the path
format	Install OCaml & opam	2025-09-27T21:31:26.0712143Z ##[endgroup]
format	Install OCaml & opam	2025-09-27T21:31:26.0712674Z ##[group]Initialise the opam state
format	Install OCaml & opam	2025-09-27T21:31:26.0736627Z [command]/home/runner/.github-tools/sudo apt-get --yes install bubblewrap darcs g++-multilib gcc-multilib mercurial musl-tools rsync
format	Install OCaml & opam	2025-09-27T21:31:26.1262196Z Reading package lists...
format	Install OCaml & opam	2025-09-27T21:31:26.2976574Z Building dependency tree...
format	Install OCaml & opam	2025-09-27T21:31:26.2988086Z Reading state information...
format	Install OCaml & opam	2025-09-27T21:31:26.4521826Z g++-multilib is already the newest version (4:11.2.0-1ubuntu1).
format	Install OCaml & opam	2025-09-27T21:31:26.4522566Z gcc-multilib is already the newest version (4:11.2.0-1ubuntu1).
format	Install OCaml & opam	2025-09-27T21:31:26.4523226Z mercurial is already the newest version (6.1.1-1ubuntu1).
format	Install OCaml & opam	2025-09-27T21:31:26.4523807Z musl-tools is already the newest version (1.2.2-4).
format	Install OCaml & opam	2025-09-27T21:31:26.4524423Z bubblewrap is already the newest version (0.6.1-1ubuntu0.1).
format	Install OCaml & opam	2025-09-27T21:31:26.4525106Z rsync is already the newest version (3.2.7-0ubuntu0.22.04.4).
format	Install OCaml & opam	2025-09-27T21:31:26.4525939Z 0 upgraded, 0 newly installed, 0 to remove and 32 not upgraded.
format	Install OCaml & opam	2025-09-27T21:31:26.4562181Z [command]/opt/hostedtoolcache/opam/2.1.6/x86_64/opam init --auto-setup --bare --enable-shell-hook
format	Install OCaml & opam	2025-09-27T21:31:26.4694730Z No configuration file found, using built-in defaults.
format	Install OCaml & opam	2025-09-27T21:31:26.4698610Z Checking for available remotes: rsync and local, git, mercurial.
format	Install OCaml & opam	2025-09-27T21:31:26.4699846Z   - you won't be able to use darcs repositories unless you install the [01mdarcs[0m command on your system.
format	Install OCaml & opam	2025-09-27T21:31:26.4700488Z 
format	Install OCaml & opam	2025-09-27T21:31:26.4922023Z 
format	Install OCaml & opam	2025-09-27T21:31:26.4923029Z [36m<><>[0m [01mFetching repository information[0m [36m><><><><><><><><><><><><><><><><><><><><><>[0m
format	Install OCaml & opam	2025-09-27T21:31:29.8369769Z [[32mdefault[0m] Initialised
format	Install OCaml & opam	2025-09-27T21:31:41.6181486Z 
format	Install OCaml & opam	2025-09-27T21:31:41.6182196Z User configuration:
format	Install OCaml & opam	2025-09-27T21:31:41.6231687Z   Updating ~/.bash_profile.
format	Install OCaml & opam	2025-09-27T21:31:41.6235980Z [1;34m[NOTE][0m Make sure that ~/.bash_profile is well [04msourced[0m in your ~/.bashrc.
format	Install OCaml & opam	2025-09-27T21:31:41.6236664Z 
format	Install OCaml & opam	2025-09-27T21:31:42.8385444Z ##[endgroup]
format	Install OCaml & opam	2025-09-27T21:31:42.8386186Z ##[group]Remove the opam repositories
format	Install OCaml & opam	2025-09-27T21:31:42.8413549Z [command]/opt/hostedtoolcache/opam/2.1.6/x86_64/opam repository list --all-switches --short
format	Install OCaml & opam	2025-09-27T21:31:42.8952949Z default
format	Install OCaml & opam	2025-09-27T21:31:42.8985371Z [command]/opt/hostedtoolcache/opam/2.1.6/x86_64/opam repository remove default --all-switches
format	Install OCaml & opam	2025-09-27T21:31:42.9588188Z ##[endgroup]
format	Install OCaml & opam	2025-09-27T21:31:42.9589050Z ##[group]Initialise the opam repositories
format	Install OCaml & opam	2025-09-27T21:31:42.9611890Z [command]/opt/hostedtoolcache/opam/2.1.6/x86_64/opam repository add default https://github.com/ocaml/opam-repository.git --all-switches --set-default
format	Install OCaml & opam	2025-09-27T21:32:17.8139421Z [[32mdefault[0m] Initialised
format	Install OCaml & opam	2025-09-27T21:32:29.5902163Z ##[endgroup]
format	Install OCaml & opam	2025-09-27T21:32:29.8602023Z ##[group]Install OCaml
format	Install OCaml & opam	2025-09-27T21:32:29.8619638Z [command]/opt/hostedtoolcache/opam/2.1.6/x86_64/opam switch create . --no-install --packages ocaml-base-compiler.4.14.1
format	Install OCaml & opam	2025-09-27T21:32:30.0698287Z 
format	Install OCaml & opam	2025-09-27T21:32:30.0699864Z [36m<><>[0m [01mInstalling new switch packages[0m [36m<><><><><><><><><><><><><><><><><><><><><><>[0m
format	Install OCaml & opam	2025-09-27T21:32:30.0700732Z Switch invariant: ["ocaml-base-compiler" {= "4.14.1"}]
format	Install OCaml & opam	2025-09-27T21:32:34.2518577Z 
format	Install OCaml & opam	2025-09-27T21:32:34.2519599Z [36m<><>[0m [01mProcessing actions[0m [36m<><><><><><><><><><><><><><><><><><><><><><><><><><><><>[0m
format	Install OCaml & opam	2025-09-27T21:32:36.6419602Z [32mâ[0m installed [01mbase-bigarray[0m.base
format	Install OCaml & opam	2025-09-27T21:32:36.6424061Z [32mâ[0m installed [01mbase-threads[0m.base
format	Install OCaml & opam	2025-09-27T21:32:36.6449017Z [32mâ[0m installed [01mbase-unix[0m.base
format	Install OCaml & opam	2025-09-27T21:32:36.6457348Z [32mâ[0m installed [01mocaml-options-vanilla[0m.1
format	Install OCaml & opam	2025-09-27T21:32:36.7362114Z [36mâ¬[0m retrieved [01mocaml-config[0m.2  (2 extra sources)
format	Install OCaml & opam	2025-09-27T21:32:37.2521463Z [36mâ¬[0m retrieved [01mocaml-base-compiler[0m.4.14.1  (https://github.com/ocaml/ocaml/archive/4.14.1.tar.gz)
format	Install OCaml & opam	2025-09-27T21:35:14.1131178Z [32mâ[0m installed [01mocaml-base-compiler[0m.4.14.1
format	Install OCaml & opam	2025-09-27T21:35:14.1312181Z [32mâ[0m installed [01mocaml-config[0m.2
format	Install OCaml & opam	2025-09-27T21:35:14.2010593Z [32mâ[0m installed [01mocaml[0m.4.14.1
format	Install OCaml & opam	2025-09-27T21:35:14.5937576Z Done.
format	Install OCaml & opam	2025-09-27T21:35:14.5943232Z # Run [01meval $(opam env)[0m to update the current shell environment
format	Install OCaml & opam	2025-09-27T21:35:15.9356268Z ##[endgroup]
format	Install OCaml & opam	2025-09-27T21:35:15.9356981Z ##[group]Save the opam cache
format	Install OCaml & opam	2025-09-27T21:35:15.9376927Z [command]/opt/hostedtoolcache/opam/2.1.6/x86_64/opam clean --all-switches --download-cache --logs --repo-cache --unused-repositories
format	Install OCaml & opam	2025-09-27T21:35:16.1422444Z Cleaning up switch /home/runner/work/latex_perf/latex_perf
format	Install OCaml & opam	2025-09-27T21:35:16.2511345Z Updating /home/runner/.opam/repo/repos-config
format	Install OCaml & opam	2025-09-27T21:35:16.2512127Z Clearing repository cache
format	Install OCaml & opam	2025-09-27T21:35:16.2549970Z Clearing cache of downloaded files
format	Install OCaml & opam	2025-09-27T21:35:16.2579077Z Clearing logs
format	Install OCaml & opam	2025-09-27T21:35:17.0227846Z [command]/usr/bin/tar --posix -cf cache.tzst --exclude cache.tzst -P -C /home/runner/work/latex_perf/latex_perf --files-from manifest.txt --use-compress-program zstdmt
format	Install OCaml & opam	2025-09-27T21:35:18.7883561Z ##[warning]Failed to save: <h2>Our services aren't available right now</h2><p>We're working to restore all services as soon as possible. Please check back soon.</p>0lljYaAAAAAC5UMcrKxirT4Sbrtz4YQoiUEFPRURHRTA1MDkARWRnZQ==
format	Install OCaml & opam	2025-09-27T21:35:18.8669414Z ##[endgroup]
format	Install OCaml & opam	2025-09-27T21:35:18.8670372Z ##[group]Retrieve the opam download cache
format	Install OCaml & opam	2025-09-27T21:35:18.8950220Z ##[warning]Failed to restore: Cache service responded with 400
format	Install OCaml & opam	2025-09-27T21:35:18.8955718Z Cache not found for input keys: v1-setup-ocaml-opam-download-github.com/ocaml/opam-repository.git-4_14_1-2025-8-27-18065098766-51, v1-setup-ocaml-opam-download-github.com/ocaml/opam-repository.git-4_14_1-2025-8-27-18065098766-51, v1-setup-ocaml-opam-download-github.com/ocaml/opam-repository.git-4_14_1-2025-8-27-18065098766-, v1-setup-ocaml-opam-download-github.com/ocaml/opam-repository.git-4_14_1-2025-8-27-, v1-setup-ocaml-opam-download-github.com/ocaml/opam-repository.git-4_14_1-2025-8-
format	Install OCaml & opam	2025-09-27T21:35:18.8958979Z ##[endgroup]
format	Install OCaml & opam	2025-09-27T21:35:18.8993356Z ##[group]Pin local packages
format	Install OCaml & opam	2025-09-27T21:35:18.9008213Z [command]/opt/hostedtoolcache/opam/2.1.6/x86_64/opam pin add latex-perfectionist.dev . --no-action
format	Install OCaml & opam	2025-09-27T21:35:25.5710964Z Package latex-perfectionist does not exist, create as a [01mNEW[0m package? [Y/n] y
format	Install OCaml & opam	2025-09-27T21:35:25.7134661Z [[32mlatex-perfectionist.dev[0m] synchronised (file:///home/runner/work/latex_perf/latex_perf)
format	Install OCaml & opam	2025-09-27T21:35:25.7138373Z [33m[WARNING][0m Failed checks on latex-perfectionist package definition from source at file:///home/runner/work/latex_perf/latex_perf:
format	Install OCaml & opam	2025-09-27T21:35:25.7139760Z     [31merror[0m 23: Missing field 'maintainer'
format	Install OCaml & opam	2025-09-27T21:35:25.7140455Z   [33mwarning[0m 25: Missing field 'authors'
format	Install OCaml & opam	2025-09-27T21:35:25.7141049Z   [33mwarning[0m 35: Missing field 'homepage'
format	Install OCaml & opam	2025-09-27T21:35:25.7141644Z   [33mwarning[0m 36: Missing field 'bug-reports'
format	Install OCaml & opam	2025-09-27T21:35:25.7149753Z latex-perfectionist is now pinned to [01mgit+file:///home/runner/work/latex_perf/latex_perf#HEAD[0m (version [01mdev[0m)
format	Install OCaml & opam	2025-09-27T21:35:26.9506247Z ##[endgroup]
format	Install OCaml & opam	2025-09-27T21:35:26.9520791Z [command]/opt/hostedtoolcache/opam/2.1.6/x86_64/opam --version
format	Install OCaml & opam	2025-09-27T21:35:26.9657462Z 2.1.6
format	Install OCaml & opam	2025-09-27T21:35:26.9685565Z [command]/opt/hostedtoolcache/opam/2.1.6/x86_64/opam exec -- ocaml -version
format	Install OCaml & opam	2025-09-27T21:35:26.9967006Z The OCaml toplevel, version 4.14.1
format	Install ocamlformat	ï»¿2025-09-27T21:35:27.0099058Z ##[group]Run opam update -y
format	Install ocamlformat	2025-09-27T21:35:27.0099358Z [36;1mopam update -y[0m
format	Install ocamlformat	2025-09-27T21:35:27.0099665Z [36;1mopam install -y ocamlformat.0.26.2 dune coq=8.18.0 coq-core=8.18.0[0m
format	Install ocamlformat	2025-09-27T21:35:27.0148343Z shell: /usr/bin/bash -e {0}
format	Install ocamlformat	2025-09-27T21:35:27.0148575Z env:
format	Install ocamlformat	2025-09-27T21:35:27.0149551Z   PATH: /home/runner/.github-tools:/snap/bin:/home/runner/.local/bin:/opt/pipx_bin:/home/runner/.cargo/bin:/home/runner/.config/composer/vendor/bin:/usr/local/.ghcup/bin:/home/runner/.dotnet/tools:/usr/local/sbin:/usr/local/bin:/usr/sbin:/usr/bin:/sbin:/bin:/usr/games:/usr/local/games:/snap/bin
format	Install ocamlformat	2025-09-27T21:35:27.0150566Z   OPAMCLI: 2.0
format	Install ocamlformat	2025-09-27T21:35:27.0150736Z   OPAMCOLOR: always
format	Install ocamlformat	2025-09-27T21:35:27.0150909Z   OPAMERRLOGLEN: 0
format	Install ocamlformat	2025-09-27T21:35:27.0151079Z   OPAMJOBS: 4
format	Install ocamlformat	2025-09-27T21:35:27.0151255Z   OPAMPRECISETRACKING: 1
format	Install ocamlformat	2025-09-27T21:35:27.0151462Z   OPAMSOLVERTIMEOUT: 1000
format	Install ocamlformat	2025-09-27T21:35:27.0151648Z   OPAMYES: 1
format	Install ocamlformat	2025-09-27T21:35:27.0151802Z   CLICOLOR_FORCE: 1
format	Install ocamlformat	2025-09-27T21:35:27.0151972Z ##[endgroup]
format	Install ocamlformat	2025-09-27T21:35:27.2595625Z [1;34m[NOTE][0m latex-perfectionist.dev has previously been updated with --working-dir, not resetting unless explicitly selected
format	Install ocamlformat	2025-09-27T21:35:27.2596126Z 
format	Install ocamlformat	2025-09-27T21:35:27.2596440Z [36m<><>[0m [01mUpdating package repositories[0m [36m><><><><><><><><><><><><><><><><><><><><><><>[0m
format	Install ocamlformat	2025-09-27T21:35:30.9693763Z [[32mdefault[0m] no changes from git+https://github.com/ocaml/opam-repository.git
format	Install ocamlformat	2025-09-27T21:35:47.4021420Z The following actions will be performed:
format	Install ocamlformat	2025-09-27T21:35:47.4026316Z   [32mâ[0m install [01mocamlbuild[0m        0.16.1   [required by fpath, astring, uuseg]
format	Install ocamlformat	2025-09-27T21:35:47.4029426Z   [32mâ[0m install [01mcmdliner[0m          1.3.0    [required by ocamlformat]
format	Install ocamlformat	2025-09-27T21:35:47.4030851Z   [32mâ[0m install [01mconf-gmp[0m          5        [required by zarith]
format	Install ocamlformat	2025-09-27T21:35:47.4031697Z   [32mâ[0m install [01mconf-pkg-config[0m   4        [required by zarith]
format	Install ocamlformat	2025-09-27T21:35:47.4032628Z   [32mâ[0m install [01mocamlfind[0m         1.9.8    [required by coq-core]
format	Install ocamlformat	2025-09-27T21:35:47.4033562Z   [32mâ[0m install [01mdune[0m              3.20.2
format	Install ocamlformat	2025-09-27T21:35:47.4034482Z   [32mâ[0m install [01mzarith[0m            1.14     [required by coq-core]
format	Install ocamlformat	2025-09-27T21:35:47.4035940Z   [32mâ[0m install [01mtopkg[0m             1.1.0    [required by fpath, astring, uuseg]
format	Install ocamlformat	2025-09-27T21:35:47.4037050Z   [32mâ[0m install [01mbase-bytes[0m        base     [required by ocp-indent]
format	Install ocamlformat	2025-09-27T21:35:47.4038106Z   [32mâ[0m install [01msexplib0[0m          v0.16.0  [required by base]
format	Install ocamlformat	2025-09-27T21:35:47.4039141Z   [32mâ[0m install [01mresult[0m            1.5      [required by ocamlformat-lib]
format	Install ocamlformat	2025-09-27T21:35:47.4040229Z   [32mâ[0m install [01mre[0m                1.14.0   [required by ocamlformat]
format	Install ocamlformat	2025-09-27T21:35:47.4041082Z   [32mâ[0m install [01mocaml-version[0m     4.0.1    [required by ocamlformat-lib]
format	Install ocamlformat	2025-09-27T21:35:47.4042001Z   [32mâ[0m install [01mmenhirSdk[0m         20250912 [required by ocamlformat-lib]
format	Install ocamlformat	2025-09-27T21:35:47.4042862Z   [32mâ[0m install [01mmenhirLib[0m         20250912 [required by ocamlformat-lib]
format	Install ocamlformat	2025-09-27T21:35:47.4043632Z   [32mâ[0m install [01mmenhirCST[0m         20250912 [required by menhir]
format	Install ocamlformat	2025-09-27T21:35:47.4044509Z   [32mâ[0m install [01mfix[0m               20250919 [required by ocamlformat-lib]
format	Install ocamlformat	2025-09-27T21:35:47.4045606Z   [32mâ[0m install [01meither[0m            1.0.0    [required by ocamlformat-lib]
format	Install ocamlformat	2025-09-27T21:35:47.4046580Z   [32mâ[0m install [01mdune-build-info[0m   3.20.2   [required by ocamlformat-lib]
format	Install ocamlformat	2025-09-27T21:35:47.4047523Z   [32mâ[0m install [01mcsexp[0m             1.5.2    [required by ocamlformat-lib]
format	Install ocamlformat	2025-09-27T21:35:47.4048450Z   [32mâ[0m install [01mcamlp-streams[0m     5.0.1    [required by ocamlformat-lib]
format	Install ocamlformat	2025-09-27T21:35:47.4049285Z   [32mâ[0m install [01mcoq-core[0m          8.18.0
format	Install ocamlformat	2025-09-27T21:35:47.4050056Z   [32mâ[0m install [01muutf[0m              1.0.4    [required by ocamlformat-lib]
format	Install ocamlformat	2025-09-27T21:35:47.4051361Z   [32mâ[0m install [01muucp[0m              17.0.0   [required by uuseg]
format	Install ocamlformat	2025-09-27T21:35:47.4052090Z   [32mâ[0m install [01mastring[0m           0.8.5    [required by ocamlformat-lib]
format	Install ocamlformat	2025-09-27T21:35:47.4052593Z   [32mâ[0m install [01mocp-indent[0m        1.8.1    [required by ocamlformat-lib]
format	Install ocamlformat	2025-09-27T21:35:47.4053081Z   [32mâ[0m install [01mmenhir[0m            20250912 [required by ocamlformat-lib]
format	Install ocamlformat	2025-09-27T21:35:47.4053672Z   [32mâ[0m install [01mdune-configurator[0m 3.20.2   [required by base]
format	Install ocamlformat	2025-09-27T21:35:47.4054431Z   [32mâ[0m install [01mcoqide-server[0m     8.18.0   [required by coq]
format	Install ocamlformat	2025-09-27T21:35:47.4054944Z   [32mâ[0m install [01mcoq-stdlib[0m        8.18.0   [required by coq]
format	Install ocamlformat	2025-09-27T21:35:47.4055816Z   [32mâ[0m install [01muuseg[0m             17.0.0   [required by ocamlformat-lib]
format	Install ocamlformat	2025-09-27T21:35:47.4056748Z   [32mâ[0m install [01mfpath[0m             0.7.3    [required by ocamlformat-lib]
format	Install ocamlformat	2025-09-27T21:35:47.4057681Z   [32mâ[0m install [01mbase[0m              v0.16.4  [required by ocamlformat-lib]
format	Install ocamlformat	2025-09-27T21:35:47.4058418Z   [32mâ[0m install [01mcoq[0m               8.18.0
format	Install ocamlformat	2025-09-27T21:35:47.4059190Z   [32mâ[0m install [01mstdio[0m             v0.16.0  [required by ocamlformat-lib]
format	Install ocamlformat	2025-09-27T21:35:47.4060118Z   [32mâ[0m install [01mocamlformat-lib[0m   0.26.2   [required by ocamlformat]
format	Install ocamlformat	2025-09-27T21:35:47.4060883Z   [32mâ[0m install [01mocamlformat[0m       0.26.2
format	Install ocamlformat	2025-09-27T21:35:47.4061383Z ===== [32mâ[0m 37 =====
format	Install ocamlformat	2025-09-27T21:35:47.4061611Z 
format	Install ocamlformat	2025-09-27T21:35:47.4062085Z [36m<><>[0m [01mProcessing actions[0m [36m<><><><><><><><><><><><><><><><><><><><><><><><><><><><>[0m
format	Install ocamlformat	2025-09-27T21:35:47.9022793Z [36mâ¬[0m retrieved [01mcamlp-streams[0m.5.0.1  (https://github.com/ocaml/camlp-streams/archive/v5.0.1.tar.gz)
format	Install ocamlformat	2025-09-27T21:35:48.0338795Z [36mâ¬[0m retrieved [01mbase[0m.v0.16.4  (https://github.com/janestreet/base/archive/refs/tags/v0.16.4.tar.gz)
format	Install ocamlformat	2025-09-27T21:35:48.0863745Z [36mâ¬[0m retrieved [01mconf-gmp[0m.5  (https://raw.githubusercontent.com/ocaml/opam-source-archives/main/patches/conf-gmp/test.c.4)
format	Install ocamlformat	2025-09-27T21:35:50.5950675Z [32mâ[0m installed [01mconf-gmp[0m.5
format	Install ocamlformat	2025-09-27T21:35:50.6070628Z [32mâ[0m installed [01mconf-pkg-config[0m.4
format	Install ocamlformat	2025-09-27T21:35:50.6163777Z [36mâ¬[0m retrieved [01mastring[0m.0.8.5  (https://erratique.ch/software/astring/releases/astring-0.8.5.tbz)
format	Install ocamlformat	2025-09-27T21:35:50.6567808Z [36mâ¬[0m retrieved [01mcmdliner[0m.1.3.0  (https://erratique.ch/software/cmdliner/releases/cmdliner-1.3.0.tbz)
format	Install ocamlformat	2025-09-27T21:35:51.9420021Z [36mâ¬[0m retrieved [01mcoq[0m.8.18.0  (https://github.com/coq/coq/releases/download/V8.18.0/coq-8.18.0.tar.gz)
format	Install ocamlformat	2025-09-27T21:35:52.6168672Z [36mâ¬[0m retrieved [01mcoq-core[0m.8.18.0  (cached)
format	Install ocamlformat	2025-09-27T21:35:53.0407941Z [36mâ¬[0m retrieved [01mcoq-stdlib[0m.8.18.0  (cached)
format	Install ocamlformat	2025-09-27T21:35:54.4322396Z [36mâ¬[0m retrieved [01mcoqide-server[0m.8.18.0  (cached)
format	Install ocamlformat	2025-09-27T21:35:54.4829033Z [36mâ¬[0m retrieved [01mcsexp[0m.1.5.2  (https://github.com/ocaml-dune/csexp/releases/download/1.5.2/csexp-1.5.2.tbz)
format	Install ocamlformat	2025-09-27T21:35:54.5741321Z [32mâ[0m installed [01mcmdliner[0m.1.3.0
format	Install ocamlformat	2025-09-27T21:35:57.1222611Z [36mâ¬[0m retrieved [01mdune[0m.3.20.2  (https://github.com/ocaml/dune/releases/download/3.20.2/dune-3.20.2.tbz)
format	Install ocamlformat	2025-09-27T21:35:58.2564731Z [36mâ¬[0m retrieved [01mdune-configurator[0m.3.20.2  (cached)
format	Install ocamlformat	2025-09-27T21:35:58.9073602Z [36mâ¬[0m retrieved [01mdune-build-info[0m.3.20.2  (https://github.com/ocaml/dune/releases/download/3.20.2/dune-3.20.2.tbz)
format	Install ocamlformat	2025-09-27T21:35:58.9437976Z [36mâ¬[0m retrieved [01meither[0m.1.0.0  (https://github.com/mirage/either/releases/download/1.0.0/either-1.0.0.tbz)
format	Install ocamlformat	2025-09-27T21:35:59.6477030Z [36mâ¬[0m retrieved [01mfpath[0m.0.7.3  (https://erratique.ch/software/fpath/releases/fpath-0.7.3.tbz)
format	Install ocamlformat	2025-09-27T21:36:00.0051789Z [36mâ¬[0m retrieved [01mfix[0m.20250919  (https://gitlab.inria.fr/fpottier/fix/-/archive/20250919/archive.tar.gz)
format	Install ocamlformat	2025-09-27T21:36:00.7723930Z [36mâ¬[0m retrieved [01mmenhir[0m.20250912  (https://gitlab.inria.fr/fpottier/menhir/-/archive/20250912/archive.tar.gz)
format	Install ocamlformat	2025-09-27T21:36:00.9598609Z [36mâ¬[0m retrieved [01mmenhirSdk[0m.20250912  (cached)
format	Install ocamlformat	2025-09-27T21:36:01.3437743Z [36mâ¬[0m retrieved [01mmenhirCST[0m.20250912  (https://gitlab.inria.fr/fpottier/menhir/-/archive/20250912/archive.tar.gz)
format	Install ocamlformat	2025-09-27T21:36:01.4246503Z [36mâ¬[0m retrieved [01mocaml-version[0m.4.0.1  (https://github.com/ocurrent/ocaml-version/releases/download/v4.0.1/ocaml-version-4.0.1.tbz)
format	Install ocamlformat	2025-09-27T21:36:01.8772073Z [36mâ¬[0m retrieved [01mmenhirLib[0m.20250912  (https://gitlab.inria.fr/fpottier/menhir/-/archive/20250912/archive.tar.gz)
format	Install ocamlformat	2025-09-27T21:36:02.1109908Z [36mâ¬[0m retrieved [01mocamlbuild[0m.0.16.1  (https://github.com/ocaml/ocamlbuild/archive/refs/tags/0.16.1.tar.gz)
format	Install ocamlformat	2025-09-27T21:36:02.2368341Z [36mâ¬[0m retrieved [01mocamlfind[0m.1.9.8  (https://github.com/ocaml/ocamlfind/archive/refs/tags/findlib-1.9.8.tar.gz)
format	Install ocamlformat	2025-09-27T21:36:02.9454743Z [36mâ¬[0m retrieved [01mocamlformat[0m.0.26.2  (https://github.com/ocaml-ppx/ocamlformat/releases/download/0.26.2/ocamlformat-0.26.2.tbz)
format	Install ocamlformat	2025-09-27T21:36:03.1368547Z [36mâ¬[0m retrieved [01mocamlformat-lib[0m.0.26.2  (https://github.com/ocaml-ppx/ocamlformat/releases/download/0.26.2/ocamlformat-0.26.2.tbz)
format	Install ocamlformat	2025-09-27T21:36:03.2419364Z [36mâ¬[0m retrieved [01mocp-indent[0m.1.8.1  (https://github.com/OCamlPro/ocp-indent/archive/1.8.1.tar.gz)
format	Install ocamlformat	2025-09-27T21:36:03.7969835Z [36mâ¬[0m retrieved [01mre[0m.1.14.0  (https://github.com/ocaml/ocaml-re/archive/refs/tags/1.14.0.tar.gz)
format	Install ocamlformat	2025-09-27T21:36:03.8240520Z [36mâ¬[0m retrieved [01msexplib0[0m.v0.16.0  (https://ocaml.janestreet.com/ocaml-core/v0.16/files/sexplib0-v0.16.0.tar.gz)
format	Install ocamlformat	2025-09-27T21:36:03.8452223Z [36mâ¬[0m retrieved [01mresult[0m.1.5  (https://github.com/janestreet/result/releases/download/1.5/result-1.5.tbz)
format	Install ocamlformat	2025-09-27T21:36:04.3537132Z [36mâ¬[0m retrieved [01mstdio[0m.v0.16.0  (https://ocaml.janestreet.com/ocaml-core/v0.16/files/stdio-v0.16.0.tar.gz)
format	Install ocamlformat	2025-09-27T21:36:04.8539090Z [36mâ¬[0m retrieved [01mtopkg[0m.1.1.0  (https://erratique.ch/software/topkg/releases/topkg-1.1.0.tbz)
format	Install ocamlformat	2025-09-27T21:36:05.1849358Z [36mâ¬[0m retrieved [01muuseg[0m.17.0.0  (https://erratique.ch/software/uuseg/releases/uuseg-17.0.0.tbz)
format	Install ocamlformat	2025-09-27T21:36:05.7141005Z [36mâ¬[0m retrieved [01muutf[0m.1.0.4  (https://erratique.ch/software/uutf/releases/uutf-1.0.4.tbz)
format	Install ocamlformat	2025-09-27T21:36:05.7570699Z [36mâ¬[0m retrieved [01muucp[0m.17.0.0  (https://erratique.ch/software/uucp/releases/uucp-17.0.0.tbz)
format	Install ocamlformat	2025-09-27T21:36:05.9557850Z [36mâ¬[0m retrieved [01mzarith[0m.1.14  (https://github.com/ocaml/Zarith/archive/release-1.14.tar.gz)
format	Install ocamlformat	2025-09-27T21:36:07.2366270Z [32mâ[0m installed [01mocamlfind[0m.1.9.8
format	Install ocamlformat	2025-09-27T21:36:07.2530379Z [32mâ[0m installed [01mbase-bytes[0m.base
format	Install ocamlformat	2025-09-27T21:36:10.1264540Z [32mâ[0m installed [01mocamlbuild[0m.0.16.1
format	Install ocamlformat	2025-09-27T21:36:10.9574674Z [32mâ[0m installed [01mzarith[0m.1.14
format	Install ocamlformat	2025-09-27T21:36:15.5691599Z [32mâ[0m installed [01mtopkg[0m.1.1.0
format	Install ocamlformat	2025-09-27T21:36:17.5008923Z [32mâ[0m installed [01muutf[0m.1.0.4
format	Install ocamlformat	2025-09-27T21:36:18.0731205Z [32mâ[0m installed [01mastring[0m.0.8.5
format	Install ocamlformat	2025-09-27T21:36:19.3726820Z [32mâ[0m installed [01mfpath[0m.0.7.3
format	Install ocamlformat	2025-09-27T21:36:31.1137276Z [32mâ[0m installed [01mdune[0m.3.20.2
format	Install ocamlformat	2025-09-27T21:36:32.1606594Z [32mâ[0m installed [01mcamlp-streams[0m.5.0.1
format	Install ocamlformat	2025-09-27T21:36:32.1759066Z [32mâ[0m installed [01mcsexp[0m.1.5.2
format	Install ocamlformat	2025-09-27T21:36:33.1779380Z [32mâ[0m installed [01meither[0m.1.0.0
format	Install ocamlformat	2025-09-27T21:36:33.2206902Z [32mâ[0m installed [01mdune-build-info[0m.3.20.2
format	Install ocamlformat	2025-09-27T21:36:34.8177361Z [32mâ[0m installed [01mfix[0m.20250919
format	Install ocamlformat	2025-09-27T21:36:35.5309959Z [32mâ[0m installed [01mmenhirCST[0m.20250912
format	Install ocamlformat	2025-09-27T21:36:36.1307131Z [32mâ[0m installed [01mdune-configurator[0m.3.20.2
format	Install ocamlformat	2025-09-27T21:36:36.7802160Z [32mâ[0m installed [01mmenhirLib[0m.20250912
format	Install ocamlformat	2025-09-27T21:36:37.0016734Z [32mâ[0m installed [01mmenhirSdk[0m.20250912
format	Install ocamlformat	2025-09-27T21:36:37.3133885Z [32mâ[0m installed [01mocaml-version[0m.4.0.1
format	Install ocamlformat	2025-09-27T21:36:40.2100504Z [32mâ[0m installed [01mocp-indent[0m.1.8.1
format	Install ocamlformat	2025-09-27T21:36:43.7007465Z [32mâ[0m installed [01mre[0m.1.14.0
format	Install ocamlformat	2025-09-27T21:36:44.1632341Z [32mâ[0m installed [01mresult[0m.1.5
format	Install ocamlformat	2025-09-27T21:36:45.7212642Z [32mâ[0m installed [01msexplib0[0m.v0.16.0
format	Install ocamlformat	2025-09-27T21:36:53.0762829Z [32mâ[0m installed [01muucp[0m.17.0.0
format	Install ocamlformat	2025-09-27T21:36:58.3838115Z [32mâ[0m installed [01muuseg[0m.17.0.0
format	Install ocamlformat	2025-09-27T21:37:04.6006713Z [32mâ[0m installed [01mbase[0m.v0.16.4
format	Install ocamlformat	2025-09-27T21:37:05.3147402Z [32mâ[0m installed [01mstdio[0m.v0.16.0
format	Install ocamlformat	2025-09-27T21:37:09.8651439Z [32mâ[0m installed [01mmenhir[0m.20250912
format	Install ocamlformat	2025-09-27T21:37:26.8260394Z [32mâ[0m installed [01mocamlformat-lib[0m.0.26.2
format	Install ocamlformat	2025-09-27T21:37:28.6583063Z [32mâ[0m installed [01mocamlformat[0m.0.26.2
format	Install ocamlformat	2025-09-27T21:37:46.0746538Z [32mâ[0m installed [01mcoq-core[0m.8.18.0
format	Install ocamlformat	2025-09-27T21:37:49.8959090Z [32mâ[0m installed [01mcoqide-server[0m.8.18.0
format	Install ocamlformat	2025-09-27T21:40:08.3707089Z [32mâ[0m installed [01mcoq-stdlib[0m.8.18.0
format	Install ocamlformat	2025-09-27T21:40:08.7837840Z [32mâ[0m installed [01mcoq[0m.8.18.0
format	Install ocamlformat	2025-09-27T21:40:11.3519593Z Done.
format	Install ocamlformat	2025-09-27T21:40:11.3524580Z 
format	Install ocamlformat	2025-09-27T21:40:11.3525648Z [36m<><>[0m [01mocp-indent.1.8.1 installed successfully[0m [36m><><><><><><><><><><><><><><><><><>[0m
format	Install ocamlformat	2025-09-27T21:40:11.3526943Z [32m=> [0mThis package requires additional configuration for use in editors. Install package 'user-setup', or manually:
format	Install ocamlformat	2025-09-27T21:40:11.3527690Z 
format	Install ocamlformat	2025-09-27T21:40:11.3527860Z    * for Emacs, add these lines to ~/.emacs:
format	Install ocamlformat	2025-09-27T21:40:11.3528840Z      (add-to-list 'load-path "/home/runner/work/latex_perf/latex_perf/_opam/share/emacs/site-lisp")
format	Install ocamlformat	2025-09-27T21:40:11.3529473Z      (require 'ocp-indent)
format	Install ocamlformat	2025-09-27T21:40:11.3529958Z 
format	Install ocamlformat	2025-09-27T21:40:11.3530133Z    * for Vim, add this line to ~/.vimrc:
format	Install ocamlformat	2025-09-27T21:40:11.3530983Z      set rtp^="/home/runner/work/latex_perf/latex_perf/_opam/share/ocp-indent/vim"
format	Install ocamlformat	2025-09-27T21:40:11.3531811Z # Run [01meval $(opam env)[0m to update the current shell environment
format	Check formatting	ï»¿2025-09-27T21:40:12.7262528Z ##[group]Run set -e
format	Check formatting	2025-09-27T21:40:12.7262788Z [36;1mset -e[0m
format	Check formatting	2025-09-27T21:40:12.7262983Z [36;1mopam exec -- dune fmt[0m
format	Check formatting	2025-09-27T21:40:12.7263209Z [36;1mgit diff --exit-code[0m
format	Check formatting	2025-09-27T21:40:12.7289987Z shell: /usr/bin/bash -e {0}
format	Check formatting	2025-09-27T21:40:12.7290208Z env:
format	Check formatting	2025-09-27T21:40:12.7291261Z   PATH: /home/runner/.github-tools:/snap/bin:/home/runner/.local/bin:/opt/pipx_bin:/home/runner/.cargo/bin:/home/runner/.config/composer/vendor/bin:/usr/local/.ghcup/bin:/home/runner/.dotnet/tools:/usr/local/sbin:/usr/local/bin:/usr/sbin:/usr/bin:/sbin:/bin:/usr/games:/usr/local/games:/snap/bin
format	Check formatting	2025-09-27T21:40:12.7292428Z   OPAMCLI: 2.0
format	Check formatting	2025-09-27T21:40:12.7292633Z   OPAMCOLOR: always
format	Check formatting	2025-09-27T21:40:12.7292828Z   OPAMERRLOGLEN: 0
format	Check formatting	2025-09-27T21:40:12.7293021Z   OPAMJOBS: 4
format	Check formatting	2025-09-27T21:40:12.7293206Z   OPAMPRECISETRACKING: 1
format	Check formatting	2025-09-27T21:40:12.7293434Z   OPAMSOLVERTIMEOUT: 1000
format	Check formatting	2025-09-27T21:40:12.7293644Z   OPAMYES: 1
format	Check formatting	2025-09-27T21:40:12.7293816Z   CLICOLOR_FORCE: 1
format	Check formatting	2025-09-27T21:40:12.7294004Z ##[endgroup]
format	Post Install OCaml & opam	ï»¿2025-09-27T21:40:13.7574896Z Post job cleanup.
format	Post Install OCaml & opam	2025-09-27T21:40:13.7603087Z Post job cleanup.
format	Post Install OCaml & opam	2025-09-27T21:40:13.9120903Z ##[group]Save the opam download cache
format	Post Install OCaml & opam	2025-09-27T21:40:13.9306494Z [command]/usr/bin/tar --posix -cf cache.tzst --exclude cache.tzst -P -C /home/runner/work/latex_perf/latex_perf --files-from manifest.txt --use-compress-program zstdmt
format	Post Install OCaml & opam	2025-09-27T21:40:14.4607807Z ##[warning]Failed to save: <h2>Our services aren't available right now</h2><p>We're working to restore all services as soon as possible. Please check back soon.</p>0vlnYaAAAAACp4mG5QxYPTYtCALeNgLCGUEFPRURHRTA1MjEARWRnZQ==
format	Post Install OCaml & opam	2025-09-27T21:40:14.4639470Z ##[endgroup]
format	Post Run actions/checkout@v4	ï»¿2025-09-27T21:40:14.4734260Z Post job cleanup.
format	Post Run actions/checkout@v4	2025-09-27T21:40:14.5686415Z [command]/usr/bin/git version
format	Post Run actions/checkout@v4	2025-09-27T21:40:14.5720930Z git version 2.51.0
format	Post Run actions/checkout@v4	2025-09-27T21:40:14.5768798Z Temporarily overriding HOME='/home/runner/work/_temp/895b2904-a59a-4373-b0fb-d89bfd47b537' before making global git config changes
format	Post Run actions/checkout@v4	2025-09-27T21:40:14.5770053Z Adding repository directory to the temporary git global config as a safe directory
format	Post Run actions/checkout@v4	2025-09-27T21:40:14.5773652Z [command]/usr/bin/git config --global --add safe.directory /home/runner/work/latex_perf/latex_perf
format	Post Run actions/checkout@v4	2025-09-27T21:40:14.5806381Z [command]/usr/bin/git config --local --name-only --get-regexp core\.sshCommand
format	Post Run actions/checkout@v4	2025-09-27T21:40:14.5837664Z [command]/usr/bin/git submodule foreach --recursive sh -c "git config --local --name-only --get-regexp 'core\.sshCommand' && git config --local --unset-all 'core.sshCommand' || :"
format	Post Run actions/checkout@v4	2025-09-27T21:40:14.6060152Z [command]/usr/bin/git config --local --name-only --get-regexp http\.https\:\/\/github\.com\/\.extraheader
format	Post Run actions/checkout@v4	2025-09-27T21:40:14.6080379Z http.https://github.com/.extraheader
format	Post Run actions/checkout@v4	2025-09-27T21:40:14.6092504Z [command]/usr/bin/git config --local --unset-all http.https://github.com/.extraheader
format	Post Run actions/checkout@v4	2025-09-27T21:40:14.6121159Z [command]/usr/bin/git submodule foreach --recursive sh -c "git config --local --name-only --get-regexp 'http\.https\:\/\/github\.com\/\.extraheader' && git config --local --unset-all 'http.https://github.com/.extraheader' || :"
format	Complete job	ï»¿2025-09-27T21:40:14.6439120Z Cleaning up orphan processes
