l1-smoke	Set up job	ï»¿2025-09-27T21:21:04.1527992Z Current runner version: '2.328.0'
l1-smoke	Set up job	2025-09-27T21:21:04.1553499Z ##[group]Runner Image Provisioner
l1-smoke	Set up job	2025-09-27T21:21:04.1554384Z Hosted Compute Agent
l1-smoke	Set up job	2025-09-27T21:21:04.1554932Z Version: 20250912.392
l1-smoke	Set up job	2025-09-27T21:21:04.1555616Z Commit: d921fda672a98b64f4f82364647e2f10b2267d0b
l1-smoke	Set up job	2025-09-27T21:21:04.1556303Z Build Date: 2025-09-12T15:23:14Z
l1-smoke	Set up job	2025-09-27T21:21:04.1556926Z ##[endgroup]
l1-smoke	Set up job	2025-09-27T21:21:04.1557457Z ##[group]Operating System
l1-smoke	Set up job	2025-09-27T21:21:04.1558111Z Ubuntu
l1-smoke	Set up job	2025-09-27T21:21:04.1558902Z 24.04.3
l1-smoke	Set up job	2025-09-27T21:21:04.1559364Z LTS
l1-smoke	Set up job	2025-09-27T21:21:04.1559924Z ##[endgroup]
l1-smoke	Set up job	2025-09-27T21:21:04.1560409Z ##[group]Runner Image
l1-smoke	Set up job	2025-09-27T21:21:04.1561174Z Image: ubuntu-24.04
l1-smoke	Set up job	2025-09-27T21:21:04.1561814Z Version: 20250922.53.1
l1-smoke	Set up job	2025-09-27T21:21:04.1562851Z Included Software: https://github.com/actions/runner-images/blob/ubuntu24/20250922.53/images/ubuntu/Ubuntu2404-Readme.md
l1-smoke	Set up job	2025-09-27T21:21:04.1564266Z Image Release: https://github.com/actions/runner-images/releases/tag/ubuntu24%2F20250922.53
l1-smoke	Set up job	2025-09-27T21:21:04.1565483Z ##[endgroup]
l1-smoke	Set up job	2025-09-27T21:21:04.1568064Z ##[group]GITHUB_TOKEN Permissions
l1-smoke	Set up job	2025-09-27T21:21:04.1570191Z Actions: write
l1-smoke	Set up job	2025-09-27T21:21:04.1570745Z Attestations: write
l1-smoke	Set up job	2025-09-27T21:21:04.1571369Z Checks: write
l1-smoke	Set up job	2025-09-27T21:21:04.1571857Z Contents: write
l1-smoke	Set up job	2025-09-27T21:21:04.1572418Z Deployments: write
l1-smoke	Set up job	2025-09-27T21:21:04.1572958Z Discussions: write
l1-smoke	Set up job	2025-09-27T21:21:04.1573495Z Issues: write
l1-smoke	Set up job	2025-09-27T21:21:04.1573999Z Metadata: read
l1-smoke	Set up job	2025-09-27T21:21:04.1574508Z Models: read
l1-smoke	Set up job	2025-09-27T21:21:04.1575039Z Packages: write
l1-smoke	Set up job	2025-09-27T21:21:04.1575573Z Pages: write
l1-smoke	Set up job	2025-09-27T21:21:04.1576183Z PullRequests: write
l1-smoke	Set up job	2025-09-27T21:21:04.1576717Z RepositoryProjects: write
l1-smoke	Set up job	2025-09-27T21:21:04.1577305Z SecurityEvents: write
l1-smoke	Set up job	2025-09-27T21:21:04.1577984Z Statuses: write
l1-smoke	Set up job	2025-09-27T21:21:04.1578651Z ##[endgroup]
l1-smoke	Set up job	2025-09-27T21:21:04.1580781Z Secret source: Actions
l1-smoke	Set up job	2025-09-27T21:21:04.1581461Z Prepare workflow directory
l1-smoke	Set up job	2025-09-27T21:21:04.1911196Z Prepare all required actions
l1-smoke	Set up job	2025-09-27T21:21:04.1955759Z Getting action download info
l1-smoke	Set up job	2025-09-27T21:21:04.5693753Z Download action repository 'actions/checkout@v4' (SHA:08eba0b27e820071cde6df949e0beb9ba4906955)
l1-smoke	Set up job	2025-09-27T21:21:04.8243762Z Complete job name: l1-smoke
l1-smoke	Run actions/checkout@v4	ï»¿2025-09-27T21:21:04.9024811Z ##[group]Run actions/checkout@v4
l1-smoke	Run actions/checkout@v4	2025-09-27T21:21:04.9025693Z with:
l1-smoke	Run actions/checkout@v4	2025-09-27T21:21:04.9026135Z   repository: ClanClanClanClan/latex_perf
l1-smoke	Run actions/checkout@v4	2025-09-27T21:21:04.9026863Z   token: ***
l1-smoke	Run actions/checkout@v4	2025-09-27T21:21:04.9027265Z   ssh-strict: true
l1-smoke	Run actions/checkout@v4	2025-09-27T21:21:04.9027682Z   ssh-user: git
l1-smoke	Run actions/checkout@v4	2025-09-27T21:21:04.9028099Z   persist-credentials: true
l1-smoke	Run actions/checkout@v4	2025-09-27T21:21:04.9028894Z   clean: true
l1-smoke	Run actions/checkout@v4	2025-09-27T21:21:04.9029355Z   sparse-checkout-cone-mode: true
l1-smoke	Run actions/checkout@v4	2025-09-27T21:21:04.9029854Z   fetch-depth: 1
l1-smoke	Run actions/checkout@v4	2025-09-27T21:21:04.9030261Z   fetch-tags: false
l1-smoke	Run actions/checkout@v4	2025-09-27T21:21:04.9030676Z   show-progress: true
l1-smoke	Run actions/checkout@v4	2025-09-27T21:21:04.9031090Z   lfs: false
l1-smoke	Run actions/checkout@v4	2025-09-27T21:21:04.9031474Z   submodules: false
l1-smoke	Run actions/checkout@v4	2025-09-27T21:21:04.9031906Z   set-safe-directory: true
l1-smoke	Run actions/checkout@v4	2025-09-27T21:21:04.9032648Z ##[endgroup]
l1-smoke	Run actions/checkout@v4	2025-09-27T21:21:05.0106345Z Syncing repository: ClanClanClanClan/latex_perf
l1-smoke	Run actions/checkout@v4	2025-09-27T21:21:05.0108157Z ##[group]Getting Git version info
l1-smoke	Run actions/checkout@v4	2025-09-27T21:21:05.0109183Z Working directory is '/home/runner/work/latex_perf/latex_perf'
l1-smoke	Run actions/checkout@v4	2025-09-27T21:21:05.0110291Z [command]/usr/bin/git version
l1-smoke	Run actions/checkout@v4	2025-09-27T21:21:05.0223607Z git version 2.51.0
l1-smoke	Run actions/checkout@v4	2025-09-27T21:21:05.0250633Z ##[endgroup]
l1-smoke	Run actions/checkout@v4	2025-09-27T21:21:05.0267550Z Temporarily overriding HOME='/home/runner/work/_temp/5ea26340-4691-4b6e-a776-e84a11e2cd1d' before making global git config changes
l1-smoke	Run actions/checkout@v4	2025-09-27T21:21:05.0270140Z Adding repository directory to the temporary git global config as a safe directory
l1-smoke	Run actions/checkout@v4	2025-09-27T21:21:05.0282625Z [command]/usr/bin/git config --global --add safe.directory /home/runner/work/latex_perf/latex_perf
l1-smoke	Run actions/checkout@v4	2025-09-27T21:21:05.0320647Z Deleting the contents of '/home/runner/work/latex_perf/latex_perf'
l1-smoke	Run actions/checkout@v4	2025-09-27T21:21:05.0324038Z ##[group]Initializing the repository
l1-smoke	Run actions/checkout@v4	2025-09-27T21:21:05.0327959Z [command]/usr/bin/git init /home/runner/work/latex_perf/latex_perf
l1-smoke	Run actions/checkout@v4	2025-09-27T21:21:05.0472389Z hint: Using 'master' as the name for the initial branch. This default branch name
l1-smoke	Run actions/checkout@v4	2025-09-27T21:21:05.0473447Z hint: is subject to change. To configure the initial branch name to use in all
l1-smoke	Run actions/checkout@v4	2025-09-27T21:21:05.0474411Z hint: of your new repositories, which will suppress this warning, call:
l1-smoke	Run actions/checkout@v4	2025-09-27T21:21:05.0475129Z hint:
l1-smoke	Run actions/checkout@v4	2025-09-27T21:21:05.0475636Z hint: 	git config --global init.defaultBranch <name>
l1-smoke	Run actions/checkout@v4	2025-09-27T21:21:05.0476233Z hint:
l1-smoke	Run actions/checkout@v4	2025-09-27T21:21:05.0476796Z hint: Names commonly chosen instead of 'master' are 'main', 'trunk' and
l1-smoke	Run actions/checkout@v4	2025-09-27T21:21:05.0477837Z hint: 'development'. The just-created branch can be renamed via this command:
l1-smoke	Run actions/checkout@v4	2025-09-27T21:21:05.0479066Z hint:
l1-smoke	Run actions/checkout@v4	2025-09-27T21:21:05.0479488Z hint: 	git branch -m <name>
l1-smoke	Run actions/checkout@v4	2025-09-27T21:21:05.0480184Z hint:
l1-smoke	Run actions/checkout@v4	2025-09-27T21:21:05.0481284Z hint: Disable this message with "git config set advice.defaultBranchName false"
l1-smoke	Run actions/checkout@v4	2025-09-27T21:21:05.0483226Z Initialized empty Git repository in /home/runner/work/latex_perf/latex_perf/.git/
l1-smoke	Run actions/checkout@v4	2025-09-27T21:21:05.0492348Z [command]/usr/bin/git remote add origin https://github.com/ClanClanClanClan/latex_perf
l1-smoke	Run actions/checkout@v4	2025-09-27T21:21:05.0531300Z ##[endgroup]
l1-smoke	Run actions/checkout@v4	2025-09-27T21:21:05.0532560Z ##[group]Disabling automatic garbage collection
l1-smoke	Run actions/checkout@v4	2025-09-27T21:21:05.0536135Z [command]/usr/bin/git config --local gc.auto 0
l1-smoke	Run actions/checkout@v4	2025-09-27T21:21:05.0564873Z ##[endgroup]
l1-smoke	Run actions/checkout@v4	2025-09-27T21:21:05.0566080Z ##[group]Setting up auth
l1-smoke	Run actions/checkout@v4	2025-09-27T21:21:05.0572639Z [command]/usr/bin/git config --local --name-only --get-regexp core\.sshCommand
l1-smoke	Run actions/checkout@v4	2025-09-27T21:21:05.0603568Z [command]/usr/bin/git submodule foreach --recursive sh -c "git config --local --name-only --get-regexp 'core\.sshCommand' && git config --local --unset-all 'core.sshCommand' || :"
l1-smoke	Run actions/checkout@v4	2025-09-27T21:21:05.1006770Z [command]/usr/bin/git config --local --name-only --get-regexp http\.https\:\/\/github\.com\/\.extraheader
l1-smoke	Run actions/checkout@v4	2025-09-27T21:21:05.1036107Z [command]/usr/bin/git submodule foreach --recursive sh -c "git config --local --name-only --get-regexp 'http\.https\:\/\/github\.com\/\.extraheader' && git config --local --unset-all 'http.https://github.com/.extraheader' || :"
l1-smoke	Run actions/checkout@v4	2025-09-27T21:21:05.1266892Z [command]/usr/bin/git config --local http.https://github.com/.extraheader AUTHORIZATION: basic ***
l1-smoke	Run actions/checkout@v4	2025-09-27T21:21:05.1306973Z ##[endgroup]
l1-smoke	Run actions/checkout@v4	2025-09-27T21:21:05.1332596Z ##[group]Fetching the repository
l1-smoke	Run actions/checkout@v4	2025-09-27T21:21:05.1334055Z [command]/usr/bin/git -c protocol.version=2 fetch --no-tags --prune --no-recurse-submodules --depth=1 origin +07895437ab0cede570fde751cb6861b9d97861e6:refs/remotes/origin/fix-math-strip
l1-smoke	Run actions/checkout@v4	2025-09-27T21:21:05.8730172Z From https://github.com/ClanClanClanClan/latex_perf
l1-smoke	Run actions/checkout@v4	2025-09-27T21:21:05.8733569Z  * [new ref]         07895437ab0cede570fde751cb6861b9d97861e6 -> origin/fix-math-strip
l1-smoke	Run actions/checkout@v4	2025-09-27T21:21:05.8762576Z ##[endgroup]
l1-smoke	Run actions/checkout@v4	2025-09-27T21:21:05.8763947Z ##[group]Determining the checkout info
l1-smoke	Run actions/checkout@v4	2025-09-27T21:21:05.8765532Z ##[endgroup]
l1-smoke	Run actions/checkout@v4	2025-09-27T21:21:05.8769392Z [command]/usr/bin/git sparse-checkout disable
l1-smoke	Run actions/checkout@v4	2025-09-27T21:21:05.8812797Z [command]/usr/bin/git config --local --unset-all extensions.worktreeConfig
l1-smoke	Run actions/checkout@v4	2025-09-27T21:21:05.8842047Z ##[group]Checking out the ref
l1-smoke	Run actions/checkout@v4	2025-09-27T21:21:05.8846306Z [command]/usr/bin/git checkout --progress --force -B fix-math-strip refs/remotes/origin/fix-math-strip
l1-smoke	Run actions/checkout@v4	2025-09-27T21:21:05.9275340Z Switched to a new branch 'fix-math-strip'
l1-smoke	Run actions/checkout@v4	2025-09-27T21:21:05.9277821Z branch 'fix-math-strip' set up to track 'origin/fix-math-strip'.
l1-smoke	Run actions/checkout@v4	2025-09-27T21:21:05.9285188Z ##[endgroup]
l1-smoke	Run actions/checkout@v4	2025-09-27T21:21:05.9322548Z [command]/usr/bin/git log -1 --format=%H
l1-smoke	Run actions/checkout@v4	2025-09-27T21:21:05.9345123Z 07895437ab0cede570fde751cb6861b9d97861e6
l1-smoke	Set up OCaml and OPAM	ï»¿2025-09-27T21:21:05.9775182Z Prepare all required actions
l1-smoke	Set up OCaml and OPAM	2025-09-27T21:21:05.9776751Z Getting action download info
l1-smoke	Set up OCaml and OPAM	2025-09-27T21:21:06.1300801Z Download action repository 'ocaml/setup-ocaml@v2' (SHA:8cc6339f55862749298d198ef84788b8d6acdacc)
l1-smoke	Set up OCaml and OPAM	2025-09-27T21:21:07.0344190Z ##[group]Run ./.github/actions/setup-ocaml
l1-smoke	Set up OCaml and OPAM	2025-09-27T21:21:07.0344593Z with:
l1-smoke	Set up OCaml and OPAM	2025-09-27T21:21:07.0344828Z   ocaml-compiler: 4.14.1
l1-smoke	Set up OCaml and OPAM	2025-09-27T21:21:07.0345377Z   opam-depext: false
l1-smoke	Set up OCaml and OPAM	2025-09-27T21:21:07.0345947Z   allow-prerelease-opam: false
l1-smoke	Set up OCaml and OPAM	2025-09-27T21:21:07.0346440Z   opam-pin: true
l1-smoke	Set up OCaml and OPAM	2025-09-27T21:21:07.0346774Z   opam-local-packages: *.opam
l1-smoke	Set up OCaml and OPAM	2025-09-27T21:21:07.0347077Z   opam-disable-sandboxing: false
l1-smoke	Set up OCaml and OPAM	2025-09-27T21:21:07.0347365Z   dune-cache: false
l1-smoke	Set up OCaml and OPAM	2025-09-27T21:21:07.0347601Z   cache-prefix: v1
l1-smoke	Set up OCaml and OPAM	2025-09-27T21:21:07.0347847Z ##[endgroup]
l1-smoke	Set up OCaml and OPAM	2025-09-27T21:21:07.0442949Z ##[group]Run sudo apt-get update
l1-smoke	Set up OCaml and OPAM	2025-09-27T21:21:07.0443411Z [36;1msudo apt-get update[0m
l1-smoke	Set up OCaml and OPAM	2025-09-27T21:21:07.0443747Z [36;1msudo apt-get install -y \[0m
l1-smoke	Set up OCaml and OPAM	2025-09-27T21:21:07.0444066Z [36;1m  bubblewrap \[0m
l1-smoke	Set up OCaml and OPAM	2025-09-27T21:21:07.0444428Z [36;1m  g++-multilib \[0m
l1-smoke	Set up OCaml and OPAM	2025-09-27T21:21:07.0444698Z [36;1m  gcc-multilib \[0m
l1-smoke	Set up OCaml and OPAM	2025-09-27T21:21:07.0444953Z [36;1m  mercurial \[0m
l1-smoke	Set up OCaml and OPAM	2025-09-27T21:21:07.0445210Z [36;1m  musl-tools \[0m
l1-smoke	Set up OCaml and OPAM	2025-09-27T21:21:07.0445455Z [36;1m  rsync[0m
l1-smoke	Set up OCaml and OPAM	2025-09-27T21:21:07.0483109Z shell: /usr/bin/bash --noprofile --norc -e -o pipefail {0}
l1-smoke	Set up OCaml and OPAM	2025-09-27T21:21:07.0483543Z ##[endgroup]
l1-smoke	Set up OCaml and OPAM	2025-09-27T21:21:07.1780972Z Get:1 file:/etc/apt/apt-mirrors.txt Mirrorlist [144 B]
l1-smoke	Set up OCaml and OPAM	2025-09-27T21:21:07.2307045Z Hit:6 https://packages.microsoft.com/repos/azure-cli noble InRelease
l1-smoke	Set up OCaml and OPAM	2025-09-27T21:21:07.2314626Z Get:7 https://packages.microsoft.com/ubuntu/24.04/prod noble InRelease [3600 B]
l1-smoke	Set up OCaml and OPAM	2025-09-27T21:21:07.3346348Z Hit:2 http://azure.archive.ubuntu.com/ubuntu noble InRelease
l1-smoke	Set up OCaml and OPAM	2025-09-27T21:21:07.3356818Z Get:3 http://azure.archive.ubuntu.com/ubuntu noble-updates InRelease [126 kB]
l1-smoke	Set up OCaml and OPAM	2025-09-27T21:21:07.3394744Z Get:4 http://azure.archive.ubuntu.com/ubuntu noble-backports InRelease [126 kB]
l1-smoke	Set up OCaml and OPAM	2025-09-27T21:21:07.3418725Z Get:5 http://azure.archive.ubuntu.com/ubuntu noble-security InRelease [126 kB]
l1-smoke	Set up OCaml and OPAM	2025-09-27T21:21:07.3915144Z Get:8 https://packages.microsoft.com/ubuntu/24.04/prod noble/main arm64 Packages [39.5 kB]
l1-smoke	Set up OCaml and OPAM	2025-09-27T21:21:07.4139882Z Get:9 https://packages.microsoft.com/ubuntu/24.04/prod noble/main amd64 Packages [57.1 kB]
l1-smoke	Set up OCaml and OPAM	2025-09-27T21:21:07.5032424Z Get:10 http://azure.archive.ubuntu.com/ubuntu noble-updates/main amd64 Packages [1443 kB]
l1-smoke	Set up OCaml and OPAM	2025-09-27T21:21:07.5109437Z Get:11 http://azure.archive.ubuntu.com/ubuntu noble-updates/main Translation-en [282 kB]
l1-smoke	Set up OCaml and OPAM	2025-09-27T21:21:07.5140866Z Get:12 http://azure.archive.ubuntu.com/ubuntu noble-updates/main amd64 Components [175 kB]
l1-smoke	Set up OCaml and OPAM	2025-09-27T21:21:07.5169661Z Get:13 http://azure.archive.ubuntu.com/ubuntu noble-updates/main amd64 c-n-f Metadata [15.3 kB]
l1-smoke	Set up OCaml and OPAM	2025-09-27T21:21:07.5177271Z Get:14 http://azure.archive.ubuntu.com/ubuntu noble-updates/universe amd64 Packages [1485 kB]
l1-smoke	Set up OCaml and OPAM	2025-09-27T21:21:07.5301075Z Get:15 http://azure.archive.ubuntu.com/ubuntu noble-updates/universe Translation-en [299 kB]
l1-smoke	Set up OCaml and OPAM	2025-09-27T21:21:07.5317237Z Get:16 http://azure.archive.ubuntu.com/ubuntu noble-updates/universe amd64 Components [377 kB]
l1-smoke	Set up OCaml and OPAM	2025-09-27T21:21:07.5354003Z Get:17 http://azure.archive.ubuntu.com/ubuntu noble-updates/universe amd64 c-n-f Metadata [31.0 kB]
l1-smoke	Set up OCaml and OPAM	2025-09-27T21:21:07.5361896Z Get:18 http://azure.archive.ubuntu.com/ubuntu noble-updates/restricted amd64 Packages [1957 kB]
l1-smoke	Set up OCaml and OPAM	2025-09-27T21:21:07.5473008Z Get:19 http://azure.archive.ubuntu.com/ubuntu noble-updates/restricted Translation-en [441 kB]
l1-smoke	Set up OCaml and OPAM	2025-09-27T21:21:07.5926930Z Get:20 http://azure.archive.ubuntu.com/ubuntu noble-updates/restricted amd64 Components [212 B]
l1-smoke	Set up OCaml and OPAM	2025-09-27T21:21:07.5937693Z Get:21 http://azure.archive.ubuntu.com/ubuntu noble-updates/multiverse amd64 Components [940 B]
l1-smoke	Set up OCaml and OPAM	2025-09-27T21:21:07.5952595Z Get:22 http://azure.archive.ubuntu.com/ubuntu noble-backports/main amd64 Components [7076 B]
l1-smoke	Set up OCaml and OPAM	2025-09-27T21:21:07.5963562Z Get:23 http://azure.archive.ubuntu.com/ubuntu noble-backports/universe amd64 Packages [28.9 kB]
l1-smoke	Set up OCaml and OPAM	2025-09-27T21:21:07.5973958Z Get:24 http://azure.archive.ubuntu.com/ubuntu noble-backports/universe amd64 Components [11.0 kB]
l1-smoke	Set up OCaml and OPAM	2025-09-27T21:21:07.5984122Z Get:25 http://azure.archive.ubuntu.com/ubuntu noble-backports/universe amd64 c-n-f Metadata [1444 B]
l1-smoke	Set up OCaml and OPAM	2025-09-27T21:21:07.5995577Z Get:26 http://azure.archive.ubuntu.com/ubuntu noble-backports/restricted amd64 Components [216 B]
l1-smoke	Set up OCaml and OPAM	2025-09-27T21:21:07.6006573Z Get:27 http://azure.archive.ubuntu.com/ubuntu noble-backports/multiverse amd64 Components [212 B]
l1-smoke	Set up OCaml and OPAM	2025-09-27T21:21:07.6183945Z Get:28 http://azure.archive.ubuntu.com/ubuntu noble-security/main amd64 Packages [1171 kB]
l1-smoke	Set up OCaml and OPAM	2025-09-27T21:21:07.6252066Z Get:29 http://azure.archive.ubuntu.com/ubuntu noble-security/main Translation-en [198 kB]
l1-smoke	Set up OCaml and OPAM	2025-09-27T21:21:07.6271104Z Get:30 http://azure.archive.ubuntu.com/ubuntu noble-security/main amd64 Components [21.6 kB]
l1-smoke	Set up OCaml and OPAM	2025-09-27T21:21:07.6284521Z Get:31 http://azure.archive.ubuntu.com/ubuntu noble-security/main amd64 c-n-f Metadata [8744 B]
l1-smoke	Set up OCaml and OPAM	2025-09-27T21:21:07.6295905Z Get:32 http://azure.archive.ubuntu.com/ubuntu noble-security/universe amd64 Packages [880 kB]
l1-smoke	Set up OCaml and OPAM	2025-09-27T21:21:07.6343910Z Get:33 http://azure.archive.ubuntu.com/ubuntu noble-security/universe Translation-en [195 kB]
l1-smoke	Set up OCaml and OPAM	2025-09-27T21:21:07.6798739Z Get:34 http://azure.archive.ubuntu.com/ubuntu noble-security/universe amd64 Components [52.3 kB]
l1-smoke	Set up OCaml and OPAM	2025-09-27T21:21:07.6811813Z Get:35 http://azure.archive.ubuntu.com/ubuntu noble-security/universe amd64 c-n-f Metadata [18.0 kB]
l1-smoke	Set up OCaml and OPAM	2025-09-27T21:21:07.6825136Z Get:36 http://azure.archive.ubuntu.com/ubuntu noble-security/restricted amd64 Packages [1872 kB]
l1-smoke	Set up OCaml and OPAM	2025-09-27T21:21:07.6917870Z Get:37 http://azure.archive.ubuntu.com/ubuntu noble-security/restricted Translation-en [423 kB]
l1-smoke	Set up OCaml and OPAM	2025-09-27T21:21:07.6950690Z Get:38 http://azure.archive.ubuntu.com/ubuntu noble-security/restricted amd64 Components [212 B]
l1-smoke	Set up OCaml and OPAM	2025-09-27T21:21:07.6961193Z Get:39 http://azure.archive.ubuntu.com/ubuntu noble-security/multiverse amd64 Components [212 B]
l1-smoke	Set up OCaml and OPAM	2025-09-27T21:21:16.7329825Z Fetched 11.9 MB in 2s (7665 kB/s)
l1-smoke	Set up OCaml and OPAM	2025-09-27T21:21:17.4970801Z Reading package lists...
l1-smoke	Set up OCaml and OPAM	2025-09-27T21:21:17.5306084Z Reading package lists...
l1-smoke	Set up OCaml and OPAM	2025-09-27T21:21:17.7314776Z Building dependency tree...
l1-smoke	Set up OCaml and OPAM	2025-09-27T21:21:17.7322706Z Reading state information...
l1-smoke	Set up OCaml and OPAM	2025-09-27T21:21:17.9133861Z mercurial is already the newest version (6.7.2-1ubuntu2.2).
l1-smoke	Set up OCaml and OPAM	2025-09-27T21:21:17.9134637Z rsync is already the newest version (3.2.7-1ubuntu1.2).
l1-smoke	Set up OCaml and OPAM	2025-09-27T21:21:17.9135490Z The following additional packages will be installed:
l1-smoke	Set up OCaml and OPAM	2025-09-27T21:21:17.9136418Z   g++-13-multilib gcc-13-multilib lib32asan8 lib32atomic1 lib32gcc-13-dev
l1-smoke	Set up OCaml and OPAM	2025-09-27T21:21:17.9137308Z   lib32gomp1 lib32itm1 lib32quadmath0 lib32stdc++-13-dev lib32ubsan1
l1-smoke	Set up OCaml and OPAM	2025-09-27T21:21:17.9140413Z   libc6-dev-i386 libc6-dev-x32 libc6-x32 libx32asan8 libx32atomic1
l1-smoke	Set up OCaml and OPAM	2025-09-27T21:21:17.9141384Z   libx32gcc-13-dev libx32gcc-s1 libx32gomp1 libx32itm1 libx32quadmath0
l1-smoke	Set up OCaml and OPAM	2025-09-27T21:21:17.9146055Z   libx32stdc++-13-dev libx32stdc++6 libx32ubsan1 musl musl-dev
l1-smoke	Set up OCaml and OPAM	2025-09-27T21:21:17.9157416Z Suggested packages:
l1-smoke	Set up OCaml and OPAM	2025-09-27T21:21:17.9157915Z   lib32stdc++6-13-dbg libx32stdc++6-13-dbg
l1-smoke	Set up OCaml and OPAM	2025-09-27T21:21:17.9768662Z The following NEW packages will be installed:
l1-smoke	Set up OCaml and OPAM	2025-09-27T21:21:17.9771476Z   bubblewrap g++-13-multilib g++-multilib gcc-13-multilib gcc-multilib
l1-smoke	Set up OCaml and OPAM	2025-09-27T21:21:17.9772324Z   lib32asan8 lib32atomic1 lib32gcc-13-dev lib32gomp1 lib32itm1 lib32quadmath0
l1-smoke	Set up OCaml and OPAM	2025-09-27T21:21:17.9776398Z   lib32stdc++-13-dev lib32ubsan1 libc6-dev-i386 libc6-dev-x32 libc6-x32
l1-smoke	Set up OCaml and OPAM	2025-09-27T21:21:17.9777241Z   libx32asan8 libx32atomic1 libx32gcc-13-dev libx32gcc-s1 libx32gomp1
l1-smoke	Set up OCaml and OPAM	2025-09-27T21:21:17.9778046Z   libx32itm1 libx32quadmath0 libx32stdc++-13-dev libx32stdc++6 libx32ubsan1
l1-smoke	Set up OCaml and OPAM	2025-09-27T21:21:17.9782107Z   musl musl-dev musl-tools
l1-smoke	Set up OCaml and OPAM	2025-09-27T21:21:17.9992953Z 0 upgraded, 29 newly installed, 0 to remove and 17 not upgraded.
l1-smoke	Set up OCaml and OPAM	2025-09-27T21:21:17.9993714Z Need to get 23.6 MB of archives.
l1-smoke	Set up OCaml and OPAM	2025-09-27T21:21:17.9994196Z After this operation, 94.1 MB of additional disk space will be used.
l1-smoke	Set up OCaml and OPAM	2025-09-27T21:21:17.9994791Z Get:1 file:/etc/apt/apt-mirrors.txt Mirrorlist [144 B]
l1-smoke	Set up OCaml and OPAM	2025-09-27T21:21:18.0849016Z Get:2 http://azure.archive.ubuntu.com/ubuntu noble-updates/main amd64 bubblewrap amd64 0.9.0-1ubuntu0.1 [50.2 kB]
l1-smoke	Set up OCaml and OPAM	2025-09-27T21:21:18.1511803Z Get:3 http://azure.archive.ubuntu.com/ubuntu noble-updates/main amd64 libc6-dev-i386 amd64 2.39-0ubuntu8.6 [1447 kB]
l1-smoke	Set up OCaml and OPAM	2025-09-27T21:21:18.3437353Z Get:4 http://azure.archive.ubuntu.com/ubuntu noble-updates/main amd64 libc6-x32 amd64 2.39-0ubuntu8.6 [2913 kB]
l1-smoke	Set up OCaml and OPAM	2025-09-27T21:21:18.6533857Z Get:5 http://azure.archive.ubuntu.com/ubuntu noble-updates/main amd64 libc6-dev-x32 amd64 2.39-0ubuntu8.6 [1637 kB]
l1-smoke	Set up OCaml and OPAM	2025-09-27T21:21:18.8489360Z Get:6 http://azure.archive.ubuntu.com/ubuntu noble-updates/main amd64 libx32gcc-s1 amd64 14.2.0-4ubuntu2~24.04 [78.5 kB]
l1-smoke	Set up OCaml and OPAM	2025-09-27T21:21:18.9133166Z Get:7 http://azure.archive.ubuntu.com/ubuntu noble-updates/main amd64 lib32gomp1 amd64 14.2.0-4ubuntu2~24.04 [141 kB]
l1-smoke	Set up OCaml and OPAM	2025-09-27T21:21:18.9826922Z Get:8 http://azure.archive.ubuntu.com/ubuntu noble-updates/main amd64 libx32gomp1 amd64 14.2.0-4ubuntu2~24.04 [145 kB]
l1-smoke	Set up OCaml and OPAM	2025-09-27T21:21:19.0515134Z Get:9 http://azure.archive.ubuntu.com/ubuntu noble-updates/main amd64 lib32itm1 amd64 14.2.0-4ubuntu2~24.04 [29.6 kB]
l1-smoke	Set up OCaml and OPAM	2025-09-27T21:21:19.1191846Z Get:10 http://azure.archive.ubuntu.com/ubuntu noble-updates/main amd64 libx32itm1 amd64 14.2.0-4ubuntu2~24.04 [29.8 kB]
l1-smoke	Set up OCaml and OPAM	2025-09-27T21:21:19.1879668Z Get:11 http://azure.archive.ubuntu.com/ubuntu noble-updates/main amd64 lib32atomic1 amd64 14.2.0-4ubuntu2~24.04 [8586 B]
l1-smoke	Set up OCaml and OPAM	2025-09-27T21:21:19.2556194Z Get:12 http://azure.archive.ubuntu.com/ubuntu noble-updates/main amd64 libx32atomic1 amd64 14.2.0-4ubuntu2~24.04 [10.3 kB]
l1-smoke	Set up OCaml and OPAM	2025-09-27T21:21:19.3377676Z Get:13 http://azure.archive.ubuntu.com/ubuntu noble-updates/main amd64 lib32asan8 amd64 14.2.0-4ubuntu2~24.04 [2879 kB]
l1-smoke	Set up OCaml and OPAM	2025-09-27T21:21:19.6805509Z Get:14 http://azure.archive.ubuntu.com/ubuntu noble-updates/main amd64 libx32asan8 amd64 14.2.0-4ubuntu2~24.04 [2893 kB]
l1-smoke	Set up OCaml and OPAM	2025-09-27T21:21:19.9498137Z Get:15 http://azure.archive.ubuntu.com/ubuntu noble-updates/main amd64 lib32ubsan1 amd64 14.2.0-4ubuntu2~24.04 [1150 kB]
l1-smoke	Set up OCaml and OPAM	2025-09-27T21:21:20.1736472Z Get:16 http://azure.archive.ubuntu.com/ubuntu noble-updates/main amd64 libx32stdc++6 amd64 14.2.0-4ubuntu2~24.04 [778 kB]
l1-smoke	Set up OCaml and OPAM	2025-09-27T21:21:20.3085668Z Get:17 http://azure.archive.ubuntu.com/ubuntu noble-updates/main amd64 libx32ubsan1 amd64 14.2.0-4ubuntu2~24.04 [1169 kB]
l1-smoke	Set up OCaml and OPAM	2025-09-27T21:21:20.5070541Z Get:18 http://azure.archive.ubuntu.com/ubuntu noble-updates/main amd64 lib32quadmath0 amd64 14.2.0-4ubuntu2~24.04 [227 kB]
l1-smoke	Set up OCaml and OPAM	2025-09-27T21:21:20.5847679Z Get:19 http://azure.archive.ubuntu.com/ubuntu noble-updates/main amd64 libx32quadmath0 amd64 14.2.0-4ubuntu2~24.04 [157 kB]
l1-smoke	Set up OCaml and OPAM	2025-09-27T21:21:20.6545948Z Get:20 http://azure.archive.ubuntu.com/ubuntu noble-updates/main amd64 lib32gcc-13-dev amd64 13.3.0-6ubuntu2~24.04 [2380 kB]
l1-smoke	Set up OCaml and OPAM	2025-09-27T21:21:20.8627979Z Get:21 http://azure.archive.ubuntu.com/ubuntu noble-updates/main amd64 libx32gcc-13-dev amd64 13.3.0-6ubuntu2~24.04 [2190 kB]
l1-smoke	Set up OCaml and OPAM	2025-09-27T21:21:21.1277774Z Get:22 http://azure.archive.ubuntu.com/ubuntu noble-updates/main amd64 gcc-13-multilib amd64 13.3.0-6ubuntu2~24.04 [878 B]
l1-smoke	Set up OCaml and OPAM	2025-09-27T21:21:21.1929917Z Get:23 http://azure.archive.ubuntu.com/ubuntu noble-updates/main amd64 lib32stdc++-13-dev amd64 13.3.0-6ubuntu2~24.04 [1150 kB]
l1-smoke	Set up OCaml and OPAM	2025-09-27T21:21:21.3831421Z Get:24 http://azure.archive.ubuntu.com/ubuntu noble-updates/main amd64 libx32stdc++-13-dev amd64 13.3.0-6ubuntu2~24.04 [1086 kB]
l1-smoke	Set up OCaml and OPAM	2025-09-27T21:21:21.5711277Z Get:25 http://azure.archive.ubuntu.com/ubuntu noble-updates/main amd64 g++-13-multilib amd64 13.3.0-6ubuntu2~24.04 [890 B]
l1-smoke	Set up OCaml and OPAM	2025-09-27T21:21:21.6352739Z Get:26 http://azure.archive.ubuntu.com/ubuntu noble/main amd64 gcc-multilib amd64 4:13.2.0-7ubuntu1 [1474 B]
l1-smoke	Set up OCaml and OPAM	2025-09-27T21:21:21.7006818Z Get:27 http://azure.archive.ubuntu.com/ubuntu noble/main amd64 g++-multilib amd64 4:13.2.0-7ubuntu1 [884 B]
l1-smoke	Set up OCaml and OPAM	2025-09-27T21:21:21.7651667Z Get:28 http://azure.archive.ubuntu.com/ubuntu noble/universe amd64 musl amd64 1.2.4-2 [416 kB]
l1-smoke	Set up OCaml and OPAM	2025-09-27T21:21:21.8916593Z Get:29 http://azure.archive.ubuntu.com/ubuntu noble/universe amd64 musl-dev amd64 1.2.4-2 [616 kB]
l1-smoke	Set up OCaml and OPAM	2025-09-27T21:21:22.0200310Z Get:30 http://azure.archive.ubuntu.com/ubuntu noble/universe amd64 musl-tools amd64 1.2.4-2 [5540 B]
l1-smoke	Set up OCaml and OPAM	2025-09-27T21:21:22.3148986Z Fetched 23.6 MB in 4s (5852 kB/s)
l1-smoke	Set up OCaml and OPAM	2025-09-27T21:21:22.3761344Z Selecting previously unselected package bubblewrap.
l1-smoke	Set up OCaml and OPAM	2025-09-27T21:21:22.4225539Z (Reading database ... 
l1-smoke	Set up OCaml and OPAM	2025-09-27T21:21:22.4226229Z (Reading database ... 5%
l1-smoke	Set up OCaml and OPAM	2025-09-27T21:21:22.4226523Z (Reading database ... 10%
l1-smoke	Set up OCaml and OPAM	2025-09-27T21:21:22.4226879Z (Reading database ... 15%
l1-smoke	Set up OCaml and OPAM	2025-09-27T21:21:22.4227248Z (Reading database ... 20%
l1-smoke	Set up OCaml and OPAM	2025-09-27T21:21:22.4227598Z (Reading database ... 25%
l1-smoke	Set up OCaml and OPAM	2025-09-27T21:21:22.4227944Z (Reading database ... 30%
l1-smoke	Set up OCaml and OPAM	2025-09-27T21:21:22.4228278Z (Reading database ... 35%
l1-smoke	Set up OCaml and OPAM	2025-09-27T21:21:22.4228849Z (Reading database ... 40%
l1-smoke	Set up OCaml and OPAM	2025-09-27T21:21:22.4229215Z (Reading database ... 45%
l1-smoke	Set up OCaml and OPAM	2025-09-27T21:21:22.4229577Z (Reading database ... 50%
l1-smoke	Set up OCaml and OPAM	2025-09-27T21:21:22.5585215Z (Reading database ... 55%
l1-smoke	Set up OCaml and OPAM	2025-09-27T21:21:23.1545683Z (Reading database ... 60%
l1-smoke	Set up OCaml and OPAM	2025-09-27T21:21:23.7152571Z (Reading database ... 65%
l1-smoke	Set up OCaml and OPAM	2025-09-27T21:21:24.2503294Z (Reading database ... 70%
l1-smoke	Set up OCaml and OPAM	2025-09-27T21:21:24.7971884Z (Reading database ... 75%
l1-smoke	Set up OCaml and OPAM	2025-09-27T21:21:25.3672504Z (Reading database ... 80%
l1-smoke	Set up OCaml and OPAM	2025-09-27T21:21:25.9809973Z (Reading database ... 85%
l1-smoke	Set up OCaml and OPAM	2025-09-27T21:21:26.6534353Z (Reading database ... 90%
l1-smoke	Set up OCaml and OPAM	2025-09-27T21:21:27.3164022Z (Reading database ... 95%
l1-smoke	Set up OCaml and OPAM	2025-09-27T21:21:27.3164634Z (Reading database ... 100%
l1-smoke	Set up OCaml and OPAM	2025-09-27T21:21:27.3165302Z (Reading database ... 214164 files and directories currently installed.)
l1-smoke	Set up OCaml and OPAM	2025-09-27T21:21:27.3210277Z Preparing to unpack .../00-bubblewrap_0.9.0-1ubuntu0.1_amd64.deb ...
l1-smoke	Set up OCaml and OPAM	2025-09-27T21:21:27.3256903Z Unpacking bubblewrap (0.9.0-1ubuntu0.1) ...
l1-smoke	Set up OCaml and OPAM	2025-09-27T21:21:27.3683117Z Selecting previously unselected package libc6-dev-i386.
l1-smoke	Set up OCaml and OPAM	2025-09-27T21:21:27.3814757Z Preparing to unpack .../01-libc6-dev-i386_2.39-0ubuntu8.6_amd64.deb ...
l1-smoke	Set up OCaml and OPAM	2025-09-27T21:21:27.3831951Z Unpacking libc6-dev-i386 (2.39-0ubuntu8.6) ...
l1-smoke	Set up OCaml and OPAM	2025-09-27T21:21:27.4740758Z Selecting previously unselected package libc6-x32.
l1-smoke	Set up OCaml and OPAM	2025-09-27T21:21:27.4877619Z Preparing to unpack .../02-libc6-x32_2.39-0ubuntu8.6_amd64.deb ...
l1-smoke	Set up OCaml and OPAM	2025-09-27T21:21:27.4997127Z Unpacking libc6-x32 (2.39-0ubuntu8.6) ...
l1-smoke	Set up OCaml and OPAM	2025-09-27T21:21:27.6184381Z Selecting previously unselected package libc6-dev-x32.
l1-smoke	Set up OCaml and OPAM	2025-09-27T21:21:27.6317050Z Preparing to unpack .../03-libc6-dev-x32_2.39-0ubuntu8.6_amd64.deb ...
l1-smoke	Set up OCaml and OPAM	2025-09-27T21:21:27.6334110Z Unpacking libc6-dev-x32 (2.39-0ubuntu8.6) ...
l1-smoke	Set up OCaml and OPAM	2025-09-27T21:21:27.7002963Z Selecting previously unselected package libx32gcc-s1.
l1-smoke	Set up OCaml and OPAM	2025-09-27T21:21:27.7135698Z Preparing to unpack .../04-libx32gcc-s1_14.2.0-4ubuntu2~24.04_amd64.deb ...
l1-smoke	Set up OCaml and OPAM	2025-09-27T21:21:27.7153399Z Unpacking libx32gcc-s1 (14.2.0-4ubuntu2~24.04) ...
l1-smoke	Set up OCaml and OPAM	2025-09-27T21:21:27.7452735Z Selecting previously unselected package lib32gomp1.
l1-smoke	Set up OCaml and OPAM	2025-09-27T21:21:27.7585453Z Preparing to unpack .../05-lib32gomp1_14.2.0-4ubuntu2~24.04_amd64.deb ...
l1-smoke	Set up OCaml and OPAM	2025-09-27T21:21:27.7603139Z Unpacking lib32gomp1 (14.2.0-4ubuntu2~24.04) ...
l1-smoke	Set up OCaml and OPAM	2025-09-27T21:21:27.7953628Z Selecting previously unselected package libx32gomp1.
l1-smoke	Set up OCaml and OPAM	2025-09-27T21:21:27.8087525Z Preparing to unpack .../06-libx32gomp1_14.2.0-4ubuntu2~24.04_amd64.deb ...
l1-smoke	Set up OCaml and OPAM	2025-09-27T21:21:27.8105884Z Unpacking libx32gomp1 (14.2.0-4ubuntu2~24.04) ...
l1-smoke	Set up OCaml and OPAM	2025-09-27T21:21:27.8450876Z Selecting previously unselected package lib32itm1.
l1-smoke	Set up OCaml and OPAM	2025-09-27T21:21:27.8584722Z Preparing to unpack .../07-lib32itm1_14.2.0-4ubuntu2~24.04_amd64.deb ...
l1-smoke	Set up OCaml and OPAM	2025-09-27T21:21:27.8611487Z Unpacking lib32itm1 (14.2.0-4ubuntu2~24.04) ...
l1-smoke	Set up OCaml and OPAM	2025-09-27T21:21:27.8955380Z Selecting previously unselected package libx32itm1.
l1-smoke	Set up OCaml and OPAM	2025-09-27T21:21:27.9088411Z Preparing to unpack .../08-libx32itm1_14.2.0-4ubuntu2~24.04_amd64.deb ...
l1-smoke	Set up OCaml and OPAM	2025-09-27T21:21:27.9109169Z Unpacking libx32itm1 (14.2.0-4ubuntu2~24.04) ...
l1-smoke	Set up OCaml and OPAM	2025-09-27T21:21:27.9441601Z Selecting previously unselected package lib32atomic1.
l1-smoke	Set up OCaml and OPAM	2025-09-27T21:21:27.9576802Z Preparing to unpack .../09-lib32atomic1_14.2.0-4ubuntu2~24.04_amd64.deb ...
l1-smoke	Set up OCaml and OPAM	2025-09-27T21:21:27.9599292Z Unpacking lib32atomic1 (14.2.0-4ubuntu2~24.04) ...
l1-smoke	Set up OCaml and OPAM	2025-09-27T21:21:27.9966487Z Selecting previously unselected package libx32atomic1.
l1-smoke	Set up OCaml and OPAM	2025-09-27T21:21:28.0101567Z Preparing to unpack .../10-libx32atomic1_14.2.0-4ubuntu2~24.04_amd64.deb ...
l1-smoke	Set up OCaml and OPAM	2025-09-27T21:21:28.0133514Z Unpacking libx32atomic1 (14.2.0-4ubuntu2~24.04) ...
l1-smoke	Set up OCaml and OPAM	2025-09-27T21:21:28.0413766Z Selecting previously unselected package lib32asan8.
l1-smoke	Set up OCaml and OPAM	2025-09-27T21:21:28.0546618Z Preparing to unpack .../11-lib32asan8_14.2.0-4ubuntu2~24.04_amd64.deb ...
l1-smoke	Set up OCaml and OPAM	2025-09-27T21:21:28.0565719Z Unpacking lib32asan8 (14.2.0-4ubuntu2~24.04) ...
l1-smoke	Set up OCaml and OPAM	2025-09-27T21:21:28.1308256Z Selecting previously unselected package libx32asan8.
l1-smoke	Set up OCaml and OPAM	2025-09-27T21:21:28.1440531Z Preparing to unpack .../12-libx32asan8_14.2.0-4ubuntu2~24.04_amd64.deb ...
l1-smoke	Set up OCaml and OPAM	2025-09-27T21:21:28.1466124Z Unpacking libx32asan8 (14.2.0-4ubuntu2~24.04) ...
l1-smoke	Set up OCaml and OPAM	2025-09-27T21:21:28.2170157Z Selecting previously unselected package lib32ubsan1.
l1-smoke	Set up OCaml and OPAM	2025-09-27T21:21:28.2304158Z Preparing to unpack .../13-lib32ubsan1_14.2.0-4ubuntu2~24.04_amd64.deb ...
l1-smoke	Set up OCaml and OPAM	2025-09-27T21:21:28.2319540Z Unpacking lib32ubsan1 (14.2.0-4ubuntu2~24.04) ...
l1-smoke	Set up OCaml and OPAM	2025-09-27T21:21:28.2756605Z Selecting previously unselected package libx32stdc++6.
l1-smoke	Set up OCaml and OPAM	2025-09-27T21:21:28.2889313Z Preparing to unpack .../14-libx32stdc++6_14.2.0-4ubuntu2~24.04_amd64.deb ...
l1-smoke	Set up OCaml and OPAM	2025-09-27T21:21:28.2906169Z Unpacking libx32stdc++6 (14.2.0-4ubuntu2~24.04) ...
l1-smoke	Set up OCaml and OPAM	2025-09-27T21:21:28.3276251Z Selecting previously unselected package libx32ubsan1.
l1-smoke	Set up OCaml and OPAM	2025-09-27T21:21:28.3407968Z Preparing to unpack .../15-libx32ubsan1_14.2.0-4ubuntu2~24.04_amd64.deb ...
l1-smoke	Set up OCaml and OPAM	2025-09-27T21:21:28.3422322Z Unpacking libx32ubsan1 (14.2.0-4ubuntu2~24.04) ...
l1-smoke	Set up OCaml and OPAM	2025-09-27T21:21:28.3881075Z Selecting previously unselected package lib32quadmath0.
l1-smoke	Set up OCaml and OPAM	2025-09-27T21:21:28.4012747Z Preparing to unpack .../16-lib32quadmath0_14.2.0-4ubuntu2~24.04_amd64.deb ...
l1-smoke	Set up OCaml and OPAM	2025-09-27T21:21:28.4039869Z Unpacking lib32quadmath0 (14.2.0-4ubuntu2~24.04) ...
l1-smoke	Set up OCaml and OPAM	2025-09-27T21:21:28.4335596Z Selecting previously unselected package libx32quadmath0.
l1-smoke	Set up OCaml and OPAM	2025-09-27T21:21:28.4467166Z Preparing to unpack .../17-libx32quadmath0_14.2.0-4ubuntu2~24.04_amd64.deb ...
l1-smoke	Set up OCaml and OPAM	2025-09-27T21:21:28.4485350Z Unpacking libx32quadmath0 (14.2.0-4ubuntu2~24.04) ...
l1-smoke	Set up OCaml and OPAM	2025-09-27T21:21:28.4759383Z Selecting previously unselected package lib32gcc-13-dev.
l1-smoke	Set up OCaml and OPAM	2025-09-27T21:21:28.4899991Z Preparing to unpack .../18-lib32gcc-13-dev_13.3.0-6ubuntu2~24.04_amd64.deb ...
l1-smoke	Set up OCaml and OPAM	2025-09-27T21:21:28.4924968Z Unpacking lib32gcc-13-dev (13.3.0-6ubuntu2~24.04) ...
l1-smoke	Set up OCaml and OPAM	2025-09-27T21:21:28.5507257Z Selecting previously unselected package libx32gcc-13-dev.
l1-smoke	Set up OCaml and OPAM	2025-09-27T21:21:28.5639659Z Preparing to unpack .../19-libx32gcc-13-dev_13.3.0-6ubuntu2~24.04_amd64.deb ...
l1-smoke	Set up OCaml and OPAM	2025-09-27T21:21:28.5653426Z Unpacking libx32gcc-13-dev (13.3.0-6ubuntu2~24.04) ...
l1-smoke	Set up OCaml and OPAM	2025-09-27T21:21:28.6202210Z Selecting previously unselected package gcc-13-multilib.
l1-smoke	Set up OCaml and OPAM	2025-09-27T21:21:28.6333668Z Preparing to unpack .../20-gcc-13-multilib_13.3.0-6ubuntu2~24.04_amd64.deb ...
l1-smoke	Set up OCaml and OPAM	2025-09-27T21:21:28.6354218Z Unpacking gcc-13-multilib (13.3.0-6ubuntu2~24.04) ...
l1-smoke	Set up OCaml and OPAM	2025-09-27T21:21:28.6583520Z Selecting previously unselected package lib32stdc++-13-dev.
l1-smoke	Set up OCaml and OPAM	2025-09-27T21:21:28.6714829Z Preparing to unpack .../21-lib32stdc++-13-dev_13.3.0-6ubuntu2~24.04_amd64.deb ...
l1-smoke	Set up OCaml and OPAM	2025-09-27T21:21:28.6743410Z Unpacking lib32stdc++-13-dev (13.3.0-6ubuntu2~24.04) ...
l1-smoke	Set up OCaml and OPAM	2025-09-27T21:21:28.7404323Z Selecting previously unselected package libx32stdc++-13-dev.
l1-smoke	Set up OCaml and OPAM	2025-09-27T21:21:28.7537408Z Preparing to unpack .../22-libx32stdc++-13-dev_13.3.0-6ubuntu2~24.04_amd64.deb ...
l1-smoke	Set up OCaml and OPAM	2025-09-27T21:21:28.7552110Z Unpacking libx32stdc++-13-dev (13.3.0-6ubuntu2~24.04) ...
l1-smoke	Set up OCaml and OPAM	2025-09-27T21:21:28.8079980Z Selecting previously unselected package g++-13-multilib.
l1-smoke	Set up OCaml and OPAM	2025-09-27T21:21:28.8213853Z Preparing to unpack .../23-g++-13-multilib_13.3.0-6ubuntu2~24.04_amd64.deb ...
l1-smoke	Set up OCaml and OPAM	2025-09-27T21:21:28.8238178Z Unpacking g++-13-multilib (13.3.0-6ubuntu2~24.04) ...
l1-smoke	Set up OCaml and OPAM	2025-09-27T21:21:28.8473983Z Selecting previously unselected package gcc-multilib.
l1-smoke	Set up OCaml and OPAM	2025-09-27T21:21:28.8607667Z Preparing to unpack .../24-gcc-multilib_4%3a13.2.0-7ubuntu1_amd64.deb ...
l1-smoke	Set up OCaml and OPAM	2025-09-27T21:21:28.8630557Z Unpacking gcc-multilib (4:13.2.0-7ubuntu1) ...
l1-smoke	Set up OCaml and OPAM	2025-09-27T21:21:28.8872787Z Selecting previously unselected package g++-multilib.
l1-smoke	Set up OCaml and OPAM	2025-09-27T21:21:28.9004369Z Preparing to unpack .../25-g++-multilib_4%3a13.2.0-7ubuntu1_amd64.deb ...
l1-smoke	Set up OCaml and OPAM	2025-09-27T21:21:28.9028653Z Unpacking g++-multilib (4:13.2.0-7ubuntu1) ...
l1-smoke	Set up OCaml and OPAM	2025-09-27T21:21:28.9286796Z Selecting previously unselected package musl:amd64.
l1-smoke	Set up OCaml and OPAM	2025-09-27T21:21:28.9421188Z Preparing to unpack .../26-musl_1.2.4-2_amd64.deb ...
l1-smoke	Set up OCaml and OPAM	2025-09-27T21:21:28.9436570Z Unpacking musl:amd64 (1.2.4-2) ...
l1-smoke	Set up OCaml and OPAM	2025-09-27T21:21:28.9854548Z Selecting previously unselected package musl-dev:amd64.
l1-smoke	Set up OCaml and OPAM	2025-09-27T21:21:28.9989278Z Preparing to unpack .../27-musl-dev_1.2.4-2_amd64.deb ...
l1-smoke	Set up OCaml and OPAM	2025-09-27T21:21:29.0014696Z Unpacking musl-dev:amd64 (1.2.4-2) ...
l1-smoke	Set up OCaml and OPAM	2025-09-27T21:21:29.0748576Z Selecting previously unselected package musl-tools.
l1-smoke	Set up OCaml and OPAM	2025-09-27T21:21:29.0884803Z Preparing to unpack .../28-musl-tools_1.2.4-2_amd64.deb ...
l1-smoke	Set up OCaml and OPAM	2025-09-27T21:21:29.0897717Z Unpacking musl-tools (1.2.4-2) ...
l1-smoke	Set up OCaml and OPAM	2025-09-27T21:21:29.1527233Z Setting up bubblewrap (0.9.0-1ubuntu0.1) ...
l1-smoke	Set up OCaml and OPAM	2025-09-27T21:21:29.1603343Z Setting up libc6-dev-i386 (2.39-0ubuntu8.6) ...
l1-smoke	Set up OCaml and OPAM	2025-09-27T21:21:29.1628890Z Setting up lib32itm1 (14.2.0-4ubuntu2~24.04) ...
l1-smoke	Set up OCaml and OPAM	2025-09-27T21:21:29.1655381Z Setting up lib32ubsan1 (14.2.0-4ubuntu2~24.04) ...
l1-smoke	Set up OCaml and OPAM	2025-09-27T21:21:29.1682065Z Setting up libc6-x32 (2.39-0ubuntu8.6) ...
l1-smoke	Set up OCaml and OPAM	2025-09-27T21:21:29.1731757Z Setting up libc6-dev-x32 (2.39-0ubuntu8.6) ...
l1-smoke	Set up OCaml and OPAM	2025-09-27T21:21:29.1757934Z Setting up lib32gomp1 (14.2.0-4ubuntu2~24.04) ...
l1-smoke	Set up OCaml and OPAM	2025-09-27T21:21:29.1785968Z Setting up lib32asan8 (14.2.0-4ubuntu2~24.04) ...
l1-smoke	Set up OCaml and OPAM	2025-09-27T21:21:29.1814302Z Setting up libx32gomp1 (14.2.0-4ubuntu2~24.04) ...
l1-smoke	Set up OCaml and OPAM	2025-09-27T21:21:29.1840639Z Setting up musl:amd64 (1.2.4-2) ...
l1-smoke	Set up OCaml and OPAM	2025-09-27T21:21:29.1891480Z Setting up lib32quadmath0 (14.2.0-4ubuntu2~24.04) ...
l1-smoke	Set up OCaml and OPAM	2025-09-27T21:21:29.1918944Z Setting up libx32quadmath0 (14.2.0-4ubuntu2~24.04) ...
l1-smoke	Set up OCaml and OPAM	2025-09-27T21:21:29.1948171Z Setting up lib32atomic1 (14.2.0-4ubuntu2~24.04) ...
l1-smoke	Set up OCaml and OPAM	2025-09-27T21:21:29.1977102Z Setting up libx32atomic1 (14.2.0-4ubuntu2~24.04) ...
l1-smoke	Set up OCaml and OPAM	2025-09-27T21:21:29.2007326Z Setting up libx32gcc-s1 (14.2.0-4ubuntu2~24.04) ...
l1-smoke	Set up OCaml and OPAM	2025-09-27T21:21:29.2036181Z Setting up libx32itm1 (14.2.0-4ubuntu2~24.04) ...
l1-smoke	Set up OCaml and OPAM	2025-09-27T21:21:29.2062707Z Setting up libx32asan8 (14.2.0-4ubuntu2~24.04) ...
l1-smoke	Set up OCaml and OPAM	2025-09-27T21:21:29.2090354Z Setting up musl-dev:amd64 (1.2.4-2) ...
l1-smoke	Set up OCaml and OPAM	2025-09-27T21:21:29.2129156Z Setting up libx32stdc++6 (14.2.0-4ubuntu2~24.04) ...
l1-smoke	Set up OCaml and OPAM	2025-09-27T21:21:29.2156480Z Setting up libx32ubsan1 (14.2.0-4ubuntu2~24.04) ...
l1-smoke	Set up OCaml and OPAM	2025-09-27T21:21:29.2186334Z Setting up lib32gcc-13-dev (13.3.0-6ubuntu2~24.04) ...
l1-smoke	Set up OCaml and OPAM	2025-09-27T21:21:29.2213470Z Setting up musl-tools (1.2.4-2) ...
l1-smoke	Set up OCaml and OPAM	2025-09-27T21:21:29.2240075Z Setting up libx32gcc-13-dev (13.3.0-6ubuntu2~24.04) ...
l1-smoke	Set up OCaml and OPAM	2025-09-27T21:21:29.2265522Z Setting up gcc-13-multilib (13.3.0-6ubuntu2~24.04) ...
l1-smoke	Set up OCaml and OPAM	2025-09-27T21:21:29.2292552Z Setting up lib32stdc++-13-dev (13.3.0-6ubuntu2~24.04) ...
l1-smoke	Set up OCaml and OPAM	2025-09-27T21:21:29.2319301Z Setting up gcc-multilib (4:13.2.0-7ubuntu1) ...
l1-smoke	Set up OCaml and OPAM	2025-09-27T21:21:29.2350007Z Setting up libx32stdc++-13-dev (13.3.0-6ubuntu2~24.04) ...
l1-smoke	Set up OCaml and OPAM	2025-09-27T21:21:29.2379025Z Setting up g++-13-multilib (13.3.0-6ubuntu2~24.04) ...
l1-smoke	Set up OCaml and OPAM	2025-09-27T21:21:29.2412254Z Setting up g++-multilib (4:13.2.0-7ubuntu1) ...
l1-smoke	Set up OCaml and OPAM	2025-09-27T21:21:29.2447511Z Processing triggers for libc-bin (2.39-0ubuntu8.6) ...
l1-smoke	Set up OCaml and OPAM	2025-09-27T21:21:29.3315783Z Processing triggers for man-db (2.12.0-4build2) ...
l1-smoke	Set up OCaml and OPAM	2025-09-27T21:23:00.9820613Z 
l1-smoke	Set up OCaml and OPAM	2025-09-27T21:23:00.9823159Z Running kernel seems to be up-to-date.
l1-smoke	Set up OCaml and OPAM	2025-09-27T21:23:00.9823615Z 
l1-smoke	Set up OCaml and OPAM	2025-09-27T21:23:00.9823791Z Restarting services...
l1-smoke	Set up OCaml and OPAM	2025-09-27T21:23:00.9891744Z 
l1-smoke	Set up OCaml and OPAM	2025-09-27T21:23:00.9892200Z Service restarts being deferred:
l1-smoke	Set up OCaml and OPAM	2025-09-27T21:23:00.9896009Z  systemctl restart hosted-compute-agent.service
l1-smoke	Set up OCaml and OPAM	2025-09-27T21:23:00.9896379Z 
l1-smoke	Set up OCaml and OPAM	2025-09-27T21:23:00.9896623Z No containers need to be restarted.
l1-smoke	Set up OCaml and OPAM	2025-09-27T21:23:00.9896891Z 
l1-smoke	Set up OCaml and OPAM	2025-09-27T21:23:00.9897083Z No user sessions are running outdated binaries.
l1-smoke	Set up OCaml and OPAM	2025-09-27T21:23:00.9897418Z 
l1-smoke	Set up OCaml and OPAM	2025-09-27T21:23:00.9897656Z No VM guests are running outdated hypervisor (qemu) binaries on this host.
l1-smoke	Set up OCaml and OPAM	2025-09-27T21:23:02.0014421Z ##[group]Run mkdir -p "$HOME/.github-tools"
l1-smoke	Set up OCaml and OPAM	2025-09-27T21:23:02.0014832Z [36;1mmkdir -p "$HOME/.github-tools"[0m
l1-smoke	Set up OCaml and OPAM	2025-09-27T21:23:02.0015074Z [36;1m{[0m
l1-smoke	Set up OCaml and OPAM	2025-09-27T21:23:02.0015277Z [36;1m  printf '%s\n' '#!/usr/bin/env bash'[0m
l1-smoke	Set up OCaml and OPAM	2025-09-27T21:23:02.0015580Z [36;1m  printf '%s\n' 'if [[ "$1" == "apt-get" ]]; then'[0m
l1-smoke	Set up OCaml and OPAM	2025-09-27T21:23:02.0016056Z [36;1m  printf '%s\n' '  args=()'[0m
l1-smoke	Set up OCaml and OPAM	2025-09-27T21:23:02.0016331Z [36;1m  printf '%s\n' '  install_seen=false'[0m
l1-smoke	Set up OCaml and OPAM	2025-09-27T21:23:02.0016608Z [36;1m  printf '%s\n' '  for arg in "$@"; do'[0m
l1-smoke	Set up OCaml and OPAM	2025-09-27T21:23:02.0016908Z [36;1m  printf '%s\n' '    if [[ "$arg" == "install" ]]; then'[0m
l1-smoke	Set up OCaml and OPAM	2025-09-27T21:23:02.0017222Z [36;1m  printf '%s\n' '      install_seen=true'[0m
l1-smoke	Set up OCaml and OPAM	2025-09-27T21:23:02.0017478Z [36;1m  printf '%s\n' '    fi'[0m
l1-smoke	Set up OCaml and OPAM	2025-09-27T21:23:02.0017786Z [36;1m  printf '%s\n' '    if [[ "$install_seen" == true && "$arg" == "darcs" ]]; then'[0m
l1-smoke	Set up OCaml and OPAM	2025-09-27T21:23:02.0018130Z [36;1m  printf '%s\n' '      continue'[0m
l1-smoke	Set up OCaml and OPAM	2025-09-27T21:23:02.0018374Z [36;1m  printf '%s\n' '    fi'[0m
l1-smoke	Set up OCaml and OPAM	2025-09-27T21:23:02.0019075Z [36;1m  printf '%s\n' '    args+=("$arg")'[0m
l1-smoke	Set up OCaml and OPAM	2025-09-27T21:23:02.0019330Z [36;1m  printf '%s\n' '  done'[0m
l1-smoke	Set up OCaml and OPAM	2025-09-27T21:23:02.0019593Z [36;1m  printf '%s\n' '  exec /usr/bin/sudo "${args[@]}"'[0m
l1-smoke	Set up OCaml and OPAM	2025-09-27T21:23:02.0019869Z [36;1m  printf '%s\n' 'fi'[0m
l1-smoke	Set up OCaml and OPAM	2025-09-27T21:23:02.0020114Z [36;1m  printf '%s\n' 'exec /usr/bin/sudo "$@"'[0m
l1-smoke	Set up OCaml and OPAM	2025-09-27T21:23:02.0020385Z [36;1m} > "$HOME/.github-tools/sudo"[0m
l1-smoke	Set up OCaml and OPAM	2025-09-27T21:23:02.0020646Z [36;1mchmod +x "$HOME/.github-tools/sudo"[0m
l1-smoke	Set up OCaml and OPAM	2025-09-27T21:23:02.0020953Z [36;1mecho "PATH=$HOME/.github-tools:$PATH" >> "$GITHUB_ENV"[0m
l1-smoke	Set up OCaml and OPAM	2025-09-27T21:23:02.0054763Z shell: /usr/bin/bash --noprofile --norc -e -o pipefail {0}
l1-smoke	Set up OCaml and OPAM	2025-09-27T21:23:02.0055098Z ##[endgroup]
l1-smoke	Set up OCaml and OPAM	2025-09-27T21:23:02.0200775Z ##[group]Run ocaml/setup-ocaml@v2
l1-smoke	Set up OCaml and OPAM	2025-09-27T21:23:02.0201019Z with:
l1-smoke	Set up OCaml and OPAM	2025-09-27T21:23:02.0201204Z   ocaml-compiler: 4.14.1
l1-smoke	Set up OCaml and OPAM	2025-09-27T21:23:02.0201433Z   allow-prerelease-opam: false
l1-smoke	Set up OCaml and OPAM	2025-09-27T21:23:02.0201655Z   opam-pin: true
l1-smoke	Set up OCaml and OPAM	2025-09-27T21:23:02.0201839Z   opam-depext: false
l1-smoke	Set up OCaml and OPAM	2025-09-27T21:23:02.0202034Z   opam-local-packages: *.opam
l1-smoke	Set up OCaml and OPAM	2025-09-27T21:23:02.0202270Z   opam-disable-sandboxing: false
l1-smoke	Set up OCaml and OPAM	2025-09-27T21:23:02.0202488Z   dune-cache: false
l1-smoke	Set up OCaml and OPAM	2025-09-27T21:23:02.0202669Z   cache-prefix: v1
l1-smoke	Set up OCaml and OPAM	2025-09-27T21:23:02.0203112Z   github-token: ***
l1-smoke	Set up OCaml and OPAM	2025-09-27T21:23:02.0203312Z env:
l1-smoke	Set up OCaml and OPAM	2025-09-27T21:23:02.0204266Z   PATH: /home/runner/.github-tools:/snap/bin:/home/runner/.local/bin:/opt/pipx_bin:/home/runner/.cargo/bin:/home/runner/.config/composer/vendor/bin:/usr/local/.ghcup/bin:/home/runner/.dotnet/tools:/usr/local/sbin:/usr/local/bin:/usr/sbin:/usr/bin:/sbin:/bin:/usr/games:/usr/local/games:/snap/bin
l1-smoke	Set up OCaml and OPAM	2025-09-27T21:23:02.0205307Z ##[endgroup]
l1-smoke	Set up OCaml and OPAM	2025-09-27T21:23:02.2017835Z ##[group]Retrieve the opam cache
l1-smoke	Set up OCaml and OPAM	2025-09-27T21:23:03.2841600Z ##[warning]Failed to restore: Cache service responded with 400
l1-smoke	Set up OCaml and OPAM	2025-09-27T21:23:03.2843281Z Cache not found for input keys: v1-setup-ocaml-opam-2.1.6-sandbox-linux-24.04-x86_64-ocaml_base_compiler_4_14_1-2025-39, v1-setup-ocaml-opam-2.1.6-sandbox-linux-24.04-x86_64-ocaml_base_compiler_4_14_1-2025-39, v1-setup-ocaml-opam-2.1.6-sandbox-linux-24.04-x86_64-ocaml_base_compiler_4_14_1-2025-, v1-setup-ocaml-opam-2.1.6-sandbox-linux-24.04-x86_64-ocaml_base_compiler_4_14_1-
l1-smoke	Set up OCaml and OPAM	2025-09-27T21:23:03.2844645Z ##[endgroup]
l1-smoke	Set up OCaml and OPAM	2025-09-27T21:23:03.2845001Z ##[group]Install opam
l1-smoke	Set up OCaml and OPAM	2025-09-27T21:23:04.3107179Z Acquired 2.1.6 from https://github.com/ocaml/opam/releases/download/2.1.6/opam-2.1.6-x86_64-linux
l1-smoke	Set up OCaml and OPAM	2025-09-27T21:23:04.3198709Z Successfully cached opam to /opt/hostedtoolcache/opam/2.1.6/x86_64
l1-smoke	Set up OCaml and OPAM	2025-09-27T21:23:04.3201549Z Added opam to the path
l1-smoke	Set up OCaml and OPAM	2025-09-27T21:23:04.3202559Z ##[endgroup]
l1-smoke	Set up OCaml and OPAM	2025-09-27T21:23:04.3203182Z ##[group]Initialise the opam state
l1-smoke	Set up OCaml and OPAM	2025-09-27T21:23:04.3223748Z [command]/home/runner/.github-tools/sudo apt-get --yes install bubblewrap darcs g++-multilib gcc-multilib mercurial musl-tools rsync
l1-smoke	Set up OCaml and OPAM	2025-09-27T21:23:04.3481763Z Reading package lists...
l1-smoke	Set up OCaml and OPAM	2025-09-27T21:23:04.5545293Z Building dependency tree...
l1-smoke	Set up OCaml and OPAM	2025-09-27T21:23:04.5553058Z Reading state information...
l1-smoke	Set up OCaml and OPAM	2025-09-27T21:23:04.7749384Z bubblewrap is already the newest version (0.9.0-1ubuntu0.1).
l1-smoke	Set up OCaml and OPAM	2025-09-27T21:23:04.7750137Z g++-multilib is already the newest version (4:13.2.0-7ubuntu1).
l1-smoke	Set up OCaml and OPAM	2025-09-27T21:23:04.7750771Z gcc-multilib is already the newest version (4:13.2.0-7ubuntu1).
l1-smoke	Set up OCaml and OPAM	2025-09-27T21:23:04.7751793Z mercurial is already the newest version (6.7.2-1ubuntu2.2).
l1-smoke	Set up OCaml and OPAM	2025-09-27T21:23:04.7752373Z musl-tools is already the newest version (1.2.4-2).
l1-smoke	Set up OCaml and OPAM	2025-09-27T21:23:04.7752913Z rsync is already the newest version (3.2.7-1ubuntu1.2).
l1-smoke	Set up OCaml and OPAM	2025-09-27T21:23:04.7753509Z 0 upgraded, 0 newly installed, 0 to remove and 17 not upgraded.
l1-smoke	Set up OCaml and OPAM	2025-09-27T21:23:04.7786305Z [command]/opt/hostedtoolcache/opam/2.1.6/x86_64/opam init --auto-setup --bare --enable-shell-hook
l1-smoke	Set up OCaml and OPAM	2025-09-27T21:23:04.7927290Z No configuration file found, using built-in defaults.
l1-smoke	Set up OCaml and OPAM	2025-09-27T21:23:04.7931088Z Checking for available remotes: rsync and local, git, mercurial.
l1-smoke	Set up OCaml and OPAM	2025-09-27T21:23:04.7932215Z   - you won't be able to use darcs repositories unless you install the [01mdarcs[0m command on your system.
l1-smoke	Set up OCaml and OPAM	2025-09-27T21:23:04.7932638Z 
l1-smoke	Set up OCaml and OPAM	2025-09-27T21:23:04.8112553Z [31m[ERROR][0m Sandboxing is not working on your platform ubuntu:
l1-smoke	Set up OCaml and OPAM	2025-09-27T21:23:04.8114419Z         "~/.opam/opam-init/hooks/sandbox.sh build sh -c echo SUCCESS >$TMPDIR/opam-sandbox-check-out && cat $TMPDIR/opam-sandbox-check-out; rm -f $TMPDIR/opam-sandbox-check-out" exited with code 1 "bwrap: loopback: Failed RTM_NEWADDR: Operation not permitted"
l1-smoke	Set up OCaml and OPAM	2025-09-27T21:23:04.8116474Z Do you want to disable it?  Note that this will result in less secure package builds, so please ensure that you have some other isolation mechanisms in place (such as running within a container or virtual machine). [y/N] y
l1-smoke	Set up OCaml and OPAM	2025-09-27T21:23:04.8118178Z 
l1-smoke	Set up OCaml and OPAM	2025-09-27T21:23:04.8119108Z [36m<><>[0m [01mFetching repository information[0m [36m><><><><><><><><><><><><><><><><><><><><><>[0m
l1-smoke	Set up OCaml and OPAM	2025-09-27T21:23:07.9820780Z [[32mdefault[0m] Initialised
l1-smoke	Set up OCaml and OPAM	2025-09-27T21:23:20.1137263Z 
l1-smoke	Set up OCaml and OPAM	2025-09-27T21:23:20.1138135Z User configuration:
l1-smoke	Set up OCaml and OPAM	2025-09-27T21:23:20.1190518Z   Updating ~/.bash_profile.
l1-smoke	Set up OCaml and OPAM	2025-09-27T21:23:20.1191443Z [1;34m[NOTE][0m Make sure that ~/.bash_profile is well [04msourced[0m in your ~/.bashrc.
l1-smoke	Set up OCaml and OPAM	2025-09-27T21:23:20.1191796Z 
l1-smoke	Set up OCaml and OPAM	2025-09-27T21:23:21.3363669Z ##[endgroup]
l1-smoke	Set up OCaml and OPAM	2025-09-27T21:23:21.3364478Z ##[group]Remove the opam repositories
l1-smoke	Set up OCaml and OPAM	2025-09-27T21:23:21.3406818Z [command]/opt/hostedtoolcache/opam/2.1.6/x86_64/opam repository list --all-switches --short
l1-smoke	Set up OCaml and OPAM	2025-09-27T21:23:21.3961284Z default
l1-smoke	Set up OCaml and OPAM	2025-09-27T21:23:21.3991779Z [command]/opt/hostedtoolcache/opam/2.1.6/x86_64/opam repository remove default --all-switches
l1-smoke	Set up OCaml and OPAM	2025-09-27T21:23:21.4613976Z ##[endgroup]
l1-smoke	Set up OCaml and OPAM	2025-09-27T21:23:21.4615563Z ##[group]Initialise the opam repositories
l1-smoke	Set up OCaml and OPAM	2025-09-27T21:23:21.4631525Z [command]/opt/hostedtoolcache/opam/2.1.6/x86_64/opam repository add default https://github.com/ocaml/opam-repository.git --all-switches --set-default
l1-smoke	Set up OCaml and OPAM	2025-09-27T21:23:58.4025398Z [[32mdefault[0m] Initialised
l1-smoke	Set up OCaml and OPAM	2025-09-27T21:24:09.7679077Z ##[endgroup]
l1-smoke	Set up OCaml and OPAM	2025-09-27T21:24:10.0439862Z ##[group]Install OCaml
l1-smoke	Set up OCaml and OPAM	2025-09-27T21:24:10.0452957Z [command]/opt/hostedtoolcache/opam/2.1.6/x86_64/opam switch create . --no-install --packages ocaml-base-compiler.4.14.1
l1-smoke	Set up OCaml and OPAM	2025-09-27T21:24:10.2525920Z 
l1-smoke	Set up OCaml and OPAM	2025-09-27T21:24:10.2527225Z [36m<><>[0m [01mInstalling new switch packages[0m [36m<><><><><><><><><><><><><><><><><><><><><><>[0m
l1-smoke	Set up OCaml and OPAM	2025-09-27T21:24:10.2527884Z Switch invariant: ["ocaml-base-compiler" {= "4.14.1"}]
l1-smoke	Set up OCaml and OPAM	2025-09-27T21:24:14.4416393Z 
l1-smoke	Set up OCaml and OPAM	2025-09-27T21:24:14.4417370Z [36m<><>[0m [01mProcessing actions[0m [36m<><><><><><><><><><><><><><><><><><><><><><><><><><><><>[0m
l1-smoke	Set up OCaml and OPAM	2025-09-27T21:24:16.9639767Z [32mâ[0m installed [01mbase-bigarray[0m.base
l1-smoke	Set up OCaml and OPAM	2025-09-27T21:24:16.9647220Z [32mâ[0m installed [01mbase-threads[0m.base
l1-smoke	Set up OCaml and OPAM	2025-09-27T21:24:16.9655265Z [32mâ[0m installed [01mbase-unix[0m.base
l1-smoke	Set up OCaml and OPAM	2025-09-27T21:24:16.9663392Z [32mâ[0m installed [01mocaml-options-vanilla[0m.1
l1-smoke	Set up OCaml and OPAM	2025-09-27T21:24:17.1565624Z [36mâ¬[0m retrieved [01mocaml-config[0m.2  (2 extra sources)
l1-smoke	Set up OCaml and OPAM	2025-09-27T21:24:17.6445525Z [36mâ¬[0m retrieved [01mocaml-base-compiler[0m.4.14.1  (https://github.com/ocaml/ocaml/archive/4.14.1.tar.gz)
l1-smoke	Set up OCaml and OPAM	2025-09-27T21:26:50.0530311Z [32mâ[0m installed [01mocaml-base-compiler[0m.4.14.1
l1-smoke	Set up OCaml and OPAM	2025-09-27T21:26:50.0709417Z [32mâ[0m installed [01mocaml-config[0m.2
l1-smoke	Set up OCaml and OPAM	2025-09-27T21:26:50.1218315Z [32mâ[0m installed [01mocaml[0m.4.14.1
l1-smoke	Set up OCaml and OPAM	2025-09-27T21:26:50.5014929Z Done.
l1-smoke	Set up OCaml and OPAM	2025-09-27T21:26:50.5018212Z # Run [01meval $(opam env)[0m to update the current shell environment
l1-smoke	Set up OCaml and OPAM	2025-09-27T21:26:51.6952383Z ##[endgroup]
l1-smoke	Set up OCaml and OPAM	2025-09-27T21:26:51.6952926Z ##[group]Save the opam cache
l1-smoke	Set up OCaml and OPAM	2025-09-27T21:26:51.6968905Z [command]/opt/hostedtoolcache/opam/2.1.6/x86_64/opam clean --all-switches --download-cache --logs --repo-cache --unused-repositories
l1-smoke	Set up OCaml and OPAM	2025-09-27T21:26:51.8980902Z Cleaning up switch /home/runner/work/latex_perf/latex_perf
l1-smoke	Set up OCaml and OPAM	2025-09-27T21:26:52.0034347Z Updating /home/runner/.opam/repo/repos-config
l1-smoke	Set up OCaml and OPAM	2025-09-27T21:26:52.0034880Z Clearing repository cache
l1-smoke	Set up OCaml and OPAM	2025-09-27T21:26:52.0067863Z Clearing cache of downloaded files
l1-smoke	Set up OCaml and OPAM	2025-09-27T21:26:52.0097031Z Clearing logs
l1-smoke	Set up OCaml and OPAM	2025-09-27T21:26:53.0519404Z [command]/usr/bin/tar --posix -cf cache.tzst --exclude cache.tzst -P -C /home/runner/work/latex_perf/latex_perf --files-from manifest.txt --use-compress-program zstdmt
l1-smoke	Set up OCaml and OPAM	2025-09-27T21:26:54.8543847Z ##[warning]Failed to save: <h2>Our services aren't available right now</h2><p>We're working to restore all services as soon as possible. Please check back soon.</p>0nlbYaAAAAAAnGIjb6ayGSr8/B5ImIJFzUEhYMzFFREdFMDUxNgBFZGdl
l1-smoke	Set up OCaml and OPAM	2025-09-27T21:26:54.9257778Z ##[endgroup]
l1-smoke	Set up OCaml and OPAM	2025-09-27T21:26:54.9259047Z ##[group]Retrieve the opam download cache
l1-smoke	Set up OCaml and OPAM	2025-09-27T21:26:54.9661826Z ##[warning]Failed to restore: Cache service responded with 400
l1-smoke	Set up OCaml and OPAM	2025-09-27T21:26:54.9665985Z Cache not found for input keys: v1-setup-ocaml-opam-download-github.com/ocaml/opam-repository.git-4_14_1-2025-8-27-18065098745-50, v1-setup-ocaml-opam-download-github.com/ocaml/opam-repository.git-4_14_1-2025-8-27-18065098745-50, v1-setup-ocaml-opam-download-github.com/ocaml/opam-repository.git-4_14_1-2025-8-27-18065098745-, v1-setup-ocaml-opam-download-github.com/ocaml/opam-repository.git-4_14_1-2025-8-27-, v1-setup-ocaml-opam-download-github.com/ocaml/opam-repository.git-4_14_1-2025-8-
l1-smoke	Set up OCaml and OPAM	2025-09-27T21:26:54.9669611Z ##[endgroup]
l1-smoke	Set up OCaml and OPAM	2025-09-27T21:26:54.9701232Z ##[group]Pin local packages
l1-smoke	Set up OCaml and OPAM	2025-09-27T21:26:54.9713852Z [command]/opt/hostedtoolcache/opam/2.1.6/x86_64/opam pin add latex-perfectionist.dev . --no-action
l1-smoke	Set up OCaml and OPAM	2025-09-27T21:27:01.6873578Z Package latex-perfectionist does not exist, create as a [01mNEW[0m package? [Y/n] y
l1-smoke	Set up OCaml and OPAM	2025-09-27T21:27:01.8298740Z [[32mlatex-perfectionist.dev[0m] synchronised (file:///home/runner/work/latex_perf/latex_perf)
l1-smoke	Set up OCaml and OPAM	2025-09-27T21:27:01.8303107Z [33m[WARNING][0m Failed checks on latex-perfectionist package definition from source at file:///home/runner/work/latex_perf/latex_perf:
l1-smoke	Set up OCaml and OPAM	2025-09-27T21:27:01.8304587Z     [31merror[0m 23: Missing field 'maintainer'
l1-smoke	Set up OCaml and OPAM	2025-09-27T21:27:01.8305386Z   [33mwarning[0m 25: Missing field 'authors'
l1-smoke	Set up OCaml and OPAM	2025-09-27T21:27:01.8306106Z   [33mwarning[0m 35: Missing field 'homepage'
l1-smoke	Set up OCaml and OPAM	2025-09-27T21:27:01.8306833Z   [33mwarning[0m 36: Missing field 'bug-reports'
l1-smoke	Set up OCaml and OPAM	2025-09-27T21:27:01.8323444Z latex-perfectionist is now pinned to [01mgit+file:///home/runner/work/latex_perf/latex_perf#fix-math-strip[0m (version [01mdev[0m)
l1-smoke	Set up OCaml and OPAM	2025-09-27T21:27:02.9140779Z ##[endgroup]
l1-smoke	Set up OCaml and OPAM	2025-09-27T21:27:02.9152704Z [command]/opt/hostedtoolcache/opam/2.1.6/x86_64/opam --version
l1-smoke	Set up OCaml and OPAM	2025-09-27T21:27:02.9282414Z 2.1.6
l1-smoke	Set up OCaml and OPAM	2025-09-27T21:27:02.9308745Z [command]/opt/hostedtoolcache/opam/2.1.6/x86_64/opam exec -- ocaml -version
l1-smoke	Set up OCaml and OPAM	2025-09-27T21:27:02.9576126Z The OCaml toplevel, version 4.14.1
l1-smoke	Install dependencies	ï»¿2025-09-27T21:27:02.9698198Z ##[group]Run sudo apt-get update -y
l1-smoke	Install dependencies	2025-09-27T21:27:02.9698791Z [36;1msudo apt-get update -y[0m
l1-smoke	Install dependencies	2025-09-27T21:27:02.9699038Z [36;1msudo apt-get install -y jq[0m
l1-smoke	Install dependencies	2025-09-27T21:27:02.9699347Z [36;1mopam repo add default https://opam.ocaml.org || true[0m
l1-smoke	Install dependencies	2025-09-27T21:27:02.9699667Z [36;1mopam update -y || true[0m
l1-smoke	Install dependencies	2025-09-27T21:27:02.9699929Z [36;1mopam install -y . --deps-only --with-test[0m
l1-smoke	Install dependencies	2025-09-27T21:27:02.9733884Z shell: /usr/bin/bash -e {0}
l1-smoke	Install dependencies	2025-09-27T21:27:02.9734121Z env:
l1-smoke	Install dependencies	2025-09-27T21:27:02.9735094Z   PATH: /home/runner/.github-tools:/snap/bin:/home/runner/.local/bin:/opt/pipx_bin:/home/runner/.cargo/bin:/home/runner/.config/composer/vendor/bin:/usr/local/.ghcup/bin:/home/runner/.dotnet/tools:/usr/local/sbin:/usr/local/bin:/usr/sbin:/usr/bin:/sbin:/bin:/usr/games:/usr/local/games:/snap/bin
l1-smoke	Install dependencies	2025-09-27T21:27:02.9736312Z   OPAMCLI: 2.0
l1-smoke	Install dependencies	2025-09-27T21:27:02.9736498Z   OPAMCOLOR: always
l1-smoke	Install dependencies	2025-09-27T21:27:02.9736693Z   OPAMERRLOGLEN: 0
l1-smoke	Install dependencies	2025-09-27T21:27:02.9736871Z   OPAMJOBS: 4
l1-smoke	Install dependencies	2025-09-27T21:27:02.9737080Z   OPAMPRECISETRACKING: 1
l1-smoke	Install dependencies	2025-09-27T21:27:02.9737295Z   OPAMSOLVERTIMEOUT: 1000
l1-smoke	Install dependencies	2025-09-27T21:27:02.9737492Z   OPAMYES: 1
l1-smoke	Install dependencies	2025-09-27T21:27:02.9737660Z   CLICOLOR_FORCE: 1
l1-smoke	Install dependencies	2025-09-27T21:27:02.9737839Z ##[endgroup]
l1-smoke	Install dependencies	2025-09-27T21:27:03.0415444Z Get:1 file:/etc/apt/apt-mirrors.txt Mirrorlist [144 B]
l1-smoke	Install dependencies	2025-09-27T21:27:03.0727946Z Hit:2 http://azure.archive.ubuntu.com/ubuntu noble InRelease
l1-smoke	Install dependencies	2025-09-27T21:27:03.0762490Z Hit:3 http://azure.archive.ubuntu.com/ubuntu noble-updates InRelease
l1-smoke	Install dependencies	2025-09-27T21:27:03.0775592Z Hit:4 http://azure.archive.ubuntu.com/ubuntu noble-backports InRelease
l1-smoke	Install dependencies	2025-09-27T21:27:03.0791112Z Hit:5 http://azure.archive.ubuntu.com/ubuntu noble-security InRelease
l1-smoke	Install dependencies	2025-09-27T21:27:03.0793025Z Hit:6 https://packages.microsoft.com/repos/azure-cli noble InRelease
l1-smoke	Install dependencies	2025-09-27T21:27:03.0847652Z Hit:7 https://packages.microsoft.com/ubuntu/24.04/prod noble InRelease
l1-smoke	Install dependencies	2025-09-27T21:27:04.2420965Z Reading package lists...
l1-smoke	Install dependencies	2025-09-27T21:27:04.2764835Z Reading package lists...
l1-smoke	Install dependencies	2025-09-27T21:27:04.4535550Z Building dependency tree...
l1-smoke	Install dependencies	2025-09-27T21:27:04.4543676Z Reading state information...
l1-smoke	Install dependencies	2025-09-27T21:27:04.6315215Z jq is already the newest version (1.7.1-3ubuntu0.24.04.1).
l1-smoke	Install dependencies	2025-09-27T21:27:04.6315734Z 0 upgraded, 0 newly installed, 0 to remove and 17 not upgraded.
l1-smoke	Install dependencies	2025-09-27T21:27:04.6856076Z [31m[ERROR][0m Repository default is already set up and points to git+https://github.com/ocaml/opam-repository.git. To change that, use 'opam repository set-url default https://opam.ocaml.org'.
l1-smoke	Install dependencies	2025-09-27T21:27:04.9193540Z [1;34m[NOTE][0m latex-perfectionist.dev has previously been updated with --working-dir, not resetting unless explicitly selected
l1-smoke	Install dependencies	2025-09-27T21:27:04.9194080Z 
l1-smoke	Install dependencies	2025-09-27T21:27:04.9194409Z [36m<><>[0m [01mUpdating package repositories[0m [36m><><><><><><><><><><><><><><><><><><><><><><>[0m
l1-smoke	Install dependencies	2025-09-27T21:27:08.6764111Z [[32mdefault[0m] no changes from git+https://github.com/ocaml/opam-repository.git
l1-smoke	Install dependencies	2025-09-27T21:27:19.9468086Z [1;34m[NOTE][0m Ignoring uncommitted changes in /home/runner/work/latex_perf/latex_perf (`--working-dir' not active).
l1-smoke	Install dependencies	2025-09-27T21:27:20.0972559Z [[32mlatex-perfectionist.dev[0m] synchronised (git+file:///home/runner/work/latex_perf/latex_perf#fix-math-strip)
l1-smoke	Install dependencies	2025-09-27T21:27:24.5333325Z The following actions will be performed:
l1-smoke	Install dependencies	2025-09-27T21:27:24.5335110Z   [32mâ[0m install [01mocamlbuild[0m          0.16.1
l1-smoke	Install dependencies	2025-09-27T21:27:24.5335903Z   [32mâ[0m install [01mconf-gmp[0m            5
l1-smoke	Install dependencies	2025-09-27T21:27:24.5338223Z   [32mâ[0m install [01mconf-pkg-config[0m     4
l1-smoke	Install dependencies	2025-09-27T21:27:24.5339250Z   [32mâ[0m install [01mocamlfind[0m           1.9.8
l1-smoke	Install dependencies	2025-09-27T21:27:24.5339894Z   [32mâ[0m install [01mdune[0m                3.20.2
l1-smoke	Install dependencies	2025-09-27T21:27:24.5340525Z   [32mâ[0m install [01mzarith[0m              1.14
l1-smoke	Install dependencies	2025-09-27T21:27:24.5341116Z   [32mâ[0m install [01mtopkg[0m               1.1.0
l1-smoke	Install dependencies	2025-09-27T21:27:24.5341666Z   [32mâ[0m install [01myojson[0m              3.0.0
l1-smoke	Install dependencies	2025-09-27T21:27:24.5342223Z   [32mâ[0m install [01mstdlib-shims[0m        0.3.0
l1-smoke	Install dependencies	2025-09-27T21:27:24.5343330Z   [32mâ[0m install [01msexplib0[0m            v0.17.0
l1-smoke	Install dependencies	2025-09-27T21:27:24.5346883Z   [32mâ[0m install [01mppx_derivers[0m        1.2.1
l1-smoke	Install dependencies	2025-09-27T21:27:24.5347570Z   [32mâ[0m install [01mocaml-syntax-shims[0m  1.0.0
l1-smoke	Install dependencies	2025-09-27T21:27:24.5348184Z   [32mâ[0m install [01mocaml-compiler-libs[0m v0.12.4
l1-smoke	Install dependencies	2025-09-27T21:27:24.5349009Z   [32mâ[0m install [01mcsexp[0m               1.5.2
l1-smoke	Install dependencies	2025-09-27T21:27:24.5349590Z   [32mâ[0m install [01mcppo[0m                1.8.0
l1-smoke	Install dependencies	2025-09-27T21:27:24.5350202Z   [32mâ[0m install [01mcoq-core[0m            8.18.0
l1-smoke	Install dependencies	2025-09-27T21:27:24.5350785Z   [32mâ[0m install [01muutf[0m                1.0.4
l1-smoke	Install dependencies	2025-09-27T21:27:24.5351646Z   [32mâ[0m install [01mppxlib[0m              0.36.0
l1-smoke	Install dependencies	2025-09-27T21:27:24.5352270Z   [32mâ[0m install [01mdune-configurator[0m   3.20.2
l1-smoke	Install dependencies	2025-09-27T21:27:24.5352881Z   [32mâ[0m install [01mcoqide-server[0m       8.18.0
l1-smoke	Install dependencies	2025-09-27T21:27:24.5353482Z   [32mâ[0m install [01mcoq-stdlib[0m          8.18.0
l1-smoke	Install dependencies	2025-09-27T21:27:24.5354091Z   [32mâ[0m install [01mppx_deriving[0m        6.1.1
l1-smoke	Install dependencies	2025-09-27T21:27:24.5354702Z   [32mâ[0m install [01mbigstringaf[0m         0.10.0
l1-smoke	Install dependencies	2025-09-27T21:27:24.5355335Z   [32mâ[0m install [01mcoq[0m                 8.18.0
l1-smoke	Install dependencies	2025-09-27T21:27:24.5355914Z   [32mâ[0m install [01mangstrom[0m            0.16.1
l1-smoke	Install dependencies	2025-09-27T21:27:24.5356423Z ===== [32mâ[0m 25 =====
l1-smoke	Install dependencies	2025-09-27T21:27:24.5359286Z 
l1-smoke	Install dependencies	2025-09-27T21:27:24.5359854Z [36m<><>[0m [01mProcessing actions[0m [36m<><><><><><><><><><><><><><><><><><><><><><><><><><><><>[0m
l1-smoke	Install dependencies	2025-09-27T21:27:24.6907337Z [36mâ¬[0m retrieved [01mconf-gmp[0m.5  (https://raw.githubusercontent.com/ocaml/opam-source-archives/main/patches/conf-gmp/test.c.4)
l1-smoke	Install dependencies	2025-09-27T21:27:27.1725774Z [32mâ[0m installed [01mconf-gmp[0m.5
l1-smoke	Install dependencies	2025-09-27T21:27:27.1853803Z [32mâ[0m installed [01mconf-pkg-config[0m.4
l1-smoke	Install dependencies	2025-09-27T21:27:27.1974117Z [36mâ¬[0m retrieved [01mangstrom[0m.0.16.1  (https://github.com/inhabitedtype/angstrom/archive/0.16.1.tar.gz)
l1-smoke	Install dependencies	2025-09-27T21:27:27.2331805Z [36mâ¬[0m retrieved [01mbigstringaf[0m.0.10.0  (https://github.com/inhabitedtype/bigstringaf/archive/0.10.0.tar.gz)
l1-smoke	Install dependencies	2025-09-27T21:27:28.0349663Z [36mâ¬[0m retrieved [01mcoq[0m.8.18.0  (https://github.com/coq/coq/releases/download/V8.18.0/coq-8.18.0.tar.gz)
l1-smoke	Install dependencies	2025-09-27T21:27:28.4397561Z [36mâ¬[0m retrieved [01mcoq-core[0m.8.18.0  (cached)
l1-smoke	Install dependencies	2025-09-27T21:27:28.8082875Z [36mâ¬[0m retrieved [01mcoq-stdlib[0m.8.18.0  (cached)
l1-smoke	Install dependencies	2025-09-27T21:27:29.1786957Z [36mâ¬[0m retrieved [01mcoqide-server[0m.8.18.0  (cached)
l1-smoke	Install dependencies	2025-09-27T21:27:29.2140592Z [36mâ¬[0m retrieved [01mcppo[0m.1.8.0  (https://github.com/ocaml-community/cppo/archive/v1.8.0.tar.gz)
l1-smoke	Install dependencies	2025-09-27T21:27:29.2497227Z [36mâ¬[0m retrieved [01mcsexp[0m.1.5.2  (https://github.com/ocaml-dune/csexp/releases/download/1.5.2/csexp-1.5.2.tbz)
l1-smoke	Install dependencies	2025-09-27T21:27:29.6813200Z [36mâ¬[0m retrieved [01mocaml-compiler-libs[0m.v0.12.4  (https://github.com/janestreet/ocaml-compiler-libs/releases/download/v0.12.4/ocaml-compiler-libs-v0.12.4.tbz)
l1-smoke	Install dependencies	2025-09-27T21:27:30.0755437Z [36mâ¬[0m retrieved [01mocaml-syntax-shims[0m.1.0.0  (https://github.com/ocaml-ppx/ocaml-syntax-shims/releases/download/1.0.0/ocaml-syntax-shims-1.0.0.tbz)
l1-smoke	Install dependencies	2025-09-27T21:27:30.9399379Z [36mâ¬[0m retrieved [01mdune-configurator[0m.3.20.2  (https://github.com/ocaml/dune/releases/download/3.20.2/dune-3.20.2.tbz)
l1-smoke	Install dependencies	2025-09-27T21:27:31.5100260Z [36mâ¬[0m retrieved [01mdune[0m.3.20.2  (https://github.com/ocaml/dune/releases/download/3.20.2/dune-3.20.2.tbz)
l1-smoke	Install dependencies	2025-09-27T21:27:31.9703735Z [36mâ¬[0m retrieved [01mocamlbuild[0m.0.16.1  (https://github.com/ocaml/ocamlbuild/archive/refs/tags/0.16.1.tar.gz)
l1-smoke	Install dependencies	2025-09-27T21:27:32.0131026Z [36mâ¬[0m retrieved [01mocamlfind[0m.1.9.8  (https://github.com/ocaml/ocamlfind/archive/refs/tags/findlib-1.9.8.tar.gz)
l1-smoke	Install dependencies	2025-09-27T21:27:32.0349635Z [36mâ¬[0m retrieved [01mppx_derivers[0m.1.2.1  (https://github.com/ocaml-ppx/ppx_derivers/archive/1.2.1.tar.gz)
l1-smoke	Install dependencies	2025-09-27T21:27:32.3953105Z [36mâ¬[0m retrieved [01mppx_deriving[0m.6.1.1  (https://github.com/ocaml-ppx/ppx_deriving/releases/download/v6.1.1/ppx_deriving-6.1.1.tar.gz)
l1-smoke	Install dependencies	2025-09-27T21:27:32.6000254Z [36mâ¬[0m retrieved [01msexplib0[0m.v0.17.0  (https://github.com/janestreet/sexplib0/archive/refs/tags/v0.17.0.tar.gz)
l1-smoke	Install dependencies	2025-09-27T21:27:32.6590624Z [36mâ¬[0m retrieved [01mppxlib[0m.0.36.0  (https://github.com/ocaml-ppx/ppxlib/releases/download/0.36.0/ppxlib-0.36.0.tbz)
l1-smoke	Install dependencies	2025-09-27T21:27:32.8221773Z [36mâ¬[0m retrieved [01mstdlib-shims[0m.0.3.0  (https://github.com/ocaml/stdlib-shims/releases/download/0.3.0/stdlib-shims-0.3.0.tbz)
l1-smoke	Install dependencies	2025-09-27T21:27:33.2806216Z [36mâ¬[0m retrieved [01myojson[0m.3.0.0  (https://github.com/ocaml-community/yojson/releases/download/3.0.0/yojson-3.0.0.tbz)
l1-smoke	Install dependencies	2025-09-27T21:27:33.9290235Z [36mâ¬[0m retrieved [01mzarith[0m.1.14  (https://github.com/ocaml/Zarith/archive/release-1.14.tar.gz)
l1-smoke	Install dependencies	2025-09-27T21:27:34.4874584Z [36mâ¬[0m retrieved [01mtopkg[0m.1.1.0  (https://erratique.ch/software/topkg/releases/topkg-1.1.0.tbz)
l1-smoke	Install dependencies	2025-09-27T21:27:36.4779816Z [32mâ[0m installed [01mocamlfind[0m.1.9.8
l1-smoke	Install dependencies	2025-09-27T21:27:37.9901533Z [32mâ[0m installed [01mocamlbuild[0m.0.16.1
l1-smoke	Install dependencies	2025-09-27T21:27:39.5229820Z [36mâ¬[0m retrieved [01muutf[0m.1.0.4  (https://erratique.ch/software/uutf/releases/uutf-1.0.4.tbz)
l1-smoke	Install dependencies	2025-09-27T21:27:40.3057833Z [32mâ[0m installed [01mzarith[0m.1.14
l1-smoke	Install dependencies	2025-09-27T21:27:43.7423639Z [32mâ[0m installed [01mtopkg[0m.1.1.0
l1-smoke	Install dependencies	2025-09-27T21:27:44.5623398Z [32mâ[0m installed [01muutf[0m.1.0.4
l1-smoke	Install dependencies	2025-09-27T21:28:00.3828771Z [32mâ[0m installed [01mdune[0m.3.20.2
l1-smoke	Install dependencies	2025-09-27T21:28:00.9800201Z [32mâ[0m installed [01mcsexp[0m.1.5.2
l1-smoke	Install dependencies	2025-09-27T21:28:02.6292224Z [32mâ[0m installed [01mocaml-syntax-shims[0m.1.0.0
l1-smoke	Install dependencies	2025-09-27T21:28:02.6486681Z [32mâ[0m installed [01mcppo[0m.1.8.0
l1-smoke	Install dependencies	2025-09-27T21:28:02.6679069Z [32mâ[0m installed [01mocaml-compiler-libs[0m.v0.12.4
l1-smoke	Install dependencies	2025-09-27T21:28:02.8711217Z [32mâ[0m installed [01mppx_derivers[0m.1.2.1
l1-smoke	Install dependencies	2025-09-27T21:28:03.2650855Z [32mâ[0m installed [01mstdlib-shims[0m.0.3.0
l1-smoke	Install dependencies	2025-09-27T21:28:03.5911891Z [32mâ[0m installed [01msexplib0[0m.v0.17.0
l1-smoke	Install dependencies	2025-09-27T21:28:05.5595903Z [32mâ[0m installed [01mdune-configurator[0m.3.20.2
l1-smoke	Install dependencies	2025-09-27T21:28:06.3942682Z [32mâ[0m installed [01myojson[0m.3.0.0
l1-smoke	Install dependencies	2025-09-27T21:28:06.5768417Z [32mâ[0m installed [01mbigstringaf[0m.0.10.0
l1-smoke	Install dependencies	2025-09-27T21:28:07.6137469Z [32mâ[0m installed [01mangstrom[0m.0.16.1
l1-smoke	Install dependencies	2025-09-27T21:28:30.2683600Z [32mâ[0m installed [01mppxlib[0m.0.36.0
l1-smoke	Install dependencies	2025-09-27T21:28:36.0301038Z [32mâ[0m installed [01mppx_deriving[0m.6.1.1
l1-smoke	Install dependencies	2025-09-27T21:29:00.4633400Z [32mâ[0m installed [01mcoq-core[0m.8.18.0
l1-smoke	Install dependencies	2025-09-27T21:29:03.9437051Z [32mâ[0m installed [01mcoqide-server[0m.8.18.0
l1-smoke	Install dependencies	2025-09-27T21:31:23.3268008Z [32mâ[0m installed [01mcoq-stdlib[0m.8.18.0
l1-smoke	Install dependencies	2025-09-27T21:31:23.7162766Z [32mâ[0m installed [01mcoq[0m.8.18.0
l1-smoke	Install dependencies	2025-09-27T21:31:25.5608306Z Done.
l1-smoke	Install dependencies	2025-09-27T21:31:25.5616840Z # Run [01meval $(opam env)[0m to update the current shell environment
l1-smoke	Build service and REST	ï»¿2025-09-27T21:31:26.7938823Z ##[group]Run opam exec -- dune build latex-parse/src/main_service.exe latex-parse/src/rest_api_server.exe
l1-smoke	Build service and REST	2025-09-27T21:31:26.7939541Z [36;1mopam exec -- dune build latex-parse/src/main_service.exe latex-parse/src/rest_api_server.exe[0m
l1-smoke	Build service and REST	2025-09-27T21:31:26.7971201Z shell: /usr/bin/bash -e {0}
l1-smoke	Build service and REST	2025-09-27T21:31:26.7971425Z env:
l1-smoke	Build service and REST	2025-09-27T21:31:26.7972388Z   PATH: /home/runner/.github-tools:/snap/bin:/home/runner/.local/bin:/opt/pipx_bin:/home/runner/.cargo/bin:/home/runner/.config/composer/vendor/bin:/usr/local/.ghcup/bin:/home/runner/.dotnet/tools:/usr/local/sbin:/usr/local/bin:/usr/sbin:/usr/bin:/sbin:/bin:/usr/games:/usr/local/games:/snap/bin
l1-smoke	Build service and REST	2025-09-27T21:31:26.7973399Z   OPAMCLI: 2.0
l1-smoke	Build service and REST	2025-09-27T21:31:26.7973597Z   OPAMCOLOR: always
l1-smoke	Build service and REST	2025-09-27T21:31:26.7973776Z   OPAMERRLOGLEN: 0
l1-smoke	Build service and REST	2025-09-27T21:31:26.7973958Z   OPAMJOBS: 4
l1-smoke	Build service and REST	2025-09-27T21:31:26.7974135Z   OPAMPRECISETRACKING: 1
l1-smoke	Build service and REST	2025-09-27T21:31:26.7974351Z   OPAMSOLVERTIMEOUT: 1000
l1-smoke	Build service and REST	2025-09-27T21:31:26.7974550Z   OPAMYES: 1
l1-smoke	Build service and REST	2025-09-27T21:31:26.7974715Z   CLICOLOR_FORCE: 1
l1-smoke	Build service and REST	2025-09-27T21:31:26.7974924Z ##[endgroup]
l1-smoke	Build service and REST	2025-09-27T21:31:27.1672608Z [2m(cd _build/default/latex-parse/src && /usr/bin/gcc -O2 -fno-strict-aliasing -fwrapv -pthread -fPIC -D_FILE_OFFSET_BITS=64 -Wall -fdiagnostics-color=always -g -I /home/runner/work/latex_perf/latex_perf/_opam/lib/ocaml -I /home/runner/work/latex_perf/latex_perf/_opam/lib/ocaml/threads -I /home/runner/work/latex_perf/latex_perf/_opam/lib/uutf -o simd_tokenizer_fixed.o -c simd_tokenizer_fixed.c)[0m
l1-smoke	Build service and REST	2025-09-27T21:31:27.1675829Z [1msimd_tokenizer_fixed.c:283:15:[0m [1;35mwarning: [0mâ[1mfind_next_special_neon[0mâ defined but not used [[1;35m-Wunused-function[0m]
l1-smoke	Build service and REST	2025-09-27T21:31:27.1677169Z   283 | static size_t [1;35mfind_next_special_neon[0m(const uint8_t *input, size_t start, size_t len) {
l1-smoke	Build service and REST	2025-09-27T21:31:27.1678320Z       |               [1;35m^~~~~~~~~~~~~~~~~~~~~~[0m
l1-smoke	Build service and REST	2025-09-27T21:31:27.2380963Z [2m(cd _build/default/latex-parse/src && /usr/bin/gcc -O2 -fno-strict-aliasing -fwrapv -pthread -fPIC -D_FILE_OFFSET_BITS=64 -Wall -fdiagnostics-color=always -g -I /home/runner/work/latex_perf/latex_perf/_opam/lib/ocaml -I /home/runner/work/latex_perf/latex_perf/_opam/lib/ocaml/threads -I /home/runner/work/latex_perf/latex_perf/_opam/lib/uutf -o xxh64_simd_stubs.o -c xxh64_simd_stubs.c)[0m
l1-smoke	Build service and REST	2025-09-27T21:31:27.2409377Z [1mxxh64_simd_stubs.c:[0m In function â[1mocaml_xxh64_simd[0mâ:
l1-smoke	Build service and REST	2025-09-27T21:31:27.2413758Z [1mxxh64_simd_stubs.c:118:7:[0m [1;35mwarning: [0mvariable â[1mhas_simd[0mâ set but not used [[1;35m-Wunused-but-set-variable[0m]
l1-smoke	Build service and REST	2025-09-27T21:31:27.2414888Z   118 |   int [1;35mhas_simd[0m = 0;
l1-smoke	Build service and REST	2025-09-27T21:31:27.2415450Z       |       [1;35m^~~~~~~~[0m
l1-smoke	Run service and REST	ï»¿2025-09-27T21:31:27.7728365Z ##[group]Run rm -f /tmp/l0_lex_svc.sock
l1-smoke	Run service and REST	2025-09-27T21:31:27.7728982Z [36;1mrm -f /tmp/l0_lex_svc.sock[0m
l1-smoke	Run service and REST	2025-09-27T21:31:27.7729337Z [36;1mopam exec -- ./_build/default/latex-parse/src/main_service.exe &[0m
l1-smoke	Run service and REST	2025-09-27T21:31:27.7729667Z [36;1msleep 0.5[0m
l1-smoke	Run service and REST	2025-09-27T21:31:27.7729994Z [36;1mopam exec -- ./_build/default/latex-parse/src/rest_api_server.exe -p 8080 &[0m
l1-smoke	Run service and REST	2025-09-27T21:31:27.7730365Z [36;1msleep 0.5[0m
l1-smoke	Run service and REST	2025-09-27T21:31:27.7761492Z shell: /usr/bin/bash -e {0}
l1-smoke	Run service and REST	2025-09-27T21:31:27.7761721Z env:
l1-smoke	Run service and REST	2025-09-27T21:31:27.7762700Z   PATH: /home/runner/.github-tools:/snap/bin:/home/runner/.local/bin:/opt/pipx_bin:/home/runner/.cargo/bin:/home/runner/.config/composer/vendor/bin:/usr/local/.ghcup/bin:/home/runner/.dotnet/tools:/usr/local/sbin:/usr/local/bin:/usr/sbin:/usr/bin:/sbin:/bin:/usr/games:/usr/local/games:/snap/bin
l1-smoke	Run service and REST	2025-09-27T21:31:27.7763730Z   OPAMCLI: 2.0
l1-smoke	Run service and REST	2025-09-27T21:31:27.7763915Z   OPAMCOLOR: always
l1-smoke	Run service and REST	2025-09-27T21:31:27.7764099Z   OPAMERRLOGLEN: 0
l1-smoke	Run service and REST	2025-09-27T21:31:27.7764294Z   OPAMJOBS: 4
l1-smoke	Run service and REST	2025-09-27T21:31:27.7764502Z   OPAMPRECISETRACKING: 1
l1-smoke	Run service and REST	2025-09-27T21:31:27.7764716Z   OPAMSOLVERTIMEOUT: 1000
l1-smoke	Run service and REST	2025-09-27T21:31:27.7764908Z   OPAMYES: 1
l1-smoke	Run service and REST	2025-09-27T21:31:27.7765076Z   CLICOLOR_FORCE: 1
l1-smoke	Run service and REST	2025-09-27T21:31:27.7765246Z ##[endgroup]
l1-smoke	Run service and REST	2025-09-27T21:31:27.7960766Z [svc] listening at /tmp/l0_lex_svc.sock
l1-smoke	Run service and REST	2025-09-27T21:31:28.2998082Z Connected to SIMD service at /tmp/l0_lex_svc.sock
l1-smoke	Run service and REST	2025-09-27T21:31:28.2998849Z REST API Server listening on port 8080
l1-smoke	Run service and REST	2025-09-27T21:31:28.2999266Z Endpoints:
l1-smoke	Run service and REST	2025-09-27T21:31:28.2999608Z   POST /tokenize - Tokenize LaTeX content
l1-smoke	Run service and REST	2025-09-27T21:31:28.3000042Z   GET /health   - Health check
l1-smoke	Run service and REST	2025-09-27T21:31:28.3000410Z   GET /metrics  - Prometheus metrics
l1-smoke	Run service and REST	2025-09-27T21:31:28.3000589Z 
l1-smoke	L1 smokes	ï»¿2025-09-27T21:31:33.7900737Z ##[group]Run bash scripts/smoke_rules_l1.sh
l1-smoke	L1 smokes	2025-09-27T21:31:33.7901069Z [36;1mbash scripts/smoke_rules_l1.sh[0m
l1-smoke	L1 smokes	2025-09-27T21:31:33.7932044Z shell: /usr/bin/bash -e {0}
l1-smoke	L1 smokes	2025-09-27T21:31:33.7932264Z env:
l1-smoke	L1 smokes	2025-09-27T21:31:33.7933234Z   PATH: /home/runner/.github-tools:/snap/bin:/home/runner/.local/bin:/opt/pipx_bin:/home/runner/.cargo/bin:/home/runner/.config/composer/vendor/bin:/usr/local/.ghcup/bin:/home/runner/.dotnet/tools:/usr/local/sbin:/usr/local/bin:/usr/sbin:/usr/bin:/sbin:/bin:/usr/games:/usr/local/games:/snap/bin
l1-smoke	L1 smokes	2025-09-27T21:31:33.7934266Z   OPAMCLI: 2.0
l1-smoke	L1 smokes	2025-09-27T21:31:33.7934448Z   OPAMCOLOR: always
l1-smoke	L1 smokes	2025-09-27T21:31:33.7934629Z   OPAMERRLOGLEN: 0
l1-smoke	L1 smokes	2025-09-27T21:31:33.7934809Z   OPAMJOBS: 4
l1-smoke	L1 smokes	2025-09-27T21:31:33.7934986Z   OPAMPRECISETRACKING: 1
l1-smoke	L1 smokes	2025-09-27T21:31:33.7935199Z   OPAMSOLVERTIMEOUT: 1000
l1-smoke	L1 smokes	2025-09-27T21:31:33.7935397Z   OPAMYES: 1
l1-smoke	L1 smokes	2025-09-27T21:31:33.7935562Z   CLICOLOR_FORCE: 1
l1-smoke	L1 smokes	2025-09-27T21:31:33.7935738Z ##[endgroup]
l1-smoke	L1 smokes	2025-09-27T21:31:33.8022422Z awk: cmd. line:21: warning: regexp escape sequence `\"' is not a known regexp operator
l1-smoke	L1 smokes	2025-09-27T21:31:33.8291725Z [l1-smoke] FAIL: corpora/l1/CMD-001_deprecated_after_expansion.tex expected:[CMD-001] forbid:[] messages:[;] got: MOD-001 
l1-smoke	L1 smokes	2025-09-27T21:31:33.8493794Z [l1-smoke] FAIL: corpora/l1/CMD-003_deep_sectioning.tex expected:[CMD-003] forbid:[] messages:[;] got:  
l1-smoke	L1 smokes	2025-09-27T21:31:33.8680963Z [l1-smoke] PASS: corpora/l1/MOD-001_mixed_bf_textbf.tex -> expect:[MOD-001] forbid:[] messages:[;]
l1-smoke	L1 smokes	2025-09-27T21:31:33.8865468Z [l1-smoke] PASS: corpora/l1/EXP-001_incomplete_expansion.tex -> expect:[EXP-001] forbid:[] messages:[;]
l1-smoke	L1 smokes	2025-09-27T21:31:33.9069488Z [l1-smoke] PASS: corpora/l1/MOD-002_mixed_bf_textbf_para.tex -> expect:[MOD-002 EXP-001] forbid:[] messages:[;]
l1-smoke	L1 smokes	2025-09-27T21:31:33.9253888Z [l1-smoke] PASS: corpora/l1/MOD-003_mixed_it_textit_para.tex -> expect:[MOD-003] forbid:[] messages:[;]
l1-smoke	L1 smokes	2025-09-27T21:31:33.9438103Z [l1-smoke] PASS: corpora/l1/MOD-004_mixed_rm_textrm_para.tex -> expect:[MOD-004] forbid:[] messages:[;]
l1-smoke	L1 smokes	2025-09-27T21:31:33.9621790Z [l1-smoke] PASS: corpora/l1/MOD-005_mixed_tt_texttt_para.tex -> expect:[MOD-005] forbid:[] messages:[;]
l1-smoke	L1 smokes	2025-09-27T21:31:33.9803336Z [l1-smoke] PASS: corpora/l1/MOD-006_mixed_sf_textsf_para.tex -> expect:[MOD-006] forbid:[] messages:[;]
l1-smoke	L1 smokes	2025-09-27T21:31:34.0021089Z [l1-smoke] PASS: corpora/l1/MOD-007_mixed_sc_textsc_para.tex -> expect:[MOD-007] forbid:[] messages:[;]
l1-smoke	L1 smokes	2025-09-27T21:31:34.0224023Z [l1-smoke] FAIL: corpora/l1/MOD-008_mixed_bfseries_textbf_para.tex expected:[MOD-008] forbid:[] messages:[;] got: EXP-001 
l1-smoke	L1 smokes	2025-09-27T21:31:34.0403675Z [l1-smoke] PASS: corpora/l1/MOD-009_mixed_itshape_textit_para.tex -> expect:[MOD-009] forbid:[] messages:[;]
l1-smoke	L1 smokes	2025-09-27T21:31:34.0590441Z [l1-smoke] PASS: corpora/l1/MOD-010_mixed_sffamily_textsf_para.tex -> expect:[MOD-010] forbid:[] messages:[;]
l1-smoke	L1 smokes	2025-09-27T21:31:34.0777790Z [l1-smoke] PASS: corpora/l1/MOD-011_mixed_ttfamily_texttt_para.tex -> expect:[MOD-011] forbid:[] messages:[;]
l1-smoke	L1 smokes	2025-09-27T21:31:34.0974197Z [l1-smoke] PASS: corpora/l1/MOD-012_mixed_rmfamily_textrm_para.tex -> expect:[MOD-012] forbid:[] messages:[;]
l1-smoke	L1 smokes	2025-09-27T21:31:34.1177672Z [l1-smoke] PASS: corpora/l1/MOD-013_mixed_scshape_textsc_para.tex -> expect:[MOD-013] forbid:[] messages:[;]
l1-smoke	L1 smokes	2025-09-27T21:31:34.1372557Z [l1-smoke] PASS: corpora/l1/MOD-002_paragraph_separated_bf_textbf.tex -> expect:[] forbid:[MOD-002] messages:[;]
l1-smoke	L1 smokes	2025-09-27T21:31:34.1556542Z [l1-smoke] PASS: corpora/l1/MOD-003_paragraph_separated_it_textit.tex -> expect:[] forbid:[MOD-003] messages:[;]
l1-smoke	L1 smokes	2025-09-27T21:31:34.1746182Z [l1-smoke] PASS: corpora/l1/MOD-004_paragraph_separated_rm_textrm.tex -> expect:[] forbid:[MOD-004] messages:[;]
l1-smoke	L1 smokes	2025-09-27T21:31:34.1933952Z [l1-smoke] PASS: corpora/l1/MOD-005_paragraph_separated_tt_texttt.tex -> expect:[] forbid:[MOD-005] messages:[;]
l1-smoke	L1 smokes	2025-09-27T21:31:34.2126252Z [l1-smoke] PASS: corpora/l1/MOD-006_paragraph_separated_sf_textsf.tex -> expect:[] forbid:[MOD-006] messages:[;]
l1-smoke	L1 smokes	2025-09-27T21:31:34.2320266Z [l1-smoke] PASS: corpora/l1/MOD-007_paragraph_separated_sc_textsc.tex -> expect:[] forbid:[MOD-007] messages:[;]
l1-smoke	L1 smokes	2025-09-27T21:31:34.2536280Z [l1-smoke] FAIL: corpora/l1/MOD-008_paragraph_separated_bfseries_textbf.tex expected:[MOD-020] forbid:[MOD-008] messages:[;] got: EXP-001 
l1-smoke	L1 smokes	2025-09-27T21:31:34.2734903Z [l1-smoke] PASS: corpora/l1/MOD-009_paragraph_separated_itshape_textit.tex -> expect:[MOD-021] forbid:[MOD-009] messages:[;]
l1-smoke	L1 smokes	2025-09-27T21:31:34.2931821Z [l1-smoke] PASS: corpora/l1/MOD-010_paragraph_separated_sffamily_textsf.tex -> expect:[MOD-023] forbid:[MOD-010] messages:[;]
l1-smoke	L1 smokes	2025-09-27T21:31:34.3143063Z [l1-smoke] PASS: corpora/l1/MOD-011_paragraph_separated_ttfamily_texttt.tex -> expect:[MOD-024] forbid:[MOD-011] messages:[;]
l1-smoke	L1 smokes	2025-09-27T21:31:34.3327854Z [l1-smoke] PASS: corpora/l1/MOD-012_paragraph_separated_rmfamily_textrm.tex -> expect:[MOD-022] forbid:[MOD-012] messages:[;]
l1-smoke	L1 smokes	2025-09-27T21:31:34.3509922Z [l1-smoke] PASS: corpora/l1/MOD-013_paragraph_separated_scshape_textsc.tex -> expect:[] forbid:[MOD-013] messages:[;]
l1-smoke	L1 smokes	2025-09-27T21:31:34.3510581Z [l1-smoke] Summary: pass=24 fail=4
l1-smoke	L1 smokes	2025-09-27T21:31:34.3517918Z ##[error]Process completed with exit code 1.
l1-smoke	Teardown	ï»¿2025-09-27T21:31:34.3544656Z ##[group]Run pkill -f rest_api_server || true
l1-smoke	Teardown	2025-09-27T21:31:34.3545009Z [36;1mpkill -f rest_api_server || true[0m
l1-smoke	Teardown	2025-09-27T21:31:34.3545291Z [36;1mpkill -f main_service || true[0m
l1-smoke	Teardown	2025-09-27T21:31:34.3576654Z shell: /usr/bin/bash -e {0}
l1-smoke	Teardown	2025-09-27T21:31:34.3576874Z env:
l1-smoke	Teardown	2025-09-27T21:31:34.3577885Z   PATH: /home/runner/.github-tools:/snap/bin:/home/runner/.local/bin:/opt/pipx_bin:/home/runner/.cargo/bin:/home/runner/.config/composer/vendor/bin:/usr/local/.ghcup/bin:/home/runner/.dotnet/tools:/usr/local/sbin:/usr/local/bin:/usr/sbin:/usr/bin:/sbin:/bin:/usr/games:/usr/local/games:/snap/bin
l1-smoke	Teardown	2025-09-27T21:31:34.3579151Z   OPAMCLI: 2.0
l1-smoke	Teardown	2025-09-27T21:31:34.3579338Z   OPAMCOLOR: always
l1-smoke	Teardown	2025-09-27T21:31:34.3579527Z   OPAMERRLOGLEN: 0
l1-smoke	Teardown	2025-09-27T21:31:34.3579706Z   OPAMJOBS: 4
l1-smoke	Teardown	2025-09-27T21:31:34.3579900Z   OPAMPRECISETRACKING: 1
l1-smoke	Teardown	2025-09-27T21:31:34.3580111Z   OPAMSOLVERTIMEOUT: 1000
l1-smoke	Teardown	2025-09-27T21:31:34.3580310Z   OPAMYES: 1
l1-smoke	Teardown	2025-09-27T21:31:34.3580476Z   CLICOLOR_FORCE: 1
l1-smoke	Teardown	2025-09-27T21:31:34.3580657Z ##[endgroup]
l1-smoke	Post Set up OCaml and OPAM	ï»¿2025-09-27T21:31:34.4229785Z Post job cleanup.
l1-smoke	Post Run actions/checkout@v4	ï»¿2025-09-27T21:31:34.4277826Z Post job cleanup.
l1-smoke	Post Run actions/checkout@v4	2025-09-27T21:31:34.5200987Z [command]/usr/bin/git version
l1-smoke	Post Run actions/checkout@v4	2025-09-27T21:31:34.5239812Z git version 2.51.0
l1-smoke	Post Run actions/checkout@v4	2025-09-27T21:31:34.5283254Z Temporarily overriding HOME='/home/runner/work/_temp/a94167e0-7a7f-47bd-9e94-91fe577d2fd7' before making global git config changes
l1-smoke	Post Run actions/checkout@v4	2025-09-27T21:31:34.5284566Z Adding repository directory to the temporary git global config as a safe directory
l1-smoke	Post Run actions/checkout@v4	2025-09-27T21:31:34.5289752Z [command]/usr/bin/git config --global --add safe.directory /home/runner/work/latex_perf/latex_perf
l1-smoke	Post Run actions/checkout@v4	2025-09-27T21:31:34.5331211Z [command]/usr/bin/git config --local --name-only --get-regexp core\.sshCommand
l1-smoke	Post Run actions/checkout@v4	2025-09-27T21:31:34.5364607Z [command]/usr/bin/git submodule foreach --recursive sh -c "git config --local --name-only --get-regexp 'core\.sshCommand' && git config --local --unset-all 'core.sshCommand' || :"
l1-smoke	Post Run actions/checkout@v4	2025-09-27T21:31:34.5585483Z [command]/usr/bin/git config --local --name-only --get-regexp http\.https\:\/\/github\.com\/\.extraheader
l1-smoke	Post Run actions/checkout@v4	2025-09-27T21:31:34.5605466Z http.https://github.com/.extraheader
l1-smoke	Post Run actions/checkout@v4	2025-09-27T21:31:34.5617850Z [command]/usr/bin/git config --local --unset-all http.https://github.com/.extraheader
l1-smoke	Post Run actions/checkout@v4	2025-09-27T21:31:34.5647755Z [command]/usr/bin/git submodule foreach --recursive sh -c "git config --local --name-only --get-regexp 'http\.https\:\/\/github\.com\/\.extraheader' && git config --local --unset-all 'http.https://github.com/.extraheader' || :"
l1-smoke	Complete job	ï»¿2025-09-27T21:31:34.5987228Z Cleaning up orphan processes
