l1-smoke	UNKNOWN STEP	ï»¿2025-09-27T19:39:06.1114899Z Current runner version: '2.328.0'
l1-smoke	UNKNOWN STEP	2025-09-27T19:39:06.1140201Z ##[group]Runner Image Provisioner
l1-smoke	UNKNOWN STEP	2025-09-27T19:39:06.1141064Z Hosted Compute Agent
l1-smoke	UNKNOWN STEP	2025-09-27T19:39:06.1141583Z Version: 20250912.392
l1-smoke	UNKNOWN STEP	2025-09-27T19:39:06.1142292Z Commit: d921fda672a98b64f4f82364647e2f10b2267d0b
l1-smoke	UNKNOWN STEP	2025-09-27T19:39:06.1143309Z Build Date: 2025-09-12T15:23:14Z
l1-smoke	UNKNOWN STEP	2025-09-27T19:39:06.1143904Z ##[endgroup]
l1-smoke	UNKNOWN STEP	2025-09-27T19:39:06.1144526Z ##[group]Operating System
l1-smoke	UNKNOWN STEP	2025-09-27T19:39:06.1145092Z Ubuntu
l1-smoke	UNKNOWN STEP	2025-09-27T19:39:06.1145574Z 24.04.3
l1-smoke	UNKNOWN STEP	2025-09-27T19:39:06.1145989Z LTS
l1-smoke	UNKNOWN STEP	2025-09-27T19:39:06.1146509Z ##[endgroup]
l1-smoke	UNKNOWN STEP	2025-09-27T19:39:06.1146966Z ##[group]Runner Image
l1-smoke	UNKNOWN STEP	2025-09-27T19:39:06.1147514Z Image: ubuntu-24.04
l1-smoke	UNKNOWN STEP	2025-09-27T19:39:06.1148057Z Version: 20250922.53.1
l1-smoke	UNKNOWN STEP	2025-09-27T19:39:06.1149076Z Included Software: https://github.com/actions/runner-images/blob/ubuntu24/20250922.53/images/ubuntu/Ubuntu2404-Readme.md
l1-smoke	UNKNOWN STEP	2025-09-27T19:39:06.1150601Z Image Release: https://github.com/actions/runner-images/releases/tag/ubuntu24%2F20250922.53
l1-smoke	UNKNOWN STEP	2025-09-27T19:39:06.1151605Z ##[endgroup]
l1-smoke	UNKNOWN STEP	2025-09-27T19:39:06.1154298Z ##[group]GITHUB_TOKEN Permissions
l1-smoke	UNKNOWN STEP	2025-09-27T19:39:06.1156415Z Actions: write
l1-smoke	UNKNOWN STEP	2025-09-27T19:39:06.1156929Z Attestations: write
l1-smoke	UNKNOWN STEP	2025-09-27T19:39:06.1157542Z Checks: write
l1-smoke	UNKNOWN STEP	2025-09-27T19:39:06.1158048Z Contents: write
l1-smoke	UNKNOWN STEP	2025-09-27T19:39:06.1158581Z Deployments: write
l1-smoke	UNKNOWN STEP	2025-09-27T19:39:06.1159141Z Discussions: write
l1-smoke	UNKNOWN STEP	2025-09-27T19:39:06.1159608Z Issues: write
l1-smoke	UNKNOWN STEP	2025-09-27T19:39:06.1160087Z Metadata: read
l1-smoke	UNKNOWN STEP	2025-09-27T19:39:06.1160575Z Models: read
l1-smoke	UNKNOWN STEP	2025-09-27T19:39:06.1161075Z Packages: write
l1-smoke	UNKNOWN STEP	2025-09-27T19:39:06.1161572Z Pages: write
l1-smoke	UNKNOWN STEP	2025-09-27T19:39:06.1162087Z PullRequests: write
l1-smoke	UNKNOWN STEP	2025-09-27T19:39:06.1162592Z RepositoryProjects: write
l1-smoke	UNKNOWN STEP	2025-09-27T19:39:06.1163324Z SecurityEvents: write
l1-smoke	UNKNOWN STEP	2025-09-27T19:39:06.1163989Z Statuses: write
l1-smoke	UNKNOWN STEP	2025-09-27T19:39:06.1164475Z ##[endgroup]
l1-smoke	UNKNOWN STEP	2025-09-27T19:39:06.1166549Z Secret source: Actions
l1-smoke	UNKNOWN STEP	2025-09-27T19:39:06.1167211Z Prepare workflow directory
l1-smoke	UNKNOWN STEP	2025-09-27T19:39:06.1551430Z Prepare all required actions
l1-smoke	UNKNOWN STEP	2025-09-27T19:39:06.1589364Z Getting action download info
l1-smoke	UNKNOWN STEP	2025-09-27T19:39:06.5344014Z Download action repository 'actions/checkout@v4' (SHA:08eba0b27e820071cde6df949e0beb9ba4906955)
l1-smoke	UNKNOWN STEP	2025-09-27T19:39:07.0724996Z Complete job name: l1-smoke
l1-smoke	UNKNOWN STEP	2025-09-27T19:39:07.1529507Z ##[group]Run actions/checkout@v4
l1-smoke	UNKNOWN STEP	2025-09-27T19:39:07.1530382Z with:
l1-smoke	UNKNOWN STEP	2025-09-27T19:39:07.1530838Z   repository: ClanClanClanClan/latex_perf
l1-smoke	UNKNOWN STEP	2025-09-27T19:39:07.1531563Z   token: ***
l1-smoke	UNKNOWN STEP	2025-09-27T19:39:07.1531967Z   ssh-strict: true
l1-smoke	UNKNOWN STEP	2025-09-27T19:39:07.1532365Z   ssh-user: git
l1-smoke	UNKNOWN STEP	2025-09-27T19:39:07.1532958Z   persist-credentials: true
l1-smoke	UNKNOWN STEP	2025-09-27T19:39:07.1533432Z   clean: true
l1-smoke	UNKNOWN STEP	2025-09-27T19:39:07.1533870Z   sparse-checkout-cone-mode: true
l1-smoke	UNKNOWN STEP	2025-09-27T19:39:07.1534355Z   fetch-depth: 1
l1-smoke	UNKNOWN STEP	2025-09-27T19:39:07.1534763Z   fetch-tags: false
l1-smoke	UNKNOWN STEP	2025-09-27T19:39:07.1535172Z   show-progress: true
l1-smoke	UNKNOWN STEP	2025-09-27T19:39:07.1535595Z   lfs: false
l1-smoke	UNKNOWN STEP	2025-09-27T19:39:07.1535982Z   submodules: false
l1-smoke	UNKNOWN STEP	2025-09-27T19:39:07.1536419Z   set-safe-directory: true
l1-smoke	UNKNOWN STEP	2025-09-27T19:39:07.1537126Z ##[endgroup]
l1-smoke	UNKNOWN STEP	2025-09-27T19:39:07.2622598Z Syncing repository: ClanClanClanClan/latex_perf
l1-smoke	UNKNOWN STEP	2025-09-27T19:39:07.2624721Z ##[group]Getting Git version info
l1-smoke	UNKNOWN STEP	2025-09-27T19:39:07.2625544Z Working directory is '/home/runner/work/latex_perf/latex_perf'
l1-smoke	UNKNOWN STEP	2025-09-27T19:39:07.2626567Z [command]/usr/bin/git version
l1-smoke	UNKNOWN STEP	2025-09-27T19:39:07.3573665Z git version 2.51.0
l1-smoke	UNKNOWN STEP	2025-09-27T19:39:07.3601752Z ##[endgroup]
l1-smoke	UNKNOWN STEP	2025-09-27T19:39:07.3618670Z Temporarily overriding HOME='/home/runner/work/_temp/5d5666b5-d42b-48c8-8ffd-49e42819a0ba' before making global git config changes
l1-smoke	UNKNOWN STEP	2025-09-27T19:39:07.3621336Z Adding repository directory to the temporary git global config as a safe directory
l1-smoke	UNKNOWN STEP	2025-09-27T19:39:07.3633246Z [command]/usr/bin/git config --global --add safe.directory /home/runner/work/latex_perf/latex_perf
l1-smoke	UNKNOWN STEP	2025-09-27T19:39:07.3713466Z Deleting the contents of '/home/runner/work/latex_perf/latex_perf'
l1-smoke	UNKNOWN STEP	2025-09-27T19:39:07.3717622Z ##[group]Initializing the repository
l1-smoke	UNKNOWN STEP	2025-09-27T19:39:07.3722209Z [command]/usr/bin/git init /home/runner/work/latex_perf/latex_perf
l1-smoke	UNKNOWN STEP	2025-09-27T19:39:07.4624905Z hint: Using 'master' as the name for the initial branch. This default branch name
l1-smoke	UNKNOWN STEP	2025-09-27T19:39:07.4626973Z hint: is subject to change. To configure the initial branch name to use in all
l1-smoke	UNKNOWN STEP	2025-09-27T19:39:07.4628286Z hint: of your new repositories, which will suppress this warning, call:
l1-smoke	UNKNOWN STEP	2025-09-27T19:39:07.4629222Z hint:
l1-smoke	UNKNOWN STEP	2025-09-27T19:39:07.4629874Z hint: 	git config --global init.defaultBranch <name>
l1-smoke	UNKNOWN STEP	2025-09-27T19:39:07.4630668Z hint:
l1-smoke	UNKNOWN STEP	2025-09-27T19:39:07.4631423Z hint: Names commonly chosen instead of 'master' are 'main', 'trunk' and
l1-smoke	UNKNOWN STEP	2025-09-27T19:39:07.4632688Z hint: 'development'. The just-created branch can be renamed via this command:
l1-smoke	UNKNOWN STEP	2025-09-27T19:39:07.4633891Z hint:
l1-smoke	UNKNOWN STEP	2025-09-27T19:39:07.4634409Z hint: 	git branch -m <name>
l1-smoke	UNKNOWN STEP	2025-09-27T19:39:07.4635013Z hint:
l1-smoke	UNKNOWN STEP	2025-09-27T19:39:07.4635669Z hint: Disable this message with "git config set advice.defaultBranchName false"
l1-smoke	UNKNOWN STEP	2025-09-27T19:39:07.4670161Z Initialized empty Git repository in /home/runner/work/latex_perf/latex_perf/.git/
l1-smoke	UNKNOWN STEP	2025-09-27T19:39:07.4684466Z [command]/usr/bin/git remote add origin https://github.com/ClanClanClanClan/latex_perf
l1-smoke	UNKNOWN STEP	2025-09-27T19:39:07.4801275Z ##[endgroup]
l1-smoke	UNKNOWN STEP	2025-09-27T19:39:07.4802078Z ##[group]Disabling automatic garbage collection
l1-smoke	UNKNOWN STEP	2025-09-27T19:39:07.4805397Z [command]/usr/bin/git config --local gc.auto 0
l1-smoke	UNKNOWN STEP	2025-09-27T19:39:07.4837163Z ##[endgroup]
l1-smoke	UNKNOWN STEP	2025-09-27T19:39:07.4838544Z ##[group]Setting up auth
l1-smoke	UNKNOWN STEP	2025-09-27T19:39:07.4844785Z [command]/usr/bin/git config --local --name-only --get-regexp core\.sshCommand
l1-smoke	UNKNOWN STEP	2025-09-27T19:39:07.4875194Z [command]/usr/bin/git submodule foreach --recursive sh -c "git config --local --name-only --get-regexp 'core\.sshCommand' && git config --local --unset-all 'core.sshCommand' || :"
l1-smoke	UNKNOWN STEP	2025-09-27T19:39:07.6565198Z [command]/usr/bin/git config --local --name-only --get-regexp http\.https\:\/\/github\.com\/\.extraheader
l1-smoke	UNKNOWN STEP	2025-09-27T19:39:07.6594887Z [command]/usr/bin/git submodule foreach --recursive sh -c "git config --local --name-only --get-regexp 'http\.https\:\/\/github\.com\/\.extraheader' && git config --local --unset-all 'http.https://github.com/.extraheader' || :"
l1-smoke	UNKNOWN STEP	2025-09-27T19:39:07.6812155Z [command]/usr/bin/git config --local http.https://github.com/.extraheader AUTHORIZATION: basic ***
l1-smoke	UNKNOWN STEP	2025-09-27T19:39:07.6849780Z ##[endgroup]
l1-smoke	UNKNOWN STEP	2025-09-27T19:39:07.6851822Z ##[group]Fetching the repository
l1-smoke	UNKNOWN STEP	2025-09-27T19:39:07.6869924Z [command]/usr/bin/git -c protocol.version=2 fetch --no-tags --prune --no-recurse-submodules --depth=1 origin +d00dbc0e857bf893fdda045c17709c0fd5b9979e:refs/remotes/origin/fix-math-strip
l1-smoke	UNKNOWN STEP	2025-09-27T19:39:08.5246172Z From https://github.com/ClanClanClanClan/latex_perf
l1-smoke	UNKNOWN STEP	2025-09-27T19:39:08.5249833Z  * [new ref]         d00dbc0e857bf893fdda045c17709c0fd5b9979e -> origin/fix-math-strip
l1-smoke	UNKNOWN STEP	2025-09-27T19:39:08.5319259Z ##[endgroup]
l1-smoke	UNKNOWN STEP	2025-09-27T19:39:08.5320936Z ##[group]Determining the checkout info
l1-smoke	UNKNOWN STEP	2025-09-27T19:39:08.5322480Z ##[endgroup]
l1-smoke	UNKNOWN STEP	2025-09-27T19:39:08.5326013Z [command]/usr/bin/git sparse-checkout disable
l1-smoke	UNKNOWN STEP	2025-09-27T19:39:08.5410717Z [command]/usr/bin/git config --local --unset-all extensions.worktreeConfig
l1-smoke	UNKNOWN STEP	2025-09-27T19:39:08.5437947Z ##[group]Checking out the ref
l1-smoke	UNKNOWN STEP	2025-09-27T19:39:08.5440836Z [command]/usr/bin/git checkout --progress --force -B fix-math-strip refs/remotes/origin/fix-math-strip
l1-smoke	UNKNOWN STEP	2025-09-27T19:39:08.5905269Z Switched to a new branch 'fix-math-strip'
l1-smoke	UNKNOWN STEP	2025-09-27T19:39:08.5907917Z branch 'fix-math-strip' set up to track 'origin/fix-math-strip'.
l1-smoke	UNKNOWN STEP	2025-09-27T19:39:08.5916021Z ##[endgroup]
l1-smoke	UNKNOWN STEP	2025-09-27T19:39:08.5953020Z [command]/usr/bin/git log -1 --format=%H
l1-smoke	UNKNOWN STEP	2025-09-27T19:39:08.5979787Z d00dbc0e857bf893fdda045c17709c0fd5b9979e
l1-smoke	UNKNOWN STEP	2025-09-27T19:39:08.6368046Z Prepare all required actions
l1-smoke	UNKNOWN STEP	2025-09-27T19:39:08.6369343Z Getting action download info
l1-smoke	UNKNOWN STEP	2025-09-27T19:39:08.8233967Z Download action repository 'ocaml/setup-ocaml@v2' (SHA:8cc6339f55862749298d198ef84788b8d6acdacc)
l1-smoke	UNKNOWN STEP	2025-09-27T19:39:09.7534668Z ##[group]Run ./.github/actions/setup-ocaml
l1-smoke	UNKNOWN STEP	2025-09-27T19:39:09.7535700Z with:
l1-smoke	UNKNOWN STEP	2025-09-27T19:39:09.7536408Z   ocaml-compiler: 4.14.1
l1-smoke	UNKNOWN STEP	2025-09-27T19:39:09.7537258Z   opam-depext: false
l1-smoke	UNKNOWN STEP	2025-09-27T19:39:09.7538315Z   allow-prerelease-opam: false
l1-smoke	UNKNOWN STEP	2025-09-27T19:39:09.7539240Z   opam-pin: true
l1-smoke	UNKNOWN STEP	2025-09-27T19:39:09.7540341Z   opam-local-packages: *.opam
l1-smoke	UNKNOWN STEP	2025-09-27T19:39:09.7541357Z   opam-disable-sandboxing: false
l1-smoke	UNKNOWN STEP	2025-09-27T19:39:09.7542512Z   dune-cache: false
l1-smoke	UNKNOWN STEP	2025-09-27T19:39:09.7543448Z   cache-prefix: v1
l1-smoke	UNKNOWN STEP	2025-09-27T19:39:09.7544204Z ##[endgroup]
l1-smoke	UNKNOWN STEP	2025-09-27T19:39:09.7660349Z ##[group]Run sudo apt-get update
l1-smoke	UNKNOWN STEP	2025-09-27T19:39:09.7661412Z [36;1msudo apt-get update[0m
l1-smoke	UNKNOWN STEP	2025-09-27T19:39:09.7662374Z [36;1msudo apt-get install -y \[0m
l1-smoke	UNKNOWN STEP	2025-09-27T19:39:09.7663596Z [36;1m  bubblewrap \[0m
l1-smoke	UNKNOWN STEP	2025-09-27T19:39:09.7664453Z [36;1m  g++-multilib \[0m
l1-smoke	UNKNOWN STEP	2025-09-27T19:39:09.7665318Z [36;1m  gcc-multilib \[0m
l1-smoke	UNKNOWN STEP	2025-09-27T19:39:09.7666201Z [36;1m  mercurial \[0m
l1-smoke	UNKNOWN STEP	2025-09-27T19:39:09.7667028Z [36;1m  musl-tools \[0m
l1-smoke	UNKNOWN STEP	2025-09-27T19:39:09.7667827Z [36;1m  rsync[0m
l1-smoke	UNKNOWN STEP	2025-09-27T19:39:09.7706916Z shell: /usr/bin/bash --noprofile --norc -e -o pipefail {0}
l1-smoke	UNKNOWN STEP	2025-09-27T19:39:09.7708145Z ##[endgroup]
l1-smoke	UNKNOWN STEP	2025-09-27T19:39:09.9134949Z Get:1 file:/etc/apt/apt-mirrors.txt Mirrorlist [144 B]
l1-smoke	UNKNOWN STEP	2025-09-27T19:39:09.9614586Z Hit:2 http://azure.archive.ubuntu.com/ubuntu noble InRelease
l1-smoke	UNKNOWN STEP	2025-09-27T19:39:09.9624002Z Hit:6 https://packages.microsoft.com/repos/azure-cli noble InRelease
l1-smoke	UNKNOWN STEP	2025-09-27T19:39:09.9627134Z Get:7 https://packages.microsoft.com/ubuntu/24.04/prod noble InRelease [3600 B]
l1-smoke	UNKNOWN STEP	2025-09-27T19:39:09.9662693Z Get:3 http://azure.archive.ubuntu.com/ubuntu noble-updates InRelease [126 kB]
l1-smoke	UNKNOWN STEP	2025-09-27T19:39:09.9721748Z Get:4 http://azure.archive.ubuntu.com/ubuntu noble-backports InRelease [126 kB]
l1-smoke	UNKNOWN STEP	2025-09-27T19:39:09.9795764Z Get:5 http://azure.archive.ubuntu.com/ubuntu noble-security InRelease [126 kB]
l1-smoke	UNKNOWN STEP	2025-09-27T19:39:10.2046695Z Get:8 https://packages.microsoft.com/ubuntu/24.04/prod noble/main arm64 Packages [39.5 kB]
l1-smoke	UNKNOWN STEP	2025-09-27T19:39:10.2286903Z Get:9 https://packages.microsoft.com/ubuntu/24.04/prod noble/main amd64 Packages [57.1 kB]
l1-smoke	UNKNOWN STEP	2025-09-27T19:39:10.2405465Z Get:10 http://azure.archive.ubuntu.com/ubuntu noble-updates/main amd64 Packages [1443 kB]
l1-smoke	UNKNOWN STEP	2025-09-27T19:39:10.2478520Z Get:11 http://azure.archive.ubuntu.com/ubuntu noble-updates/main Translation-en [282 kB]
l1-smoke	UNKNOWN STEP	2025-09-27T19:39:10.2502165Z Get:12 http://azure.archive.ubuntu.com/ubuntu noble-updates/main amd64 Components [175 kB]
l1-smoke	UNKNOWN STEP	2025-09-27T19:39:10.2524412Z Get:13 http://azure.archive.ubuntu.com/ubuntu noble-updates/main amd64 c-n-f Metadata [15.3 kB]
l1-smoke	UNKNOWN STEP	2025-09-27T19:39:10.2536663Z Get:14 http://azure.archive.ubuntu.com/ubuntu noble-updates/universe amd64 Packages [1485 kB]
l1-smoke	UNKNOWN STEP	2025-09-27T19:39:10.2626638Z Get:15 http://azure.archive.ubuntu.com/ubuntu noble-updates/universe Translation-en [299 kB]
l1-smoke	UNKNOWN STEP	2025-09-27T19:39:10.2660507Z Get:16 http://azure.archive.ubuntu.com/ubuntu noble-updates/universe amd64 Components [378 kB]
l1-smoke	UNKNOWN STEP	2025-09-27T19:39:10.2689517Z Get:17 http://azure.archive.ubuntu.com/ubuntu noble-updates/universe amd64 c-n-f Metadata [31.0 kB]
l1-smoke	UNKNOWN STEP	2025-09-27T19:39:10.2699189Z Get:18 http://azure.archive.ubuntu.com/ubuntu noble-updates/restricted amd64 Packages [1957 kB]
l1-smoke	UNKNOWN STEP	2025-09-27T19:39:10.2799808Z Get:19 http://azure.archive.ubuntu.com/ubuntu noble-updates/restricted Translation-en [441 kB]
l1-smoke	UNKNOWN STEP	2025-09-27T19:39:10.3270053Z Get:20 http://azure.archive.ubuntu.com/ubuntu noble-updates/restricted amd64 Components [212 B]
l1-smoke	UNKNOWN STEP	2025-09-27T19:39:10.3275895Z Get:21 http://azure.archive.ubuntu.com/ubuntu noble-updates/multiverse amd64 Components [940 B]
l1-smoke	UNKNOWN STEP	2025-09-27T19:39:10.3285886Z Get:22 http://azure.archive.ubuntu.com/ubuntu noble-backports/main amd64 Components [7088 B]
l1-smoke	UNKNOWN STEP	2025-09-27T19:39:10.3295996Z Get:23 http://azure.archive.ubuntu.com/ubuntu noble-backports/universe amd64 Packages [28.9 kB]
l1-smoke	UNKNOWN STEP	2025-09-27T19:39:10.3309234Z Get:24 http://azure.archive.ubuntu.com/ubuntu noble-backports/universe amd64 Components [11.0 kB]
l1-smoke	UNKNOWN STEP	2025-09-27T19:39:10.3319779Z Get:25 http://azure.archive.ubuntu.com/ubuntu noble-backports/universe amd64 c-n-f Metadata [1444 B]
l1-smoke	UNKNOWN STEP	2025-09-27T19:39:10.3330274Z Get:26 http://azure.archive.ubuntu.com/ubuntu noble-backports/restricted amd64 Components [216 B]
l1-smoke	UNKNOWN STEP	2025-09-27T19:39:10.3343389Z Get:27 http://azure.archive.ubuntu.com/ubuntu noble-backports/multiverse amd64 Components [212 B]
l1-smoke	UNKNOWN STEP	2025-09-27T19:39:10.3491182Z Get:28 http://azure.archive.ubuntu.com/ubuntu noble-security/main amd64 Packages [1171 kB]
l1-smoke	UNKNOWN STEP	2025-09-27T19:39:10.3557417Z Get:29 http://azure.archive.ubuntu.com/ubuntu noble-security/main Translation-en [198 kB]
l1-smoke	UNKNOWN STEP	2025-09-27T19:39:10.3577284Z Get:30 http://azure.archive.ubuntu.com/ubuntu noble-security/main amd64 Components [21.6 kB]
l1-smoke	UNKNOWN STEP	2025-09-27T19:39:10.3592055Z Get:31 http://azure.archive.ubuntu.com/ubuntu noble-security/main amd64 c-n-f Metadata [8744 B]
l1-smoke	UNKNOWN STEP	2025-09-27T19:39:10.3601017Z Get:32 http://azure.archive.ubuntu.com/ubuntu noble-security/universe amd64 Packages [880 kB]
l1-smoke	UNKNOWN STEP	2025-09-27T19:39:10.3649300Z Get:33 http://azure.archive.ubuntu.com/ubuntu noble-security/universe Translation-en [195 kB]
l1-smoke	UNKNOWN STEP	2025-09-27T19:39:10.4110466Z Get:34 http://azure.archive.ubuntu.com/ubuntu noble-security/universe amd64 Components [52.2 kB]
l1-smoke	UNKNOWN STEP	2025-09-27T19:39:10.4121954Z Get:35 http://azure.archive.ubuntu.com/ubuntu noble-security/universe amd64 c-n-f Metadata [18.0 kB]
l1-smoke	UNKNOWN STEP	2025-09-27T19:39:10.4131707Z Get:36 http://azure.archive.ubuntu.com/ubuntu noble-security/restricted amd64 Packages [1872 kB]
l1-smoke	UNKNOWN STEP	2025-09-27T19:39:10.4227063Z Get:37 http://azure.archive.ubuntu.com/ubuntu noble-security/restricted Translation-en [423 kB]
l1-smoke	UNKNOWN STEP	2025-09-27T19:39:10.4257368Z Get:38 http://azure.archive.ubuntu.com/ubuntu noble-security/restricted amd64 Components [212 B]
l1-smoke	UNKNOWN STEP	2025-09-27T19:39:10.4265784Z Get:39 http://azure.archive.ubuntu.com/ubuntu noble-security/multiverse amd64 Components [212 B]
l1-smoke	UNKNOWN STEP	2025-09-27T19:39:21.1227926Z Fetched 11.9 MB in 2s (7716 kB/s)
l1-smoke	UNKNOWN STEP	2025-09-27T19:39:21.8380611Z Reading package lists...
l1-smoke	UNKNOWN STEP	2025-09-27T19:39:21.8703976Z Reading package lists...
l1-smoke	UNKNOWN STEP	2025-09-27T19:39:22.0354716Z Building dependency tree...
l1-smoke	UNKNOWN STEP	2025-09-27T19:39:22.0362153Z Reading state information...
l1-smoke	UNKNOWN STEP	2025-09-27T19:39:22.1996362Z mercurial is already the newest version (6.7.2-1ubuntu2.2).
l1-smoke	UNKNOWN STEP	2025-09-27T19:39:22.1997184Z rsync is already the newest version (3.2.7-1ubuntu1.2).
l1-smoke	UNKNOWN STEP	2025-09-27T19:39:22.1997779Z The following additional packages will be installed:
l1-smoke	UNKNOWN STEP	2025-09-27T19:39:22.1998469Z   g++-13-multilib gcc-13-multilib lib32asan8 lib32atomic1 lib32gcc-13-dev
l1-smoke	UNKNOWN STEP	2025-09-27T19:39:22.1999217Z   lib32gomp1 lib32itm1 lib32quadmath0 lib32stdc++-13-dev lib32ubsan1
l1-smoke	UNKNOWN STEP	2025-09-27T19:39:22.2000528Z   libc6-dev-i386 libc6-dev-x32 libc6-x32 libx32asan8 libx32atomic1
l1-smoke	UNKNOWN STEP	2025-09-27T19:39:22.2001247Z   libx32gcc-13-dev libx32gcc-s1 libx32gomp1 libx32itm1 libx32quadmath0
l1-smoke	UNKNOWN STEP	2025-09-27T19:39:22.2003993Z   libx32stdc++-13-dev libx32stdc++6 libx32ubsan1 musl musl-dev
l1-smoke	UNKNOWN STEP	2025-09-27T19:39:22.2009532Z Suggested packages:
l1-smoke	UNKNOWN STEP	2025-09-27T19:39:22.2009888Z   lib32stdc++6-13-dbg libx32stdc++6-13-dbg
l1-smoke	UNKNOWN STEP	2025-09-27T19:39:22.2557711Z The following NEW packages will be installed:
l1-smoke	UNKNOWN STEP	2025-09-27T19:39:22.2558719Z   bubblewrap g++-13-multilib g++-multilib gcc-13-multilib gcc-multilib
l1-smoke	UNKNOWN STEP	2025-09-27T19:39:22.2559583Z   lib32asan8 lib32atomic1 lib32gcc-13-dev lib32gomp1 lib32itm1 lib32quadmath0
l1-smoke	UNKNOWN STEP	2025-09-27T19:39:22.2564005Z   lib32stdc++-13-dev lib32ubsan1 libc6-dev-i386 libc6-dev-x32 libc6-x32
l1-smoke	UNKNOWN STEP	2025-09-27T19:39:22.2564846Z   libx32asan8 libx32atomic1 libx32gcc-13-dev libx32gcc-s1 libx32gomp1
l1-smoke	UNKNOWN STEP	2025-09-27T19:39:22.2565681Z   libx32itm1 libx32quadmath0 libx32stdc++-13-dev libx32stdc++6 libx32ubsan1
l1-smoke	UNKNOWN STEP	2025-09-27T19:39:22.2567549Z   musl musl-dev musl-tools
l1-smoke	UNKNOWN STEP	2025-09-27T19:39:22.2751101Z 0 upgraded, 29 newly installed, 0 to remove and 17 not upgraded.
l1-smoke	UNKNOWN STEP	2025-09-27T19:39:22.2751584Z Need to get 23.6 MB of archives.
l1-smoke	UNKNOWN STEP	2025-09-27T19:39:22.2752150Z After this operation, 94.1 MB of additional disk space will be used.
l1-smoke	UNKNOWN STEP	2025-09-27T19:39:22.2753394Z Get:1 file:/etc/apt/apt-mirrors.txt Mirrorlist [144 B]
l1-smoke	UNKNOWN STEP	2025-09-27T19:39:22.4868452Z Get:2 http://azure.archive.ubuntu.com/ubuntu noble-updates/main amd64 bubblewrap amd64 0.9.0-1ubuntu0.1 [50.2 kB]
l1-smoke	UNKNOWN STEP	2025-09-27T19:39:22.5564032Z Get:3 http://azure.archive.ubuntu.com/ubuntu noble-updates/main amd64 libc6-dev-i386 amd64 2.39-0ubuntu8.6 [1447 kB]
l1-smoke	UNKNOWN STEP	2025-09-27T19:39:22.7559116Z Get:4 http://azure.archive.ubuntu.com/ubuntu noble-updates/main amd64 libc6-x32 amd64 2.39-0ubuntu8.6 [2913 kB]
l1-smoke	UNKNOWN STEP	2025-09-27T19:39:23.0233508Z Get:5 http://azure.archive.ubuntu.com/ubuntu noble-updates/main amd64 libc6-dev-x32 amd64 2.39-0ubuntu8.6 [1637 kB]
l1-smoke	UNKNOWN STEP	2025-09-27T19:39:23.2308750Z Get:6 http://azure.archive.ubuntu.com/ubuntu noble-updates/main amd64 libx32gcc-s1 amd64 14.2.0-4ubuntu2~24.04 [78.5 kB]
l1-smoke	UNKNOWN STEP	2025-09-27T19:39:23.3401522Z Get:7 http://azure.archive.ubuntu.com/ubuntu noble-updates/main amd64 lib32gomp1 amd64 14.2.0-4ubuntu2~24.04 [141 kB]
l1-smoke	UNKNOWN STEP	2025-09-27T19:39:23.4082943Z Get:8 http://azure.archive.ubuntu.com/ubuntu noble-updates/main amd64 libx32gomp1 amd64 14.2.0-4ubuntu2~24.04 [145 kB]
l1-smoke	UNKNOWN STEP	2025-09-27T19:39:23.4769514Z Get:9 http://azure.archive.ubuntu.com/ubuntu noble-updates/main amd64 lib32itm1 amd64 14.2.0-4ubuntu2~24.04 [29.6 kB]
l1-smoke	UNKNOWN STEP	2025-09-27T19:39:23.5443726Z Get:10 http://azure.archive.ubuntu.com/ubuntu noble-updates/main amd64 libx32itm1 amd64 14.2.0-4ubuntu2~24.04 [29.8 kB]
l1-smoke	UNKNOWN STEP	2025-09-27T19:39:23.6123555Z Get:11 http://azure.archive.ubuntu.com/ubuntu noble-updates/main amd64 lib32atomic1 amd64 14.2.0-4ubuntu2~24.04 [8586 B]
l1-smoke	UNKNOWN STEP	2025-09-27T19:39:23.6795741Z Get:12 http://azure.archive.ubuntu.com/ubuntu noble-updates/main amd64 libx32atomic1 amd64 14.2.0-4ubuntu2~24.04 [10.3 kB]
l1-smoke	UNKNOWN STEP	2025-09-27T19:39:23.7477876Z Get:13 http://azure.archive.ubuntu.com/ubuntu noble-updates/main amd64 lib32asan8 amd64 14.2.0-4ubuntu2~24.04 [2879 kB]
l1-smoke	UNKNOWN STEP	2025-09-27T19:39:24.0241005Z Get:14 http://azure.archive.ubuntu.com/ubuntu noble-updates/main amd64 libx32asan8 amd64 14.2.0-4ubuntu2~24.04 [2893 kB]
l1-smoke	UNKNOWN STEP	2025-09-27T19:39:24.2900483Z Get:15 http://azure.archive.ubuntu.com/ubuntu noble-updates/main amd64 lib32ubsan1 amd64 14.2.0-4ubuntu2~24.04 [1150 kB]
l1-smoke	UNKNOWN STEP	2025-09-27T19:39:24.4883454Z Get:16 http://azure.archive.ubuntu.com/ubuntu noble-updates/main amd64 libx32stdc++6 amd64 14.2.0-4ubuntu2~24.04 [778 kB]
l1-smoke	UNKNOWN STEP	2025-09-27T19:39:24.6245504Z Get:17 http://azure.archive.ubuntu.com/ubuntu noble-updates/main amd64 libx32ubsan1 amd64 14.2.0-4ubuntu2~24.04 [1169 kB]
l1-smoke	UNKNOWN STEP	2025-09-27T19:39:24.8304703Z Get:18 http://azure.archive.ubuntu.com/ubuntu noble-updates/main amd64 lib32quadmath0 amd64 14.2.0-4ubuntu2~24.04 [227 kB]
l1-smoke	UNKNOWN STEP	2025-09-27T19:39:24.8998636Z Get:19 http://azure.archive.ubuntu.com/ubuntu noble-updates/main amd64 libx32quadmath0 amd64 14.2.0-4ubuntu2~24.04 [157 kB]
l1-smoke	UNKNOWN STEP	2025-09-27T19:39:24.9693083Z Get:20 http://azure.archive.ubuntu.com/ubuntu noble-updates/main amd64 lib32gcc-13-dev amd64 13.3.0-6ubuntu2~24.04 [2380 kB]
l1-smoke	UNKNOWN STEP	2025-09-27T19:39:25.2360861Z Get:21 http://azure.archive.ubuntu.com/ubuntu noble-updates/main amd64 libx32gcc-13-dev amd64 13.3.0-6ubuntu2~24.04 [2190 kB]
l1-smoke	UNKNOWN STEP	2025-09-27T19:39:25.5072320Z Get:22 http://azure.archive.ubuntu.com/ubuntu noble-updates/main amd64 gcc-13-multilib amd64 13.3.0-6ubuntu2~24.04 [878 B]
l1-smoke	UNKNOWN STEP	2025-09-27T19:39:25.5751778Z Get:23 http://azure.archive.ubuntu.com/ubuntu noble-updates/main amd64 lib32stdc++-13-dev amd64 13.3.0-6ubuntu2~24.04 [1150 kB]
l1-smoke	UNKNOWN STEP	2025-09-27T19:39:25.7731272Z Get:24 http://azure.archive.ubuntu.com/ubuntu noble-updates/main amd64 libx32stdc++-13-dev amd64 13.3.0-6ubuntu2~24.04 [1086 kB]
l1-smoke	UNKNOWN STEP	2025-09-27T19:39:25.9113986Z Get:25 http://azure.archive.ubuntu.com/ubuntu noble-updates/main amd64 g++-13-multilib amd64 13.3.0-6ubuntu2~24.04 [890 B]
l1-smoke	UNKNOWN STEP	2025-09-27T19:39:25.9790329Z Get:26 http://azure.archive.ubuntu.com/ubuntu noble/main amd64 gcc-multilib amd64 4:13.2.0-7ubuntu1 [1474 B]
l1-smoke	UNKNOWN STEP	2025-09-27T19:39:26.0470041Z Get:27 http://azure.archive.ubuntu.com/ubuntu noble/main amd64 g++-multilib amd64 4:13.2.0-7ubuntu1 [884 B]
l1-smoke	UNKNOWN STEP	2025-09-27T19:39:26.1147888Z Get:28 http://azure.archive.ubuntu.com/ubuntu noble/universe amd64 musl amd64 1.2.4-2 [416 kB]
l1-smoke	UNKNOWN STEP	2025-09-27T19:39:26.1855804Z Get:29 http://azure.archive.ubuntu.com/ubuntu noble/universe amd64 musl-dev amd64 1.2.4-2 [616 kB]
l1-smoke	UNKNOWN STEP	2025-09-27T19:39:26.3191441Z Get:30 http://azure.archive.ubuntu.com/ubuntu noble/universe amd64 musl-tools amd64 1.2.4-2 [5540 B]
l1-smoke	UNKNOWN STEP	2025-09-27T19:39:26.6027294Z Fetched 23.6 MB in 4s (5819 kB/s)
l1-smoke	UNKNOWN STEP	2025-09-27T19:39:26.6597094Z Selecting previously unselected package bubblewrap.
l1-smoke	UNKNOWN STEP	2025-09-27T19:39:26.7827479Z (Reading database ... 
l1-smoke	UNKNOWN STEP	2025-09-27T19:39:26.7828508Z (Reading database ... 5%
l1-smoke	UNKNOWN STEP	2025-09-27T19:39:26.7828744Z (Reading database ... 10%
l1-smoke	UNKNOWN STEP	2025-09-27T19:39:26.7828956Z (Reading database ... 15%
l1-smoke	UNKNOWN STEP	2025-09-27T19:39:26.7829164Z (Reading database ... 20%
l1-smoke	UNKNOWN STEP	2025-09-27T19:39:26.7829349Z (Reading database ... 25%
l1-smoke	UNKNOWN STEP	2025-09-27T19:39:26.7829537Z (Reading database ... 30%
l1-smoke	UNKNOWN STEP	2025-09-27T19:39:26.7829722Z (Reading database ... 35%
l1-smoke	UNKNOWN STEP	2025-09-27T19:39:26.7829910Z (Reading database ... 40%
l1-smoke	UNKNOWN STEP	2025-09-27T19:39:26.7830091Z (Reading database ... 45%
l1-smoke	UNKNOWN STEP	2025-09-27T19:39:26.7830281Z (Reading database ... 50%
l1-smoke	UNKNOWN STEP	2025-09-27T19:39:26.9182159Z (Reading database ... 55%
l1-smoke	UNKNOWN STEP	2025-09-27T19:39:27.4630109Z (Reading database ... 60%
l1-smoke	UNKNOWN STEP	2025-09-27T19:39:27.9924473Z (Reading database ... 65%
l1-smoke	UNKNOWN STEP	2025-09-27T19:39:28.5033373Z (Reading database ... 70%
l1-smoke	UNKNOWN STEP	2025-09-27T19:39:29.0219997Z (Reading database ... 75%
l1-smoke	UNKNOWN STEP	2025-09-27T19:39:29.5733574Z (Reading database ... 80%
l1-smoke	UNKNOWN STEP	2025-09-27T19:39:30.1559232Z (Reading database ... 85%
l1-smoke	UNKNOWN STEP	2025-09-27T19:39:30.8076985Z (Reading database ... 90%
l1-smoke	UNKNOWN STEP	2025-09-27T19:39:31.4410243Z (Reading database ... 95%
l1-smoke	UNKNOWN STEP	2025-09-27T19:39:31.4410827Z (Reading database ... 100%
l1-smoke	UNKNOWN STEP	2025-09-27T19:39:31.4411438Z (Reading database ... 214164 files and directories currently installed.)
l1-smoke	UNKNOWN STEP	2025-09-27T19:39:31.4459393Z Preparing to unpack .../00-bubblewrap_0.9.0-1ubuntu0.1_amd64.deb ...
l1-smoke	UNKNOWN STEP	2025-09-27T19:39:31.4487629Z Unpacking bubblewrap (0.9.0-1ubuntu0.1) ...
l1-smoke	UNKNOWN STEP	2025-09-27T19:39:31.5142333Z Selecting previously unselected package libc6-dev-i386.
l1-smoke	UNKNOWN STEP	2025-09-27T19:39:31.5272551Z Preparing to unpack .../01-libc6-dev-i386_2.39-0ubuntu8.6_amd64.deb ...
l1-smoke	UNKNOWN STEP	2025-09-27T19:39:31.5286973Z Unpacking libc6-dev-i386 (2.39-0ubuntu8.6) ...
l1-smoke	UNKNOWN STEP	2025-09-27T19:39:31.6469796Z Selecting previously unselected package libc6-x32.
l1-smoke	UNKNOWN STEP	2025-09-27T19:39:31.6600415Z Preparing to unpack .../02-libc6-x32_2.39-0ubuntu8.6_amd64.deb ...
l1-smoke	UNKNOWN STEP	2025-09-27T19:39:31.6710891Z Unpacking libc6-x32 (2.39-0ubuntu8.6) ...
l1-smoke	UNKNOWN STEP	2025-09-27T19:39:31.7849167Z Selecting previously unselected package libc6-dev-x32.
l1-smoke	UNKNOWN STEP	2025-09-27T19:39:31.7979394Z Preparing to unpack .../03-libc6-dev-x32_2.39-0ubuntu8.6_amd64.deb ...
l1-smoke	UNKNOWN STEP	2025-09-27T19:39:31.7997001Z Unpacking libc6-dev-x32 (2.39-0ubuntu8.6) ...
l1-smoke	UNKNOWN STEP	2025-09-27T19:39:31.8663297Z Selecting previously unselected package libx32gcc-s1.
l1-smoke	UNKNOWN STEP	2025-09-27T19:39:31.8793516Z Preparing to unpack .../04-libx32gcc-s1_14.2.0-4ubuntu2~24.04_amd64.deb ...
l1-smoke	UNKNOWN STEP	2025-09-27T19:39:31.8809815Z Unpacking libx32gcc-s1 (14.2.0-4ubuntu2~24.04) ...
l1-smoke	UNKNOWN STEP	2025-09-27T19:39:31.9103733Z Selecting previously unselected package lib32gomp1.
l1-smoke	UNKNOWN STEP	2025-09-27T19:39:31.9234465Z Preparing to unpack .../05-lib32gomp1_14.2.0-4ubuntu2~24.04_amd64.deb ...
l1-smoke	UNKNOWN STEP	2025-09-27T19:39:31.9251878Z Unpacking lib32gomp1 (14.2.0-4ubuntu2~24.04) ...
l1-smoke	UNKNOWN STEP	2025-09-27T19:39:31.9517197Z Selecting previously unselected package libx32gomp1.
l1-smoke	UNKNOWN STEP	2025-09-27T19:39:31.9648057Z Preparing to unpack .../06-libx32gomp1_14.2.0-4ubuntu2~24.04_amd64.deb ...
l1-smoke	UNKNOWN STEP	2025-09-27T19:39:31.9669498Z Unpacking libx32gomp1 (14.2.0-4ubuntu2~24.04) ...
l1-smoke	UNKNOWN STEP	2025-09-27T19:39:31.9924464Z Selecting previously unselected package lib32itm1.
l1-smoke	UNKNOWN STEP	2025-09-27T19:39:32.0052978Z Preparing to unpack .../07-lib32itm1_14.2.0-4ubuntu2~24.04_amd64.deb ...
l1-smoke	UNKNOWN STEP	2025-09-27T19:39:32.0065284Z Unpacking lib32itm1 (14.2.0-4ubuntu2~24.04) ...
l1-smoke	UNKNOWN STEP	2025-09-27T19:39:32.0328865Z Selecting previously unselected package libx32itm1.
l1-smoke	UNKNOWN STEP	2025-09-27T19:39:32.0456901Z Preparing to unpack .../08-libx32itm1_14.2.0-4ubuntu2~24.04_amd64.deb ...
l1-smoke	UNKNOWN STEP	2025-09-27T19:39:32.0468445Z Unpacking libx32itm1 (14.2.0-4ubuntu2~24.04) ...
l1-smoke	UNKNOWN STEP	2025-09-27T19:39:32.0702611Z Selecting previously unselected package lib32atomic1.
l1-smoke	UNKNOWN STEP	2025-09-27T19:39:32.0833637Z Preparing to unpack .../09-lib32atomic1_14.2.0-4ubuntu2~24.04_amd64.deb ...
l1-smoke	UNKNOWN STEP	2025-09-27T19:39:32.0845794Z Unpacking lib32atomic1 (14.2.0-4ubuntu2~24.04) ...
l1-smoke	UNKNOWN STEP	2025-09-27T19:39:32.1113081Z Selecting previously unselected package libx32atomic1.
l1-smoke	UNKNOWN STEP	2025-09-27T19:39:32.1243732Z Preparing to unpack .../10-libx32atomic1_14.2.0-4ubuntu2~24.04_amd64.deb ...
l1-smoke	UNKNOWN STEP	2025-09-27T19:39:32.1264193Z Unpacking libx32atomic1 (14.2.0-4ubuntu2~24.04) ...
l1-smoke	UNKNOWN STEP	2025-09-27T19:39:32.1509103Z Selecting previously unselected package lib32asan8.
l1-smoke	UNKNOWN STEP	2025-09-27T19:39:32.1638799Z Preparing to unpack .../11-lib32asan8_14.2.0-4ubuntu2~24.04_amd64.deb ...
l1-smoke	UNKNOWN STEP	2025-09-27T19:39:32.1655444Z Unpacking lib32asan8 (14.2.0-4ubuntu2~24.04) ...
l1-smoke	UNKNOWN STEP	2025-09-27T19:39:32.2341116Z Selecting previously unselected package libx32asan8.
l1-smoke	UNKNOWN STEP	2025-09-27T19:39:32.2471890Z Preparing to unpack .../12-libx32asan8_14.2.0-4ubuntu2~24.04_amd64.deb ...
l1-smoke	UNKNOWN STEP	2025-09-27T19:39:32.2491228Z Unpacking libx32asan8 (14.2.0-4ubuntu2~24.04) ...
l1-smoke	UNKNOWN STEP	2025-09-27T19:39:32.3160642Z Selecting previously unselected package lib32ubsan1.
l1-smoke	UNKNOWN STEP	2025-09-27T19:39:32.3291129Z Preparing to unpack .../13-lib32ubsan1_14.2.0-4ubuntu2~24.04_amd64.deb ...
l1-smoke	UNKNOWN STEP	2025-09-27T19:39:32.3306026Z Unpacking lib32ubsan1 (14.2.0-4ubuntu2~24.04) ...
l1-smoke	UNKNOWN STEP	2025-09-27T19:39:32.3730778Z Selecting previously unselected package libx32stdc++6.
l1-smoke	UNKNOWN STEP	2025-09-27T19:39:32.3861510Z Preparing to unpack .../14-libx32stdc++6_14.2.0-4ubuntu2~24.04_amd64.deb ...
l1-smoke	UNKNOWN STEP	2025-09-27T19:39:32.3873204Z Unpacking libx32stdc++6 (14.2.0-4ubuntu2~24.04) ...
l1-smoke	UNKNOWN STEP	2025-09-27T19:39:32.4287113Z Selecting previously unselected package libx32ubsan1.
l1-smoke	UNKNOWN STEP	2025-09-27T19:39:32.4416895Z Preparing to unpack .../15-libx32ubsan1_14.2.0-4ubuntu2~24.04_amd64.deb ...
l1-smoke	UNKNOWN STEP	2025-09-27T19:39:32.4436539Z Unpacking libx32ubsan1 (14.2.0-4ubuntu2~24.04) ...
l1-smoke	UNKNOWN STEP	2025-09-27T19:39:32.4873708Z Selecting previously unselected package lib32quadmath0.
l1-smoke	UNKNOWN STEP	2025-09-27T19:39:32.5003031Z Preparing to unpack .../16-lib32quadmath0_14.2.0-4ubuntu2~24.04_amd64.deb ...
l1-smoke	UNKNOWN STEP	2025-09-27T19:39:32.5023740Z Unpacking lib32quadmath0 (14.2.0-4ubuntu2~24.04) ...
l1-smoke	UNKNOWN STEP	2025-09-27T19:39:32.5312711Z Selecting previously unselected package libx32quadmath0.
l1-smoke	UNKNOWN STEP	2025-09-27T19:39:32.5442264Z Preparing to unpack .../17-libx32quadmath0_14.2.0-4ubuntu2~24.04_amd64.deb ...
l1-smoke	UNKNOWN STEP	2025-09-27T19:39:32.5453282Z Unpacking libx32quadmath0 (14.2.0-4ubuntu2~24.04) ...
l1-smoke	UNKNOWN STEP	2025-09-27T19:39:32.5693074Z Selecting previously unselected package lib32gcc-13-dev.
l1-smoke	UNKNOWN STEP	2025-09-27T19:39:32.5822475Z Preparing to unpack .../18-lib32gcc-13-dev_13.3.0-6ubuntu2~24.04_amd64.deb ...
l1-smoke	UNKNOWN STEP	2025-09-27T19:39:32.5833627Z Unpacking lib32gcc-13-dev (13.3.0-6ubuntu2~24.04) ...
l1-smoke	UNKNOWN STEP	2025-09-27T19:39:32.6487721Z Selecting previously unselected package libx32gcc-13-dev.
l1-smoke	UNKNOWN STEP	2025-09-27T19:39:32.6617227Z Preparing to unpack .../19-libx32gcc-13-dev_13.3.0-6ubuntu2~24.04_amd64.deb ...
l1-smoke	UNKNOWN STEP	2025-09-27T19:39:32.6631113Z Unpacking libx32gcc-13-dev (13.3.0-6ubuntu2~24.04) ...
l1-smoke	UNKNOWN STEP	2025-09-27T19:39:32.7199343Z Selecting previously unselected package gcc-13-multilib.
l1-smoke	UNKNOWN STEP	2025-09-27T19:39:32.7329375Z Preparing to unpack .../20-gcc-13-multilib_13.3.0-6ubuntu2~24.04_amd64.deb ...
l1-smoke	UNKNOWN STEP	2025-09-27T19:39:32.7344537Z Unpacking gcc-13-multilib (13.3.0-6ubuntu2~24.04) ...
l1-smoke	UNKNOWN STEP	2025-09-27T19:39:32.7586080Z Selecting previously unselected package lib32stdc++-13-dev.
l1-smoke	UNKNOWN STEP	2025-09-27T19:39:32.7716154Z Preparing to unpack .../21-lib32stdc++-13-dev_13.3.0-6ubuntu2~24.04_amd64.deb ...
l1-smoke	UNKNOWN STEP	2025-09-27T19:39:32.7732476Z Unpacking lib32stdc++-13-dev (13.3.0-6ubuntu2~24.04) ...
l1-smoke	UNKNOWN STEP	2025-09-27T19:39:32.8378714Z Selecting previously unselected package libx32stdc++-13-dev.
l1-smoke	UNKNOWN STEP	2025-09-27T19:39:32.8508938Z Preparing to unpack .../22-libx32stdc++-13-dev_13.3.0-6ubuntu2~24.04_amd64.deb ...
l1-smoke	UNKNOWN STEP	2025-09-27T19:39:32.8524879Z Unpacking libx32stdc++-13-dev (13.3.0-6ubuntu2~24.04) ...
l1-smoke	UNKNOWN STEP	2025-09-27T19:39:32.9028257Z Selecting previously unselected package g++-13-multilib.
l1-smoke	UNKNOWN STEP	2025-09-27T19:39:32.9158501Z Preparing to unpack .../23-g++-13-multilib_13.3.0-6ubuntu2~24.04_amd64.deb ...
l1-smoke	UNKNOWN STEP	2025-09-27T19:39:32.9172187Z Unpacking g++-13-multilib (13.3.0-6ubuntu2~24.04) ...
l1-smoke	UNKNOWN STEP	2025-09-27T19:39:32.9396638Z Selecting previously unselected package gcc-multilib.
l1-smoke	UNKNOWN STEP	2025-09-27T19:39:32.9527387Z Preparing to unpack .../24-gcc-multilib_4%3a13.2.0-7ubuntu1_amd64.deb ...
l1-smoke	UNKNOWN STEP	2025-09-27T19:39:32.9541078Z Unpacking gcc-multilib (4:13.2.0-7ubuntu1) ...
l1-smoke	UNKNOWN STEP	2025-09-27T19:39:32.9745589Z Selecting previously unselected package g++-multilib.
l1-smoke	UNKNOWN STEP	2025-09-27T19:39:32.9875745Z Preparing to unpack .../25-g++-multilib_4%3a13.2.0-7ubuntu1_amd64.deb ...
l1-smoke	UNKNOWN STEP	2025-09-27T19:39:32.9886632Z Unpacking g++-multilib (4:13.2.0-7ubuntu1) ...
l1-smoke	UNKNOWN STEP	2025-09-27T19:39:33.0097649Z Selecting previously unselected package musl:amd64.
l1-smoke	UNKNOWN STEP	2025-09-27T19:39:33.0227467Z Preparing to unpack .../26-musl_1.2.4-2_amd64.deb ...
l1-smoke	UNKNOWN STEP	2025-09-27T19:39:33.0241814Z Unpacking musl:amd64 (1.2.4-2) ...
l1-smoke	UNKNOWN STEP	2025-09-27T19:39:33.0652279Z Selecting previously unselected package musl-dev:amd64.
l1-smoke	UNKNOWN STEP	2025-09-27T19:39:33.0782355Z Preparing to unpack .../27-musl-dev_1.2.4-2_amd64.deb ...
l1-smoke	UNKNOWN STEP	2025-09-27T19:39:33.0795650Z Unpacking musl-dev:amd64 (1.2.4-2) ...
l1-smoke	UNKNOWN STEP	2025-09-27T19:39:33.1418316Z Selecting previously unselected package musl-tools.
l1-smoke	UNKNOWN STEP	2025-09-27T19:39:33.1553830Z Preparing to unpack .../28-musl-tools_1.2.4-2_amd64.deb ...
l1-smoke	UNKNOWN STEP	2025-09-27T19:39:33.1568393Z Unpacking musl-tools (1.2.4-2) ...
l1-smoke	UNKNOWN STEP	2025-09-27T19:39:33.2215380Z Setting up bubblewrap (0.9.0-1ubuntu0.1) ...
l1-smoke	UNKNOWN STEP	2025-09-27T19:39:33.2278642Z Setting up libc6-dev-i386 (2.39-0ubuntu8.6) ...
l1-smoke	UNKNOWN STEP	2025-09-27T19:39:33.2327248Z Setting up lib32itm1 (14.2.0-4ubuntu2~24.04) ...
l1-smoke	UNKNOWN STEP	2025-09-27T19:39:33.2361804Z Setting up lib32ubsan1 (14.2.0-4ubuntu2~24.04) ...
l1-smoke	UNKNOWN STEP	2025-09-27T19:39:33.2399056Z Setting up libc6-x32 (2.39-0ubuntu8.6) ...
l1-smoke	UNKNOWN STEP	2025-09-27T19:39:33.2450923Z Setting up libc6-dev-x32 (2.39-0ubuntu8.6) ...
l1-smoke	UNKNOWN STEP	2025-09-27T19:39:33.2494571Z Setting up lib32gomp1 (14.2.0-4ubuntu2~24.04) ...
l1-smoke	UNKNOWN STEP	2025-09-27T19:39:33.2541600Z Setting up lib32asan8 (14.2.0-4ubuntu2~24.04) ...
l1-smoke	UNKNOWN STEP	2025-09-27T19:39:33.2588392Z Setting up libx32gomp1 (14.2.0-4ubuntu2~24.04) ...
l1-smoke	UNKNOWN STEP	2025-09-27T19:39:33.2655983Z Setting up musl:amd64 (1.2.4-2) ...
l1-smoke	UNKNOWN STEP	2025-09-27T19:39:33.2764551Z Setting up lib32quadmath0 (14.2.0-4ubuntu2~24.04) ...
l1-smoke	UNKNOWN STEP	2025-09-27T19:39:33.2797279Z Setting up libx32quadmath0 (14.2.0-4ubuntu2~24.04) ...
l1-smoke	UNKNOWN STEP	2025-09-27T19:39:33.2854038Z Setting up lib32atomic1 (14.2.0-4ubuntu2~24.04) ...
l1-smoke	UNKNOWN STEP	2025-09-27T19:39:33.2904024Z Setting up libx32atomic1 (14.2.0-4ubuntu2~24.04) ...
l1-smoke	UNKNOWN STEP	2025-09-27T19:39:33.2954227Z Setting up libx32gcc-s1 (14.2.0-4ubuntu2~24.04) ...
l1-smoke	UNKNOWN STEP	2025-09-27T19:39:33.2994808Z Setting up libx32itm1 (14.2.0-4ubuntu2~24.04) ...
l1-smoke	UNKNOWN STEP	2025-09-27T19:39:33.3054292Z Setting up libx32asan8 (14.2.0-4ubuntu2~24.04) ...
l1-smoke	UNKNOWN STEP	2025-09-27T19:39:33.3099425Z Setting up musl-dev:amd64 (1.2.4-2) ...
l1-smoke	UNKNOWN STEP	2025-09-27T19:39:33.3147333Z Setting up libx32stdc++6 (14.2.0-4ubuntu2~24.04) ...
l1-smoke	UNKNOWN STEP	2025-09-27T19:39:33.3182275Z Setting up libx32ubsan1 (14.2.0-4ubuntu2~24.04) ...
l1-smoke	UNKNOWN STEP	2025-09-27T19:39:33.3218010Z Setting up lib32gcc-13-dev (13.3.0-6ubuntu2~24.04) ...
l1-smoke	UNKNOWN STEP	2025-09-27T19:39:33.3252424Z Setting up musl-tools (1.2.4-2) ...
l1-smoke	UNKNOWN STEP	2025-09-27T19:39:33.3289029Z Setting up libx32gcc-13-dev (13.3.0-6ubuntu2~24.04) ...
l1-smoke	UNKNOWN STEP	2025-09-27T19:39:33.3325047Z Setting up gcc-13-multilib (13.3.0-6ubuntu2~24.04) ...
l1-smoke	UNKNOWN STEP	2025-09-27T19:39:33.3357509Z Setting up lib32stdc++-13-dev (13.3.0-6ubuntu2~24.04) ...
l1-smoke	UNKNOWN STEP	2025-09-27T19:39:33.3394753Z Setting up gcc-multilib (4:13.2.0-7ubuntu1) ...
l1-smoke	UNKNOWN STEP	2025-09-27T19:39:33.3436881Z Setting up libx32stdc++-13-dev (13.3.0-6ubuntu2~24.04) ...
l1-smoke	UNKNOWN STEP	2025-09-27T19:39:33.3471275Z Setting up g++-13-multilib (13.3.0-6ubuntu2~24.04) ...
l1-smoke	UNKNOWN STEP	2025-09-27T19:39:33.3507758Z Setting up g++-multilib (4:13.2.0-7ubuntu1) ...
l1-smoke	UNKNOWN STEP	2025-09-27T19:39:33.3543403Z Processing triggers for libc-bin (2.39-0ubuntu8.6) ...
l1-smoke	UNKNOWN STEP	2025-09-27T19:39:33.5141993Z Processing triggers for man-db (2.12.0-4build2) ...
l1-smoke	UNKNOWN STEP	2025-09-27T19:40:54.1191246Z 
l1-smoke	UNKNOWN STEP	2025-09-27T19:40:54.1191634Z Running kernel seems to be up-to-date.
l1-smoke	UNKNOWN STEP	2025-09-27T19:40:54.1191991Z 
l1-smoke	UNKNOWN STEP	2025-09-27T19:40:54.1192088Z Restarting services...
l1-smoke	UNKNOWN STEP	2025-09-27T19:40:54.1264608Z 
l1-smoke	UNKNOWN STEP	2025-09-27T19:40:54.1265043Z Service restarts being deferred:
l1-smoke	UNKNOWN STEP	2025-09-27T19:40:54.1268356Z  systemctl restart hosted-compute-agent.service
l1-smoke	UNKNOWN STEP	2025-09-27T19:40:54.1268733Z 
l1-smoke	UNKNOWN STEP	2025-09-27T19:40:54.1268887Z No containers need to be restarted.
l1-smoke	UNKNOWN STEP	2025-09-27T19:40:54.1269801Z 
l1-smoke	UNKNOWN STEP	2025-09-27T19:40:54.1269988Z No user sessions are running outdated binaries.
l1-smoke	UNKNOWN STEP	2025-09-27T19:40:54.1270322Z 
l1-smoke	UNKNOWN STEP	2025-09-27T19:40:54.1270908Z No VM guests are running outdated hypervisor (qemu) binaries on this host.
l1-smoke	UNKNOWN STEP	2025-09-27T19:40:54.9734484Z ##[group]Run mkdir -p "$HOME/.github-tools"
l1-smoke	UNKNOWN STEP	2025-09-27T19:40:54.9734821Z [36;1mmkdir -p "$HOME/.github-tools"[0m
l1-smoke	UNKNOWN STEP	2025-09-27T19:40:54.9735057Z [36;1m{[0m
l1-smoke	UNKNOWN STEP	2025-09-27T19:40:54.9735251Z [36;1m  printf '%s\n' '#!/usr/bin/env bash'[0m
l1-smoke	UNKNOWN STEP	2025-09-27T19:40:54.9735551Z [36;1m  printf '%s\n' 'if [[ "$1" == "apt-get" ]]; then'[0m
l1-smoke	UNKNOWN STEP	2025-09-27T19:40:54.9736016Z [36;1m  printf '%s\n' '  args=()'[0m
l1-smoke	UNKNOWN STEP	2025-09-27T19:40:54.9736275Z [36;1m  printf '%s\n' '  install_seen=false'[0m
l1-smoke	UNKNOWN STEP	2025-09-27T19:40:54.9736544Z [36;1m  printf '%s\n' '  for arg in "$@"; do'[0m
l1-smoke	UNKNOWN STEP	2025-09-27T19:40:54.9736839Z [36;1m  printf '%s\n' '    if [[ "$arg" == "install" ]]; then'[0m
l1-smoke	UNKNOWN STEP	2025-09-27T19:40:54.9737145Z [36;1m  printf '%s\n' '      install_seen=true'[0m
l1-smoke	UNKNOWN STEP	2025-09-27T19:40:54.9737394Z [36;1m  printf '%s\n' '    fi'[0m
l1-smoke	UNKNOWN STEP	2025-09-27T19:40:54.9737714Z [36;1m  printf '%s\n' '    if [[ "$install_seen" == true && "$arg" == "darcs" ]]; then'[0m
l1-smoke	UNKNOWN STEP	2025-09-27T19:40:54.9738058Z [36;1m  printf '%s\n' '      continue'[0m
l1-smoke	UNKNOWN STEP	2025-09-27T19:40:54.9738308Z [36;1m  printf '%s\n' '    fi'[0m
l1-smoke	UNKNOWN STEP	2025-09-27T19:40:54.9738545Z [36;1m  printf '%s\n' '    args+=("$arg")'[0m
l1-smoke	UNKNOWN STEP	2025-09-27T19:40:54.9738781Z [36;1m  printf '%s\n' '  done'[0m
l1-smoke	UNKNOWN STEP	2025-09-27T19:40:54.9739039Z [36;1m  printf '%s\n' '  exec /usr/bin/sudo "${args[@]}"'[0m
l1-smoke	UNKNOWN STEP	2025-09-27T19:40:54.9739310Z [36;1m  printf '%s\n' 'fi'[0m
l1-smoke	UNKNOWN STEP	2025-09-27T19:40:54.9739548Z [36;1m  printf '%s\n' 'exec /usr/bin/sudo "$@"'[0m
l1-smoke	UNKNOWN STEP	2025-09-27T19:40:54.9739810Z [36;1m} > "$HOME/.github-tools/sudo"[0m
l1-smoke	UNKNOWN STEP	2025-09-27T19:40:54.9740064Z [36;1mchmod +x "$HOME/.github-tools/sudo"[0m
l1-smoke	UNKNOWN STEP	2025-09-27T19:40:54.9740365Z [36;1mecho "PATH=$HOME/.github-tools:$PATH" >> "$GITHUB_ENV"[0m
l1-smoke	UNKNOWN STEP	2025-09-27T19:40:54.9771815Z shell: /usr/bin/bash --noprofile --norc -e -o pipefail {0}
l1-smoke	UNKNOWN STEP	2025-09-27T19:40:54.9772124Z ##[endgroup]
l1-smoke	UNKNOWN STEP	2025-09-27T19:40:54.9905460Z ##[group]Run ocaml/setup-ocaml@v2
l1-smoke	UNKNOWN STEP	2025-09-27T19:40:54.9905687Z with:
l1-smoke	UNKNOWN STEP	2025-09-27T19:40:54.9905872Z   ocaml-compiler: 4.14.1
l1-smoke	UNKNOWN STEP	2025-09-27T19:40:54.9906093Z   allow-prerelease-opam: false
l1-smoke	UNKNOWN STEP	2025-09-27T19:40:54.9906310Z   opam-pin: true
l1-smoke	UNKNOWN STEP	2025-09-27T19:40:54.9906481Z   opam-depext: false
l1-smoke	UNKNOWN STEP	2025-09-27T19:40:54.9906678Z   opam-local-packages: *.opam
l1-smoke	UNKNOWN STEP	2025-09-27T19:40:54.9906901Z   opam-disable-sandboxing: false
l1-smoke	UNKNOWN STEP	2025-09-27T19:40:54.9907122Z   dune-cache: false
l1-smoke	UNKNOWN STEP	2025-09-27T19:40:54.9907294Z   cache-prefix: v1
l1-smoke	UNKNOWN STEP	2025-09-27T19:40:54.9907749Z   github-token: ***
l1-smoke	UNKNOWN STEP	2025-09-27T19:40:54.9907941Z env:
l1-smoke	UNKNOWN STEP	2025-09-27T19:40:54.9908926Z   PATH: /home/runner/.github-tools:/snap/bin:/home/runner/.local/bin:/opt/pipx_bin:/home/runner/.cargo/bin:/home/runner/.config/composer/vendor/bin:/usr/local/.ghcup/bin:/home/runner/.dotnet/tools:/usr/local/sbin:/usr/local/bin:/usr/sbin:/usr/bin:/sbin:/bin:/usr/games:/usr/local/games:/snap/bin
l1-smoke	UNKNOWN STEP	2025-09-27T19:40:54.9909937Z ##[endgroup]
l1-smoke	UNKNOWN STEP	2025-09-27T19:40:55.1671093Z ##[group]Retrieve the opam cache
l1-smoke	UNKNOWN STEP	2025-09-27T19:40:56.2751327Z ##[warning]Failed to restore: Cache service responded with 400
l1-smoke	UNKNOWN STEP	2025-09-27T19:40:56.2753153Z Cache not found for input keys: v1-setup-ocaml-opam-2.1.6-sandbox-linux-24.04-x86_64-ocaml_base_compiler_4_14_1-2025-39, v1-setup-ocaml-opam-2.1.6-sandbox-linux-24.04-x86_64-ocaml_base_compiler_4_14_1-2025-39, v1-setup-ocaml-opam-2.1.6-sandbox-linux-24.04-x86_64-ocaml_base_compiler_4_14_1-2025-, v1-setup-ocaml-opam-2.1.6-sandbox-linux-24.04-x86_64-ocaml_base_compiler_4_14_1-
l1-smoke	UNKNOWN STEP	2025-09-27T19:40:56.2754497Z ##[endgroup]
l1-smoke	UNKNOWN STEP	2025-09-27T19:40:56.2754829Z ##[group]Install opam
l1-smoke	UNKNOWN STEP	2025-09-27T19:40:57.6122062Z Acquired 2.1.6 from https://github.com/ocaml/opam/releases/download/2.1.6/opam-2.1.6-x86_64-linux
l1-smoke	UNKNOWN STEP	2025-09-27T19:40:57.6210243Z Successfully cached opam to /opt/hostedtoolcache/opam/2.1.6/x86_64
l1-smoke	UNKNOWN STEP	2025-09-27T19:40:57.6212486Z Added opam to the path
l1-smoke	UNKNOWN STEP	2025-09-27T19:40:57.6213445Z ##[endgroup]
l1-smoke	UNKNOWN STEP	2025-09-27T19:40:57.6214036Z ##[group]Initialise the opam state
l1-smoke	UNKNOWN STEP	2025-09-27T19:40:57.6234338Z [command]/home/runner/.github-tools/sudo apt-get --yes install bubblewrap darcs g++-multilib gcc-multilib mercurial musl-tools rsync
l1-smoke	UNKNOWN STEP	2025-09-27T19:40:57.6573657Z Reading package lists...
l1-smoke	UNKNOWN STEP	2025-09-27T19:40:57.8277370Z Building dependency tree...
l1-smoke	UNKNOWN STEP	2025-09-27T19:40:57.8285129Z Reading state information...
l1-smoke	UNKNOWN STEP	2025-09-27T19:40:58.0172073Z bubblewrap is already the newest version (0.9.0-1ubuntu0.1).
l1-smoke	UNKNOWN STEP	2025-09-27T19:40:58.0172516Z g++-multilib is already the newest version (4:13.2.0-7ubuntu1).
l1-smoke	UNKNOWN STEP	2025-09-27T19:40:58.0173249Z gcc-multilib is already the newest version (4:13.2.0-7ubuntu1).
l1-smoke	UNKNOWN STEP	2025-09-27T19:40:58.0173999Z mercurial is already the newest version (6.7.2-1ubuntu2.2).
l1-smoke	UNKNOWN STEP	2025-09-27T19:40:58.0174348Z musl-tools is already the newest version (1.2.4-2).
l1-smoke	UNKNOWN STEP	2025-09-27T19:40:58.0174674Z rsync is already the newest version (3.2.7-1ubuntu1.2).
l1-smoke	UNKNOWN STEP	2025-09-27T19:40:58.0175029Z 0 upgraded, 0 newly installed, 0 to remove and 17 not upgraded.
l1-smoke	UNKNOWN STEP	2025-09-27T19:40:58.0205576Z [command]/opt/hostedtoolcache/opam/2.1.6/x86_64/opam init --auto-setup --bare --enable-shell-hook
l1-smoke	UNKNOWN STEP	2025-09-27T19:40:58.0382486Z No configuration file found, using built-in defaults.
l1-smoke	UNKNOWN STEP	2025-09-27T19:40:58.0386600Z Checking for available remotes: rsync and local, git, mercurial.
l1-smoke	UNKNOWN STEP	2025-09-27T19:40:58.0387826Z   - you won't be able to use darcs repositories unless you install the [01mdarcs[0m command on your system.
l1-smoke	UNKNOWN STEP	2025-09-27T19:40:58.0388468Z 
l1-smoke	UNKNOWN STEP	2025-09-27T19:40:58.0556447Z [31m[ERROR][0m Sandboxing is not working on your platform ubuntu:
l1-smoke	UNKNOWN STEP	2025-09-27T19:40:58.0558499Z         "~/.opam/opam-init/hooks/sandbox.sh build sh -c echo SUCCESS >$TMPDIR/opam-sandbox-check-out && cat $TMPDIR/opam-sandbox-check-out; rm -f $TMPDIR/opam-sandbox-check-out" exited with code 1 "bwrap: loopback: Failed RTM_NEWADDR: Operation not permitted"
l1-smoke	UNKNOWN STEP	2025-09-27T19:40:58.0561143Z Do you want to disable it?  Note that this will result in less secure package builds, so please ensure that you have some other isolation mechanisms in place (such as running within a container or virtual machine). [y/N] y
l1-smoke	UNKNOWN STEP	2025-09-27T19:40:58.0562425Z 
l1-smoke	UNKNOWN STEP	2025-09-27T19:40:58.0563528Z [36m<><>[0m [01mFetching repository information[0m [36m><><><><><><><><><><><><><><><><><><><><><>[0m
l1-smoke	UNKNOWN STEP	2025-09-27T19:41:01.1414608Z [[32mdefault[0m] Initialised
l1-smoke	UNKNOWN STEP	2025-09-27T19:41:12.8571565Z 
l1-smoke	UNKNOWN STEP	2025-09-27T19:41:12.8572207Z User configuration:
l1-smoke	UNKNOWN STEP	2025-09-27T19:41:12.8639626Z   Updating ~/.bash_profile.
l1-smoke	UNKNOWN STEP	2025-09-27T19:41:12.8640852Z [1;34m[NOTE][0m Make sure that ~/.bash_profile is well [04msourced[0m in your ~/.bashrc.
l1-smoke	UNKNOWN STEP	2025-09-27T19:41:12.8641520Z 
l1-smoke	UNKNOWN STEP	2025-09-27T19:41:13.9417897Z ##[endgroup]
l1-smoke	UNKNOWN STEP	2025-09-27T19:41:13.9418587Z ##[group]Remove the opam repositories
l1-smoke	UNKNOWN STEP	2025-09-27T19:41:13.9440608Z [command]/opt/hostedtoolcache/opam/2.1.6/x86_64/opam repository list --all-switches --short
l1-smoke	UNKNOWN STEP	2025-09-27T19:41:13.9993474Z default
l1-smoke	UNKNOWN STEP	2025-09-27T19:41:14.0024477Z [command]/opt/hostedtoolcache/opam/2.1.6/x86_64/opam repository remove default --all-switches
l1-smoke	UNKNOWN STEP	2025-09-27T19:41:14.0634364Z ##[endgroup]
l1-smoke	UNKNOWN STEP	2025-09-27T19:41:14.0635276Z ##[group]Initialise the opam repositories
l1-smoke	UNKNOWN STEP	2025-09-27T19:41:14.0651054Z [command]/opt/hostedtoolcache/opam/2.1.6/x86_64/opam repository add default https://github.com/ocaml/opam-repository.git --all-switches --set-default
l1-smoke	UNKNOWN STEP	2025-09-27T19:41:49.5495248Z [[32mdefault[0m] Initialised
l1-smoke	UNKNOWN STEP	2025-09-27T19:42:00.8013193Z ##[endgroup]
l1-smoke	UNKNOWN STEP	2025-09-27T19:42:01.0777997Z ##[group]Install OCaml
l1-smoke	UNKNOWN STEP	2025-09-27T19:42:01.0793871Z [command]/opt/hostedtoolcache/opam/2.1.6/x86_64/opam switch create . --no-install --packages ocaml-base-compiler.4.14.1
l1-smoke	UNKNOWN STEP	2025-09-27T19:42:01.2852425Z 
l1-smoke	UNKNOWN STEP	2025-09-27T19:42:01.2853850Z [36m<><>[0m [01mInstalling new switch packages[0m [36m<><><><><><><><><><><><><><><><><><><><><><>[0m
l1-smoke	UNKNOWN STEP	2025-09-27T19:42:01.2854828Z Switch invariant: ["ocaml-base-compiler" {= "4.14.1"}]
l1-smoke	UNKNOWN STEP	2025-09-27T19:42:05.3852040Z 
l1-smoke	UNKNOWN STEP	2025-09-27T19:42:05.3853336Z [36m<><>[0m [01mProcessing actions[0m [36m<><><><><><><><><><><><><><><><><><><><><><><><><><><><>[0m
l1-smoke	UNKNOWN STEP	2025-09-27T19:42:07.8940479Z [32mâ[0m installed [01mbase-bigarray[0m.base
l1-smoke	UNKNOWN STEP	2025-09-27T19:42:07.8947640Z [32mâ[0m installed [01mbase-threads[0m.base
l1-smoke	UNKNOWN STEP	2025-09-27T19:42:07.8955191Z [32mâ[0m installed [01mbase-unix[0m.base
l1-smoke	UNKNOWN STEP	2025-09-27T19:42:07.8962648Z [32mâ[0m installed [01mocaml-options-vanilla[0m.1
l1-smoke	UNKNOWN STEP	2025-09-27T19:42:08.0034449Z [36mâ¬[0m retrieved [01mocaml-config[0m.2  (2 extra sources)
l1-smoke	UNKNOWN STEP	2025-09-27T19:42:08.4381463Z [36mâ¬[0m retrieved [01mocaml-base-compiler[0m.4.14.1  (https://github.com/ocaml/ocaml/archive/4.14.1.tar.gz)
l1-smoke	UNKNOWN STEP	2025-09-27T19:44:40.6489305Z [32mâ[0m installed [01mocaml-base-compiler[0m.4.14.1
l1-smoke	UNKNOWN STEP	2025-09-27T19:44:40.6670328Z [32mâ[0m installed [01mocaml-config[0m.2
l1-smoke	UNKNOWN STEP	2025-09-27T19:44:40.7181176Z [32mâ[0m installed [01mocaml[0m.4.14.1
l1-smoke	UNKNOWN STEP	2025-09-27T19:44:41.0997642Z Done.
l1-smoke	UNKNOWN STEP	2025-09-27T19:44:41.1002692Z # Run [01meval $(opam env)[0m to update the current shell environment
l1-smoke	UNKNOWN STEP	2025-09-27T19:44:42.2891493Z ##[endgroup]
l1-smoke	UNKNOWN STEP	2025-09-27T19:44:42.2892047Z ##[group]Save the opam cache
l1-smoke	UNKNOWN STEP	2025-09-27T19:44:42.2903965Z [command]/opt/hostedtoolcache/opam/2.1.6/x86_64/opam clean --all-switches --download-cache --logs --repo-cache --unused-repositories
l1-smoke	UNKNOWN STEP	2025-09-27T19:44:42.4957211Z Cleaning up switch /home/runner/work/latex_perf/latex_perf
l1-smoke	UNKNOWN STEP	2025-09-27T19:44:42.5980809Z Updating /home/runner/.opam/repo/repos-config
l1-smoke	UNKNOWN STEP	2025-09-27T19:44:42.5981489Z Clearing repository cache
l1-smoke	UNKNOWN STEP	2025-09-27T19:44:42.6020635Z Clearing cache of downloaded files
l1-smoke	UNKNOWN STEP	2025-09-27T19:44:42.6048946Z Clearing logs
l1-smoke	UNKNOWN STEP	2025-09-27T19:44:43.4380182Z [command]/usr/bin/tar --posix -cf cache.tzst --exclude cache.tzst -P -C /home/runner/work/latex_perf/latex_perf --files-from manifest.txt --use-compress-program zstdmt
l1-smoke	UNKNOWN STEP	2025-09-27T19:44:45.2409266Z ##[warning]Failed to save: <h2>Our services aren't available right now</h2><p>We're working to restore all services as soon as possible. Please check back soon.</p>0rT7YaAAAAAAOUYnAADmzR7UsbcY/Jeu6UEhYMzFFREdFMDUxNgBFZGdl
l1-smoke	UNKNOWN STEP	2025-09-27T19:44:45.3127693Z ##[endgroup]
l1-smoke	UNKNOWN STEP	2025-09-27T19:44:45.3128499Z ##[group]Retrieve the opam download cache
l1-smoke	UNKNOWN STEP	2025-09-27T19:44:45.3436954Z ##[warning]Failed to restore: Cache service responded with 400
l1-smoke	UNKNOWN STEP	2025-09-27T19:44:45.3442114Z Cache not found for input keys: v1-setup-ocaml-opam-download-github.com/ocaml/opam-repository.git-4_14_1-2025-8-27-18064091283-49, v1-setup-ocaml-opam-download-github.com/ocaml/opam-repository.git-4_14_1-2025-8-27-18064091283-49, v1-setup-ocaml-opam-download-github.com/ocaml/opam-repository.git-4_14_1-2025-8-27-18064091283-, v1-setup-ocaml-opam-download-github.com/ocaml/opam-repository.git-4_14_1-2025-8-27-, v1-setup-ocaml-opam-download-github.com/ocaml/opam-repository.git-4_14_1-2025-8-
l1-smoke	UNKNOWN STEP	2025-09-27T19:44:45.3445663Z ##[endgroup]
l1-smoke	UNKNOWN STEP	2025-09-27T19:44:45.3478634Z ##[group]Pin local packages
l1-smoke	UNKNOWN STEP	2025-09-27T19:44:45.3494461Z [command]/opt/hostedtoolcache/opam/2.1.6/x86_64/opam pin add latex-perfectionist.dev . --no-action
l1-smoke	UNKNOWN STEP	2025-09-27T19:44:52.1095862Z Package latex-perfectionist does not exist, create as a [01mNEW[0m package? [Y/n] y
l1-smoke	UNKNOWN STEP	2025-09-27T19:44:52.2244346Z [[32mlatex-perfectionist.dev[0m] synchronised (file:///home/runner/work/latex_perf/latex_perf)
l1-smoke	UNKNOWN STEP	2025-09-27T19:44:52.2247519Z [33m[WARNING][0m Failed checks on latex-perfectionist package definition from source at file:///home/runner/work/latex_perf/latex_perf:
l1-smoke	UNKNOWN STEP	2025-09-27T19:44:52.2248718Z     [31merror[0m 23: Missing field 'maintainer'
l1-smoke	UNKNOWN STEP	2025-09-27T19:44:52.2249295Z   [33mwarning[0m 25: Missing field 'authors'
l1-smoke	UNKNOWN STEP	2025-09-27T19:44:52.2249934Z   [33mwarning[0m 35: Missing field 'homepage'
l1-smoke	UNKNOWN STEP	2025-09-27T19:44:52.2250519Z   [33mwarning[0m 36: Missing field 'bug-reports'
l1-smoke	UNKNOWN STEP	2025-09-27T19:44:52.2257716Z latex-perfectionist is now pinned to [01mgit+file:///home/runner/work/latex_perf/latex_perf#fix-math-strip[0m (version [01mdev[0m)
l1-smoke	UNKNOWN STEP	2025-09-27T19:44:53.3117535Z ##[endgroup]
l1-smoke	UNKNOWN STEP	2025-09-27T19:44:53.3132906Z [command]/opt/hostedtoolcache/opam/2.1.6/x86_64/opam --version
l1-smoke	UNKNOWN STEP	2025-09-27T19:44:53.3261688Z 2.1.6
l1-smoke	UNKNOWN STEP	2025-09-27T19:44:53.3280040Z [command]/opt/hostedtoolcache/opam/2.1.6/x86_64/opam exec -- ocaml -version
l1-smoke	UNKNOWN STEP	2025-09-27T19:44:53.3546334Z The OCaml toplevel, version 4.14.1
l1-smoke	UNKNOWN STEP	2025-09-27T19:44:53.3665577Z ##[group]Run sudo apt-get update -y
l1-smoke	UNKNOWN STEP	2025-09-27T19:44:53.3665889Z [36;1msudo apt-get update -y[0m
l1-smoke	UNKNOWN STEP	2025-09-27T19:44:53.3666163Z [36;1msudo apt-get install -y jq[0m
l1-smoke	UNKNOWN STEP	2025-09-27T19:44:53.3666476Z [36;1mopam repo add default https://opam.ocaml.org || true[0m
l1-smoke	UNKNOWN STEP	2025-09-27T19:44:53.3666788Z [36;1mopam update -y || true[0m
l1-smoke	UNKNOWN STEP	2025-09-27T19:44:53.3667043Z [36;1mopam install -y . --deps-only --with-test[0m
l1-smoke	UNKNOWN STEP	2025-09-27T19:44:53.3700673Z shell: /usr/bin/bash -e {0}
l1-smoke	UNKNOWN STEP	2025-09-27T19:44:53.3700901Z env:
l1-smoke	UNKNOWN STEP	2025-09-27T19:44:53.3701866Z   PATH: /home/runner/.github-tools:/snap/bin:/home/runner/.local/bin:/opt/pipx_bin:/home/runner/.cargo/bin:/home/runner/.config/composer/vendor/bin:/usr/local/.ghcup/bin:/home/runner/.dotnet/tools:/usr/local/sbin:/usr/local/bin:/usr/sbin:/usr/bin:/sbin:/bin:/usr/games:/usr/local/games:/snap/bin
l1-smoke	UNKNOWN STEP	2025-09-27T19:44:53.3703301Z   OPAMCLI: 2.0
l1-smoke	UNKNOWN STEP	2025-09-27T19:44:53.3703475Z   OPAMCOLOR: always
l1-smoke	UNKNOWN STEP	2025-09-27T19:44:53.3703655Z   OPAMERRLOGLEN: 0
l1-smoke	UNKNOWN STEP	2025-09-27T19:44:53.3703855Z   OPAMJOBS: 4
l1-smoke	UNKNOWN STEP	2025-09-27T19:44:53.3704033Z   OPAMPRECISETRACKING: 1
l1-smoke	UNKNOWN STEP	2025-09-27T19:44:53.3704231Z   OPAMSOLVERTIMEOUT: 1000
l1-smoke	UNKNOWN STEP	2025-09-27T19:44:53.3704422Z   OPAMYES: 1
l1-smoke	UNKNOWN STEP	2025-09-27T19:44:53.3704581Z   CLICOLOR_FORCE: 1
l1-smoke	UNKNOWN STEP	2025-09-27T19:44:53.3704746Z ##[endgroup]
l1-smoke	UNKNOWN STEP	2025-09-27T19:44:53.4343495Z Get:1 file:/etc/apt/apt-mirrors.txt Mirrorlist [144 B]
l1-smoke	UNKNOWN STEP	2025-09-27T19:44:53.4971311Z Hit:6 https://packages.microsoft.com/repos/azure-cli noble InRelease
l1-smoke	UNKNOWN STEP	2025-09-27T19:44:53.4972459Z Hit:7 https://packages.microsoft.com/ubuntu/24.04/prod noble InRelease
l1-smoke	UNKNOWN STEP	2025-09-27T19:44:53.5323939Z Hit:2 http://azure.archive.ubuntu.com/ubuntu noble InRelease
l1-smoke	UNKNOWN STEP	2025-09-27T19:44:53.5333874Z Hit:3 http://azure.archive.ubuntu.com/ubuntu noble-updates InRelease
l1-smoke	UNKNOWN STEP	2025-09-27T19:44:53.5334755Z Hit:4 http://azure.archive.ubuntu.com/ubuntu noble-backports InRelease
l1-smoke	UNKNOWN STEP	2025-09-27T19:44:53.5335553Z Hit:5 http://azure.archive.ubuntu.com/ubuntu noble-security InRelease
l1-smoke	UNKNOWN STEP	2025-09-27T19:44:54.6831892Z Reading package lists...
l1-smoke	UNKNOWN STEP	2025-09-27T19:44:54.7177420Z Reading package lists...
l1-smoke	UNKNOWN STEP	2025-09-27T19:44:54.8823236Z Building dependency tree...
l1-smoke	UNKNOWN STEP	2025-09-27T19:44:54.8830504Z Reading state information...
l1-smoke	UNKNOWN STEP	2025-09-27T19:44:55.0525849Z jq is already the newest version (1.7.1-3ubuntu0.24.04.1).
l1-smoke	UNKNOWN STEP	2025-09-27T19:44:55.0526523Z 0 upgraded, 0 newly installed, 0 to remove and 17 not upgraded.
l1-smoke	UNKNOWN STEP	2025-09-27T19:44:55.1082699Z [31m[ERROR][0m Repository default is already set up and points to git+https://github.com/ocaml/opam-repository.git. To change that, use 'opam repository set-url default https://opam.ocaml.org'.
l1-smoke	UNKNOWN STEP	2025-09-27T19:44:55.3426968Z [1;34m[NOTE][0m latex-perfectionist.dev has previously been updated with --working-dir, not resetting unless explicitly selected
l1-smoke	UNKNOWN STEP	2025-09-27T19:44:55.3427828Z 
l1-smoke	UNKNOWN STEP	2025-09-27T19:44:55.3428433Z [36m<><>[0m [01mUpdating package repositories[0m [36m><><><><><><><><><><><><><><><><><><><><><><>[0m
l1-smoke	UNKNOWN STEP	2025-09-27T19:44:59.0619459Z [[32mdefault[0m] no changes from git+https://github.com/ocaml/opam-repository.git
l1-smoke	UNKNOWN STEP	2025-09-27T19:45:10.4317913Z [1;34m[NOTE][0m Ignoring uncommitted changes in /home/runner/work/latex_perf/latex_perf (`--working-dir' not active).
l1-smoke	UNKNOWN STEP	2025-09-27T19:45:10.5804552Z [[32mlatex-perfectionist.dev[0m] synchronised (git+file:///home/runner/work/latex_perf/latex_perf#fix-math-strip)
l1-smoke	UNKNOWN STEP	2025-09-27T19:45:15.1102062Z The following actions will be performed:
l1-smoke	UNKNOWN STEP	2025-09-27T19:45:15.1104031Z   [32mâ[0m install [01mocamlbuild[0m          0.16.1
l1-smoke	UNKNOWN STEP	2025-09-27T19:45:15.1104797Z   [32mâ[0m install [01mconf-gmp[0m            5
l1-smoke	UNKNOWN STEP	2025-09-27T19:45:15.1107675Z   [32mâ[0m install [01mconf-pkg-config[0m     4
l1-smoke	UNKNOWN STEP	2025-09-27T19:45:15.1108402Z   [32mâ[0m install [01mocamlfind[0m           1.9.8
l1-smoke	UNKNOWN STEP	2025-09-27T19:45:15.1109020Z   [32mâ[0m install [01mdune[0m                3.20.2
l1-smoke	UNKNOWN STEP	2025-09-27T19:45:15.1109647Z   [32mâ[0m install [01mzarith[0m              1.14
l1-smoke	UNKNOWN STEP	2025-09-27T19:45:15.1110189Z   [32mâ[0m install [01mtopkg[0m               1.1.0
l1-smoke	UNKNOWN STEP	2025-09-27T19:45:15.1110714Z   [32mâ[0m install [01myojson[0m              3.0.0
l1-smoke	UNKNOWN STEP	2025-09-27T19:45:15.1111726Z   [32mâ[0m install [01mstdlib-shims[0m        0.3.0
l1-smoke	UNKNOWN STEP	2025-09-27T19:45:15.1112336Z   [32mâ[0m install [01msexplib0[0m            v0.17.0
l1-smoke	UNKNOWN STEP	2025-09-27T19:45:15.1113656Z   [32mâ[0m install [01mppx_derivers[0m        1.2.1
l1-smoke	UNKNOWN STEP	2025-09-27T19:45:15.1114282Z   [32mâ[0m install [01mocaml-syntax-shims[0m  1.0.0
l1-smoke	UNKNOWN STEP	2025-09-27T19:45:15.1114910Z   [32mâ[0m install [01mocaml-compiler-libs[0m v0.12.4
l1-smoke	UNKNOWN STEP	2025-09-27T19:45:15.1115504Z   [32mâ[0m install [01mcsexp[0m               1.5.2
l1-smoke	UNKNOWN STEP	2025-09-27T19:45:15.1116056Z   [32mâ[0m install [01mcppo[0m                1.8.0
l1-smoke	UNKNOWN STEP	2025-09-27T19:45:15.1116626Z   [32mâ[0m install [01mcoq-core[0m            8.18.0
l1-smoke	UNKNOWN STEP	2025-09-27T19:45:15.1117154Z   [32mâ[0m install [01muutf[0m                1.0.4
l1-smoke	UNKNOWN STEP	2025-09-27T19:45:15.1118040Z   [32mâ[0m install [01mppxlib[0m              0.36.0
l1-smoke	UNKNOWN STEP	2025-09-27T19:45:15.1118645Z   [32mâ[0m install [01mdune-configurator[0m   3.20.2
l1-smoke	UNKNOWN STEP	2025-09-27T19:45:15.1119262Z   [32mâ[0m install [01mcoqide-server[0m       8.18.0
l1-smoke	UNKNOWN STEP	2025-09-27T19:45:15.1119854Z   [32mâ[0m install [01mcoq-stdlib[0m          8.18.0
l1-smoke	UNKNOWN STEP	2025-09-27T19:45:15.1120423Z   [32mâ[0m install [01mppx_deriving[0m        6.1.1
l1-smoke	UNKNOWN STEP	2025-09-27T19:45:15.1121001Z   [32mâ[0m install [01mbigstringaf[0m         0.10.0
l1-smoke	UNKNOWN STEP	2025-09-27T19:45:15.1121577Z   [32mâ[0m install [01mcoq[0m                 8.18.0
l1-smoke	UNKNOWN STEP	2025-09-27T19:45:15.1122143Z   [32mâ[0m install [01mangstrom[0m            0.16.1
l1-smoke	UNKNOWN STEP	2025-09-27T19:45:15.1122627Z ===== [32mâ[0m 25 =====
l1-smoke	UNKNOWN STEP	2025-09-27T19:45:15.1127099Z 
l1-smoke	UNKNOWN STEP	2025-09-27T19:45:15.1127701Z [36m<><>[0m [01mProcessing actions[0m [36m<><><><><><><><><><><><><><><><><><><><><><><><><><><><>[0m
l1-smoke	UNKNOWN STEP	2025-09-27T19:45:15.1737768Z [36mâ¬[0m retrieved [01mconf-gmp[0m.5  (https://raw.githubusercontent.com/ocaml/opam-source-archives/main/patches/conf-gmp/test.c.4)
l1-smoke	UNKNOWN STEP	2025-09-27T19:45:17.6458094Z [32mâ[0m installed [01mconf-gmp[0m.5
l1-smoke	UNKNOWN STEP	2025-09-27T19:45:17.6577457Z [32mâ[0m installed [01mconf-pkg-config[0m.4
l1-smoke	UNKNOWN STEP	2025-09-27T19:45:17.6702216Z [36mâ¬[0m retrieved [01mangstrom[0m.0.16.1  (https://github.com/inhabitedtype/angstrom/archive/0.16.1.tar.gz)
l1-smoke	UNKNOWN STEP	2025-09-27T19:45:17.7071475Z [36mâ¬[0m retrieved [01mbigstringaf[0m.0.10.0  (https://github.com/inhabitedtype/bigstringaf/archive/0.10.0.tar.gz)
l1-smoke	UNKNOWN STEP	2025-09-27T19:45:18.5730818Z [36mâ¬[0m retrieved [01mcoq[0m.8.18.0  (https://github.com/coq/coq/releases/download/V8.18.0/coq-8.18.0.tar.gz)
l1-smoke	UNKNOWN STEP	2025-09-27T19:45:19.0890645Z [36mâ¬[0m retrieved [01mcoq-core[0m.8.18.0  (cached)
l1-smoke	UNKNOWN STEP	2025-09-27T19:45:19.4617955Z [36mâ¬[0m retrieved [01mcoq-stdlib[0m.8.18.0  (cached)
l1-smoke	UNKNOWN STEP	2025-09-27T19:45:19.8354733Z [36mâ¬[0m retrieved [01mcoqide-server[0m.8.18.0  (cached)
l1-smoke	UNKNOWN STEP	2025-09-27T19:45:19.8716681Z [36mâ¬[0m retrieved [01mcppo[0m.1.8.0  (https://github.com/ocaml-community/cppo/archive/v1.8.0.tar.gz)
l1-smoke	UNKNOWN STEP	2025-09-27T19:45:19.8797708Z [36mâ¬[0m retrieved [01mcsexp[0m.1.5.2  (https://github.com/ocaml-dune/csexp/releases/download/1.5.2/csexp-1.5.2.tbz)
l1-smoke	UNKNOWN STEP	2025-09-27T19:45:20.4030880Z [36mâ¬[0m retrieved [01mocaml-compiler-libs[0m.v0.12.4  (https://github.com/janestreet/ocaml-compiler-libs/releases/download/v0.12.4/ocaml-compiler-libs-v0.12.4.tbz)
l1-smoke	UNKNOWN STEP	2025-09-27T19:45:20.7335096Z [36mâ¬[0m retrieved [01mocaml-syntax-shims[0m.1.0.0  (https://github.com/ocaml-ppx/ocaml-syntax-shims/releases/download/1.0.0/ocaml-syntax-shims-1.0.0.tbz)
l1-smoke	UNKNOWN STEP	2025-09-27T19:45:21.6020809Z [36mâ¬[0m retrieved [01mdune[0m.3.20.2  (https://github.com/ocaml/dune/releases/download/3.20.2/dune-3.20.2.tbz)
l1-smoke	UNKNOWN STEP	2025-09-27T19:45:22.5981831Z [36mâ¬[0m retrieved [01mdune-configurator[0m.3.20.2  (https://github.com/ocaml/dune/releases/download/3.20.2/dune-3.20.2.tbz)
l1-smoke	UNKNOWN STEP	2025-09-27T19:45:22.6625058Z [36mâ¬[0m retrieved [01mocamlbuild[0m.0.16.1  (https://github.com/ocaml/ocamlbuild/archive/refs/tags/0.16.1.tar.gz)
l1-smoke	UNKNOWN STEP	2025-09-27T19:45:22.7047510Z [36mâ¬[0m retrieved [01mocamlfind[0m.1.9.8  (https://github.com/ocaml/ocamlfind/archive/refs/tags/findlib-1.9.8.tar.gz)
l1-smoke	UNKNOWN STEP	2025-09-27T19:45:23.0219063Z [36mâ¬[0m retrieved [01mppx_deriving[0m.6.1.1  (https://github.com/ocaml-ppx/ppx_deriving/releases/download/v6.1.1/ppx_deriving-6.1.1.tar.gz)
l1-smoke	UNKNOWN STEP	2025-09-27T19:45:23.1335274Z [36mâ¬[0m retrieved [01mppx_derivers[0m.1.2.1  (https://github.com/ocaml-ppx/ppx_derivers/archive/1.2.1.tar.gz)
l1-smoke	UNKNOWN STEP	2025-09-27T19:45:23.3180812Z [36mâ¬[0m retrieved [01mppxlib[0m.0.36.0  (https://github.com/ocaml-ppx/ppxlib/releases/download/0.36.0/ppxlib-0.36.0.tbz)
l1-smoke	UNKNOWN STEP	2025-09-27T19:45:23.4739852Z [36mâ¬[0m retrieved [01mstdlib-shims[0m.0.3.0  (https://github.com/ocaml/stdlib-shims/releases/download/0.3.0/stdlib-shims-0.3.0.tbz)
l1-smoke	UNKNOWN STEP	2025-09-27T19:45:23.6213525Z [36mâ¬[0m retrieved [01msexplib0[0m.v0.17.0  (https://github.com/janestreet/sexplib0/archive/refs/tags/v0.17.0.tar.gz)
l1-smoke	UNKNOWN STEP	2025-09-27T19:45:24.0720282Z [36mâ¬[0m retrieved [01myojson[0m.3.0.0  (https://github.com/ocaml-community/yojson/releases/download/3.0.0/yojson-3.0.0.tbz)
l1-smoke	UNKNOWN STEP	2025-09-27T19:45:24.6020821Z [36mâ¬[0m retrieved [01muutf[0m.1.0.4  (https://erratique.ch/software/uutf/releases/uutf-1.0.4.tbz)
l1-smoke	UNKNOWN STEP	2025-09-27T19:45:24.6898189Z [36mâ¬[0m retrieved [01mzarith[0m.1.14  (https://github.com/ocaml/Zarith/archive/release-1.14.tar.gz)
l1-smoke	UNKNOWN STEP	2025-09-27T19:45:24.7832385Z [36mâ¬[0m retrieved [01mtopkg[0m.1.1.0  (https://erratique.ch/software/topkg/releases/topkg-1.1.0.tbz)
l1-smoke	UNKNOWN STEP	2025-09-27T19:45:27.8682240Z [32mâ[0m installed [01mocamlfind[0m.1.9.8
l1-smoke	UNKNOWN STEP	2025-09-27T19:45:29.4771014Z [32mâ[0m installed [01mocamlbuild[0m.0.16.1
l1-smoke	UNKNOWN STEP	2025-09-27T19:45:31.3750503Z [32mâ[0m installed [01mzarith[0m.1.14
l1-smoke	UNKNOWN STEP	2025-09-27T19:45:35.3475513Z [32mâ[0m installed [01mtopkg[0m.1.1.0
l1-smoke	UNKNOWN STEP	2025-09-27T19:45:36.0640567Z [32mâ[0m installed [01muutf[0m.1.0.4
l1-smoke	UNKNOWN STEP	2025-09-27T19:45:50.8959357Z [32mâ[0m installed [01mdune[0m.3.20.2
l1-smoke	UNKNOWN STEP	2025-09-27T19:45:51.5522181Z [32mâ[0m installed [01mcsexp[0m.1.5.2
l1-smoke	UNKNOWN STEP	2025-09-27T19:45:53.0908949Z [32mâ[0m installed [01mocaml-syntax-shims[0m.1.0.0
l1-smoke	UNKNOWN STEP	2025-09-27T19:45:53.1076756Z [32mâ[0m installed [01mcppo[0m.1.8.0
l1-smoke	UNKNOWN STEP	2025-09-27T19:45:53.1280667Z [32mâ[0m installed [01mocaml-compiler-libs[0m.v0.12.4
l1-smoke	UNKNOWN STEP	2025-09-27T19:45:53.3634775Z [32mâ[0m installed [01mppx_derivers[0m.1.2.1
l1-smoke	UNKNOWN STEP	2025-09-27T19:45:53.6984558Z [32mâ[0m installed [01mstdlib-shims[0m.0.3.0
l1-smoke	UNKNOWN STEP	2025-09-27T19:45:54.1174901Z [32mâ[0m installed [01msexplib0[0m.v0.17.0
l1-smoke	UNKNOWN STEP	2025-09-27T19:45:56.3633248Z [32mâ[0m installed [01mdune-configurator[0m.3.20.2
l1-smoke	UNKNOWN STEP	2025-09-27T19:45:56.6994308Z [32mâ[0m installed [01myojson[0m.3.0.0
l1-smoke	UNKNOWN STEP	2025-09-27T19:45:57.2428899Z [32mâ[0m installed [01mbigstringaf[0m.0.10.0
l1-smoke	UNKNOWN STEP	2025-09-27T19:45:58.2876166Z [32mâ[0m installed [01mangstrom[0m.0.16.1
l1-smoke	UNKNOWN STEP	2025-09-27T19:46:20.8547495Z [32mâ[0m installed [01mppxlib[0m.0.36.0
l1-smoke	UNKNOWN STEP	2025-09-27T19:46:26.5096112Z [32mâ[0m installed [01mppx_deriving[0m.6.1.1
l1-smoke	UNKNOWN STEP	2025-09-27T19:46:51.4792118Z [32mâ[0m installed [01mcoq-core[0m.8.18.0
l1-smoke	UNKNOWN STEP	2025-09-27T19:46:55.1551241Z [32mâ[0m installed [01mcoqide-server[0m.8.18.0
l1-smoke	UNKNOWN STEP	2025-09-27T19:49:14.5099256Z [32mâ[0m installed [01mcoq-stdlib[0m.8.18.0
l1-smoke	UNKNOWN STEP	2025-09-27T19:49:14.9066807Z [32mâ[0m installed [01mcoq[0m.8.18.0
l1-smoke	UNKNOWN STEP	2025-09-27T19:49:16.7644044Z Done.
l1-smoke	UNKNOWN STEP	2025-09-27T19:49:16.7651490Z # Run [01meval $(opam env)[0m to update the current shell environment
l1-smoke	UNKNOWN STEP	2025-09-27T19:49:17.9851948Z ##[group]Run opam exec -- dune build latex-parse/src/main_service.exe latex-parse/src/rest_api_server.exe
l1-smoke	UNKNOWN STEP	2025-09-27T19:49:17.9852595Z [36;1mopam exec -- dune build latex-parse/src/main_service.exe latex-parse/src/rest_api_server.exe[0m
l1-smoke	UNKNOWN STEP	2025-09-27T19:49:17.9884545Z shell: /usr/bin/bash -e {0}
l1-smoke	UNKNOWN STEP	2025-09-27T19:49:17.9884762Z env:
l1-smoke	UNKNOWN STEP	2025-09-27T19:49:17.9885730Z   PATH: /home/runner/.github-tools:/snap/bin:/home/runner/.local/bin:/opt/pipx_bin:/home/runner/.cargo/bin:/home/runner/.config/composer/vendor/bin:/usr/local/.ghcup/bin:/home/runner/.dotnet/tools:/usr/local/sbin:/usr/local/bin:/usr/sbin:/usr/bin:/sbin:/bin:/usr/games:/usr/local/games:/snap/bin
l1-smoke	UNKNOWN STEP	2025-09-27T19:49:17.9886737Z   OPAMCLI: 2.0
l1-smoke	UNKNOWN STEP	2025-09-27T19:49:17.9886925Z   OPAMCOLOR: always
l1-smoke	UNKNOWN STEP	2025-09-27T19:49:17.9887091Z   OPAMERRLOGLEN: 0
l1-smoke	UNKNOWN STEP	2025-09-27T19:49:17.9887255Z   OPAMJOBS: 4
l1-smoke	UNKNOWN STEP	2025-09-27T19:49:17.9887421Z   OPAMPRECISETRACKING: 1
l1-smoke	UNKNOWN STEP	2025-09-27T19:49:17.9887624Z   OPAMSOLVERTIMEOUT: 1000
l1-smoke	UNKNOWN STEP	2025-09-27T19:49:17.9887805Z   OPAMYES: 1
l1-smoke	UNKNOWN STEP	2025-09-27T19:49:17.9887994Z   CLICOLOR_FORCE: 1
l1-smoke	UNKNOWN STEP	2025-09-27T19:49:17.9888161Z ##[endgroup]
l1-smoke	UNKNOWN STEP	2025-09-27T19:49:18.3847833Z [2m(cd _build/default/latex-parse/src && /usr/bin/gcc -O2 -fno-strict-aliasing -fwrapv -pthread -fPIC -D_FILE_OFFSET_BITS=64 -Wall -fdiagnostics-color=always -g -I /home/runner/work/latex_perf/latex_perf/_opam/lib/ocaml -I /home/runner/work/latex_perf/latex_perf/_opam/lib/ocaml/threads -I /home/runner/work/latex_perf/latex_perf/_opam/lib/uutf -o simd_tokenizer_fixed.o -c simd_tokenizer_fixed.c)[0m
l1-smoke	UNKNOWN STEP	2025-09-27T19:49:18.3850923Z [1msimd_tokenizer_fixed.c:283:15:[0m [1;35mwarning: [0mâ[1mfind_next_special_neon[0mâ defined but not used [[1;35m-Wunused-function[0m]
l1-smoke	UNKNOWN STEP	2025-09-27T19:49:18.3866353Z   283 | static size_t [1;35mfind_next_special_neon[0m(const uint8_t *input, size_t start, size_t len) {
l1-smoke	UNKNOWN STEP	2025-09-27T19:49:18.3869671Z       |               [1;35m^~~~~~~~~~~~~~~~~~~~~~[0m
l1-smoke	UNKNOWN STEP	2025-09-27T19:49:18.4292386Z [2m(cd _build/default/latex-parse/src && /usr/bin/gcc -O2 -fno-strict-aliasing -fwrapv -pthread -fPIC -D_FILE_OFFSET_BITS=64 -Wall -fdiagnostics-color=always -g -I /home/runner/work/latex_perf/latex_perf/_opam/lib/ocaml -I /home/runner/work/latex_perf/latex_perf/_opam/lib/ocaml/threads -I /home/runner/work/latex_perf/latex_perf/_opam/lib/uutf -o xxh64_simd_stubs.o -c xxh64_simd_stubs.c)[0m
l1-smoke	UNKNOWN STEP	2025-09-27T19:49:18.4297953Z [1mxxh64_simd_stubs.c:[0m In function â[1mocaml_xxh64_simd[0mâ:
l1-smoke	UNKNOWN STEP	2025-09-27T19:49:18.4299147Z [1mxxh64_simd_stubs.c:118:7:[0m [1;35mwarning: [0mvariable â[1mhas_simd[0mâ set but not used [[1;35m-Wunused-but-set-variable[0m]
l1-smoke	UNKNOWN STEP	2025-09-27T19:49:18.4300088Z   118 |   int [1;35mhas_simd[0m = 0;
l1-smoke	UNKNOWN STEP	2025-09-27T19:49:18.4300758Z       |       [1;35m^~~~~~~~[0m
l1-smoke	UNKNOWN STEP	2025-09-27T19:49:18.9656282Z ##[group]Run rm -f /tmp/l0_lex_svc.sock
l1-smoke	UNKNOWN STEP	2025-09-27T19:49:18.9656603Z [36;1mrm -f /tmp/l0_lex_svc.sock[0m
l1-smoke	UNKNOWN STEP	2025-09-27T19:49:18.9656954Z [36;1mopam exec -- ./_build/default/latex-parse/src/main_service.exe &[0m
l1-smoke	UNKNOWN STEP	2025-09-27T19:49:18.9657296Z [36;1msleep 0.5[0m
l1-smoke	UNKNOWN STEP	2025-09-27T19:49:18.9657624Z [36;1mopam exec -- ./_build/default/latex-parse/src/rest_api_server.exe -p 8080 &[0m
l1-smoke	UNKNOWN STEP	2025-09-27T19:49:18.9657981Z [36;1msleep 0.5[0m
l1-smoke	UNKNOWN STEP	2025-09-27T19:49:18.9689776Z shell: /usr/bin/bash -e {0}
l1-smoke	UNKNOWN STEP	2025-09-27T19:49:18.9689992Z env:
l1-smoke	UNKNOWN STEP	2025-09-27T19:49:18.9690968Z   PATH: /home/runner/.github-tools:/snap/bin:/home/runner/.local/bin:/opt/pipx_bin:/home/runner/.cargo/bin:/home/runner/.config/composer/vendor/bin:/usr/local/.ghcup/bin:/home/runner/.dotnet/tools:/usr/local/sbin:/usr/local/bin:/usr/sbin:/usr/bin:/sbin:/bin:/usr/games:/usr/local/games:/snap/bin
l1-smoke	UNKNOWN STEP	2025-09-27T19:49:18.9691976Z   OPAMCLI: 2.0
l1-smoke	UNKNOWN STEP	2025-09-27T19:49:18.9692151Z   OPAMCOLOR: always
l1-smoke	UNKNOWN STEP	2025-09-27T19:49:18.9692326Z   OPAMERRLOGLEN: 0
l1-smoke	UNKNOWN STEP	2025-09-27T19:49:18.9692538Z   OPAMJOBS: 4
l1-smoke	UNKNOWN STEP	2025-09-27T19:49:18.9692706Z   OPAMPRECISETRACKING: 1
l1-smoke	UNKNOWN STEP	2025-09-27T19:49:18.9693065Z   OPAMSOLVERTIMEOUT: 1000
l1-smoke	UNKNOWN STEP	2025-09-27T19:49:18.9693249Z   OPAMYES: 1
l1-smoke	UNKNOWN STEP	2025-09-27T19:49:18.9693408Z   CLICOLOR_FORCE: 1
l1-smoke	UNKNOWN STEP	2025-09-27T19:49:18.9693570Z ##[endgroup]
l1-smoke	UNKNOWN STEP	2025-09-27T19:49:18.9889518Z [svc] listening at /tmp/l0_lex_svc.sock
l1-smoke	UNKNOWN STEP	2025-09-27T19:49:19.4923059Z Connected to SIMD service at /tmp/l0_lex_svc.sock
l1-smoke	UNKNOWN STEP	2025-09-27T19:49:19.4923652Z REST API Server listening on port 8080
l1-smoke	UNKNOWN STEP	2025-09-27T19:49:19.4924055Z Endpoints:
l1-smoke	UNKNOWN STEP	2025-09-27T19:49:19.4924334Z   POST /tokenize - Tokenize LaTeX content
l1-smoke	UNKNOWN STEP	2025-09-27T19:49:19.4924608Z   GET /health   - Health check
l1-smoke	UNKNOWN STEP	2025-09-27T19:49:19.4924835Z   GET /metrics  - Prometheus metrics
l1-smoke	UNKNOWN STEP	2025-09-27T19:49:19.4925006Z 
l1-smoke	UNKNOWN STEP	2025-09-27T19:49:24.9828197Z ##[group]Run bash scripts/smoke_rules_l1.sh
l1-smoke	UNKNOWN STEP	2025-09-27T19:49:24.9828520Z [36;1mbash scripts/smoke_rules_l1.sh[0m
l1-smoke	UNKNOWN STEP	2025-09-27T19:49:24.9860038Z shell: /usr/bin/bash -e {0}
l1-smoke	UNKNOWN STEP	2025-09-27T19:49:24.9860249Z env:
l1-smoke	UNKNOWN STEP	2025-09-27T19:49:24.9861237Z   PATH: /home/runner/.github-tools:/snap/bin:/home/runner/.local/bin:/opt/pipx_bin:/home/runner/.cargo/bin:/home/runner/.config/composer/vendor/bin:/usr/local/.ghcup/bin:/home/runner/.dotnet/tools:/usr/local/sbin:/usr/local/bin:/usr/sbin:/usr/bin:/sbin:/bin:/usr/games:/usr/local/games:/snap/bin
l1-smoke	UNKNOWN STEP	2025-09-27T19:49:24.9862304Z   OPAMCLI: 2.0
l1-smoke	UNKNOWN STEP	2025-09-27T19:49:24.9862475Z   OPAMCOLOR: always
l1-smoke	UNKNOWN STEP	2025-09-27T19:49:24.9862657Z   OPAMERRLOGLEN: 0
l1-smoke	UNKNOWN STEP	2025-09-27T19:49:24.9862984Z   OPAMJOBS: 4
l1-smoke	UNKNOWN STEP	2025-09-27T19:49:24.9863255Z   OPAMPRECISETRACKING: 1
l1-smoke	UNKNOWN STEP	2025-09-27T19:49:24.9863462Z   OPAMSOLVERTIMEOUT: 1000
l1-smoke	UNKNOWN STEP	2025-09-27T19:49:24.9863661Z   OPAMYES: 1
l1-smoke	UNKNOWN STEP	2025-09-27T19:49:24.9863822Z   CLICOLOR_FORCE: 1
l1-smoke	UNKNOWN STEP	2025-09-27T19:49:24.9863990Z ##[endgroup]
l1-smoke	UNKNOWN STEP	2025-09-27T19:49:24.9951945Z awk: cmd. line:21: warning: regexp escape sequence `\"' is not a known regexp operator
l1-smoke	UNKNOWN STEP	2025-09-27T19:49:25.0274406Z [l1-smoke] FAIL: corpora/l1/CMD-001_deprecated_after_expansion.tex expected:[CMD-001] forbid:[] messages:[;] got: MOD-001 
l1-smoke	UNKNOWN STEP	2025-09-27T19:49:25.0474544Z [l1-smoke] FAIL: corpora/l1/CMD-003_deep_sectioning.tex expected:[CMD-003] forbid:[] messages:[;] got:  
l1-smoke	UNKNOWN STEP	2025-09-27T19:49:25.0666029Z [l1-smoke] PASS: corpora/l1/MOD-001_mixed_bf_textbf.tex -> expect:[MOD-001] forbid:[] messages:[;]
l1-smoke	UNKNOWN STEP	2025-09-27T19:49:25.0844830Z [l1-smoke] PASS: corpora/l1/EXP-001_incomplete_expansion.tex -> expect:[EXP-001] forbid:[] messages:[;]
l1-smoke	UNKNOWN STEP	2025-09-27T19:49:25.1046874Z [l1-smoke] PASS: corpora/l1/MOD-002_mixed_bf_textbf_para.tex -> expect:[MOD-002 EXP-001] forbid:[] messages:[;]
l1-smoke	UNKNOWN STEP	2025-09-27T19:49:25.1227576Z [l1-smoke] PASS: corpora/l1/MOD-003_mixed_it_textit_para.tex -> expect:[MOD-003] forbid:[] messages:[;]
l1-smoke	UNKNOWN STEP	2025-09-27T19:49:25.1413253Z [l1-smoke] PASS: corpora/l1/MOD-004_mixed_rm_textrm_para.tex -> expect:[MOD-004] forbid:[] messages:[;]
l1-smoke	UNKNOWN STEP	2025-09-27T19:49:25.1590191Z [l1-smoke] PASS: corpora/l1/MOD-005_mixed_tt_texttt_para.tex -> expect:[MOD-005] forbid:[] messages:[;]
l1-smoke	UNKNOWN STEP	2025-09-27T19:49:25.1771410Z [l1-smoke] PASS: corpora/l1/MOD-006_mixed_sf_textsf_para.tex -> expect:[MOD-006] forbid:[] messages:[;]
l1-smoke	UNKNOWN STEP	2025-09-27T19:49:25.2002072Z [l1-smoke] PASS: corpora/l1/MOD-007_mixed_sc_textsc_para.tex -> expect:[MOD-007] forbid:[] messages:[;]
l1-smoke	UNKNOWN STEP	2025-09-27T19:49:25.2214316Z [l1-smoke] FAIL: corpora/l1/MOD-008_mixed_bfseries_textbf_para.tex expected:[MOD-008] forbid:[] messages:[;] got: EXP-001 
l1-smoke	UNKNOWN STEP	2025-09-27T19:49:25.2397910Z [l1-smoke] PASS: corpora/l1/MOD-009_mixed_itshape_textit_para.tex -> expect:[MOD-009] forbid:[] messages:[;]
l1-smoke	UNKNOWN STEP	2025-09-27T19:49:25.2580161Z [l1-smoke] PASS: corpora/l1/MOD-010_mixed_sffamily_textsf_para.tex -> expect:[MOD-010] forbid:[] messages:[;]
l1-smoke	UNKNOWN STEP	2025-09-27T19:49:25.2768439Z [l1-smoke] PASS: corpora/l1/MOD-011_mixed_ttfamily_texttt_para.tex -> expect:[MOD-011] forbid:[] messages:[;]
l1-smoke	UNKNOWN STEP	2025-09-27T19:49:25.2949342Z [l1-smoke] PASS: corpora/l1/MOD-012_mixed_rmfamily_textrm_para.tex -> expect:[MOD-012] forbid:[] messages:[;]
l1-smoke	UNKNOWN STEP	2025-09-27T19:49:25.3139360Z [l1-smoke] PASS: corpora/l1/MOD-013_mixed_scshape_textsc_para.tex -> expect:[MOD-013] forbid:[] messages:[;]
l1-smoke	UNKNOWN STEP	2025-09-27T19:49:25.3331477Z [l1-smoke] PASS: corpora/l1/MOD-002_paragraph_separated_bf_textbf.tex -> expect:[] forbid:[MOD-002] messages:[;]
l1-smoke	UNKNOWN STEP	2025-09-27T19:49:25.3518555Z [l1-smoke] PASS: corpora/l1/MOD-003_paragraph_separated_it_textit.tex -> expect:[] forbid:[MOD-003] messages:[;]
l1-smoke	UNKNOWN STEP	2025-09-27T19:49:25.3703813Z [l1-smoke] PASS: corpora/l1/MOD-004_paragraph_separated_rm_textrm.tex -> expect:[] forbid:[MOD-004] messages:[;]
l1-smoke	UNKNOWN STEP	2025-09-27T19:49:25.3887417Z [l1-smoke] PASS: corpora/l1/MOD-005_paragraph_separated_tt_texttt.tex -> expect:[] forbid:[MOD-005] messages:[;]
l1-smoke	UNKNOWN STEP	2025-09-27T19:49:25.4069456Z [l1-smoke] PASS: corpora/l1/MOD-006_paragraph_separated_sf_textsf.tex -> expect:[] forbid:[MOD-006] messages:[;]
l1-smoke	UNKNOWN STEP	2025-09-27T19:49:25.4253036Z [l1-smoke] PASS: corpora/l1/MOD-007_paragraph_separated_sc_textsc.tex -> expect:[] forbid:[MOD-007] messages:[;]
l1-smoke	UNKNOWN STEP	2025-09-27T19:49:25.4467036Z [l1-smoke] FAIL: corpora/l1/MOD-008_paragraph_separated_bfseries_textbf.tex expected:[MOD-020] forbid:[MOD-008] messages:[;] got: EXP-001 
l1-smoke	UNKNOWN STEP	2025-09-27T19:49:25.4666185Z [l1-smoke] PASS: corpora/l1/MOD-009_paragraph_separated_itshape_textit.tex -> expect:[MOD-021] forbid:[MOD-009] messages:[;]
l1-smoke	UNKNOWN STEP	2025-09-27T19:49:25.4861759Z [l1-smoke] PASS: corpora/l1/MOD-010_paragraph_separated_sffamily_textsf.tex -> expect:[MOD-023] forbid:[MOD-010] messages:[;]
l1-smoke	UNKNOWN STEP	2025-09-27T19:49:25.5058904Z [l1-smoke] PASS: corpora/l1/MOD-011_paragraph_separated_ttfamily_texttt.tex -> expect:[MOD-024] forbid:[MOD-011] messages:[;]
l1-smoke	UNKNOWN STEP	2025-09-27T19:49:25.5257808Z [l1-smoke] PASS: corpora/l1/MOD-012_paragraph_separated_rmfamily_textrm.tex -> expect:[MOD-022] forbid:[MOD-012] messages:[;]
l1-smoke	UNKNOWN STEP	2025-09-27T19:49:25.5440160Z [l1-smoke] PASS: corpora/l1/MOD-013_paragraph_separated_scshape_textsc.tex -> expect:[] forbid:[MOD-013] messages:[;]
l1-smoke	UNKNOWN STEP	2025-09-27T19:49:25.5441923Z [l1-smoke] Summary: pass=24 fail=4
l1-smoke	UNKNOWN STEP	2025-09-27T19:49:25.5449388Z ##[error]Process completed with exit code 1.
l1-smoke	UNKNOWN STEP	2025-09-27T19:49:25.5475224Z ##[group]Run pkill -f rest_api_server || true
l1-smoke	UNKNOWN STEP	2025-09-27T19:49:25.5475561Z [36;1mpkill -f rest_api_server || true[0m
l1-smoke	UNKNOWN STEP	2025-09-27T19:49:25.5475830Z [36;1mpkill -f main_service || true[0m
l1-smoke	UNKNOWN STEP	2025-09-27T19:49:25.5507303Z shell: /usr/bin/bash -e {0}
l1-smoke	UNKNOWN STEP	2025-09-27T19:49:25.5507518Z env:
l1-smoke	UNKNOWN STEP	2025-09-27T19:49:25.5508468Z   PATH: /home/runner/.github-tools:/snap/bin:/home/runner/.local/bin:/opt/pipx_bin:/home/runner/.cargo/bin:/home/runner/.config/composer/vendor/bin:/usr/local/.ghcup/bin:/home/runner/.dotnet/tools:/usr/local/sbin:/usr/local/bin:/usr/sbin:/usr/bin:/sbin:/bin:/usr/games:/usr/local/games:/snap/bin
l1-smoke	UNKNOWN STEP	2025-09-27T19:49:25.5509474Z   OPAMCLI: 2.0
l1-smoke	UNKNOWN STEP	2025-09-27T19:49:25.5509642Z   OPAMCOLOR: always
l1-smoke	UNKNOWN STEP	2025-09-27T19:49:25.5509820Z   OPAMERRLOGLEN: 0
l1-smoke	UNKNOWN STEP	2025-09-27T19:49:25.5509990Z   OPAMJOBS: 4
l1-smoke	UNKNOWN STEP	2025-09-27T19:49:25.5510156Z   OPAMPRECISETRACKING: 1
l1-smoke	UNKNOWN STEP	2025-09-27T19:49:25.5510360Z   OPAMSOLVERTIMEOUT: 1000
l1-smoke	UNKNOWN STEP	2025-09-27T19:49:25.5510550Z   OPAMYES: 1
l1-smoke	UNKNOWN STEP	2025-09-27T19:49:25.5510704Z   CLICOLOR_FORCE: 1
l1-smoke	UNKNOWN STEP	2025-09-27T19:49:25.5510917Z ##[endgroup]
l1-smoke	UNKNOWN STEP	2025-09-27T19:49:25.6139083Z Post job cleanup.
l1-smoke	UNKNOWN STEP	2025-09-27T19:49:25.6185779Z Post job cleanup.
l1-smoke	UNKNOWN STEP	2025-09-27T19:49:25.7113133Z [command]/usr/bin/git version
l1-smoke	UNKNOWN STEP	2025-09-27T19:49:25.7150618Z git version 2.51.0
l1-smoke	UNKNOWN STEP	2025-09-27T19:49:25.7193387Z Temporarily overriding HOME='/home/runner/work/_temp/723c28de-7a3d-4dc1-aea7-71a6a1b84847' before making global git config changes
l1-smoke	UNKNOWN STEP	2025-09-27T19:49:25.7194708Z Adding repository directory to the temporary git global config as a safe directory
l1-smoke	UNKNOWN STEP	2025-09-27T19:49:25.7199619Z [command]/usr/bin/git config --global --add safe.directory /home/runner/work/latex_perf/latex_perf
l1-smoke	UNKNOWN STEP	2025-09-27T19:49:25.7235713Z [command]/usr/bin/git config --local --name-only --get-regexp core\.sshCommand
l1-smoke	UNKNOWN STEP	2025-09-27T19:49:25.7267772Z [command]/usr/bin/git submodule foreach --recursive sh -c "git config --local --name-only --get-regexp 'core\.sshCommand' && git config --local --unset-all 'core.sshCommand' || :"
l1-smoke	UNKNOWN STEP	2025-09-27T19:49:25.7493788Z [command]/usr/bin/git config --local --name-only --get-regexp http\.https\:\/\/github\.com\/\.extraheader
l1-smoke	UNKNOWN STEP	2025-09-27T19:49:25.7517778Z http.https://github.com/.extraheader
l1-smoke	UNKNOWN STEP	2025-09-27T19:49:25.7530167Z [command]/usr/bin/git config --local --unset-all http.https://github.com/.extraheader
l1-smoke	UNKNOWN STEP	2025-09-27T19:49:25.7564610Z [command]/usr/bin/git submodule foreach --recursive sh -c "git config --local --name-only --get-regexp 'http\.https\:\/\/github\.com\/\.extraheader' && git config --local --unset-all 'http.https://github.com/.extraheader' || :"
l1-smoke	UNKNOWN STEP	2025-09-27T19:49:25.7913471Z Cleaning up orphan processes
