unicode-smoke	Set up job	ï»¿2025-09-27T21:20:52.6529093Z Current runner version: '2.328.0'
unicode-smoke	Set up job	2025-09-27T21:20:52.6554917Z ##[group]Runner Image Provisioner
unicode-smoke	Set up job	2025-09-27T21:20:52.6555783Z Hosted Compute Agent
unicode-smoke	Set up job	2025-09-27T21:20:52.6556298Z Version: 20250912.392
unicode-smoke	Set up job	2025-09-27T21:20:52.6556965Z Commit: d921fda672a98b64f4f82364647e2f10b2267d0b
unicode-smoke	Set up job	2025-09-27T21:20:52.6557633Z Build Date: 2025-09-12T15:23:14Z
unicode-smoke	Set up job	2025-09-27T21:20:52.6558219Z ##[endgroup]
unicode-smoke	Set up job	2025-09-27T21:20:52.6558724Z ##[group]Operating System
unicode-smoke	Set up job	2025-09-27T21:20:52.6559363Z Ubuntu
unicode-smoke	Set up job	2025-09-27T21:20:52.6559808Z 24.04.3
unicode-smoke	Set up job	2025-09-27T21:20:52.6560252Z LTS
unicode-smoke	Set up job	2025-09-27T21:20:52.6560758Z ##[endgroup]
unicode-smoke	Set up job	2025-09-27T21:20:52.6561243Z ##[group]Runner Image
unicode-smoke	Set up job	2025-09-27T21:20:52.6561794Z Image: ubuntu-24.04
unicode-smoke	Set up job	2025-09-27T21:20:52.6562358Z Version: 20250922.53.1
unicode-smoke	Set up job	2025-09-27T21:20:52.6563700Z Included Software: https://github.com/actions/runner-images/blob/ubuntu24/20250922.53/images/ubuntu/Ubuntu2404-Readme.md
unicode-smoke	Set up job	2025-09-27T21:20:52.6565050Z Image Release: https://github.com/actions/runner-images/releases/tag/ubuntu24%2F20250922.53
unicode-smoke	Set up job	2025-09-27T21:20:52.6566272Z ##[endgroup]
unicode-smoke	Set up job	2025-09-27T21:20:52.6568725Z ##[group]GITHUB_TOKEN Permissions
unicode-smoke	Set up job	2025-09-27T21:20:52.6570688Z Actions: write
unicode-smoke	Set up job	2025-09-27T21:20:52.6571237Z Attestations: write
unicode-smoke	Set up job	2025-09-27T21:20:52.6571860Z Checks: write
unicode-smoke	Set up job	2025-09-27T21:20:52.6572330Z Contents: write
unicode-smoke	Set up job	2025-09-27T21:20:52.6573026Z Deployments: write
unicode-smoke	Set up job	2025-09-27T21:20:52.6573589Z Discussions: write
unicode-smoke	Set up job	2025-09-27T21:20:52.6574111Z Issues: write
unicode-smoke	Set up job	2025-09-27T21:20:52.6574552Z Metadata: read
unicode-smoke	Set up job	2025-09-27T21:20:52.6575084Z Models: read
unicode-smoke	Set up job	2025-09-27T21:20:52.6575554Z Packages: write
unicode-smoke	Set up job	2025-09-27T21:20:52.6576092Z Pages: write
unicode-smoke	Set up job	2025-09-27T21:20:52.6576628Z PullRequests: write
unicode-smoke	Set up job	2025-09-27T21:20:52.6577141Z RepositoryProjects: write
unicode-smoke	Set up job	2025-09-27T21:20:52.6577704Z SecurityEvents: write
unicode-smoke	Set up job	2025-09-27T21:20:52.6578261Z Statuses: write
unicode-smoke	Set up job	2025-09-27T21:20:52.6578853Z ##[endgroup]
unicode-smoke	Set up job	2025-09-27T21:20:52.6581124Z Secret source: Actions
unicode-smoke	Set up job	2025-09-27T21:20:52.6581843Z Prepare workflow directory
unicode-smoke	Set up job	2025-09-27T21:20:52.6900440Z Prepare all required actions
unicode-smoke	Set up job	2025-09-27T21:20:52.6941362Z Getting action download info
unicode-smoke	Set up job	2025-09-27T21:20:53.1112250Z Download action repository 'actions/checkout@v4' (SHA:08eba0b27e820071cde6df949e0beb9ba4906955)
unicode-smoke	Set up job	2025-09-27T21:20:53.5328413Z Complete job name: unicode-smoke
unicode-smoke	Run actions/checkout@v4	ï»¿2025-09-27T21:20:53.6017390Z ##[group]Run actions/checkout@v4
unicode-smoke	Run actions/checkout@v4	2025-09-27T21:20:53.6018271Z with:
unicode-smoke	Run actions/checkout@v4	2025-09-27T21:20:53.6018717Z   repository: ClanClanClanClan/latex_perf
unicode-smoke	Run actions/checkout@v4	2025-09-27T21:20:53.6019430Z   token: ***
unicode-smoke	Run actions/checkout@v4	2025-09-27T21:20:53.6019824Z   ssh-strict: true
unicode-smoke	Run actions/checkout@v4	2025-09-27T21:20:53.6020216Z   ssh-user: git
unicode-smoke	Run actions/checkout@v4	2025-09-27T21:20:53.6020619Z   persist-credentials: true
unicode-smoke	Run actions/checkout@v4	2025-09-27T21:20:53.6021067Z   clean: true
unicode-smoke	Run actions/checkout@v4	2025-09-27T21:20:53.6021473Z   sparse-checkout-cone-mode: true
unicode-smoke	Run actions/checkout@v4	2025-09-27T21:20:53.6022029Z   fetch-depth: 1
unicode-smoke	Run actions/checkout@v4	2025-09-27T21:20:53.6022510Z   fetch-tags: false
unicode-smoke	Run actions/checkout@v4	2025-09-27T21:20:53.6023240Z   show-progress: true
unicode-smoke	Run actions/checkout@v4	2025-09-27T21:20:53.6023815Z   lfs: false
unicode-smoke	Run actions/checkout@v4	2025-09-27T21:20:53.6024193Z   submodules: false
unicode-smoke	Run actions/checkout@v4	2025-09-27T21:20:53.6024593Z   set-safe-directory: true
unicode-smoke	Run actions/checkout@v4	2025-09-27T21:20:53.6025356Z ##[endgroup]
unicode-smoke	Run actions/checkout@v4	2025-09-27T21:20:53.7180084Z Syncing repository: ClanClanClanClan/latex_perf
unicode-smoke	Run actions/checkout@v4	2025-09-27T21:20:53.7181877Z ##[group]Getting Git version info
unicode-smoke	Run actions/checkout@v4	2025-09-27T21:20:53.7182610Z Working directory is '/home/runner/work/latex_perf/latex_perf'
unicode-smoke	Run actions/checkout@v4	2025-09-27T21:20:53.7184269Z [command]/usr/bin/git version
unicode-smoke	Run actions/checkout@v4	2025-09-27T21:20:53.7273325Z git version 2.51.0
unicode-smoke	Run actions/checkout@v4	2025-09-27T21:20:53.7301380Z ##[endgroup]
unicode-smoke	Run actions/checkout@v4	2025-09-27T21:20:53.7317902Z Temporarily overriding HOME='/home/runner/work/_temp/7ad7ba3b-6254-4a5b-a531-2a716c35ad04' before making global git config changes
unicode-smoke	Run actions/checkout@v4	2025-09-27T21:20:53.7320274Z Adding repository directory to the temporary git global config as a safe directory
unicode-smoke	Run actions/checkout@v4	2025-09-27T21:20:53.7324701Z [command]/usr/bin/git config --global --add safe.directory /home/runner/work/latex_perf/latex_perf
unicode-smoke	Run actions/checkout@v4	2025-09-27T21:20:53.7371871Z Deleting the contents of '/home/runner/work/latex_perf/latex_perf'
unicode-smoke	Run actions/checkout@v4	2025-09-27T21:20:53.7377073Z ##[group]Initializing the repository
unicode-smoke	Run actions/checkout@v4	2025-09-27T21:20:53.7382613Z [command]/usr/bin/git init /home/runner/work/latex_perf/latex_perf
unicode-smoke	Run actions/checkout@v4	2025-09-27T21:20:53.7501115Z hint: Using 'master' as the name for the initial branch. This default branch name
unicode-smoke	Run actions/checkout@v4	2025-09-27T21:20:53.7502143Z hint: is subject to change. To configure the initial branch name to use in all
unicode-smoke	Run actions/checkout@v4	2025-09-27T21:20:53.7503547Z hint: of your new repositories, which will suppress this warning, call:
unicode-smoke	Run actions/checkout@v4	2025-09-27T21:20:53.7504785Z hint:
unicode-smoke	Run actions/checkout@v4	2025-09-27T21:20:53.7505611Z hint: 	git config --global init.defaultBranch <name>
unicode-smoke	Run actions/checkout@v4	2025-09-27T21:20:53.7506730Z hint:
unicode-smoke	Run actions/checkout@v4	2025-09-27T21:20:53.7507742Z hint: Names commonly chosen instead of 'master' are 'main', 'trunk' and
unicode-smoke	Run actions/checkout@v4	2025-09-27T21:20:53.7509076Z hint: 'development'. The just-created branch can be renamed via this command:
unicode-smoke	Run actions/checkout@v4	2025-09-27T21:20:53.7509858Z hint:
unicode-smoke	Run actions/checkout@v4	2025-09-27T21:20:53.7510274Z hint: 	git branch -m <name>
unicode-smoke	Run actions/checkout@v4	2025-09-27T21:20:53.7510755Z hint:
unicode-smoke	Run actions/checkout@v4	2025-09-27T21:20:53.7511398Z hint: Disable this message with "git config set advice.defaultBranchName false"
unicode-smoke	Run actions/checkout@v4	2025-09-27T21:20:53.7512524Z Initialized empty Git repository in /home/runner/work/latex_perf/latex_perf/.git/
unicode-smoke	Run actions/checkout@v4	2025-09-27T21:20:53.7524902Z [command]/usr/bin/git remote add origin https://github.com/ClanClanClanClan/latex_perf
unicode-smoke	Run actions/checkout@v4	2025-09-27T21:20:53.7568066Z ##[endgroup]
unicode-smoke	Run actions/checkout@v4	2025-09-27T21:20:53.7568824Z ##[group]Disabling automatic garbage collection
unicode-smoke	Run actions/checkout@v4	2025-09-27T21:20:53.7574175Z [command]/usr/bin/git config --local gc.auto 0
unicode-smoke	Run actions/checkout@v4	2025-09-27T21:20:53.7607715Z ##[endgroup]
unicode-smoke	Run actions/checkout@v4	2025-09-27T21:20:53.7608493Z ##[group]Setting up auth
unicode-smoke	Run actions/checkout@v4	2025-09-27T21:20:53.7617809Z [command]/usr/bin/git config --local --name-only --get-regexp core\.sshCommand
unicode-smoke	Run actions/checkout@v4	2025-09-27T21:20:53.7652493Z [command]/usr/bin/git submodule foreach --recursive sh -c "git config --local --name-only --get-regexp 'core\.sshCommand' && git config --local --unset-all 'core.sshCommand' || :"
unicode-smoke	Run actions/checkout@v4	2025-09-27T21:20:53.8010200Z [command]/usr/bin/git config --local --name-only --get-regexp http\.https\:\/\/github\.com\/\.extraheader
unicode-smoke	Run actions/checkout@v4	2025-09-27T21:20:53.8038614Z [command]/usr/bin/git submodule foreach --recursive sh -c "git config --local --name-only --get-regexp 'http\.https\:\/\/github\.com\/\.extraheader' && git config --local --unset-all 'http.https://github.com/.extraheader' || :"
unicode-smoke	Run actions/checkout@v4	2025-09-27T21:20:53.8257661Z [command]/usr/bin/git config --local http.https://github.com/.extraheader AUTHORIZATION: basic ***
unicode-smoke	Run actions/checkout@v4	2025-09-27T21:20:53.8293302Z ##[endgroup]
unicode-smoke	Run actions/checkout@v4	2025-09-27T21:20:53.8294647Z ##[group]Fetching the repository
unicode-smoke	Run actions/checkout@v4	2025-09-27T21:20:53.8303135Z [command]/usr/bin/git -c protocol.version=2 fetch --no-tags --prune --no-recurse-submodules --depth=1 origin +6acf14e01b575831a3f54eac2db1be0f7c3d9421:refs/remotes/pull/4/merge
unicode-smoke	Run actions/checkout@v4	2025-09-27T21:20:54.3525596Z From https://github.com/ClanClanClanClan/latex_perf
unicode-smoke	Run actions/checkout@v4	2025-09-27T21:20:54.3527403Z  * [new ref]         6acf14e01b575831a3f54eac2db1be0f7c3d9421 -> pull/4/merge
unicode-smoke	Run actions/checkout@v4	2025-09-27T21:20:54.3560139Z ##[endgroup]
unicode-smoke	Run actions/checkout@v4	2025-09-27T21:20:54.3561487Z ##[group]Determining the checkout info
unicode-smoke	Run actions/checkout@v4	2025-09-27T21:20:54.3563245Z ##[endgroup]
unicode-smoke	Run actions/checkout@v4	2025-09-27T21:20:54.3568548Z [command]/usr/bin/git sparse-checkout disable
unicode-smoke	Run actions/checkout@v4	2025-09-27T21:20:54.3613937Z [command]/usr/bin/git config --local --unset-all extensions.worktreeConfig
unicode-smoke	Run actions/checkout@v4	2025-09-27T21:20:54.3643283Z ##[group]Checking out the ref
unicode-smoke	Run actions/checkout@v4	2025-09-27T21:20:54.3646887Z [command]/usr/bin/git checkout --progress --force refs/remotes/pull/4/merge
unicode-smoke	Run actions/checkout@v4	2025-09-27T21:20:54.4063237Z Note: switching to 'refs/remotes/pull/4/merge'.
unicode-smoke	Run actions/checkout@v4	2025-09-27T21:20:54.4065244Z 
unicode-smoke	Run actions/checkout@v4	2025-09-27T21:20:54.4065965Z You are in 'detached HEAD' state. You can look around, make experimental
unicode-smoke	Run actions/checkout@v4	2025-09-27T21:20:54.4067507Z changes and commit them, and you can discard any commits you make in this
unicode-smoke	Run actions/checkout@v4	2025-09-27T21:20:54.4068431Z state without impacting any branches by switching back to a branch.
unicode-smoke	Run actions/checkout@v4	2025-09-27T21:20:54.4069017Z 
unicode-smoke	Run actions/checkout@v4	2025-09-27T21:20:54.4069501Z If you want to create a new branch to retain commits you create, you may
unicode-smoke	Run actions/checkout@v4	2025-09-27T21:20:54.4070822Z do so (now or later) by using -c with the switch command. Example:
unicode-smoke	Run actions/checkout@v4	2025-09-27T21:20:54.4071587Z 
unicode-smoke	Run actions/checkout@v4	2025-09-27T21:20:54.4071823Z   git switch -c <new-branch-name>
unicode-smoke	Run actions/checkout@v4	2025-09-27T21:20:54.4072234Z 
unicode-smoke	Run actions/checkout@v4	2025-09-27T21:20:54.4072433Z Or undo this operation with:
unicode-smoke	Run actions/checkout@v4	2025-09-27T21:20:54.4073346Z 
unicode-smoke	Run actions/checkout@v4	2025-09-27T21:20:54.4073559Z   git switch -
unicode-smoke	Run actions/checkout@v4	2025-09-27T21:20:54.4073865Z 
unicode-smoke	Run actions/checkout@v4	2025-09-27T21:20:54.4074339Z Turn off this advice by setting config variable advice.detachedHead to false
unicode-smoke	Run actions/checkout@v4	2025-09-27T21:20:54.4075048Z 
unicode-smoke	Run actions/checkout@v4	2025-09-27T21:20:54.4075875Z HEAD is now at 6acf14e Merge 07895437ab0cede570fde751cb6861b9d97861e6 into 92bdfe28e9a19447735918ce6f6c8395415acf11
unicode-smoke	Run actions/checkout@v4	2025-09-27T21:20:54.4078524Z ##[endgroup]
unicode-smoke	Run actions/checkout@v4	2025-09-27T21:20:54.4109875Z [command]/usr/bin/git log -1 --format=%H
unicode-smoke	Run actions/checkout@v4	2025-09-27T21:20:54.4131053Z 6acf14e01b575831a3f54eac2db1be0f7c3d9421
unicode-smoke	Set up OCaml and OPAM	ï»¿2025-09-27T21:20:54.4466943Z Prepare all required actions
unicode-smoke	Set up OCaml and OPAM	2025-09-27T21:20:54.4467751Z Getting action download info
unicode-smoke	Set up OCaml and OPAM	2025-09-27T21:20:54.6379568Z Download action repository 'ocaml/setup-ocaml@v2' (SHA:8cc6339f55862749298d198ef84788b8d6acdacc)
unicode-smoke	Set up OCaml and OPAM	2025-09-27T21:20:55.2898088Z ##[group]Run ./.github/actions/setup-ocaml
unicode-smoke	Set up OCaml and OPAM	2025-09-27T21:20:55.2899252Z with:
unicode-smoke	Set up OCaml and OPAM	2025-09-27T21:20:55.2900051Z   ocaml-compiler: 4.14.1
unicode-smoke	Set up OCaml and OPAM	2025-09-27T21:20:55.2901010Z   opam-depext: false
unicode-smoke	Set up OCaml and OPAM	2025-09-27T21:20:55.2901989Z   allow-prerelease-opam: false
unicode-smoke	Set up OCaml and OPAM	2025-09-27T21:20:55.2903248Z   opam-pin: true
unicode-smoke	Set up OCaml and OPAM	2025-09-27T21:20:55.2904166Z   opam-local-packages: *.opam
unicode-smoke	Set up OCaml and OPAM	2025-09-27T21:20:55.2905229Z   opam-disable-sandboxing: false
unicode-smoke	Set up OCaml and OPAM	2025-09-27T21:20:55.2906276Z   dune-cache: false
unicode-smoke	Set up OCaml and OPAM	2025-09-27T21:20:55.2907140Z   cache-prefix: v1
unicode-smoke	Set up OCaml and OPAM	2025-09-27T21:20:55.2907997Z ##[endgroup]
unicode-smoke	Set up OCaml and OPAM	2025-09-27T21:20:55.3119949Z ##[group]Run sudo apt-get update
unicode-smoke	Set up OCaml and OPAM	2025-09-27T21:20:55.3121080Z [36;1msudo apt-get update[0m
unicode-smoke	Set up OCaml and OPAM	2025-09-27T21:20:55.3122053Z [36;1msudo apt-get install -y \[0m
unicode-smoke	Set up OCaml and OPAM	2025-09-27T21:20:55.3123405Z [36;1m  bubblewrap \[0m
unicode-smoke	Set up OCaml and OPAM	2025-09-27T21:20:55.3124355Z [36;1m  g++-multilib \[0m
unicode-smoke	Set up OCaml and OPAM	2025-09-27T21:20:55.3125260Z [36;1m  gcc-multilib \[0m
unicode-smoke	Set up OCaml and OPAM	2025-09-27T21:20:55.3126144Z [36;1m  mercurial \[0m
unicode-smoke	Set up OCaml and OPAM	2025-09-27T21:20:55.3127011Z [36;1m  musl-tools \[0m
unicode-smoke	Set up OCaml and OPAM	2025-09-27T21:20:55.3127838Z [36;1m  rsync[0m
unicode-smoke	Set up OCaml and OPAM	2025-09-27T21:20:55.3167483Z shell: /usr/bin/bash --noprofile --norc -e -o pipefail {0}
unicode-smoke	Set up OCaml and OPAM	2025-09-27T21:20:55.3168778Z ##[endgroup]
unicode-smoke	Set up OCaml and OPAM	2025-09-27T21:20:55.4420043Z Get:1 file:/etc/apt/apt-mirrors.txt Mirrorlist [144 B]
unicode-smoke	Set up OCaml and OPAM	2025-09-27T21:20:55.4834783Z Hit:6 https://packages.microsoft.com/repos/azure-cli noble InRelease
unicode-smoke	Set up OCaml and OPAM	2025-09-27T21:20:55.4838504Z Hit:2 http://azure.archive.ubuntu.com/ubuntu noble InRelease
unicode-smoke	Set up OCaml and OPAM	2025-09-27T21:20:55.4843385Z Get:7 https://packages.microsoft.com/ubuntu/24.04/prod noble InRelease [3600 B]
unicode-smoke	Set up OCaml and OPAM	2025-09-27T21:20:55.4868107Z Get:3 http://azure.archive.ubuntu.com/ubuntu noble-updates InRelease [126 kB]
unicode-smoke	Set up OCaml and OPAM	2025-09-27T21:20:55.4925608Z Get:4 http://azure.archive.ubuntu.com/ubuntu noble-backports InRelease [126 kB]
unicode-smoke	Set up OCaml and OPAM	2025-09-27T21:20:55.4939980Z Get:5 http://azure.archive.ubuntu.com/ubuntu noble-security InRelease [126 kB]
unicode-smoke	Set up OCaml and OPAM	2025-09-27T21:20:55.6945530Z Get:8 https://packages.microsoft.com/ubuntu/24.04/prod noble/main amd64 Packages [57.1 kB]
unicode-smoke	Set up OCaml and OPAM	2025-09-27T21:20:55.7161214Z Get:9 https://packages.microsoft.com/ubuntu/24.04/prod noble/main arm64 Packages [39.5 kB]
unicode-smoke	Set up OCaml and OPAM	2025-09-27T21:20:55.7412135Z Get:10 http://azure.archive.ubuntu.com/ubuntu noble-updates/main amd64 Packages [1443 kB]
unicode-smoke	Set up OCaml and OPAM	2025-09-27T21:20:55.7582344Z Get:11 http://azure.archive.ubuntu.com/ubuntu noble-updates/main Translation-en [282 kB]
unicode-smoke	Set up OCaml and OPAM	2025-09-27T21:20:55.7616547Z Get:12 http://azure.archive.ubuntu.com/ubuntu noble-updates/main amd64 Components [175 kB]
unicode-smoke	Set up OCaml and OPAM	2025-09-27T21:20:55.7620579Z Get:13 http://azure.archive.ubuntu.com/ubuntu noble-updates/main amd64 c-n-f Metadata [15.3 kB]
unicode-smoke	Set up OCaml and OPAM	2025-09-27T21:20:55.7655627Z Get:14 http://azure.archive.ubuntu.com/ubuntu noble-updates/universe amd64 Packages [1485 kB]
unicode-smoke	Set up OCaml and OPAM	2025-09-27T21:20:55.7760000Z Get:15 http://azure.archive.ubuntu.com/ubuntu noble-updates/universe Translation-en [299 kB]
unicode-smoke	Set up OCaml and OPAM	2025-09-27T21:20:55.7801558Z Get:16 http://azure.archive.ubuntu.com/ubuntu noble-updates/universe amd64 Components [377 kB]
unicode-smoke	Set up OCaml and OPAM	2025-09-27T21:20:55.7846148Z Get:17 http://azure.archive.ubuntu.com/ubuntu noble-updates/universe amd64 c-n-f Metadata [31.0 kB]
unicode-smoke	Set up OCaml and OPAM	2025-09-27T21:20:55.7864666Z Get:18 http://azure.archive.ubuntu.com/ubuntu noble-updates/restricted amd64 Packages [1957 kB]
unicode-smoke	Set up OCaml and OPAM	2025-09-27T21:20:55.7988008Z Get:19 http://azure.archive.ubuntu.com/ubuntu noble-updates/restricted Translation-en [441 kB]
unicode-smoke	Set up OCaml and OPAM	2025-09-27T21:20:55.8500854Z Get:20 http://azure.archive.ubuntu.com/ubuntu noble-updates/restricted amd64 Components [212 B]
unicode-smoke	Set up OCaml and OPAM	2025-09-27T21:20:55.8547821Z Get:21 http://azure.archive.ubuntu.com/ubuntu noble-updates/multiverse amd64 Components [940 B]
unicode-smoke	Set up OCaml and OPAM	2025-09-27T21:20:55.8549053Z Get:22 http://azure.archive.ubuntu.com/ubuntu noble-backports/main amd64 Components [7076 B]
unicode-smoke	Set up OCaml and OPAM	2025-09-27T21:20:55.8550251Z Get:23 http://azure.archive.ubuntu.com/ubuntu noble-backports/universe amd64 Packages [28.9 kB]
unicode-smoke	Set up OCaml and OPAM	2025-09-27T21:20:55.8553160Z Get:24 http://azure.archive.ubuntu.com/ubuntu noble-backports/universe amd64 Components [11.0 kB]
unicode-smoke	Set up OCaml and OPAM	2025-09-27T21:20:55.8563863Z Get:25 http://azure.archive.ubuntu.com/ubuntu noble-backports/universe amd64 c-n-f Metadata [1444 B]
unicode-smoke	Set up OCaml and OPAM	2025-09-27T21:20:55.8579777Z Get:26 http://azure.archive.ubuntu.com/ubuntu noble-backports/restricted amd64 Components [216 B]
unicode-smoke	Set up OCaml and OPAM	2025-09-27T21:20:55.8595504Z Get:27 http://azure.archive.ubuntu.com/ubuntu noble-backports/multiverse amd64 Components [212 B]
unicode-smoke	Set up OCaml and OPAM	2025-09-27T21:20:55.8645421Z Get:28 http://azure.archive.ubuntu.com/ubuntu noble-security/main amd64 Packages [1171 kB]
unicode-smoke	Set up OCaml and OPAM	2025-09-27T21:20:55.8715612Z Get:29 http://azure.archive.ubuntu.com/ubuntu noble-security/main Translation-en [198 kB]
unicode-smoke	Set up OCaml and OPAM	2025-09-27T21:20:55.8740388Z Get:30 http://azure.archive.ubuntu.com/ubuntu noble-security/main amd64 Components [21.6 kB]
unicode-smoke	Set up OCaml and OPAM	2025-09-27T21:20:55.8755746Z Get:31 http://azure.archive.ubuntu.com/ubuntu noble-security/main amd64 c-n-f Metadata [8744 B]
unicode-smoke	Set up OCaml and OPAM	2025-09-27T21:20:55.8770097Z Get:32 http://azure.archive.ubuntu.com/ubuntu noble-security/universe amd64 Packages [880 kB]
unicode-smoke	Set up OCaml and OPAM	2025-09-27T21:20:55.8827436Z Get:33 http://azure.archive.ubuntu.com/ubuntu noble-security/universe Translation-en [195 kB]
unicode-smoke	Set up OCaml and OPAM	2025-09-27T21:20:55.9299600Z Get:34 http://azure.archive.ubuntu.com/ubuntu noble-security/universe amd64 Components [52.3 kB]
unicode-smoke	Set up OCaml and OPAM	2025-09-27T21:20:55.9317656Z Get:35 http://azure.archive.ubuntu.com/ubuntu noble-security/universe amd64 c-n-f Metadata [18.0 kB]
unicode-smoke	Set up OCaml and OPAM	2025-09-27T21:20:55.9334409Z Get:36 http://azure.archive.ubuntu.com/ubuntu noble-security/restricted amd64 Packages [1872 kB]
unicode-smoke	Set up OCaml and OPAM	2025-09-27T21:20:55.9443081Z Get:37 http://azure.archive.ubuntu.com/ubuntu noble-security/restricted Translation-en [423 kB]
unicode-smoke	Set up OCaml and OPAM	2025-09-27T21:20:55.9478549Z Get:38 http://azure.archive.ubuntu.com/ubuntu noble-security/restricted amd64 Components [212 B]
unicode-smoke	Set up OCaml and OPAM	2025-09-27T21:20:55.9509390Z Get:39 http://azure.archive.ubuntu.com/ubuntu noble-security/multiverse amd64 Components [212 B]
unicode-smoke	Set up OCaml and OPAM	2025-09-27T21:21:04.8551365Z Fetched 11.9 MB in 2s (7760 kB/s)
unicode-smoke	Set up OCaml and OPAM	2025-09-27T21:21:05.5944471Z Reading package lists...
unicode-smoke	Set up OCaml and OPAM	2025-09-27T21:21:05.6269392Z Reading package lists...
unicode-smoke	Set up OCaml and OPAM	2025-09-27T21:21:05.8018763Z Building dependency tree...
unicode-smoke	Set up OCaml and OPAM	2025-09-27T21:21:05.8026068Z Reading state information...
unicode-smoke	Set up OCaml and OPAM	2025-09-27T21:21:05.9463802Z mercurial is already the newest version (6.7.2-1ubuntu2.2).
unicode-smoke	Set up OCaml and OPAM	2025-09-27T21:21:05.9464632Z rsync is already the newest version (3.2.7-1ubuntu1.2).
unicode-smoke	Set up OCaml and OPAM	2025-09-27T21:21:05.9465659Z The following additional packages will be installed:
unicode-smoke	Set up OCaml and OPAM	2025-09-27T21:21:05.9466529Z   g++-13-multilib gcc-13-multilib lib32asan8 lib32atomic1 lib32gcc-13-dev
unicode-smoke	Set up OCaml and OPAM	2025-09-27T21:21:05.9467569Z   lib32gomp1 lib32itm1 lib32quadmath0 lib32stdc++-13-dev lib32ubsan1
unicode-smoke	Set up OCaml and OPAM	2025-09-27T21:21:05.9468440Z   libc6-dev-i386 libc6-dev-x32 libc6-x32 libx32asan8 libx32atomic1
unicode-smoke	Set up OCaml and OPAM	2025-09-27T21:21:05.9469618Z   libx32gcc-13-dev libx32gcc-s1 libx32gomp1 libx32itm1 libx32quadmath0
unicode-smoke	Set up OCaml and OPAM	2025-09-27T21:21:05.9470848Z   libx32stdc++-13-dev libx32stdc++6 libx32ubsan1 musl musl-dev
unicode-smoke	Set up OCaml and OPAM	2025-09-27T21:21:05.9475909Z Suggested packages:
unicode-smoke	Set up OCaml and OPAM	2025-09-27T21:21:05.9476498Z   lib32stdc++6-13-dbg libx32stdc++6-13-dbg
unicode-smoke	Set up OCaml and OPAM	2025-09-27T21:21:05.9995132Z The following NEW packages will be installed:
unicode-smoke	Set up OCaml and OPAM	2025-09-27T21:21:05.9996005Z   bubblewrap g++-13-multilib g++-multilib gcc-13-multilib gcc-multilib
unicode-smoke	Set up OCaml and OPAM	2025-09-27T21:21:05.9996922Z   lib32asan8 lib32atomic1 lib32gcc-13-dev lib32gomp1 lib32itm1 lib32quadmath0
unicode-smoke	Set up OCaml and OPAM	2025-09-27T21:21:06.0001327Z   lib32stdc++-13-dev lib32ubsan1 libc6-dev-i386 libc6-dev-x32 libc6-x32
unicode-smoke	Set up OCaml and OPAM	2025-09-27T21:21:06.0002744Z   libx32asan8 libx32atomic1 libx32gcc-13-dev libx32gcc-s1 libx32gomp1
unicode-smoke	Set up OCaml and OPAM	2025-09-27T21:21:06.0003635Z   libx32itm1 libx32quadmath0 libx32stdc++-13-dev libx32stdc++6 libx32ubsan1
unicode-smoke	Set up OCaml and OPAM	2025-09-27T21:21:06.0004766Z   musl musl-dev musl-tools
unicode-smoke	Set up OCaml and OPAM	2025-09-27T21:21:06.0193517Z 0 upgraded, 29 newly installed, 0 to remove and 17 not upgraded.
unicode-smoke	Set up OCaml and OPAM	2025-09-27T21:21:06.0194087Z Need to get 23.6 MB of archives.
unicode-smoke	Set up OCaml and OPAM	2025-09-27T21:21:06.0194597Z After this operation, 94.1 MB of additional disk space will be used.
unicode-smoke	Set up OCaml and OPAM	2025-09-27T21:21:06.0195002Z Get:1 file:/etc/apt/apt-mirrors.txt Mirrorlist [144 B]
unicode-smoke	Set up OCaml and OPAM	2025-09-27T21:21:06.1175766Z Get:2 http://azure.archive.ubuntu.com/ubuntu noble-updates/main amd64 bubblewrap amd64 0.9.0-1ubuntu0.1 [50.2 kB]
unicode-smoke	Set up OCaml and OPAM	2025-09-27T21:21:06.2011724Z Get:3 http://azure.archive.ubuntu.com/ubuntu noble-updates/main amd64 libc6-dev-i386 amd64 2.39-0ubuntu8.6 [1447 kB]
unicode-smoke	Set up OCaml and OPAM	2025-09-27T21:21:06.4416778Z Get:4 http://azure.archive.ubuntu.com/ubuntu noble-updates/main amd64 libc6-x32 amd64 2.39-0ubuntu8.6 [2913 kB]
unicode-smoke	Set up OCaml and OPAM	2025-09-27T21:21:06.8657231Z Get:5 http://azure.archive.ubuntu.com/ubuntu noble-updates/main amd64 libc6-dev-x32 amd64 2.39-0ubuntu8.6 [1637 kB]
unicode-smoke	Set up OCaml and OPAM	2025-09-27T21:21:07.1072442Z Get:6 http://azure.archive.ubuntu.com/ubuntu noble-updates/main amd64 libx32gcc-s1 amd64 14.2.0-4ubuntu2~24.04 [78.5 kB]
unicode-smoke	Set up OCaml and OPAM	2025-09-27T21:21:07.1888802Z Get:7 http://azure.archive.ubuntu.com/ubuntu noble-updates/main amd64 lib32gomp1 amd64 14.2.0-4ubuntu2~24.04 [141 kB]
unicode-smoke	Set up OCaml and OPAM	2025-09-27T21:21:07.2716503Z Get:8 http://azure.archive.ubuntu.com/ubuntu noble-updates/main amd64 libx32gomp1 amd64 14.2.0-4ubuntu2~24.04 [145 kB]
unicode-smoke	Set up OCaml and OPAM	2025-09-27T21:21:07.3545712Z Get:9 http://azure.archive.ubuntu.com/ubuntu noble-updates/main amd64 lib32itm1 amd64 14.2.0-4ubuntu2~24.04 [29.6 kB]
unicode-smoke	Set up OCaml and OPAM	2025-09-27T21:21:07.4364981Z Get:10 http://azure.archive.ubuntu.com/ubuntu noble-updates/main amd64 libx32itm1 amd64 14.2.0-4ubuntu2~24.04 [29.8 kB]
unicode-smoke	Set up OCaml and OPAM	2025-09-27T21:21:07.5174588Z Get:11 http://azure.archive.ubuntu.com/ubuntu noble-updates/main amd64 lib32atomic1 amd64 14.2.0-4ubuntu2~24.04 [8586 B]
unicode-smoke	Set up OCaml and OPAM	2025-09-27T21:21:07.5982181Z Get:12 http://azure.archive.ubuntu.com/ubuntu noble-updates/main amd64 libx32atomic1 amd64 14.2.0-4ubuntu2~24.04 [10.3 kB]
unicode-smoke	Set up OCaml and OPAM	2025-09-27T21:21:07.6799066Z Get:13 http://azure.archive.ubuntu.com/ubuntu noble-updates/main amd64 lib32asan8 amd64 14.2.0-4ubuntu2~24.04 [2879 kB]
unicode-smoke	Set up OCaml and OPAM	2025-09-27T21:21:08.0008395Z Get:14 http://azure.archive.ubuntu.com/ubuntu noble-updates/main amd64 libx32asan8 amd64 14.2.0-4ubuntu2~24.04 [2893 kB]
unicode-smoke	Set up OCaml and OPAM	2025-09-27T21:21:08.3266788Z Get:15 http://azure.archive.ubuntu.com/ubuntu noble-updates/main amd64 lib32ubsan1 amd64 14.2.0-4ubuntu2~24.04 [1150 kB]
unicode-smoke	Set up OCaml and OPAM	2025-09-27T21:21:08.5745419Z Get:16 http://azure.archive.ubuntu.com/ubuntu noble-updates/main amd64 libx32stdc++6 amd64 14.2.0-4ubuntu2~24.04 [778 kB]
unicode-smoke	Set up OCaml and OPAM	2025-09-27T21:21:08.7451429Z Get:17 http://azure.archive.ubuntu.com/ubuntu noble-updates/main amd64 libx32ubsan1 amd64 14.2.0-4ubuntu2~24.04 [1169 kB]
unicode-smoke	Set up OCaml and OPAM	2025-09-27T21:21:08.9949561Z Get:18 http://azure.archive.ubuntu.com/ubuntu noble-updates/main amd64 lib32quadmath0 amd64 14.2.0-4ubuntu2~24.04 [227 kB]
unicode-smoke	Set up OCaml and OPAM	2025-09-27T21:21:09.0825508Z Get:19 http://azure.archive.ubuntu.com/ubuntu noble-updates/main amd64 libx32quadmath0 amd64 14.2.0-4ubuntu2~24.04 [157 kB]
unicode-smoke	Set up OCaml and OPAM	2025-09-27T21:21:09.1685495Z Get:20 http://azure.archive.ubuntu.com/ubuntu noble-updates/main amd64 lib32gcc-13-dev amd64 13.3.0-6ubuntu2~24.04 [2380 kB]
unicode-smoke	Set up OCaml and OPAM	2025-09-27T21:21:09.5720143Z Get:21 http://azure.archive.ubuntu.com/ubuntu noble-updates/main amd64 libx32gcc-13-dev amd64 13.3.0-6ubuntu2~24.04 [2190 kB]
unicode-smoke	Set up OCaml and OPAM	2025-09-27T21:21:09.9068572Z Get:22 http://azure.archive.ubuntu.com/ubuntu noble-updates/main amd64 gcc-13-multilib amd64 13.3.0-6ubuntu2~24.04 [878 B]
unicode-smoke	Set up OCaml and OPAM	2025-09-27T21:21:09.9894588Z Get:23 http://azure.archive.ubuntu.com/ubuntu noble-updates/main amd64 lib32stdc++-13-dev amd64 13.3.0-6ubuntu2~24.04 [1150 kB]
unicode-smoke	Set up OCaml and OPAM	2025-09-27T21:21:10.2387974Z Get:24 http://azure.archive.ubuntu.com/ubuntu noble-updates/main amd64 libx32stdc++-13-dev amd64 13.3.0-6ubuntu2~24.04 [1086 kB]
unicode-smoke	Set up OCaml and OPAM	2025-09-27T21:21:10.4880982Z Get:25 http://azure.archive.ubuntu.com/ubuntu noble-updates/main amd64 g++-13-multilib amd64 13.3.0-6ubuntu2~24.04 [890 B]
unicode-smoke	Set up OCaml and OPAM	2025-09-27T21:21:10.5715025Z Get:26 http://azure.archive.ubuntu.com/ubuntu noble/main amd64 gcc-multilib amd64 4:13.2.0-7ubuntu1 [1474 B]
unicode-smoke	Set up OCaml and OPAM	2025-09-27T21:21:10.6538188Z Get:27 http://azure.archive.ubuntu.com/ubuntu noble/main amd64 g++-multilib amd64 4:13.2.0-7ubuntu1 [884 B]
unicode-smoke	Set up OCaml and OPAM	2025-09-27T21:21:10.7371705Z Get:28 http://azure.archive.ubuntu.com/ubuntu noble/universe amd64 musl amd64 1.2.4-2 [416 kB]
unicode-smoke	Set up OCaml and OPAM	2025-09-27T21:21:10.9008830Z Get:29 http://azure.archive.ubuntu.com/ubuntu noble/universe amd64 musl-dev amd64 1.2.4-2 [616 kB]
unicode-smoke	Set up OCaml and OPAM	2025-09-27T21:21:11.0684774Z Get:30 http://azure.archive.ubuntu.com/ubuntu noble/universe amd64 musl-tools amd64 1.2.4-2 [5540 B]
unicode-smoke	Set up OCaml and OPAM	2025-09-27T21:21:11.3552076Z Fetched 23.6 MB in 5s (4662 kB/s)
unicode-smoke	Set up OCaml and OPAM	2025-09-27T21:21:11.4120745Z Selecting previously unselected package bubblewrap.
unicode-smoke	Set up OCaml and OPAM	2025-09-27T21:21:11.5271420Z (Reading database ... 
unicode-smoke	Set up OCaml and OPAM	2025-09-27T21:21:11.5271867Z (Reading database ... 5%
unicode-smoke	Set up OCaml and OPAM	2025-09-27T21:21:11.5272125Z (Reading database ... 10%
unicode-smoke	Set up OCaml and OPAM	2025-09-27T21:21:11.5272337Z (Reading database ... 15%
unicode-smoke	Set up OCaml and OPAM	2025-09-27T21:21:11.5272599Z (Reading database ... 20%
unicode-smoke	Set up OCaml and OPAM	2025-09-27T21:21:11.5273083Z (Reading database ... 25%
unicode-smoke	Set up OCaml and OPAM	2025-09-27T21:21:11.5273430Z (Reading database ... 30%
unicode-smoke	Set up OCaml and OPAM	2025-09-27T21:21:11.5273958Z (Reading database ... 35%
unicode-smoke	Set up OCaml and OPAM	2025-09-27T21:21:11.5274296Z (Reading database ... 40%
unicode-smoke	Set up OCaml and OPAM	2025-09-27T21:21:11.5274611Z (Reading database ... 45%
unicode-smoke	Set up OCaml and OPAM	2025-09-27T21:21:11.5274945Z (Reading database ... 50%
unicode-smoke	Set up OCaml and OPAM	2025-09-27T21:21:11.6541204Z (Reading database ... 55%
unicode-smoke	Set up OCaml and OPAM	2025-09-27T21:21:12.2091832Z (Reading database ... 60%
unicode-smoke	Set up OCaml and OPAM	2025-09-27T21:21:12.7404841Z (Reading database ... 65%
unicode-smoke	Set up OCaml and OPAM	2025-09-27T21:21:13.2478836Z (Reading database ... 70%
unicode-smoke	Set up OCaml and OPAM	2025-09-27T21:21:13.7715126Z (Reading database ... 75%
unicode-smoke	Set up OCaml and OPAM	2025-09-27T21:21:14.3163255Z (Reading database ... 80%
unicode-smoke	Set up OCaml and OPAM	2025-09-27T21:21:14.9083521Z (Reading database ... 85%
unicode-smoke	Set up OCaml and OPAM	2025-09-27T21:21:15.5625954Z (Reading database ... 90%
unicode-smoke	Set up OCaml and OPAM	2025-09-27T21:21:16.2545123Z (Reading database ... 95%
unicode-smoke	Set up OCaml and OPAM	2025-09-27T21:21:16.2545768Z (Reading database ... 100%
unicode-smoke	Set up OCaml and OPAM	2025-09-27T21:21:16.2546451Z (Reading database ... 214164 files and directories currently installed.)
unicode-smoke	Set up OCaml and OPAM	2025-09-27T21:21:16.2590892Z Preparing to unpack .../00-bubblewrap_0.9.0-1ubuntu0.1_amd64.deb ...
unicode-smoke	Set up OCaml and OPAM	2025-09-27T21:21:16.2627229Z Unpacking bubblewrap (0.9.0-1ubuntu0.1) ...
unicode-smoke	Set up OCaml and OPAM	2025-09-27T21:21:16.3147949Z Selecting previously unselected package libc6-dev-i386.
unicode-smoke	Set up OCaml and OPAM	2025-09-27T21:21:16.3280555Z Preparing to unpack .../01-libc6-dev-i386_2.39-0ubuntu8.6_amd64.deb ...
unicode-smoke	Set up OCaml and OPAM	2025-09-27T21:21:16.3301794Z Unpacking libc6-dev-i386 (2.39-0ubuntu8.6) ...
unicode-smoke	Set up OCaml and OPAM	2025-09-27T21:21:16.4439910Z Selecting previously unselected package libc6-x32.
unicode-smoke	Set up OCaml and OPAM	2025-09-27T21:21:16.4570164Z Preparing to unpack .../02-libc6-x32_2.39-0ubuntu8.6_amd64.deb ...
unicode-smoke	Set up OCaml and OPAM	2025-09-27T21:21:16.4664155Z Unpacking libc6-x32 (2.39-0ubuntu8.6) ...
unicode-smoke	Set up OCaml and OPAM	2025-09-27T21:21:16.5791477Z Selecting previously unselected package libc6-dev-x32.
unicode-smoke	Set up OCaml and OPAM	2025-09-27T21:21:16.5924627Z Preparing to unpack .../03-libc6-dev-x32_2.39-0ubuntu8.6_amd64.deb ...
unicode-smoke	Set up OCaml and OPAM	2025-09-27T21:21:16.5938387Z Unpacking libc6-dev-x32 (2.39-0ubuntu8.6) ...
unicode-smoke	Set up OCaml and OPAM	2025-09-27T21:21:16.6520024Z Selecting previously unselected package libx32gcc-s1.
unicode-smoke	Set up OCaml and OPAM	2025-09-27T21:21:16.6651883Z Preparing to unpack .../04-libx32gcc-s1_14.2.0-4ubuntu2~24.04_amd64.deb ...
unicode-smoke	Set up OCaml and OPAM	2025-09-27T21:21:16.6665333Z Unpacking libx32gcc-s1 (14.2.0-4ubuntu2~24.04) ...
unicode-smoke	Set up OCaml and OPAM	2025-09-27T21:21:16.6924529Z Selecting previously unselected package lib32gomp1.
unicode-smoke	Set up OCaml and OPAM	2025-09-27T21:21:16.7055358Z Preparing to unpack .../05-lib32gomp1_14.2.0-4ubuntu2~24.04_amd64.deb ...
unicode-smoke	Set up OCaml and OPAM	2025-09-27T21:21:16.7069741Z Unpacking lib32gomp1 (14.2.0-4ubuntu2~24.04) ...
unicode-smoke	Set up OCaml and OPAM	2025-09-27T21:21:16.7333349Z Selecting previously unselected package libx32gomp1.
unicode-smoke	Set up OCaml and OPAM	2025-09-27T21:21:16.7465622Z Preparing to unpack .../06-libx32gomp1_14.2.0-4ubuntu2~24.04_amd64.deb ...
unicode-smoke	Set up OCaml and OPAM	2025-09-27T21:21:16.7478773Z Unpacking libx32gomp1 (14.2.0-4ubuntu2~24.04) ...
unicode-smoke	Set up OCaml and OPAM	2025-09-27T21:21:16.7791097Z Selecting previously unselected package lib32itm1.
unicode-smoke	Set up OCaml and OPAM	2025-09-27T21:21:16.7923384Z Preparing to unpack .../07-lib32itm1_14.2.0-4ubuntu2~24.04_amd64.deb ...
unicode-smoke	Set up OCaml and OPAM	2025-09-27T21:21:16.7938551Z Unpacking lib32itm1 (14.2.0-4ubuntu2~24.04) ...
unicode-smoke	Set up OCaml and OPAM	2025-09-27T21:21:16.8200851Z Selecting previously unselected package libx32itm1.
unicode-smoke	Set up OCaml and OPAM	2025-09-27T21:21:16.8331637Z Preparing to unpack .../08-libx32itm1_14.2.0-4ubuntu2~24.04_amd64.deb ...
unicode-smoke	Set up OCaml and OPAM	2025-09-27T21:21:16.8355150Z Unpacking libx32itm1 (14.2.0-4ubuntu2~24.04) ...
unicode-smoke	Set up OCaml and OPAM	2025-09-27T21:21:16.8611458Z Selecting previously unselected package lib32atomic1.
unicode-smoke	Set up OCaml and OPAM	2025-09-27T21:21:16.8747163Z Preparing to unpack .../09-lib32atomic1_14.2.0-4ubuntu2~24.04_amd64.deb ...
unicode-smoke	Set up OCaml and OPAM	2025-09-27T21:21:16.8777273Z Unpacking lib32atomic1 (14.2.0-4ubuntu2~24.04) ...
unicode-smoke	Set up OCaml and OPAM	2025-09-27T21:21:16.9047638Z Selecting previously unselected package libx32atomic1.
unicode-smoke	Set up OCaml and OPAM	2025-09-27T21:21:16.9179772Z Preparing to unpack .../10-libx32atomic1_14.2.0-4ubuntu2~24.04_amd64.deb ...
unicode-smoke	Set up OCaml and OPAM	2025-09-27T21:21:16.9200258Z Unpacking libx32atomic1 (14.2.0-4ubuntu2~24.04) ...
unicode-smoke	Set up OCaml and OPAM	2025-09-27T21:21:16.9430884Z Selecting previously unselected package lib32asan8.
unicode-smoke	Set up OCaml and OPAM	2025-09-27T21:21:16.9561324Z Preparing to unpack .../11-lib32asan8_14.2.0-4ubuntu2~24.04_amd64.deb ...
unicode-smoke	Set up OCaml and OPAM	2025-09-27T21:21:16.9580513Z Unpacking lib32asan8 (14.2.0-4ubuntu2~24.04) ...
unicode-smoke	Set up OCaml and OPAM	2025-09-27T21:21:17.0245568Z Selecting previously unselected package libx32asan8.
unicode-smoke	Set up OCaml and OPAM	2025-09-27T21:21:17.0379585Z Preparing to unpack .../12-libx32asan8_14.2.0-4ubuntu2~24.04_amd64.deb ...
unicode-smoke	Set up OCaml and OPAM	2025-09-27T21:21:17.0398033Z Unpacking libx32asan8 (14.2.0-4ubuntu2~24.04) ...
unicode-smoke	Set up OCaml and OPAM	2025-09-27T21:21:17.1054357Z Selecting previously unselected package lib32ubsan1.
unicode-smoke	Set up OCaml and OPAM	2025-09-27T21:21:17.1186682Z Preparing to unpack .../13-lib32ubsan1_14.2.0-4ubuntu2~24.04_amd64.deb ...
unicode-smoke	Set up OCaml and OPAM	2025-09-27T21:21:17.1200503Z Unpacking lib32ubsan1 (14.2.0-4ubuntu2~24.04) ...
unicode-smoke	Set up OCaml and OPAM	2025-09-27T21:21:17.1615929Z Selecting previously unselected package libx32stdc++6.
unicode-smoke	Set up OCaml and OPAM	2025-09-27T21:21:17.1749551Z Preparing to unpack .../14-libx32stdc++6_14.2.0-4ubuntu2~24.04_amd64.deb ...
unicode-smoke	Set up OCaml and OPAM	2025-09-27T21:21:17.1762794Z Unpacking libx32stdc++6 (14.2.0-4ubuntu2~24.04) ...
unicode-smoke	Set up OCaml and OPAM	2025-09-27T21:21:17.2161275Z Selecting previously unselected package libx32ubsan1.
unicode-smoke	Set up OCaml and OPAM	2025-09-27T21:21:17.2297009Z Preparing to unpack .../15-libx32ubsan1_14.2.0-4ubuntu2~24.04_amd64.deb ...
unicode-smoke	Set up OCaml and OPAM	2025-09-27T21:21:17.2312784Z Unpacking libx32ubsan1 (14.2.0-4ubuntu2~24.04) ...
unicode-smoke	Set up OCaml and OPAM	2025-09-27T21:21:17.2731317Z Selecting previously unselected package lib32quadmath0.
unicode-smoke	Set up OCaml and OPAM	2025-09-27T21:21:17.2863651Z Preparing to unpack .../16-lib32quadmath0_14.2.0-4ubuntu2~24.04_amd64.deb ...
unicode-smoke	Set up OCaml and OPAM	2025-09-27T21:21:17.2878677Z Unpacking lib32quadmath0 (14.2.0-4ubuntu2~24.04) ...
unicode-smoke	Set up OCaml and OPAM	2025-09-27T21:21:17.3151381Z Selecting previously unselected package libx32quadmath0.
unicode-smoke	Set up OCaml and OPAM	2025-09-27T21:21:17.3284032Z Preparing to unpack .../17-libx32quadmath0_14.2.0-4ubuntu2~24.04_amd64.deb ...
unicode-smoke	Set up OCaml and OPAM	2025-09-27T21:21:17.3301699Z Unpacking libx32quadmath0 (14.2.0-4ubuntu2~24.04) ...
unicode-smoke	Set up OCaml and OPAM	2025-09-27T21:21:17.3546158Z Selecting previously unselected package lib32gcc-13-dev.
unicode-smoke	Set up OCaml and OPAM	2025-09-27T21:21:17.3679492Z Preparing to unpack .../18-lib32gcc-13-dev_13.3.0-6ubuntu2~24.04_amd64.deb ...
unicode-smoke	Set up OCaml and OPAM	2025-09-27T21:21:17.3692102Z Unpacking lib32gcc-13-dev (13.3.0-6ubuntu2~24.04) ...
unicode-smoke	Set up OCaml and OPAM	2025-09-27T21:21:17.4360568Z Selecting previously unselected package libx32gcc-13-dev.
unicode-smoke	Set up OCaml and OPAM	2025-09-27T21:21:17.4492430Z Preparing to unpack .../19-libx32gcc-13-dev_13.3.0-6ubuntu2~24.04_amd64.deb ...
unicode-smoke	Set up OCaml and OPAM	2025-09-27T21:21:17.4507527Z Unpacking libx32gcc-13-dev (13.3.0-6ubuntu2~24.04) ...
unicode-smoke	Set up OCaml and OPAM	2025-09-27T21:21:17.5055187Z Selecting previously unselected package gcc-13-multilib.
unicode-smoke	Set up OCaml and OPAM	2025-09-27T21:21:17.5185052Z Preparing to unpack .../20-gcc-13-multilib_13.3.0-6ubuntu2~24.04_amd64.deb ...
unicode-smoke	Set up OCaml and OPAM	2025-09-27T21:21:17.5199596Z Unpacking gcc-13-multilib (13.3.0-6ubuntu2~24.04) ...
unicode-smoke	Set up OCaml and OPAM	2025-09-27T21:21:17.5403597Z Selecting previously unselected package lib32stdc++-13-dev.
unicode-smoke	Set up OCaml and OPAM	2025-09-27T21:21:17.5536209Z Preparing to unpack .../21-lib32stdc++-13-dev_13.3.0-6ubuntu2~24.04_amd64.deb ...
unicode-smoke	Set up OCaml and OPAM	2025-09-27T21:21:17.5548165Z Unpacking lib32stdc++-13-dev (13.3.0-6ubuntu2~24.04) ...
unicode-smoke	Set up OCaml and OPAM	2025-09-27T21:21:17.6144391Z Selecting previously unselected package libx32stdc++-13-dev.
unicode-smoke	Set up OCaml and OPAM	2025-09-27T21:21:17.6275884Z Preparing to unpack .../22-libx32stdc++-13-dev_13.3.0-6ubuntu2~24.04_amd64.deb ...
unicode-smoke	Set up OCaml and OPAM	2025-09-27T21:21:17.6293685Z Unpacking libx32stdc++-13-dev (13.3.0-6ubuntu2~24.04) ...
unicode-smoke	Set up OCaml and OPAM	2025-09-27T21:21:17.6810442Z Selecting previously unselected package g++-13-multilib.
unicode-smoke	Set up OCaml and OPAM	2025-09-27T21:21:17.6942105Z Preparing to unpack .../23-g++-13-multilib_13.3.0-6ubuntu2~24.04_amd64.deb ...
unicode-smoke	Set up OCaml and OPAM	2025-09-27T21:21:17.6954796Z Unpacking g++-13-multilib (13.3.0-6ubuntu2~24.04) ...
unicode-smoke	Set up OCaml and OPAM	2025-09-27T21:21:17.7177127Z Selecting previously unselected package gcc-multilib.
unicode-smoke	Set up OCaml and OPAM	2025-09-27T21:21:17.7309414Z Preparing to unpack .../24-gcc-multilib_4%3a13.2.0-7ubuntu1_amd64.deb ...
unicode-smoke	Set up OCaml and OPAM	2025-09-27T21:21:17.7321350Z Unpacking gcc-multilib (4:13.2.0-7ubuntu1) ...
unicode-smoke	Set up OCaml and OPAM	2025-09-27T21:21:17.7529694Z Selecting previously unselected package g++-multilib.
unicode-smoke	Set up OCaml and OPAM	2025-09-27T21:21:17.7664202Z Preparing to unpack .../25-g++-multilib_4%3a13.2.0-7ubuntu1_amd64.deb ...
unicode-smoke	Set up OCaml and OPAM	2025-09-27T21:21:17.7706194Z Unpacking g++-multilib (4:13.2.0-7ubuntu1) ...
unicode-smoke	Set up OCaml and OPAM	2025-09-27T21:21:17.7949459Z Selecting previously unselected package musl:amd64.
unicode-smoke	Set up OCaml and OPAM	2025-09-27T21:21:17.8082345Z Preparing to unpack .../26-musl_1.2.4-2_amd64.deb ...
unicode-smoke	Set up OCaml and OPAM	2025-09-27T21:21:17.8097273Z Unpacking musl:amd64 (1.2.4-2) ...
unicode-smoke	Set up OCaml and OPAM	2025-09-27T21:21:17.8411043Z Selecting previously unselected package musl-dev:amd64.
unicode-smoke	Set up OCaml and OPAM	2025-09-27T21:21:17.8546268Z Preparing to unpack .../27-musl-dev_1.2.4-2_amd64.deb ...
unicode-smoke	Set up OCaml and OPAM	2025-09-27T21:21:17.8571047Z Unpacking musl-dev:amd64 (1.2.4-2) ...
unicode-smoke	Set up OCaml and OPAM	2025-09-27T21:21:17.9227696Z Selecting previously unselected package musl-tools.
unicode-smoke	Set up OCaml and OPAM	2025-09-27T21:21:17.9360251Z Preparing to unpack .../28-musl-tools_1.2.4-2_amd64.deb ...
unicode-smoke	Set up OCaml and OPAM	2025-09-27T21:21:17.9373108Z Unpacking musl-tools (1.2.4-2) ...
unicode-smoke	Set up OCaml and OPAM	2025-09-27T21:21:17.9832164Z Setting up bubblewrap (0.9.0-1ubuntu0.1) ...
unicode-smoke	Set up OCaml and OPAM	2025-09-27T21:21:17.9928674Z Setting up libc6-dev-i386 (2.39-0ubuntu8.6) ...
unicode-smoke	Set up OCaml and OPAM	2025-09-27T21:21:17.9974857Z Setting up lib32itm1 (14.2.0-4ubuntu2~24.04) ...
unicode-smoke	Set up OCaml and OPAM	2025-09-27T21:21:18.0018122Z Setting up lib32ubsan1 (14.2.0-4ubuntu2~24.04) ...
unicode-smoke	Set up OCaml and OPAM	2025-09-27T21:21:18.0065287Z Setting up libc6-x32 (2.39-0ubuntu8.6) ...
unicode-smoke	Set up OCaml and OPAM	2025-09-27T21:21:18.0141956Z Setting up libc6-dev-x32 (2.39-0ubuntu8.6) ...
unicode-smoke	Set up OCaml and OPAM	2025-09-27T21:21:18.0187386Z Setting up lib32gomp1 (14.2.0-4ubuntu2~24.04) ...
unicode-smoke	Set up OCaml and OPAM	2025-09-27T21:21:18.0224469Z Setting up lib32asan8 (14.2.0-4ubuntu2~24.04) ...
unicode-smoke	Set up OCaml and OPAM	2025-09-27T21:21:18.0266555Z Setting up libx32gomp1 (14.2.0-4ubuntu2~24.04) ...
unicode-smoke	Set up OCaml and OPAM	2025-09-27T21:21:18.0302475Z Setting up musl:amd64 (1.2.4-2) ...
unicode-smoke	Set up OCaml and OPAM	2025-09-27T21:21:18.0377626Z Setting up lib32quadmath0 (14.2.0-4ubuntu2~24.04) ...
unicode-smoke	Set up OCaml and OPAM	2025-09-27T21:21:18.0414651Z Setting up libx32quadmath0 (14.2.0-4ubuntu2~24.04) ...
unicode-smoke	Set up OCaml and OPAM	2025-09-27T21:21:18.0460534Z Setting up lib32atomic1 (14.2.0-4ubuntu2~24.04) ...
unicode-smoke	Set up OCaml and OPAM	2025-09-27T21:21:18.0504584Z Setting up libx32atomic1 (14.2.0-4ubuntu2~24.04) ...
unicode-smoke	Set up OCaml and OPAM	2025-09-27T21:21:18.0544797Z Setting up libx32gcc-s1 (14.2.0-4ubuntu2~24.04) ...
unicode-smoke	Set up OCaml and OPAM	2025-09-27T21:21:18.0587072Z Setting up libx32itm1 (14.2.0-4ubuntu2~24.04) ...
unicode-smoke	Set up OCaml and OPAM	2025-09-27T21:21:18.0630532Z Setting up libx32asan8 (14.2.0-4ubuntu2~24.04) ...
unicode-smoke	Set up OCaml and OPAM	2025-09-27T21:21:18.0674043Z Setting up musl-dev:amd64 (1.2.4-2) ...
unicode-smoke	Set up OCaml and OPAM	2025-09-27T21:21:18.0725920Z Setting up libx32stdc++6 (14.2.0-4ubuntu2~24.04) ...
unicode-smoke	Set up OCaml and OPAM	2025-09-27T21:21:18.0760869Z Setting up libx32ubsan1 (14.2.0-4ubuntu2~24.04) ...
unicode-smoke	Set up OCaml and OPAM	2025-09-27T21:21:18.0796464Z Setting up lib32gcc-13-dev (13.3.0-6ubuntu2~24.04) ...
unicode-smoke	Set up OCaml and OPAM	2025-09-27T21:21:18.0835019Z Setting up musl-tools (1.2.4-2) ...
unicode-smoke	Set up OCaml and OPAM	2025-09-27T21:21:18.0878232Z Setting up libx32gcc-13-dev (13.3.0-6ubuntu2~24.04) ...
unicode-smoke	Set up OCaml and OPAM	2025-09-27T21:21:18.0916694Z Setting up gcc-13-multilib (13.3.0-6ubuntu2~24.04) ...
unicode-smoke	Set up OCaml and OPAM	2025-09-27T21:21:18.0945342Z Setting up lib32stdc++-13-dev (13.3.0-6ubuntu2~24.04) ...
unicode-smoke	Set up OCaml and OPAM	2025-09-27T21:21:18.0974639Z Setting up gcc-multilib (4:13.2.0-7ubuntu1) ...
unicode-smoke	Set up OCaml and OPAM	2025-09-27T21:21:18.1008588Z Setting up libx32stdc++-13-dev (13.3.0-6ubuntu2~24.04) ...
unicode-smoke	Set up OCaml and OPAM	2025-09-27T21:21:18.1076449Z Setting up g++-13-multilib (13.3.0-6ubuntu2~24.04) ...
unicode-smoke	Set up OCaml and OPAM	2025-09-27T21:21:18.1129150Z Setting up g++-multilib (4:13.2.0-7ubuntu1) ...
unicode-smoke	Set up OCaml and OPAM	2025-09-27T21:21:18.1180531Z Processing triggers for libc-bin (2.39-0ubuntu8.6) ...
unicode-smoke	Set up OCaml and OPAM	2025-09-27T21:21:19.6535132Z Processing triggers for man-db (2.12.0-4build2) ...
unicode-smoke	Set up OCaml and OPAM	2025-09-27T21:22:36.5154499Z 
unicode-smoke	Set up OCaml and OPAM	2025-09-27T21:22:36.5155228Z Running kernel seems to be up-to-date.
unicode-smoke	Set up OCaml and OPAM	2025-09-27T21:22:36.5155493Z 
unicode-smoke	Set up OCaml and OPAM	2025-09-27T21:22:36.5155584Z Restarting services...
unicode-smoke	Set up OCaml and OPAM	2025-09-27T21:22:36.5227519Z 
unicode-smoke	Set up OCaml and OPAM	2025-09-27T21:22:36.5227832Z Service restarts being deferred:
unicode-smoke	Set up OCaml and OPAM	2025-09-27T21:22:36.5231355Z  systemctl restart hosted-compute-agent.service
unicode-smoke	Set up OCaml and OPAM	2025-09-27T21:22:36.5231580Z 
unicode-smoke	Set up OCaml and OPAM	2025-09-27T21:22:36.5231944Z No containers need to be restarted.
unicode-smoke	Set up OCaml and OPAM	2025-09-27T21:22:36.5232178Z 
unicode-smoke	Set up OCaml and OPAM	2025-09-27T21:22:36.5232290Z No user sessions are running outdated binaries.
unicode-smoke	Set up OCaml and OPAM	2025-09-27T21:22:36.5232482Z 
unicode-smoke	Set up OCaml and OPAM	2025-09-27T21:22:36.5232655Z No VM guests are running outdated hypervisor (qemu) binaries on this host.
unicode-smoke	Set up OCaml and OPAM	2025-09-27T21:22:37.4596935Z ##[group]Run mkdir -p "$HOME/.github-tools"
unicode-smoke	Set up OCaml and OPAM	2025-09-27T21:22:37.4597280Z [36;1mmkdir -p "$HOME/.github-tools"[0m
unicode-smoke	Set up OCaml and OPAM	2025-09-27T21:22:37.4597511Z [36;1m{[0m
unicode-smoke	Set up OCaml and OPAM	2025-09-27T21:22:37.4597704Z [36;1m  printf '%s\n' '#!/usr/bin/env bash'[0m
unicode-smoke	Set up OCaml and OPAM	2025-09-27T21:22:37.4598002Z [36;1m  printf '%s\n' 'if [[ "$1" == "apt-get" ]]; then'[0m
unicode-smoke	Set up OCaml and OPAM	2025-09-27T21:22:37.4598271Z [36;1m  printf '%s\n' '  args=()'[0m
unicode-smoke	Set up OCaml and OPAM	2025-09-27T21:22:37.4598543Z [36;1m  printf '%s\n' '  install_seen=false'[0m
unicode-smoke	Set up OCaml and OPAM	2025-09-27T21:22:37.4598808Z [36;1m  printf '%s\n' '  for arg in "$@"; do'[0m
unicode-smoke	Set up OCaml and OPAM	2025-09-27T21:22:37.4599100Z [36;1m  printf '%s\n' '    if [[ "$arg" == "install" ]]; then'[0m
unicode-smoke	Set up OCaml and OPAM	2025-09-27T21:22:37.4599395Z [36;1m  printf '%s\n' '      install_seen=true'[0m
unicode-smoke	Set up OCaml and OPAM	2025-09-27T21:22:37.4599649Z [36;1m  printf '%s\n' '    fi'[0m
unicode-smoke	Set up OCaml and OPAM	2025-09-27T21:22:37.4599949Z [36;1m  printf '%s\n' '    if [[ "$install_seen" == true && "$arg" == "darcs" ]]; then'[0m
unicode-smoke	Set up OCaml and OPAM	2025-09-27T21:22:37.4600283Z [36;1m  printf '%s\n' '      continue'[0m
unicode-smoke	Set up OCaml and OPAM	2025-09-27T21:22:37.4600521Z [36;1m  printf '%s\n' '    fi'[0m
unicode-smoke	Set up OCaml and OPAM	2025-09-27T21:22:37.4600748Z [36;1m  printf '%s\n' '    args+=("$arg")'[0m
unicode-smoke	Set up OCaml and OPAM	2025-09-27T21:22:37.4600989Z [36;1m  printf '%s\n' '  done'[0m
unicode-smoke	Set up OCaml and OPAM	2025-09-27T21:22:37.4601240Z [36;1m  printf '%s\n' '  exec /usr/bin/sudo "${args[@]}"'[0m
unicode-smoke	Set up OCaml and OPAM	2025-09-27T21:22:37.4601514Z [36;1m  printf '%s\n' 'fi'[0m
unicode-smoke	Set up OCaml and OPAM	2025-09-27T21:22:37.4601748Z [36;1m  printf '%s\n' 'exec /usr/bin/sudo "$@"'[0m
unicode-smoke	Set up OCaml and OPAM	2025-09-27T21:22:37.4602013Z [36;1m} > "$HOME/.github-tools/sudo"[0m
unicode-smoke	Set up OCaml and OPAM	2025-09-27T21:22:37.4602267Z [36;1mchmod +x "$HOME/.github-tools/sudo"[0m
unicode-smoke	Set up OCaml and OPAM	2025-09-27T21:22:37.4602568Z [36;1mecho "PATH=$HOME/.github-tools:$PATH" >> "$GITHUB_ENV"[0m
unicode-smoke	Set up OCaml and OPAM	2025-09-27T21:22:37.4636876Z shell: /usr/bin/bash --noprofile --norc -e -o pipefail {0}
unicode-smoke	Set up OCaml and OPAM	2025-09-27T21:22:37.4637209Z ##[endgroup]
unicode-smoke	Set up OCaml and OPAM	2025-09-27T21:22:37.4769755Z ##[group]Run ocaml/setup-ocaml@v2
unicode-smoke	Set up OCaml and OPAM	2025-09-27T21:22:37.4769987Z with:
unicode-smoke	Set up OCaml and OPAM	2025-09-27T21:22:37.4770157Z   ocaml-compiler: 4.14.1
unicode-smoke	Set up OCaml and OPAM	2025-09-27T21:22:37.4770381Z   allow-prerelease-opam: false
unicode-smoke	Set up OCaml and OPAM	2025-09-27T21:22:37.4770597Z   opam-pin: true
unicode-smoke	Set up OCaml and OPAM	2025-09-27T21:22:37.4770772Z   opam-depext: false
unicode-smoke	Set up OCaml and OPAM	2025-09-27T21:22:37.4770968Z   opam-local-packages: *.opam
unicode-smoke	Set up OCaml and OPAM	2025-09-27T21:22:37.4771189Z   opam-disable-sandboxing: false
unicode-smoke	Set up OCaml and OPAM	2025-09-27T21:22:37.4771406Z   dune-cache: false
unicode-smoke	Set up OCaml and OPAM	2025-09-27T21:22:37.4771580Z   cache-prefix: v1
unicode-smoke	Set up OCaml and OPAM	2025-09-27T21:22:37.4772037Z   github-token: ***
unicode-smoke	Set up OCaml and OPAM	2025-09-27T21:22:37.4772231Z env:
unicode-smoke	Set up OCaml and OPAM	2025-09-27T21:22:37.4773537Z   PATH: /home/runner/.github-tools:/snap/bin:/home/runner/.local/bin:/opt/pipx_bin:/home/runner/.cargo/bin:/home/runner/.config/composer/vendor/bin:/usr/local/.ghcup/bin:/home/runner/.dotnet/tools:/usr/local/sbin:/usr/local/bin:/usr/sbin:/usr/bin:/sbin:/bin:/usr/games:/usr/local/games:/snap/bin
unicode-smoke	Set up OCaml and OPAM	2025-09-27T21:22:37.4774565Z ##[endgroup]
unicode-smoke	Set up OCaml and OPAM	2025-09-27T21:22:37.6567616Z ##[group]Retrieve the opam cache
unicode-smoke	Set up OCaml and OPAM	2025-09-27T21:22:38.9559445Z ##[warning]Failed to restore: Cache service responded with 400
unicode-smoke	Set up OCaml and OPAM	2025-09-27T21:22:38.9561123Z Cache not found for input keys: v1-setup-ocaml-opam-2.1.6-sandbox-linux-24.04-x86_64-ocaml_base_compiler_4_14_1-2025-39, v1-setup-ocaml-opam-2.1.6-sandbox-linux-24.04-x86_64-ocaml_base_compiler_4_14_1-2025-39, v1-setup-ocaml-opam-2.1.6-sandbox-linux-24.04-x86_64-ocaml_base_compiler_4_14_1-2025-, v1-setup-ocaml-opam-2.1.6-sandbox-linux-24.04-x86_64-ocaml_base_compiler_4_14_1-
unicode-smoke	Set up OCaml and OPAM	2025-09-27T21:22:38.9562487Z ##[endgroup]
unicode-smoke	Set up OCaml and OPAM	2025-09-27T21:22:38.9562809Z ##[group]Install opam
unicode-smoke	Set up OCaml and OPAM	2025-09-27T21:22:39.8941271Z Acquired 2.1.6 from https://github.com/ocaml/opam/releases/download/2.1.6/opam-2.1.6-x86_64-linux
unicode-smoke	Set up OCaml and OPAM	2025-09-27T21:22:39.9032748Z Successfully cached opam to /opt/hostedtoolcache/opam/2.1.6/x86_64
unicode-smoke	Set up OCaml and OPAM	2025-09-27T21:22:39.9035472Z Added opam to the path
unicode-smoke	Set up OCaml and OPAM	2025-09-27T21:22:39.9036166Z ##[endgroup]
unicode-smoke	Set up OCaml and OPAM	2025-09-27T21:22:39.9036747Z ##[group]Initialise the opam state
unicode-smoke	Set up OCaml and OPAM	2025-09-27T21:22:39.9057526Z [command]/home/runner/.github-tools/sudo apt-get --yes install bubblewrap darcs g++-multilib gcc-multilib mercurial musl-tools rsync
unicode-smoke	Set up OCaml and OPAM	2025-09-27T21:22:39.9322374Z Reading package lists...
unicode-smoke	Set up OCaml and OPAM	2025-09-27T21:22:40.1249563Z Building dependency tree...
unicode-smoke	Set up OCaml and OPAM	2025-09-27T21:22:40.1256939Z Reading state information...
unicode-smoke	Set up OCaml and OPAM	2025-09-27T21:22:40.3001190Z bubblewrap is already the newest version (0.9.0-1ubuntu0.1).
unicode-smoke	Set up OCaml and OPAM	2025-09-27T21:22:40.3001965Z g++-multilib is already the newest version (4:13.2.0-7ubuntu1).
unicode-smoke	Set up OCaml and OPAM	2025-09-27T21:22:40.3002450Z gcc-multilib is already the newest version (4:13.2.0-7ubuntu1).
unicode-smoke	Set up OCaml and OPAM	2025-09-27T21:22:40.3003142Z mercurial is already the newest version (6.7.2-1ubuntu2.2).
unicode-smoke	Set up OCaml and OPAM	2025-09-27T21:22:40.3003639Z musl-tools is already the newest version (1.2.4-2).
unicode-smoke	Set up OCaml and OPAM	2025-09-27T21:22:40.3004039Z rsync is already the newest version (3.2.7-1ubuntu1.2).
unicode-smoke	Set up OCaml and OPAM	2025-09-27T21:22:40.3004481Z 0 upgraded, 0 newly installed, 0 to remove and 17 not upgraded.
unicode-smoke	Set up OCaml and OPAM	2025-09-27T21:22:40.3036614Z [command]/opt/hostedtoolcache/opam/2.1.6/x86_64/opam init --auto-setup --bare --enable-shell-hook
unicode-smoke	Set up OCaml and OPAM	2025-09-27T21:22:40.3182040Z No configuration file found, using built-in defaults.
unicode-smoke	Set up OCaml and OPAM	2025-09-27T21:22:40.3185988Z Checking for available remotes: rsync and local, git, mercurial.
unicode-smoke	Set up OCaml and OPAM	2025-09-27T21:22:40.3187034Z   - you won't be able to use darcs repositories unless you install the [01mdarcs[0m command on your system.
unicode-smoke	Set up OCaml and OPAM	2025-09-27T21:22:40.3187484Z 
unicode-smoke	Set up OCaml and OPAM	2025-09-27T21:22:40.3359334Z [31m[ERROR][0m Sandboxing is not working on your platform ubuntu:
unicode-smoke	Set up OCaml and OPAM	2025-09-27T21:22:40.3361025Z         "~/.opam/opam-init/hooks/sandbox.sh build sh -c echo SUCCESS >$TMPDIR/opam-sandbox-check-out && cat $TMPDIR/opam-sandbox-check-out; rm -f $TMPDIR/opam-sandbox-check-out" exited with code 1 "bwrap: loopback: Failed RTM_NEWADDR: Operation not permitted"
unicode-smoke	Set up OCaml and OPAM	2025-09-27T21:22:40.3362668Z Do you want to disable it?  Note that this will result in less secure package builds, so please ensure that you have some other isolation mechanisms in place (such as running within a container or virtual machine). [y/N] y
unicode-smoke	Set up OCaml and OPAM	2025-09-27T21:22:40.3365993Z 
unicode-smoke	Set up OCaml and OPAM	2025-09-27T21:22:40.3366735Z [36m<><>[0m [01mFetching repository information[0m [36m><><><><><><><><><><><><><><><><><><><><><>[0m
unicode-smoke	Set up OCaml and OPAM	2025-09-27T21:22:43.7541548Z [[32mdefault[0m] Initialised
unicode-smoke	Set up OCaml and OPAM	2025-09-27T21:22:55.8008342Z 
unicode-smoke	Set up OCaml and OPAM	2025-09-27T21:22:55.8008795Z User configuration:
unicode-smoke	Set up OCaml and OPAM	2025-09-27T21:22:55.8057613Z   Updating ~/.bash_profile.
unicode-smoke	Set up OCaml and OPAM	2025-09-27T21:22:55.8058832Z [1;34m[NOTE][0m Make sure that ~/.bash_profile is well [04msourced[0m in your ~/.bashrc.
unicode-smoke	Set up OCaml and OPAM	2025-09-27T21:22:55.8059684Z 
unicode-smoke	Set up OCaml and OPAM	2025-09-27T21:22:57.0137303Z ##[endgroup]
unicode-smoke	Set up OCaml and OPAM	2025-09-27T21:22:57.0139637Z ##[group]Remove the opam repositories
unicode-smoke	Set up OCaml and OPAM	2025-09-27T21:22:57.0179547Z [command]/opt/hostedtoolcache/opam/2.1.6/x86_64/opam repository list --all-switches --short
unicode-smoke	Set up OCaml and OPAM	2025-09-27T21:22:57.0736574Z default
unicode-smoke	Set up OCaml and OPAM	2025-09-27T21:22:57.0771452Z [command]/opt/hostedtoolcache/opam/2.1.6/x86_64/opam repository remove default --all-switches
unicode-smoke	Set up OCaml and OPAM	2025-09-27T21:22:57.1388751Z ##[endgroup]
unicode-smoke	Set up OCaml and OPAM	2025-09-27T21:22:57.1389992Z ##[group]Initialise the opam repositories
unicode-smoke	Set up OCaml and OPAM	2025-09-27T21:22:57.1407702Z [command]/opt/hostedtoolcache/opam/2.1.6/x86_64/opam repository add default https://github.com/ocaml/opam-repository.git --all-switches --set-default
unicode-smoke	Set up OCaml and OPAM	2025-09-27T21:23:32.7556198Z [[32mdefault[0m] Initialised
unicode-smoke	Set up OCaml and OPAM	2025-09-27T21:23:44.0471401Z ##[endgroup]
unicode-smoke	Set up OCaml and OPAM	2025-09-27T21:23:44.3214212Z ##[group]Install OCaml
unicode-smoke	Set up OCaml and OPAM	2025-09-27T21:23:44.3230530Z [command]/opt/hostedtoolcache/opam/2.1.6/x86_64/opam switch create . --no-install --packages ocaml-base-compiler.4.14.1
unicode-smoke	Set up OCaml and OPAM	2025-09-27T21:23:44.5299873Z 
unicode-smoke	Set up OCaml and OPAM	2025-09-27T21:23:44.5300958Z [36m<><>[0m [01mInstalling new switch packages[0m [36m<><><><><><><><><><><><><><><><><><><><><><>[0m
unicode-smoke	Set up OCaml and OPAM	2025-09-27T21:23:44.5302206Z Switch invariant: ["ocaml-base-compiler" {= "4.14.1"}]
unicode-smoke	Set up OCaml and OPAM	2025-09-27T21:23:48.6985603Z 
unicode-smoke	Set up OCaml and OPAM	2025-09-27T21:23:48.6986702Z [36m<><>[0m [01mProcessing actions[0m [36m<><><><><><><><><><><><><><><><><><><><><><><><><><><><>[0m
unicode-smoke	Set up OCaml and OPAM	2025-09-27T21:23:51.2292024Z [32mâ[0m installed [01mbase-bigarray[0m.base
unicode-smoke	Set up OCaml and OPAM	2025-09-27T21:23:51.2299329Z [32mâ[0m installed [01mbase-threads[0m.base
unicode-smoke	Set up OCaml and OPAM	2025-09-27T21:23:51.2307101Z [32mâ[0m installed [01mbase-unix[0m.base
unicode-smoke	Set up OCaml and OPAM	2025-09-27T21:23:51.2314908Z [32mâ[0m installed [01mocaml-options-vanilla[0m.1
unicode-smoke	Set up OCaml and OPAM	2025-09-27T21:23:51.3162305Z [36mâ¬[0m retrieved [01mocaml-config[0m.2  (2 extra sources)
unicode-smoke	Set up OCaml and OPAM	2025-09-27T21:23:51.7608530Z [36mâ¬[0m retrieved [01mocaml-base-compiler[0m.4.14.1  (https://github.com/ocaml/ocaml/archive/4.14.1.tar.gz)
unicode-smoke	Set up OCaml and OPAM	2025-09-27T21:26:25.5347096Z [32mâ[0m installed [01mocaml-base-compiler[0m.4.14.1
unicode-smoke	Set up OCaml and OPAM	2025-09-27T21:26:25.5528906Z [32mâ[0m installed [01mocaml-config[0m.2
unicode-smoke	Set up OCaml and OPAM	2025-09-27T21:26:25.6059299Z [32mâ[0m installed [01mocaml[0m.4.14.1
unicode-smoke	Set up OCaml and OPAM	2025-09-27T21:26:25.9906280Z Done.
unicode-smoke	Set up OCaml and OPAM	2025-09-27T21:26:25.9912381Z # Run [01meval $(opam env)[0m to update the current shell environment
unicode-smoke	Set up OCaml and OPAM	2025-09-27T21:26:27.1803687Z ##[endgroup]
unicode-smoke	Set up OCaml and OPAM	2025-09-27T21:26:27.1805786Z ##[group]Save the opam cache
unicode-smoke	Set up OCaml and OPAM	2025-09-27T21:26:27.1825620Z [command]/opt/hostedtoolcache/opam/2.1.6/x86_64/opam clean --all-switches --download-cache --logs --repo-cache --unused-repositories
unicode-smoke	Set up OCaml and OPAM	2025-09-27T21:26:27.3846599Z Cleaning up switch /home/runner/work/latex_perf/latex_perf
unicode-smoke	Set up OCaml and OPAM	2025-09-27T21:26:27.4902037Z Updating /home/runner/.opam/repo/repos-config
unicode-smoke	Set up OCaml and OPAM	2025-09-27T21:26:27.4904639Z Clearing repository cache
unicode-smoke	Set up OCaml and OPAM	2025-09-27T21:26:27.4939599Z Clearing cache of downloaded files
unicode-smoke	Set up OCaml and OPAM	2025-09-27T21:26:27.4969994Z Clearing logs
unicode-smoke	Set up OCaml and OPAM	2025-09-27T21:26:28.4951932Z [command]/usr/bin/tar --posix -cf cache.tzst --exclude cache.tzst -P -C /home/runner/work/latex_perf/latex_perf --files-from manifest.txt --use-compress-program zstdmt
unicode-smoke	Set up OCaml and OPAM	2025-09-27T21:26:30.3372616Z ##[warning]Failed to save: <h2>Our services aren't available right now</h2><p>We're working to restore all services as soon as possible. Please check back soon.</p>0hlbYaAAAAACMjF6KMTGRR7g1peFUbedZUEFPRURHRTA2MDgARWRnZQ==
unicode-smoke	Set up OCaml and OPAM	2025-09-27T21:26:30.4103534Z ##[endgroup]
unicode-smoke	Set up OCaml and OPAM	2025-09-27T21:26:30.4104423Z ##[group]Retrieve the opam download cache
unicode-smoke	Set up OCaml and OPAM	2025-09-27T21:26:30.4508055Z ##[warning]Failed to restore: Cache service responded with 400
unicode-smoke	Set up OCaml and OPAM	2025-09-27T21:26:30.4513658Z Cache not found for input keys: v1-setup-ocaml-opam-download-github.com/ocaml/opam-repository.git-4_14_1-2025-8-27-18065098761-51, v1-setup-ocaml-opam-download-github.com/ocaml/opam-repository.git-4_14_1-2025-8-27-18065098761-51, v1-setup-ocaml-opam-download-github.com/ocaml/opam-repository.git-4_14_1-2025-8-27-18065098761-, v1-setup-ocaml-opam-download-github.com/ocaml/opam-repository.git-4_14_1-2025-8-27-, v1-setup-ocaml-opam-download-github.com/ocaml/opam-repository.git-4_14_1-2025-8-
unicode-smoke	Set up OCaml and OPAM	2025-09-27T21:26:30.4517315Z ##[endgroup]
unicode-smoke	Set up OCaml and OPAM	2025-09-27T21:26:30.4550496Z ##[group]Pin local packages
unicode-smoke	Set up OCaml and OPAM	2025-09-27T21:26:30.4566080Z [command]/opt/hostedtoolcache/opam/2.1.6/x86_64/opam pin add latex-perfectionist.dev . --no-action
unicode-smoke	Set up OCaml and OPAM	2025-09-27T21:26:37.2528615Z Package latex-perfectionist does not exist, create as a [01mNEW[0m package? [Y/n] y
unicode-smoke	Set up OCaml and OPAM	2025-09-27T21:26:37.4625817Z [[32mlatex-perfectionist.dev[0m] synchronised (file:///home/runner/work/latex_perf/latex_perf)
unicode-smoke	Set up OCaml and OPAM	2025-09-27T21:26:37.4628698Z [33m[WARNING][0m Failed checks on latex-perfectionist package definition from source at file:///home/runner/work/latex_perf/latex_perf:
unicode-smoke	Set up OCaml and OPAM	2025-09-27T21:26:37.4629628Z     [31merror[0m 23: Missing field 'maintainer'
unicode-smoke	Set up OCaml and OPAM	2025-09-27T21:26:37.4630066Z   [33mwarning[0m 25: Missing field 'authors'
unicode-smoke	Set up OCaml and OPAM	2025-09-27T21:26:37.4630469Z   [33mwarning[0m 35: Missing field 'homepage'
unicode-smoke	Set up OCaml and OPAM	2025-09-27T21:26:37.4630882Z   [33mwarning[0m 36: Missing field 'bug-reports'
unicode-smoke	Set up OCaml and OPAM	2025-09-27T21:26:37.4647112Z latex-perfectionist is now pinned to [01mgit+file:///home/runner/work/latex_perf/latex_perf#HEAD[0m (version [01mdev[0m)
unicode-smoke	Set up OCaml and OPAM	2025-09-27T21:26:38.5513426Z ##[endgroup]
unicode-smoke	Set up OCaml and OPAM	2025-09-27T21:26:38.5524519Z [command]/opt/hostedtoolcache/opam/2.1.6/x86_64/opam --version
unicode-smoke	Set up OCaml and OPAM	2025-09-27T21:26:38.5648460Z 2.1.6
unicode-smoke	Set up OCaml and OPAM	2025-09-27T21:26:38.5669225Z [command]/opt/hostedtoolcache/opam/2.1.6/x86_64/opam exec -- ocaml -version
unicode-smoke	Set up OCaml and OPAM	2025-09-27T21:26:38.5938662Z The OCaml toplevel, version 4.14.1
unicode-smoke	Install dependencies	ï»¿2025-09-27T21:26:38.6084716Z ##[group]Run sudo apt-get update -y
unicode-smoke	Install dependencies	2025-09-27T21:26:38.6085052Z [36;1msudo apt-get update -y[0m
unicode-smoke	Install dependencies	2025-09-27T21:26:38.6085302Z [36;1msudo apt-get install -y jq curl[0m
unicode-smoke	Install dependencies	2025-09-27T21:26:38.6085637Z [36;1mopam repo add default https://opam.ocaml.org || true[0m
unicode-smoke	Install dependencies	2025-09-27T21:26:38.6085956Z [36;1mopam update -y || true[0m
unicode-smoke	Install dependencies	2025-09-27T21:26:38.6086214Z [36;1mopam install -y . --deps-only --with-test[0m
unicode-smoke	Install dependencies	2025-09-27T21:26:38.6120102Z shell: /usr/bin/bash -e {0}
unicode-smoke	Install dependencies	2025-09-27T21:26:38.6120330Z env:
unicode-smoke	Install dependencies	2025-09-27T21:26:38.6121287Z   PATH: /home/runner/.github-tools:/snap/bin:/home/runner/.local/bin:/opt/pipx_bin:/home/runner/.cargo/bin:/home/runner/.config/composer/vendor/bin:/usr/local/.ghcup/bin:/home/runner/.dotnet/tools:/usr/local/sbin:/usr/local/bin:/usr/sbin:/usr/bin:/sbin:/bin:/usr/games:/usr/local/games:/snap/bin
unicode-smoke	Install dependencies	2025-09-27T21:26:38.6122293Z   OPAMCLI: 2.0
unicode-smoke	Install dependencies	2025-09-27T21:26:38.6122466Z   OPAMCOLOR: always
unicode-smoke	Install dependencies	2025-09-27T21:26:38.6122649Z   OPAMERRLOGLEN: 0
unicode-smoke	Install dependencies	2025-09-27T21:26:38.6122819Z   OPAMJOBS: 4
unicode-smoke	Install dependencies	2025-09-27T21:26:38.6123139Z   OPAMPRECISETRACKING: 1
unicode-smoke	Install dependencies	2025-09-27T21:26:38.6123343Z   OPAMSOLVERTIMEOUT: 1000
unicode-smoke	Install dependencies	2025-09-27T21:26:38.6123524Z   OPAMYES: 1
unicode-smoke	Install dependencies	2025-09-27T21:26:38.6123680Z   CLICOLOR_FORCE: 1
unicode-smoke	Install dependencies	2025-09-27T21:26:38.6123842Z ##[endgroup]
unicode-smoke	Install dependencies	2025-09-27T21:26:38.6865223Z Get:1 file:/etc/apt/apt-mirrors.txt Mirrorlist [144 B]
unicode-smoke	Install dependencies	2025-09-27T21:26:38.7444240Z Hit:6 https://packages.microsoft.com/repos/azure-cli noble InRelease
unicode-smoke	Install dependencies	2025-09-27T21:26:38.7446474Z Hit:7 https://packages.microsoft.com/ubuntu/24.04/prod noble InRelease
unicode-smoke	Install dependencies	2025-09-27T21:26:38.7961455Z Hit:2 http://azure.archive.ubuntu.com/ubuntu noble InRelease
unicode-smoke	Install dependencies	2025-09-27T21:26:38.7976945Z Hit:3 http://azure.archive.ubuntu.com/ubuntu noble-updates InRelease
unicode-smoke	Install dependencies	2025-09-27T21:26:38.7987621Z Hit:4 http://azure.archive.ubuntu.com/ubuntu noble-backports InRelease
unicode-smoke	Install dependencies	2025-09-27T21:26:38.8000911Z Hit:5 http://azure.archive.ubuntu.com/ubuntu noble-security InRelease
unicode-smoke	Install dependencies	2025-09-27T21:26:39.9509945Z Reading package lists...
unicode-smoke	Install dependencies	2025-09-27T21:26:39.9859059Z Reading package lists...
unicode-smoke	Install dependencies	2025-09-27T21:26:40.1739761Z Building dependency tree...
unicode-smoke	Install dependencies	2025-09-27T21:26:40.1747581Z Reading state information...
unicode-smoke	Install dependencies	2025-09-27T21:26:40.3532369Z jq is already the newest version (1.7.1-3ubuntu0.24.04.1).
unicode-smoke	Install dependencies	2025-09-27T21:26:40.3533053Z curl is already the newest version (8.5.0-2ubuntu10.6).
unicode-smoke	Install dependencies	2025-09-27T21:26:40.3533526Z 0 upgraded, 0 newly installed, 0 to remove and 17 not upgraded.
unicode-smoke	Install dependencies	2025-09-27T21:26:40.4080246Z [31m[ERROR][0m Repository default is already set up and points to git+https://github.com/ocaml/opam-repository.git. To change that, use 'opam repository set-url default https://opam.ocaml.org'.
unicode-smoke	Install dependencies	2025-09-27T21:26:40.6422189Z [1;34m[NOTE][0m latex-perfectionist.dev has previously been updated with --working-dir, not resetting unless explicitly selected
unicode-smoke	Install dependencies	2025-09-27T21:26:40.6422732Z 
unicode-smoke	Install dependencies	2025-09-27T21:26:40.6423281Z [36m<><>[0m [01mUpdating package repositories[0m [36m><><><><><><><><><><><><><><><><><><><><><><>[0m
unicode-smoke	Install dependencies	2025-09-27T21:26:44.3981214Z [[32mdefault[0m] no changes from git+https://github.com/ocaml/opam-repository.git
unicode-smoke	Install dependencies	2025-09-27T21:26:55.7563522Z [1;34m[NOTE][0m Ignoring uncommitted changes in /home/runner/work/latex_perf/latex_perf (`--working-dir' not active).
unicode-smoke	Install dependencies	2025-09-27T21:26:55.9062687Z [[32mlatex-perfectionist.dev[0m] synchronised (git+file:///home/runner/work/latex_perf/latex_perf#HEAD)
unicode-smoke	Install dependencies	2025-09-27T21:27:00.4938436Z The following actions will be performed:
unicode-smoke	Install dependencies	2025-09-27T21:27:00.4940039Z   [32mâ[0m install [01mocamlbuild[0m          0.16.1
unicode-smoke	Install dependencies	2025-09-27T21:27:00.4940971Z   [32mâ[0m install [01mconf-gmp[0m            5
unicode-smoke	Install dependencies	2025-09-27T21:27:00.4941855Z   [32mâ[0m install [01mconf-pkg-config[0m     4
unicode-smoke	Install dependencies	2025-09-27T21:27:00.4945350Z   [32mâ[0m install [01mocamlfind[0m           1.9.8
unicode-smoke	Install dependencies	2025-09-27T21:27:00.4946626Z   [32mâ[0m install [01mdune[0m                3.20.2
unicode-smoke	Install dependencies	2025-09-27T21:27:00.4947448Z   [32mâ[0m install [01mzarith[0m              1.14
unicode-smoke	Install dependencies	2025-09-27T21:27:00.4948262Z   [32mâ[0m install [01mtopkg[0m               1.1.0
unicode-smoke	Install dependencies	2025-09-27T21:27:00.4948970Z   [32mâ[0m install [01myojson[0m              3.0.0
unicode-smoke	Install dependencies	2025-09-27T21:27:00.4950175Z   [32mâ[0m install [01mstdlib-shims[0m        0.3.0
unicode-smoke	Install dependencies	2025-09-27T21:27:00.4951023Z   [32mâ[0m install [01msexplib0[0m            v0.17.0
unicode-smoke	Install dependencies	2025-09-27T21:27:00.4951748Z   [32mâ[0m install [01mppx_derivers[0m        1.2.1
unicode-smoke	Install dependencies	2025-09-27T21:27:00.4952532Z   [32mâ[0m install [01mocaml-syntax-shims[0m  1.0.0
unicode-smoke	Install dependencies	2025-09-27T21:27:00.4953585Z   [32mâ[0m install [01mocaml-compiler-libs[0m v0.12.4
unicode-smoke	Install dependencies	2025-09-27T21:27:00.4954327Z   [32mâ[0m install [01mcsexp[0m               1.5.2
unicode-smoke	Install dependencies	2025-09-27T21:27:00.4955061Z   [32mâ[0m install [01mcppo[0m                1.8.0
unicode-smoke	Install dependencies	2025-09-27T21:27:00.4955794Z   [32mâ[0m install [01mcoq-core[0m            8.18.0
unicode-smoke	Install dependencies	2025-09-27T21:27:00.4956626Z   [32mâ[0m install [01muutf[0m                1.0.4
unicode-smoke	Install dependencies	2025-09-27T21:27:00.4957326Z   [32mâ[0m install [01mppxlib[0m              0.36.0
unicode-smoke	Install dependencies	2025-09-27T21:27:00.4958161Z   [32mâ[0m install [01mdune-configurator[0m   3.20.2
unicode-smoke	Install dependencies	2025-09-27T21:27:00.4958855Z   [32mâ[0m install [01mcoqide-server[0m       8.18.0
unicode-smoke	Install dependencies	2025-09-27T21:27:00.4959508Z   [32mâ[0m install [01mcoq-stdlib[0m          8.18.0
unicode-smoke	Install dependencies	2025-09-27T21:27:00.4960190Z   [32mâ[0m install [01mppx_deriving[0m        6.1.1
unicode-smoke	Install dependencies	2025-09-27T21:27:00.4960842Z   [32mâ[0m install [01mbigstringaf[0m         0.10.0
unicode-smoke	Install dependencies	2025-09-27T21:27:00.4961486Z   [32mâ[0m install [01mcoq[0m                 8.18.0
unicode-smoke	Install dependencies	2025-09-27T21:27:00.4962115Z   [32mâ[0m install [01mangstrom[0m            0.16.1
unicode-smoke	Install dependencies	2025-09-27T21:27:00.4962650Z ===== [32mâ[0m 25 =====
unicode-smoke	Install dependencies	2025-09-27T21:27:00.4963086Z 
unicode-smoke	Install dependencies	2025-09-27T21:27:00.4963611Z [36m<><>[0m [01mProcessing actions[0m [36m<><><><><><><><><><><><><><><><><><><><><><><><><><><><>[0m
unicode-smoke	Install dependencies	2025-09-27T21:27:00.5481976Z [36mâ¬[0m retrieved [01mconf-gmp[0m.5  (https://raw.githubusercontent.com/ocaml/opam-source-archives/main/patches/conf-gmp/test.c.4)
unicode-smoke	Install dependencies	2025-09-27T21:27:03.0187230Z [32mâ[0m installed [01mconf-gmp[0m.5
unicode-smoke	Install dependencies	2025-09-27T21:27:03.0317028Z [32mâ[0m installed [01mconf-pkg-config[0m.4
unicode-smoke	Install dependencies	2025-09-27T21:27:03.0441963Z [36mâ¬[0m retrieved [01mangstrom[0m.0.16.1  (https://github.com/inhabitedtype/angstrom/archive/0.16.1.tar.gz)
unicode-smoke	Install dependencies	2025-09-27T21:27:03.0815108Z [36mâ¬[0m retrieved [01mbigstringaf[0m.0.10.0  (https://github.com/inhabitedtype/bigstringaf/archive/0.10.0.tar.gz)
unicode-smoke	Install dependencies	2025-09-27T21:27:04.1634833Z [36mâ¬[0m retrieved [01mcoq[0m.8.18.0  (https://github.com/coq/coq/releases/download/V8.18.0/coq-8.18.0.tar.gz)
unicode-smoke	Install dependencies	2025-09-27T21:27:04.7686985Z [36mâ¬[0m retrieved [01mcoq-core[0m.8.18.0  (cached)
unicode-smoke	Install dependencies	2025-09-27T21:27:05.1475014Z [36mâ¬[0m retrieved [01mcoq-stdlib[0m.8.18.0  (cached)
unicode-smoke	Install dependencies	2025-09-27T21:27:05.5191005Z [36mâ¬[0m retrieved [01mcoqide-server[0m.8.18.0  (cached)
unicode-smoke	Install dependencies	2025-09-27T21:27:05.5596288Z [36mâ¬[0m retrieved [01mcppo[0m.1.8.0  (https://github.com/ocaml-community/cppo/archive/v1.8.0.tar.gz)
unicode-smoke	Install dependencies	2025-09-27T21:27:05.5891966Z [36mâ¬[0m retrieved [01mcsexp[0m.1.5.2  (https://github.com/ocaml-dune/csexp/releases/download/1.5.2/csexp-1.5.2.tbz)
unicode-smoke	Install dependencies	2025-09-27T21:27:05.9285019Z [36mâ¬[0m retrieved [01mocaml-compiler-libs[0m.v0.12.4  (https://github.com/janestreet/ocaml-compiler-libs/releases/download/v0.12.4/ocaml-compiler-libs-v0.12.4.tbz)
unicode-smoke	Install dependencies	2025-09-27T21:27:06.2955540Z [36mâ¬[0m retrieved [01mocaml-syntax-shims[0m.1.0.0  (https://github.com/ocaml-ppx/ocaml-syntax-shims/releases/download/1.0.0/ocaml-syntax-shims-1.0.0.tbz)
unicode-smoke	Install dependencies	2025-09-27T21:27:07.3180796Z [36mâ¬[0m retrieved [01mdune-configurator[0m.3.20.2  (https://github.com/ocaml/dune/releases/download/3.20.2/dune-3.20.2.tbz)
unicode-smoke	Install dependencies	2025-09-27T21:27:07.8474865Z [36mâ¬[0m retrieved [01mdune[0m.3.20.2  (https://github.com/ocaml/dune/releases/download/3.20.2/dune-3.20.2.tbz)
unicode-smoke	Install dependencies	2025-09-27T21:27:08.3405573Z [36mâ¬[0m retrieved [01mocamlbuild[0m.0.16.1  (https://github.com/ocaml/ocamlbuild/archive/refs/tags/0.16.1.tar.gz)
unicode-smoke	Install dependencies	2025-09-27T21:27:08.3866563Z [36mâ¬[0m retrieved [01mocamlfind[0m.1.9.8  (https://github.com/ocaml/ocamlfind/archive/refs/tags/findlib-1.9.8.tar.gz)
unicode-smoke	Install dependencies	2025-09-27T21:27:08.4154867Z [36mâ¬[0m retrieved [01mppx_derivers[0m.1.2.1  (https://github.com/ocaml-ppx/ppx_derivers/archive/1.2.1.tar.gz)
unicode-smoke	Install dependencies	2025-09-27T21:27:08.6381340Z [36mâ¬[0m retrieved [01mppx_deriving[0m.6.1.1  (https://github.com/ocaml-ppx/ppx_deriving/releases/download/v6.1.1/ppx_deriving-6.1.1.tar.gz)
unicode-smoke	Install dependencies	2025-09-27T21:27:08.9361311Z [36mâ¬[0m retrieved [01mppxlib[0m.0.36.0  (https://github.com/ocaml-ppx/ppxlib/releases/download/0.36.0/ppxlib-0.36.0.tbz)
unicode-smoke	Install dependencies	2025-09-27T21:27:08.9947811Z [36mâ¬[0m retrieved [01msexplib0[0m.v0.17.0  (https://github.com/janestreet/sexplib0/archive/refs/tags/v0.17.0.tar.gz)
unicode-smoke	Install dependencies	2025-09-27T21:27:09.0383289Z [36mâ¬[0m retrieved [01mstdlib-shims[0m.0.3.0  (https://github.com/ocaml/stdlib-shims/releases/download/0.3.0/stdlib-shims-0.3.0.tbz)
unicode-smoke	Install dependencies	2025-09-27T21:27:09.4052482Z [36mâ¬[0m retrieved [01myojson[0m.3.0.0  (https://github.com/ocaml-community/yojson/releases/download/3.0.0/yojson-3.0.0.tbz)
unicode-smoke	Install dependencies	2025-09-27T21:27:09.8576162Z [36mâ¬[0m retrieved [01mzarith[0m.1.14  (https://github.com/ocaml/Zarith/archive/release-1.14.tar.gz)
unicode-smoke	Install dependencies	2025-09-27T21:27:10.2460106Z [36mâ¬[0m retrieved [01muutf[0m.1.0.4  (https://erratique.ch/software/uutf/releases/uutf-1.0.4.tbz)
unicode-smoke	Install dependencies	2025-09-27T21:27:10.4888836Z [36mâ¬[0m retrieved [01mtopkg[0m.1.1.0  (https://erratique.ch/software/topkg/releases/topkg-1.1.0.tbz)
unicode-smoke	Install dependencies	2025-09-27T21:27:12.9082651Z [32mâ[0m installed [01mocamlfind[0m.1.9.8
unicode-smoke	Install dependencies	2025-09-27T21:27:14.8909242Z [32mâ[0m installed [01mocamlbuild[0m.0.16.1
unicode-smoke	Install dependencies	2025-09-27T21:27:17.1014503Z [32mâ[0m installed [01mzarith[0m.1.14
unicode-smoke	Install dependencies	2025-09-27T21:27:20.8479679Z [32mâ[0m installed [01mtopkg[0m.1.1.0
unicode-smoke	Install dependencies	2025-09-27T21:27:21.5438124Z [32mâ[0m installed [01muutf[0m.1.0.4
unicode-smoke	Install dependencies	2025-09-27T21:27:37.3964229Z [32mâ[0m installed [01mdune[0m.3.20.2
unicode-smoke	Install dependencies	2025-09-27T21:27:38.0364288Z [32mâ[0m installed [01mcsexp[0m.1.5.2
unicode-smoke	Install dependencies	2025-09-27T21:27:39.5303605Z [32mâ[0m installed [01mcppo[0m.1.8.0
unicode-smoke	Install dependencies	2025-09-27T21:27:39.5525244Z [32mâ[0m installed [01mocaml-compiler-libs[0m.v0.12.4
unicode-smoke	Install dependencies	2025-09-27T21:27:39.6104224Z [32mâ[0m installed [01mocaml-syntax-shims[0m.1.0.0
unicode-smoke	Install dependencies	2025-09-27T21:27:39.8331388Z [32mâ[0m installed [01mppx_derivers[0m.1.2.1
unicode-smoke	Install dependencies	2025-09-27T21:27:40.2127413Z [32mâ[0m installed [01mstdlib-shims[0m.0.3.0
unicode-smoke	Install dependencies	2025-09-27T21:27:40.4469749Z [32mâ[0m installed [01msexplib0[0m.v0.17.0
unicode-smoke	Install dependencies	2025-09-27T21:27:42.9234807Z [32mâ[0m installed [01mdune-configurator[0m.3.20.2
unicode-smoke	Install dependencies	2025-09-27T21:27:43.7722103Z [32mâ[0m installed [01myojson[0m.3.0.0
unicode-smoke	Install dependencies	2025-09-27T21:27:43.9715596Z [32mâ[0m installed [01mbigstringaf[0m.0.10.0
unicode-smoke	Install dependencies	2025-09-27T21:27:45.0870698Z [32mâ[0m installed [01mangstrom[0m.0.16.1
unicode-smoke	Install dependencies	2025-09-27T21:28:07.4632543Z [32mâ[0m installed [01mppxlib[0m.0.36.0
unicode-smoke	Install dependencies	2025-09-27T21:28:13.5183428Z [32mâ[0m installed [01mppx_deriving[0m.6.1.1
unicode-smoke	Install dependencies	2025-09-27T21:28:38.8999250Z [32mâ[0m installed [01mcoq-core[0m.8.18.0
unicode-smoke	Install dependencies	2025-09-27T21:28:42.4174589Z [32mâ[0m installed [01mcoqide-server[0m.8.18.0
unicode-smoke	Install dependencies	2025-09-27T21:31:02.5798735Z [32mâ[0m installed [01mcoq-stdlib[0m.8.18.0
unicode-smoke	Install dependencies	2025-09-27T21:31:02.9701907Z [32mâ[0m installed [01mcoq[0m.8.18.0
unicode-smoke	Install dependencies	2025-09-27T21:31:04.8207614Z Done.
unicode-smoke	Install dependencies	2025-09-27T21:31:04.8216153Z # Run [01meval $(opam env)[0m to update the current shell environment
unicode-smoke	Build service and REST	ï»¿2025-09-27T21:31:06.0296089Z ##[group]Run opam exec -- dune build latex-parse/src/main_service.exe latex-parse/src/rest_api_server.exe
unicode-smoke	Build service and REST	2025-09-27T21:31:06.0296764Z [36;1mopam exec -- dune build latex-parse/src/main_service.exe latex-parse/src/rest_api_server.exe[0m
unicode-smoke	Build service and REST	2025-09-27T21:31:06.0328588Z shell: /usr/bin/bash -e {0}
unicode-smoke	Build service and REST	2025-09-27T21:31:06.0328812Z env:
unicode-smoke	Build service and REST	2025-09-27T21:31:06.0329756Z   PATH: /home/runner/.github-tools:/snap/bin:/home/runner/.local/bin:/opt/pipx_bin:/home/runner/.cargo/bin:/home/runner/.config/composer/vendor/bin:/usr/local/.ghcup/bin:/home/runner/.dotnet/tools:/usr/local/sbin:/usr/local/bin:/usr/sbin:/usr/bin:/sbin:/bin:/usr/games:/usr/local/games:/snap/bin
unicode-smoke	Build service and REST	2025-09-27T21:31:06.0330978Z   OPAMCLI: 2.0
unicode-smoke	Build service and REST	2025-09-27T21:31:06.0331151Z   OPAMCOLOR: always
unicode-smoke	Build service and REST	2025-09-27T21:31:06.0331323Z   OPAMERRLOGLEN: 0
unicode-smoke	Build service and REST	2025-09-27T21:31:06.0331493Z   OPAMJOBS: 4
unicode-smoke	Build service and REST	2025-09-27T21:31:06.0331658Z   OPAMPRECISETRACKING: 1
unicode-smoke	Build service and REST	2025-09-27T21:31:06.0331860Z   OPAMSOLVERTIMEOUT: 1000
unicode-smoke	Build service and REST	2025-09-27T21:31:06.0332045Z   OPAMYES: 1
unicode-smoke	Build service and REST	2025-09-27T21:31:06.0332204Z   CLICOLOR_FORCE: 1
unicode-smoke	Build service and REST	2025-09-27T21:31:06.0332397Z ##[endgroup]
unicode-smoke	Build service and REST	2025-09-27T21:31:06.4436924Z [2m(cd _build/default/latex-parse/src && /usr/bin/gcc -O2 -fno-strict-aliasing -fwrapv -pthread -fPIC -D_FILE_OFFSET_BITS=64 -Wall -fdiagnostics-color=always -g -I /home/runner/work/latex_perf/latex_perf/_opam/lib/ocaml -I /home/runner/work/latex_perf/latex_perf/_opam/lib/ocaml/threads -I /home/runner/work/latex_perf/latex_perf/_opam/lib/uutf -o simd_tokenizer_fixed.o -c simd_tokenizer_fixed.c)[0m
unicode-smoke	Build service and REST	2025-09-27T21:31:06.4440111Z [1msimd_tokenizer_fixed.c:283:15:[0m [1;35mwarning: [0mâ[1mfind_next_special_neon[0mâ defined but not used [[1;35m-Wunused-function[0m]
unicode-smoke	Build service and REST	2025-09-27T21:31:06.4441468Z   283 | static size_t [1;35mfind_next_special_neon[0m(const uint8_t *input, size_t start, size_t len) {
unicode-smoke	Build service and REST	2025-09-27T21:31:06.4442255Z       |               [1;35m^~~~~~~~~~~~~~~~~~~~~~[0m
unicode-smoke	Build service and REST	2025-09-27T21:31:06.5120769Z [2m(cd _build/default/latex-parse/src && /usr/bin/gcc -O2 -fno-strict-aliasing -fwrapv -pthread -fPIC -D_FILE_OFFSET_BITS=64 -Wall -fdiagnostics-color=always -g -I /home/runner/work/latex_perf/latex_perf/_opam/lib/ocaml -I /home/runner/work/latex_perf/latex_perf/_opam/lib/ocaml/threads -I /home/runner/work/latex_perf/latex_perf/_opam/lib/uutf -o xxh64_simd_stubs.o -c xxh64_simd_stubs.c)[0m
unicode-smoke	Build service and REST	2025-09-27T21:31:06.5123970Z [1mxxh64_simd_stubs.c:[0m In function â[1mocaml_xxh64_simd[0mâ:
unicode-smoke	Build service and REST	2025-09-27T21:31:06.5125162Z [1mxxh64_simd_stubs.c:118:7:[0m [1;35mwarning: [0mvariable â[1mhas_simd[0mâ set but not used [[1;35m-Wunused-but-set-variable[0m]
unicode-smoke	Build service and REST	2025-09-27T21:31:06.5126077Z   118 |   int [1;35mhas_simd[0m = 0;
unicode-smoke	Build service and REST	2025-09-27T21:31:06.5126536Z       |       [1;35m^~~~~~~~[0m
unicode-smoke	Run service and REST	ï»¿2025-09-27T21:31:07.0202010Z ##[group]Run rm -f /tmp/l0_lex_svc.sock || true
unicode-smoke	Run service and REST	2025-09-27T21:31:07.0202367Z [36;1mrm -f /tmp/l0_lex_svc.sock || true[0m
unicode-smoke	Run service and REST	2025-09-27T21:31:07.0202719Z [36;1mopam exec -- ./_build/default/latex-parse/src/main_service.exe &[0m
unicode-smoke	Run service and REST	2025-09-27T21:31:07.0203285Z [36;1msleep 0.5[0m
unicode-smoke	Run service and REST	2025-09-27T21:31:07.0203607Z [36;1mopam exec -- ./_build/default/latex-parse/src/rest_api_server.exe -p 8080 &[0m
unicode-smoke	Run service and REST	2025-09-27T21:31:07.0203951Z [36;1msleep 0.5[0m
unicode-smoke	Run service and REST	2025-09-27T21:31:07.0235733Z shell: /usr/bin/bash -e {0}
unicode-smoke	Run service and REST	2025-09-27T21:31:07.0235962Z env:
unicode-smoke	Run service and REST	2025-09-27T21:31:07.0236921Z   PATH: /home/runner/.github-tools:/snap/bin:/home/runner/.local/bin:/opt/pipx_bin:/home/runner/.cargo/bin:/home/runner/.config/composer/vendor/bin:/usr/local/.ghcup/bin:/home/runner/.dotnet/tools:/usr/local/sbin:/usr/local/bin:/usr/sbin:/usr/bin:/sbin:/bin:/usr/games:/usr/local/games:/snap/bin
unicode-smoke	Run service and REST	2025-09-27T21:31:07.0237939Z   OPAMCLI: 2.0
unicode-smoke	Run service and REST	2025-09-27T21:31:07.0238116Z   OPAMCOLOR: always
unicode-smoke	Run service and REST	2025-09-27T21:31:07.0238303Z   OPAMERRLOGLEN: 0
unicode-smoke	Run service and REST	2025-09-27T21:31:07.0238496Z   OPAMJOBS: 4
unicode-smoke	Run service and REST	2025-09-27T21:31:07.0238667Z   OPAMPRECISETRACKING: 1
unicode-smoke	Run service and REST	2025-09-27T21:31:07.0238867Z   OPAMSOLVERTIMEOUT: 1000
unicode-smoke	Run service and REST	2025-09-27T21:31:07.0239056Z   OPAMYES: 1
unicode-smoke	Run service and REST	2025-09-27T21:31:07.0239210Z   CLICOLOR_FORCE: 1
unicode-smoke	Run service and REST	2025-09-27T21:31:07.0239387Z ##[endgroup]
unicode-smoke	Run service and REST	2025-09-27T21:31:07.0436091Z [svc] listening at /tmp/l0_lex_svc.sock
unicode-smoke	Run service and REST	2025-09-27T21:31:07.5469612Z Connected to SIMD service at /tmp/l0_lex_svc.sock
unicode-smoke	Run service and REST	2025-09-27T21:31:07.5470655Z REST API Server listening on port 8080
unicode-smoke	Run service and REST	2025-09-27T21:31:07.5471065Z Endpoints:
unicode-smoke	Run service and REST	2025-09-27T21:31:07.5471376Z   POST /tokenize - Tokenize LaTeX content
unicode-smoke	Run service and REST	2025-09-27T21:31:07.5471814Z   GET /health   - Health check
unicode-smoke	Run service and REST	2025-09-27T21:31:07.5472198Z   GET /metrics  - Prometheus metrics
unicode-smoke	Run service and REST	2025-09-27T21:31:07.5472483Z 
unicode-smoke	Unicode smokes	ï»¿2025-09-27T21:31:13.0368755Z ##[group]Run bash scripts/smoke_rules_unicode.sh http://127.0.0.1:8080/expand
unicode-smoke	Unicode smokes	2025-09-27T21:31:13.0369279Z [36;1mbash scripts/smoke_rules_unicode.sh http://127.0.0.1:8080/expand[0m
unicode-smoke	Unicode smokes	2025-09-27T21:31:13.0401021Z shell: /usr/bin/bash -e {0}
unicode-smoke	Unicode smokes	2025-09-27T21:31:13.0401246Z env:
unicode-smoke	Unicode smokes	2025-09-27T21:31:13.0402205Z   PATH: /home/runner/.github-tools:/snap/bin:/home/runner/.local/bin:/opt/pipx_bin:/home/runner/.cargo/bin:/home/runner/.config/composer/vendor/bin:/usr/local/.ghcup/bin:/home/runner/.dotnet/tools:/usr/local/sbin:/usr/local/bin:/usr/sbin:/usr/bin:/sbin:/bin:/usr/games:/usr/local/games:/snap/bin
unicode-smoke	Unicode smokes	2025-09-27T21:31:13.0403345Z   OPAMCLI: 2.0
unicode-smoke	Unicode smokes	2025-09-27T21:31:13.0403520Z   OPAMCOLOR: always
unicode-smoke	Unicode smokes	2025-09-27T21:31:13.0403690Z   OPAMERRLOGLEN: 0
unicode-smoke	Unicode smokes	2025-09-27T21:31:13.0403883Z   OPAMJOBS: 4
unicode-smoke	Unicode smokes	2025-09-27T21:31:13.0404054Z   OPAMPRECISETRACKING: 1
unicode-smoke	Unicode smokes	2025-09-27T21:31:13.0404257Z   OPAMSOLVERTIMEOUT: 1000
unicode-smoke	Unicode smokes	2025-09-27T21:31:13.0404452Z   OPAMYES: 1
unicode-smoke	Unicode smokes	2025-09-27T21:31:13.0404605Z   CLICOLOR_FORCE: 1
unicode-smoke	Unicode smokes	2025-09-27T21:31:13.0404780Z   L0_VALIDATORS: pilot
unicode-smoke	Unicode smokes	2025-09-27T21:31:13.0404989Z ##[endgroup]
unicode-smoke	Unicode smokes	2025-09-27T21:31:13.0491113Z awk: cmd. line:24: warning: regexp escape sequence `\"' is not a known regexp operator
unicode-smoke	Unicode smokes	2025-09-27T21:31:13.0731010Z [unicode-smoke] FAIL: corpora/lint/unicode/TYPO-031_mixed_dashes.tex expected:[TYPO-031] forbid:[] messages:[;] got: require_documentclass 
unicode-smoke	Unicode smokes	2025-09-27T21:31:13.0937364Z [unicode-smoke] FAIL: corpora/lint/unicode/TYPO-032_prefer_unicode_dashes.tex expected:[TYPO-032] forbid:[] messages:[;] got: require_documentclass 
unicode-smoke	Unicode smokes	2025-09-27T21:31:13.1143807Z [unicode-smoke] FAIL: corpora/lint/unicode/TYPO-033_mixed_ellipsis.tex expected:[TYPO-033] forbid:[] messages:[;] got: require_documentclass 
unicode-smoke	Unicode smokes	2025-09-27T21:31:13.1354869Z [unicode-smoke] FAIL: corpora/lint/unicode/TYPO-014_mixed_quotes.tex expected:[TYPO-014] forbid:[] messages:[;] got: require_documentclass 
unicode-smoke	Unicode smokes	2025-09-27T21:31:13.1559610Z [unicode-smoke] PASS: corpora/lint/unicode/TYPO-014_paragraph_separated_quotes.tex -> expect:[ ] forbid:[TYPO-014 ]
unicode-smoke	Unicode smokes	2025-09-27T21:31:13.1766711Z [unicode-smoke] PASS: corpora/lint/unicode/TYPO-033_paragraph_separated_ellipsis.tex -> expect:[ ] forbid:[TYPO-033 ]
unicode-smoke	Unicode smokes	2025-09-27T21:31:13.1988565Z [unicode-smoke] PASS: corpora/lint/unicode/TYPO-031_dashes_in_math_only.tex -> expect:[ ] forbid:[TYPO-031 TYPO-032 ]
unicode-smoke	Unicode smokes	2025-09-27T21:31:13.2211177Z [unicode-smoke] PASS: corpora/lint/unicode/TYPO-014_quotes_in_math_only.tex -> expect:[ ] forbid:[TYPO-014 TYPO-001 ]
unicode-smoke	Unicode smokes	2025-09-27T21:31:13.2431340Z [unicode-smoke] PASS: corpora/lint/unicode/TYPO-033_ellipsis_in_math_only.tex -> expect:[ ] forbid:[TYPO-033 TYPO-005 ]
unicode-smoke	Unicode smokes	2025-09-27T21:31:13.2675821Z [unicode-smoke] PASS: corpora/lint/unicode/TYPO-031_paragraph_separated_dashes.tex -> expect:[ ] forbid:[TYPO-031 TYPO-032 ]
unicode-smoke	Unicode smokes	2025-09-27T21:31:13.2676495Z [unicode-smoke] Summary: pass=6 fail=4
unicode-smoke	Unicode smokes	2025-09-27T21:31:13.2684606Z ##[error]Process completed with exit code 1.
unicode-smoke	Teardown	ï»¿2025-09-27T21:31:13.2712823Z ##[group]Run pkill -f rest_api_server || true
unicode-smoke	Teardown	2025-09-27T21:31:13.2713694Z [36;1mpkill -f rest_api_server || true[0m
unicode-smoke	Teardown	2025-09-27T21:31:13.2713956Z [36;1mpkill -f main_service || true[0m
unicode-smoke	Teardown	2025-09-27T21:31:13.2745364Z shell: /usr/bin/bash -e {0}
unicode-smoke	Teardown	2025-09-27T21:31:13.2745586Z env:
unicode-smoke	Teardown	2025-09-27T21:31:13.2746565Z   PATH: /home/runner/.github-tools:/snap/bin:/home/runner/.local/bin:/opt/pipx_bin:/home/runner/.cargo/bin:/home/runner/.config/composer/vendor/bin:/usr/local/.ghcup/bin:/home/runner/.dotnet/tools:/usr/local/sbin:/usr/local/bin:/usr/sbin:/usr/bin:/sbin:/bin:/usr/games:/usr/local/games:/snap/bin
unicode-smoke	Teardown	2025-09-27T21:31:13.2747618Z   OPAMCLI: 2.0
unicode-smoke	Teardown	2025-09-27T21:31:13.2747793Z   OPAMCOLOR: always
unicode-smoke	Teardown	2025-09-27T21:31:13.2748052Z   OPAMERRLOGLEN: 0
unicode-smoke	Teardown	2025-09-27T21:31:13.2748321Z   OPAMJOBS: 4
unicode-smoke	Teardown	2025-09-27T21:31:13.2748550Z   OPAMPRECISETRACKING: 1
unicode-smoke	Teardown	2025-09-27T21:31:13.2748906Z   OPAMSOLVERTIMEOUT: 1000
unicode-smoke	Teardown	2025-09-27T21:31:13.2749238Z   OPAMYES: 1
unicode-smoke	Teardown	2025-09-27T21:31:13.2749456Z   CLICOLOR_FORCE: 1
unicode-smoke	Teardown	2025-09-27T21:31:13.2749755Z ##[endgroup]
unicode-smoke	Post Set up OCaml and OPAM	ï»¿2025-09-27T21:31:13.3406134Z Post job cleanup.
unicode-smoke	Post Run actions/checkout@v4	ï»¿2025-09-27T21:31:13.3454310Z Post job cleanup.
unicode-smoke	Post Run actions/checkout@v4	2025-09-27T21:31:13.4444402Z [command]/usr/bin/git version
unicode-smoke	Post Run actions/checkout@v4	2025-09-27T21:31:13.4487830Z git version 2.51.0
unicode-smoke	Post Run actions/checkout@v4	2025-09-27T21:31:13.4546284Z Temporarily overriding HOME='/home/runner/work/_temp/272253de-ff80-4bbe-80d9-c03295943e46' before making global git config changes
unicode-smoke	Post Run actions/checkout@v4	2025-09-27T21:31:13.4548767Z Adding repository directory to the temporary git global config as a safe directory
unicode-smoke	Post Run actions/checkout@v4	2025-09-27T21:31:13.4552835Z [command]/usr/bin/git config --global --add safe.directory /home/runner/work/latex_perf/latex_perf
unicode-smoke	Post Run actions/checkout@v4	2025-09-27T21:31:13.4597408Z [command]/usr/bin/git config --local --name-only --get-regexp core\.sshCommand
unicode-smoke	Post Run actions/checkout@v4	2025-09-27T21:31:13.4634651Z [command]/usr/bin/git submodule foreach --recursive sh -c "git config --local --name-only --get-regexp 'core\.sshCommand' && git config --local --unset-all 'core.sshCommand' || :"
unicode-smoke	Post Run actions/checkout@v4	2025-09-27T21:31:13.4876951Z [command]/usr/bin/git config --local --name-only --get-regexp http\.https\:\/\/github\.com\/\.extraheader
unicode-smoke	Post Run actions/checkout@v4	2025-09-27T21:31:13.4901937Z http.https://github.com/.extraheader
unicode-smoke	Post Run actions/checkout@v4	2025-09-27T21:31:13.4915462Z [command]/usr/bin/git config --local --unset-all http.https://github.com/.extraheader
unicode-smoke	Post Run actions/checkout@v4	2025-09-27T21:31:13.4948029Z [command]/usr/bin/git submodule foreach --recursive sh -c "git config --local --name-only --get-regexp 'http\.https\:\/\/github\.com\/\.extraheader' && git config --local --unset-all 'http.https://github.com/.extraheader' || :"
unicode-smoke	Complete job	ï»¿2025-09-27T21:31:13.5291190Z Cleaning up orphan processes
