rust-proxy-smoke	Set up job	ï»¿2025-09-27T21:21:23.5509275Z Current runner version: '2.328.0'
rust-proxy-smoke	Set up job	2025-09-27T21:21:23.5536018Z ##[group]Runner Image Provisioner
rust-proxy-smoke	Set up job	2025-09-27T21:21:23.5537357Z Hosted Compute Agent
rust-proxy-smoke	Set up job	2025-09-27T21:21:23.5538145Z Version: 20250912.392
rust-proxy-smoke	Set up job	2025-09-27T21:21:23.5538915Z Commit: d921fda672a98b64f4f82364647e2f10b2267d0b
rust-proxy-smoke	Set up job	2025-09-27T21:21:23.5540135Z Build Date: 2025-09-12T15:23:14Z
rust-proxy-smoke	Set up job	2025-09-27T21:21:23.5541198Z ##[endgroup]
rust-proxy-smoke	Set up job	2025-09-27T21:21:23.5541963Z ##[group]Operating System
rust-proxy-smoke	Set up job	2025-09-27T21:21:23.5542816Z Ubuntu
rust-proxy-smoke	Set up job	2025-09-27T21:21:23.5543524Z 24.04.3
rust-proxy-smoke	Set up job	2025-09-27T21:21:23.5544151Z LTS
rust-proxy-smoke	Set up job	2025-09-27T21:21:23.5544962Z ##[endgroup]
rust-proxy-smoke	Set up job	2025-09-27T21:21:23.5545682Z ##[group]Runner Image
rust-proxy-smoke	Set up job	2025-09-27T21:21:23.5546483Z Image: ubuntu-24.04
rust-proxy-smoke	Set up job	2025-09-27T21:21:23.5547339Z Version: 20250922.53.1
rust-proxy-smoke	Set up job	2025-09-27T21:21:23.5548937Z Included Software: https://github.com/actions/runner-images/blob/ubuntu24/20250922.53/images/ubuntu/Ubuntu2404-Readme.md
rust-proxy-smoke	Set up job	2025-09-27T21:21:23.5551488Z Image Release: https://github.com/actions/runner-images/releases/tag/ubuntu24%2F20250922.53
rust-proxy-smoke	Set up job	2025-09-27T21:21:23.5553434Z ##[endgroup]
rust-proxy-smoke	Set up job	2025-09-27T21:21:23.5557380Z ##[group]GITHUB_TOKEN Permissions
rust-proxy-smoke	Set up job	2025-09-27T21:21:23.5561330Z Actions: write
rust-proxy-smoke	Set up job	2025-09-27T21:21:23.5562176Z Attestations: write
rust-proxy-smoke	Set up job	2025-09-27T21:21:23.5562971Z Checks: write
rust-proxy-smoke	Set up job	2025-09-27T21:21:23.5563869Z Contents: write
rust-proxy-smoke	Set up job	2025-09-27T21:21:23.5564705Z Deployments: write
rust-proxy-smoke	Set up job	2025-09-27T21:21:23.5565547Z Discussions: write
rust-proxy-smoke	Set up job	2025-09-27T21:21:23.5566376Z Issues: write
rust-proxy-smoke	Set up job	2025-09-27T21:21:23.5567100Z Metadata: read
rust-proxy-smoke	Set up job	2025-09-27T21:21:23.5567803Z Models: read
rust-proxy-smoke	Set up job	2025-09-27T21:21:23.5568698Z Packages: write
rust-proxy-smoke	Set up job	2025-09-27T21:21:23.5569462Z Pages: write
rust-proxy-smoke	Set up job	2025-09-27T21:21:23.5570324Z PullRequests: write
rust-proxy-smoke	Set up job	2025-09-27T21:21:23.5571837Z RepositoryProjects: write
rust-proxy-smoke	Set up job	2025-09-27T21:21:23.5572835Z SecurityEvents: write
rust-proxy-smoke	Set up job	2025-09-27T21:21:23.5573804Z Statuses: write
rust-proxy-smoke	Set up job	2025-09-27T21:21:23.5574747Z ##[endgroup]
rust-proxy-smoke	Set up job	2025-09-27T21:21:23.5578036Z Secret source: Actions
rust-proxy-smoke	Set up job	2025-09-27T21:21:23.5579271Z Prepare workflow directory
rust-proxy-smoke	Set up job	2025-09-27T21:21:23.6044693Z Prepare all required actions
rust-proxy-smoke	Set up job	2025-09-27T21:21:23.6101399Z Getting action download info
rust-proxy-smoke	Set up job	2025-09-27T21:21:23.8880445Z Download action repository 'actions/checkout@v4' (SHA:08eba0b27e820071cde6df949e0beb9ba4906955)
rust-proxy-smoke	Set up job	2025-09-27T21:21:24.2742688Z Download action repository 'actions-rs/toolchain@v1' (SHA:16499b5e05bf2e26879000db0c1d13f7e13fa3af)
rust-proxy-smoke	Set up job	2025-09-27T21:21:24.6919541Z Complete job name: rust-proxy-smoke
rust-proxy-smoke	Run actions/checkout@v4	ï»¿2025-09-27T21:21:24.7619968Z ##[group]Run actions/checkout@v4
rust-proxy-smoke	Run actions/checkout@v4	2025-09-27T21:21:24.7621007Z with:
rust-proxy-smoke	Run actions/checkout@v4	2025-09-27T21:21:24.7621450Z   repository: ClanClanClanClan/latex_perf
rust-proxy-smoke	Run actions/checkout@v4	2025-09-27T21:21:24.7622156Z   token: ***
rust-proxy-smoke	Run actions/checkout@v4	2025-09-27T21:21:24.7622538Z   ssh-strict: true
rust-proxy-smoke	Run actions/checkout@v4	2025-09-27T21:21:24.7622937Z   ssh-user: git
rust-proxy-smoke	Run actions/checkout@v4	2025-09-27T21:21:24.7623336Z   persist-credentials: true
rust-proxy-smoke	Run actions/checkout@v4	2025-09-27T21:21:24.7623876Z   clean: true
rust-proxy-smoke	Run actions/checkout@v4	2025-09-27T21:21:24.7624283Z   sparse-checkout-cone-mode: true
rust-proxy-smoke	Run actions/checkout@v4	2025-09-27T21:21:24.7624754Z   fetch-depth: 1
rust-proxy-smoke	Run actions/checkout@v4	2025-09-27T21:21:24.7625186Z   fetch-tags: false
rust-proxy-smoke	Run actions/checkout@v4	2025-09-27T21:21:24.7625601Z   show-progress: true
rust-proxy-smoke	Run actions/checkout@v4	2025-09-27T21:21:24.7626001Z   lfs: false
rust-proxy-smoke	Run actions/checkout@v4	2025-09-27T21:21:24.7626378Z   submodules: false
rust-proxy-smoke	Run actions/checkout@v4	2025-09-27T21:21:24.7626812Z   set-safe-directory: true
rust-proxy-smoke	Run actions/checkout@v4	2025-09-27T21:21:24.7627504Z ##[endgroup]
rust-proxy-smoke	Run actions/checkout@v4	2025-09-27T21:21:24.8714918Z Syncing repository: ClanClanClanClan/latex_perf
rust-proxy-smoke	Run actions/checkout@v4	2025-09-27T21:21:24.8717884Z ##[group]Getting Git version info
rust-proxy-smoke	Run actions/checkout@v4	2025-09-27T21:21:24.8719067Z Working directory is '/home/runner/work/latex_perf/latex_perf'
rust-proxy-smoke	Run actions/checkout@v4	2025-09-27T21:21:24.8721400Z [command]/usr/bin/git version
rust-proxy-smoke	Run actions/checkout@v4	2025-09-27T21:21:24.8842330Z git version 2.51.0
rust-proxy-smoke	Run actions/checkout@v4	2025-09-27T21:21:24.8868288Z ##[endgroup]
rust-proxy-smoke	Run actions/checkout@v4	2025-09-27T21:21:24.8883728Z Temporarily overriding HOME='/home/runner/work/_temp/f2bb060b-7987-42a5-8980-9b97c6a38e99' before making global git config changes
rust-proxy-smoke	Run actions/checkout@v4	2025-09-27T21:21:24.8886120Z Adding repository directory to the temporary git global config as a safe directory
rust-proxy-smoke	Run actions/checkout@v4	2025-09-27T21:21:24.8890059Z [command]/usr/bin/git config --global --add safe.directory /home/runner/work/latex_perf/latex_perf
rust-proxy-smoke	Run actions/checkout@v4	2025-09-27T21:21:24.8925946Z Deleting the contents of '/home/runner/work/latex_perf/latex_perf'
rust-proxy-smoke	Run actions/checkout@v4	2025-09-27T21:21:24.8929683Z ##[group]Initializing the repository
rust-proxy-smoke	Run actions/checkout@v4	2025-09-27T21:21:24.8934509Z [command]/usr/bin/git init /home/runner/work/latex_perf/latex_perf
rust-proxy-smoke	Run actions/checkout@v4	2025-09-27T21:21:24.9059859Z hint: Using 'master' as the name for the initial branch. This default branch name
rust-proxy-smoke	Run actions/checkout@v4	2025-09-27T21:21:24.9061381Z hint: is subject to change. To configure the initial branch name to use in all
rust-proxy-smoke	Run actions/checkout@v4	2025-09-27T21:21:24.9062316Z hint: of your new repositories, which will suppress this warning, call:
rust-proxy-smoke	Run actions/checkout@v4	2025-09-27T21:21:24.9062980Z hint:
rust-proxy-smoke	Run actions/checkout@v4	2025-09-27T21:21:24.9063443Z hint: 	git config --global init.defaultBranch <name>
rust-proxy-smoke	Run actions/checkout@v4	2025-09-27T21:21:24.9064006Z hint:
rust-proxy-smoke	Run actions/checkout@v4	2025-09-27T21:21:24.9064542Z hint: Names commonly chosen instead of 'master' are 'main', 'trunk' and
rust-proxy-smoke	Run actions/checkout@v4	2025-09-27T21:21:24.9065540Z hint: 'development'. The just-created branch can be renamed via this command:
rust-proxy-smoke	Run actions/checkout@v4	2025-09-27T21:21:24.9066261Z hint:
rust-proxy-smoke	Run actions/checkout@v4	2025-09-27T21:21:24.9066639Z hint: 	git branch -m <name>
rust-proxy-smoke	Run actions/checkout@v4	2025-09-27T21:21:24.9067075Z hint:
rust-proxy-smoke	Run actions/checkout@v4	2025-09-27T21:21:24.9067667Z hint: Disable this message with "git config set advice.defaultBranchName false"
rust-proxy-smoke	Run actions/checkout@v4	2025-09-27T21:21:24.9071856Z Initialized empty Git repository in /home/runner/work/latex_perf/latex_perf/.git/
rust-proxy-smoke	Run actions/checkout@v4	2025-09-27T21:21:24.9083624Z [command]/usr/bin/git remote add origin https://github.com/ClanClanClanClan/latex_perf
rust-proxy-smoke	Run actions/checkout@v4	2025-09-27T21:21:24.9120498Z ##[endgroup]
rust-proxy-smoke	Run actions/checkout@v4	2025-09-27T21:21:24.9121949Z ##[group]Disabling automatic garbage collection
rust-proxy-smoke	Run actions/checkout@v4	2025-09-27T21:21:24.9125436Z [command]/usr/bin/git config --local gc.auto 0
rust-proxy-smoke	Run actions/checkout@v4	2025-09-27T21:21:24.9153656Z ##[endgroup]
rust-proxy-smoke	Run actions/checkout@v4	2025-09-27T21:21:24.9154888Z ##[group]Setting up auth
rust-proxy-smoke	Run actions/checkout@v4	2025-09-27T21:21:24.9161135Z [command]/usr/bin/git config --local --name-only --get-regexp core\.sshCommand
rust-proxy-smoke	Run actions/checkout@v4	2025-09-27T21:21:24.9191034Z [command]/usr/bin/git submodule foreach --recursive sh -c "git config --local --name-only --get-regexp 'core\.sshCommand' && git config --local --unset-all 'core.sshCommand' || :"
rust-proxy-smoke	Run actions/checkout@v4	2025-09-27T21:21:24.9532798Z [command]/usr/bin/git config --local --name-only --get-regexp http\.https\:\/\/github\.com\/\.extraheader
rust-proxy-smoke	Run actions/checkout@v4	2025-09-27T21:21:24.9561291Z [command]/usr/bin/git submodule foreach --recursive sh -c "git config --local --name-only --get-regexp 'http\.https\:\/\/github\.com\/\.extraheader' && git config --local --unset-all 'http.https://github.com/.extraheader' || :"
rust-proxy-smoke	Run actions/checkout@v4	2025-09-27T21:21:24.9775619Z [command]/usr/bin/git config --local http.https://github.com/.extraheader AUTHORIZATION: basic ***
rust-proxy-smoke	Run actions/checkout@v4	2025-09-27T21:21:24.9809311Z ##[endgroup]
rust-proxy-smoke	Run actions/checkout@v4	2025-09-27T21:21:24.9810095Z ##[group]Fetching the repository
rust-proxy-smoke	Run actions/checkout@v4	2025-09-27T21:21:24.9817836Z [command]/usr/bin/git -c protocol.version=2 fetch --no-tags --prune --no-recurse-submodules --depth=1 origin +6acf14e01b575831a3f54eac2db1be0f7c3d9421:refs/remotes/pull/4/merge
rust-proxy-smoke	Run actions/checkout@v4	2025-09-27T21:21:25.2925207Z From https://github.com/ClanClanClanClan/latex_perf
rust-proxy-smoke	Run actions/checkout@v4	2025-09-27T21:21:25.2927452Z  * [new ref]         6acf14e01b575831a3f54eac2db1be0f7c3d9421 -> pull/4/merge
rust-proxy-smoke	Run actions/checkout@v4	2025-09-27T21:21:25.2958916Z ##[endgroup]
rust-proxy-smoke	Run actions/checkout@v4	2025-09-27T21:21:25.2961152Z ##[group]Determining the checkout info
rust-proxy-smoke	Run actions/checkout@v4	2025-09-27T21:21:25.2963347Z ##[endgroup]
rust-proxy-smoke	Run actions/checkout@v4	2025-09-27T21:21:25.2966942Z [command]/usr/bin/git sparse-checkout disable
rust-proxy-smoke	Run actions/checkout@v4	2025-09-27T21:21:25.3007776Z [command]/usr/bin/git config --local --unset-all extensions.worktreeConfig
rust-proxy-smoke	Run actions/checkout@v4	2025-09-27T21:21:25.3039569Z ##[group]Checking out the ref
rust-proxy-smoke	Run actions/checkout@v4	2025-09-27T21:21:25.3043810Z [command]/usr/bin/git checkout --progress --force refs/remotes/pull/4/merge
rust-proxy-smoke	Run actions/checkout@v4	2025-09-27T21:21:25.3465064Z Note: switching to 'refs/remotes/pull/4/merge'.
rust-proxy-smoke	Run actions/checkout@v4	2025-09-27T21:21:25.3467397Z 
rust-proxy-smoke	Run actions/checkout@v4	2025-09-27T21:21:25.3468527Z You are in 'detached HEAD' state. You can look around, make experimental
rust-proxy-smoke	Run actions/checkout@v4	2025-09-27T21:21:25.3470967Z changes and commit them, and you can discard any commits you make in this
rust-proxy-smoke	Run actions/checkout@v4	2025-09-27T21:21:25.3472699Z state without impacting any branches by switching back to a branch.
rust-proxy-smoke	Run actions/checkout@v4	2025-09-27T21:21:25.3473954Z 
rust-proxy-smoke	Run actions/checkout@v4	2025-09-27T21:21:25.3474831Z If you want to create a new branch to retain commits you create, you may
rust-proxy-smoke	Run actions/checkout@v4	2025-09-27T21:21:25.3476426Z do so (now or later) by using -c with the switch command. Example:
rust-proxy-smoke	Run actions/checkout@v4	2025-09-27T21:21:25.3477470Z 
rust-proxy-smoke	Run actions/checkout@v4	2025-09-27T21:21:25.3477928Z   git switch -c <new-branch-name>
rust-proxy-smoke	Run actions/checkout@v4	2025-09-27T21:21:25.3478966Z 
rust-proxy-smoke	Run actions/checkout@v4	2025-09-27T21:21:25.3479401Z Or undo this operation with:
rust-proxy-smoke	Run actions/checkout@v4	2025-09-27T21:21:25.3480090Z 
rust-proxy-smoke	Run actions/checkout@v4	2025-09-27T21:21:25.3480485Z   git switch -
rust-proxy-smoke	Run actions/checkout@v4	2025-09-27T21:21:25.3481293Z 
rust-proxy-smoke	Run actions/checkout@v4	2025-09-27T21:21:25.3482240Z Turn off this advice by setting config variable advice.detachedHead to false
rust-proxy-smoke	Run actions/checkout@v4	2025-09-27T21:21:25.3483681Z 
rust-proxy-smoke	Run actions/checkout@v4	2025-09-27T21:21:25.3485337Z HEAD is now at 6acf14e Merge 07895437ab0cede570fde751cb6861b9d97861e6 into 92bdfe28e9a19447735918ce6f6c8395415acf11
rust-proxy-smoke	Run actions/checkout@v4	2025-09-27T21:21:25.3489993Z ##[endgroup]
rust-proxy-smoke	Run actions/checkout@v4	2025-09-27T21:21:25.3514273Z [command]/usr/bin/git log -1 --format=%H
rust-proxy-smoke	Run actions/checkout@v4	2025-09-27T21:21:25.3536091Z 6acf14e01b575831a3f54eac2db1be0f7c3d9421
rust-proxy-smoke	Run /./.github/actions/setup-ocaml	ï»¿2025-09-27T21:21:25.3931946Z Prepare all required actions
rust-proxy-smoke	Run /./.github/actions/setup-ocaml	2025-09-27T21:21:25.3933309Z Getting action download info
rust-proxy-smoke	Run /./.github/actions/setup-ocaml	2025-09-27T21:21:25.5056515Z Download action repository 'ocaml/setup-ocaml@v2' (SHA:8cc6339f55862749298d198ef84788b8d6acdacc)
rust-proxy-smoke	Run /./.github/actions/setup-ocaml	2025-09-27T21:21:25.9761327Z ##[group]Run ./.github/actions/setup-ocaml
rust-proxy-smoke	Run /./.github/actions/setup-ocaml	2025-09-27T21:21:25.9762449Z with:
rust-proxy-smoke	Run /./.github/actions/setup-ocaml	2025-09-27T21:21:25.9763171Z   ocaml-compiler: 4.14.1
rust-proxy-smoke	Run /./.github/actions/setup-ocaml	2025-09-27T21:21:25.9764026Z   opam-depext: false
rust-proxy-smoke	Run /./.github/actions/setup-ocaml	2025-09-27T21:21:25.9764874Z   allow-prerelease-opam: false
rust-proxy-smoke	Run /./.github/actions/setup-ocaml	2025-09-27T21:21:25.9765796Z   opam-pin: true
rust-proxy-smoke	Run /./.github/actions/setup-ocaml	2025-09-27T21:21:25.9766596Z   opam-local-packages: *.opam
rust-proxy-smoke	Run /./.github/actions/setup-ocaml	2025-09-27T21:21:25.9767566Z   opam-disable-sandboxing: false
rust-proxy-smoke	Run /./.github/actions/setup-ocaml	2025-09-27T21:21:25.9768510Z   dune-cache: false
rust-proxy-smoke	Run /./.github/actions/setup-ocaml	2025-09-27T21:21:25.9769299Z   cache-prefix: v1
rust-proxy-smoke	Run /./.github/actions/setup-ocaml	2025-09-27T21:21:25.9770068Z ##[endgroup]
rust-proxy-smoke	Run /./.github/actions/setup-ocaml	2025-09-27T21:21:25.9958237Z ##[group]Run sudo apt-get update
rust-proxy-smoke	Run /./.github/actions/setup-ocaml	2025-09-27T21:21:25.9959324Z [36;1msudo apt-get update[0m
rust-proxy-smoke	Run /./.github/actions/setup-ocaml	2025-09-27T21:21:25.9960245Z [36;1msudo apt-get install -y \[0m
rust-proxy-smoke	Run /./.github/actions/setup-ocaml	2025-09-27T21:21:25.9961359Z [36;1m  bubblewrap \[0m
rust-proxy-smoke	Run /./.github/actions/setup-ocaml	2025-09-27T21:21:25.9962250Z [36;1m  g++-multilib \[0m
rust-proxy-smoke	Run /./.github/actions/setup-ocaml	2025-09-27T21:21:25.9963099Z [36;1m  gcc-multilib \[0m
rust-proxy-smoke	Run /./.github/actions/setup-ocaml	2025-09-27T21:21:25.9963939Z [36;1m  mercurial \[0m
rust-proxy-smoke	Run /./.github/actions/setup-ocaml	2025-09-27T21:21:25.9964746Z [36;1m  musl-tools \[0m
rust-proxy-smoke	Run /./.github/actions/setup-ocaml	2025-09-27T21:21:25.9965554Z [36;1m  rsync[0m
rust-proxy-smoke	Run /./.github/actions/setup-ocaml	2025-09-27T21:21:26.0005087Z shell: /usr/bin/bash --noprofile --norc -e -o pipefail {0}
rust-proxy-smoke	Run /./.github/actions/setup-ocaml	2025-09-27T21:21:26.0006338Z ##[endgroup]
rust-proxy-smoke	Run /./.github/actions/setup-ocaml	2025-09-27T21:21:26.1736018Z Get:1 file:/etc/apt/apt-mirrors.txt Mirrorlist [144 B]
rust-proxy-smoke	Run /./.github/actions/setup-ocaml	2025-09-27T21:21:26.2259323Z Hit:6 https://packages.microsoft.com/repos/azure-cli noble InRelease
rust-proxy-smoke	Run /./.github/actions/setup-ocaml	2025-09-27T21:21:26.2264061Z Hit:2 http://azure.archive.ubuntu.com/ubuntu noble InRelease
rust-proxy-smoke	Run /./.github/actions/setup-ocaml	2025-09-27T21:21:26.2266891Z Get:7 https://packages.microsoft.com/ubuntu/24.04/prod noble InRelease [3600 B]
rust-proxy-smoke	Run /./.github/actions/setup-ocaml	2025-09-27T21:21:26.2322026Z Get:3 http://azure.archive.ubuntu.com/ubuntu noble-updates InRelease [126 kB]
rust-proxy-smoke	Run /./.github/actions/setup-ocaml	2025-09-27T21:21:26.2430508Z Get:4 http://azure.archive.ubuntu.com/ubuntu noble-backports InRelease [126 kB]
rust-proxy-smoke	Run /./.github/actions/setup-ocaml	2025-09-27T21:21:26.2498870Z Get:5 http://azure.archive.ubuntu.com/ubuntu noble-security InRelease [126 kB]
rust-proxy-smoke	Run /./.github/actions/setup-ocaml	2025-09-27T21:21:26.4731788Z Get:8 https://packages.microsoft.com/ubuntu/24.04/prod noble/main amd64 Packages [57.1 kB]
rust-proxy-smoke	Run /./.github/actions/setup-ocaml	2025-09-27T21:21:26.5195191Z Get:9 http://azure.archive.ubuntu.com/ubuntu noble-updates/main amd64 Packages [1443 kB]
rust-proxy-smoke	Run /./.github/actions/setup-ocaml	2025-09-27T21:21:26.5282755Z Get:10 http://azure.archive.ubuntu.com/ubuntu noble-updates/main Translation-en [282 kB]
rust-proxy-smoke	Run /./.github/actions/setup-ocaml	2025-09-27T21:21:26.5308557Z Get:11 http://azure.archive.ubuntu.com/ubuntu noble-updates/main amd64 Components [175 kB]
rust-proxy-smoke	Run /./.github/actions/setup-ocaml	2025-09-27T21:21:26.5328631Z Get:12 http://azure.archive.ubuntu.com/ubuntu noble-updates/main amd64 c-n-f Metadata [15.3 kB]
rust-proxy-smoke	Run /./.github/actions/setup-ocaml	2025-09-27T21:21:26.5339876Z Get:13 http://azure.archive.ubuntu.com/ubuntu noble-updates/universe amd64 Packages [1485 kB]
rust-proxy-smoke	Run /./.github/actions/setup-ocaml	2025-09-27T21:21:26.5434664Z Get:14 http://azure.archive.ubuntu.com/ubuntu noble-updates/universe Translation-en [299 kB]
rust-proxy-smoke	Run /./.github/actions/setup-ocaml	2025-09-27T21:21:26.5458328Z Get:15 http://azure.archive.ubuntu.com/ubuntu noble-updates/universe amd64 Components [377 kB]
rust-proxy-smoke	Run /./.github/actions/setup-ocaml	2025-09-27T21:21:26.5498477Z Get:16 http://azure.archive.ubuntu.com/ubuntu noble-updates/universe amd64 c-n-f Metadata [31.0 kB]
rust-proxy-smoke	Run /./.github/actions/setup-ocaml	2025-09-27T21:21:26.5512464Z Get:17 http://azure.archive.ubuntu.com/ubuntu noble-updates/restricted amd64 Packages [1957 kB]
rust-proxy-smoke	Run /./.github/actions/setup-ocaml	2025-09-27T21:21:26.5636997Z Get:18 http://azure.archive.ubuntu.com/ubuntu noble-updates/restricted Translation-en [441 kB]
rust-proxy-smoke	Run /./.github/actions/setup-ocaml	2025-09-27T21:21:26.6103884Z Get:19 http://azure.archive.ubuntu.com/ubuntu noble-updates/restricted amd64 Components [212 B]
rust-proxy-smoke	Run /./.github/actions/setup-ocaml	2025-09-27T21:21:26.6112081Z Get:20 http://azure.archive.ubuntu.com/ubuntu noble-updates/multiverse amd64 Components [940 B]
rust-proxy-smoke	Run /./.github/actions/setup-ocaml	2025-09-27T21:21:26.6121409Z Get:21 http://azure.archive.ubuntu.com/ubuntu noble-backports/main amd64 Components [7076 B]
rust-proxy-smoke	Run /./.github/actions/setup-ocaml	2025-09-27T21:21:26.6134006Z Get:22 http://azure.archive.ubuntu.com/ubuntu noble-backports/universe amd64 Packages [28.9 kB]
rust-proxy-smoke	Run /./.github/actions/setup-ocaml	2025-09-27T21:21:26.6144813Z Get:23 http://azure.archive.ubuntu.com/ubuntu noble-backports/universe amd64 Components [11.0 kB]
rust-proxy-smoke	Run /./.github/actions/setup-ocaml	2025-09-27T21:21:26.6155595Z Get:24 http://azure.archive.ubuntu.com/ubuntu noble-backports/universe amd64 c-n-f Metadata [1444 B]
rust-proxy-smoke	Run /./.github/actions/setup-ocaml	2025-09-27T21:21:26.6168022Z Get:25 http://azure.archive.ubuntu.com/ubuntu noble-backports/restricted amd64 Components [216 B]
rust-proxy-smoke	Run /./.github/actions/setup-ocaml	2025-09-27T21:21:26.6178745Z Get:26 http://azure.archive.ubuntu.com/ubuntu noble-backports/multiverse amd64 Components [212 B]
rust-proxy-smoke	Run /./.github/actions/setup-ocaml	2025-09-27T21:21:26.6276781Z Get:27 http://azure.archive.ubuntu.com/ubuntu noble-security/main amd64 Packages [1171 kB]
rust-proxy-smoke	Run /./.github/actions/setup-ocaml	2025-09-27T21:21:26.6356202Z Get:28 http://azure.archive.ubuntu.com/ubuntu noble-security/main Translation-en [198 kB]
rust-proxy-smoke	Run /./.github/actions/setup-ocaml	2025-09-27T21:21:26.6376400Z Get:29 http://azure.archive.ubuntu.com/ubuntu noble-security/main amd64 Components [21.6 kB]
rust-proxy-smoke	Run /./.github/actions/setup-ocaml	2025-09-27T21:21:26.6385653Z Get:30 http://azure.archive.ubuntu.com/ubuntu noble-security/main amd64 c-n-f Metadata [8744 B]
rust-proxy-smoke	Run /./.github/actions/setup-ocaml	2025-09-27T21:21:26.6394868Z Get:31 http://azure.archive.ubuntu.com/ubuntu noble-security/universe amd64 Packages [880 kB]
rust-proxy-smoke	Run /./.github/actions/setup-ocaml	2025-09-27T21:21:26.6454203Z Get:32 http://azure.archive.ubuntu.com/ubuntu noble-security/universe Translation-en [195 kB]
rust-proxy-smoke	Run /./.github/actions/setup-ocaml	2025-09-27T21:21:26.6903852Z Get:33 http://azure.archive.ubuntu.com/ubuntu noble-security/universe amd64 Components [52.3 kB]
rust-proxy-smoke	Run /./.github/actions/setup-ocaml	2025-09-27T21:21:26.6937062Z Get:34 http://azure.archive.ubuntu.com/ubuntu noble-security/universe amd64 c-n-f Metadata [18.0 kB]
rust-proxy-smoke	Run /./.github/actions/setup-ocaml	2025-09-27T21:21:26.6946497Z Get:35 http://azure.archive.ubuntu.com/ubuntu noble-security/restricted amd64 Packages [1872 kB]
rust-proxy-smoke	Run /./.github/actions/setup-ocaml	2025-09-27T21:21:26.6997709Z Get:39 https://packages.microsoft.com/ubuntu/24.04/prod noble/main arm64 Packages [39.5 kB]
rust-proxy-smoke	Run /./.github/actions/setup-ocaml	2025-09-27T21:21:26.7064468Z Get:36 http://azure.archive.ubuntu.com/ubuntu noble-security/restricted Translation-en [423 kB]
rust-proxy-smoke	Run /./.github/actions/setup-ocaml	2025-09-27T21:21:26.7097231Z Get:37 http://azure.archive.ubuntu.com/ubuntu noble-security/restricted amd64 Components [212 B]
rust-proxy-smoke	Run /./.github/actions/setup-ocaml	2025-09-27T21:21:26.7106554Z Get:38 http://azure.archive.ubuntu.com/ubuntu noble-security/multiverse amd64 Components [212 B]
rust-proxy-smoke	Run /./.github/actions/setup-ocaml	2025-09-27T21:21:38.3086922Z Fetched 11.9 MB in 2s (7566 kB/s)
rust-proxy-smoke	Run /./.github/actions/setup-ocaml	2025-09-27T21:21:39.0444246Z Reading package lists...
rust-proxy-smoke	Run /./.github/actions/setup-ocaml	2025-09-27T21:21:39.0771842Z Reading package lists...
rust-proxy-smoke	Run /./.github/actions/setup-ocaml	2025-09-27T21:21:39.2367497Z Building dependency tree...
rust-proxy-smoke	Run /./.github/actions/setup-ocaml	2025-09-27T21:21:39.2374711Z Reading state information...
rust-proxy-smoke	Run /./.github/actions/setup-ocaml	2025-09-27T21:21:39.3876834Z mercurial is already the newest version (6.7.2-1ubuntu2.2).
rust-proxy-smoke	Run /./.github/actions/setup-ocaml	2025-09-27T21:21:39.3878116Z rsync is already the newest version (3.2.7-1ubuntu1.2).
rust-proxy-smoke	Run /./.github/actions/setup-ocaml	2025-09-27T21:21:39.3879038Z The following additional packages will be installed:
rust-proxy-smoke	Run /./.github/actions/setup-ocaml	2025-09-27T21:21:39.3880062Z   g++-13-multilib gcc-13-multilib lib32asan8 lib32atomic1 lib32gcc-13-dev
rust-proxy-smoke	Run /./.github/actions/setup-ocaml	2025-09-27T21:21:39.3881663Z   lib32gomp1 lib32itm1 lib32quadmath0 lib32stdc++-13-dev lib32ubsan1
rust-proxy-smoke	Run /./.github/actions/setup-ocaml	2025-09-27T21:21:39.3882801Z   libc6-dev-i386 libc6-dev-x32 libc6-x32 libx32asan8 libx32atomic1
rust-proxy-smoke	Run /./.github/actions/setup-ocaml	2025-09-27T21:21:39.3883682Z   libx32gcc-13-dev libx32gcc-s1 libx32gomp1 libx32itm1 libx32quadmath0
rust-proxy-smoke	Run /./.github/actions/setup-ocaml	2025-09-27T21:21:39.3884458Z   libx32stdc++-13-dev libx32stdc++6 libx32ubsan1 musl musl-dev
rust-proxy-smoke	Run /./.github/actions/setup-ocaml	2025-09-27T21:21:39.3890394Z Suggested packages:
rust-proxy-smoke	Run /./.github/actions/setup-ocaml	2025-09-27T21:21:39.3891186Z   lib32stdc++6-13-dbg libx32stdc++6-13-dbg
rust-proxy-smoke	Run /./.github/actions/setup-ocaml	2025-09-27T21:21:39.4485319Z The following NEW packages will be installed:
rust-proxy-smoke	Run /./.github/actions/setup-ocaml	2025-09-27T21:21:39.4486077Z   bubblewrap g++-13-multilib g++-multilib gcc-13-multilib gcc-multilib
rust-proxy-smoke	Run /./.github/actions/setup-ocaml	2025-09-27T21:21:39.4486866Z   lib32asan8 lib32atomic1 lib32gcc-13-dev lib32gomp1 lib32itm1 lib32quadmath0
rust-proxy-smoke	Run /./.github/actions/setup-ocaml	2025-09-27T21:21:39.4488825Z   lib32stdc++-13-dev lib32ubsan1 libc6-dev-i386 libc6-dev-x32 libc6-x32
rust-proxy-smoke	Run /./.github/actions/setup-ocaml	2025-09-27T21:21:39.4489757Z   libx32asan8 libx32atomic1 libx32gcc-13-dev libx32gcc-s1 libx32gomp1
rust-proxy-smoke	Run /./.github/actions/setup-ocaml	2025-09-27T21:21:39.4491093Z   libx32itm1 libx32quadmath0 libx32stdc++-13-dev libx32stdc++6 libx32ubsan1
rust-proxy-smoke	Run /./.github/actions/setup-ocaml	2025-09-27T21:21:39.4491977Z   musl musl-dev musl-tools
rust-proxy-smoke	Run /./.github/actions/setup-ocaml	2025-09-27T21:21:39.4672925Z 0 upgraded, 29 newly installed, 0 to remove and 17 not upgraded.
rust-proxy-smoke	Run /./.github/actions/setup-ocaml	2025-09-27T21:21:39.4673552Z Need to get 23.6 MB of archives.
rust-proxy-smoke	Run /./.github/actions/setup-ocaml	2025-09-27T21:21:39.4673957Z After this operation, 94.1 MB of additional disk space will be used.
rust-proxy-smoke	Run /./.github/actions/setup-ocaml	2025-09-27T21:21:39.4674392Z Get:1 file:/etc/apt/apt-mirrors.txt Mirrorlist [144 B]
rust-proxy-smoke	Run /./.github/actions/setup-ocaml	2025-09-27T21:21:39.5182569Z Get:2 http://azure.archive.ubuntu.com/ubuntu noble-updates/main amd64 bubblewrap amd64 0.9.0-1ubuntu0.1 [50.2 kB]
rust-proxy-smoke	Run /./.github/actions/setup-ocaml	2025-09-27T21:21:39.5471567Z Get:3 http://azure.archive.ubuntu.com/ubuntu noble-updates/main amd64 libc6-dev-i386 amd64 2.39-0ubuntu8.6 [1447 kB]
rust-proxy-smoke	Run /./.github/actions/setup-ocaml	2025-09-27T21:21:39.6013707Z Get:4 http://azure.archive.ubuntu.com/ubuntu noble-updates/main amd64 libc6-x32 amd64 2.39-0ubuntu8.6 [2913 kB]
rust-proxy-smoke	Run /./.github/actions/setup-ocaml	2025-09-27T21:21:39.6744058Z Get:5 http://azure.archive.ubuntu.com/ubuntu noble-updates/main amd64 libc6-dev-x32 amd64 2.39-0ubuntu8.6 [1637 kB]
rust-proxy-smoke	Run /./.github/actions/setup-ocaml	2025-09-27T21:21:39.7363205Z Get:6 http://azure.archive.ubuntu.com/ubuntu noble-updates/main amd64 libx32gcc-s1 amd64 14.2.0-4ubuntu2~24.04 [78.5 kB]
rust-proxy-smoke	Run /./.github/actions/setup-ocaml	2025-09-27T21:21:39.7638516Z Get:7 http://azure.archive.ubuntu.com/ubuntu noble-updates/main amd64 lib32gomp1 amd64 14.2.0-4ubuntu2~24.04 [141 kB]
rust-proxy-smoke	Run /./.github/actions/setup-ocaml	2025-09-27T21:21:39.7903256Z Get:8 http://azure.archive.ubuntu.com/ubuntu noble-updates/main amd64 libx32gomp1 amd64 14.2.0-4ubuntu2~24.04 [145 kB]
rust-proxy-smoke	Run /./.github/actions/setup-ocaml	2025-09-27T21:21:39.8176886Z Get:9 http://azure.archive.ubuntu.com/ubuntu noble-updates/main amd64 lib32itm1 amd64 14.2.0-4ubuntu2~24.04 [29.6 kB]
rust-proxy-smoke	Run /./.github/actions/setup-ocaml	2025-09-27T21:21:39.8439375Z Get:10 http://azure.archive.ubuntu.com/ubuntu noble-updates/main amd64 libx32itm1 amd64 14.2.0-4ubuntu2~24.04 [29.8 kB]
rust-proxy-smoke	Run /./.github/actions/setup-ocaml	2025-09-27T21:21:39.8697681Z Get:11 http://azure.archive.ubuntu.com/ubuntu noble-updates/main amd64 lib32atomic1 amd64 14.2.0-4ubuntu2~24.04 [8586 B]
rust-proxy-smoke	Run /./.github/actions/setup-ocaml	2025-09-27T21:21:39.8950749Z Get:12 http://azure.archive.ubuntu.com/ubuntu noble-updates/main amd64 libx32atomic1 amd64 14.2.0-4ubuntu2~24.04 [10.3 kB]
rust-proxy-smoke	Run /./.github/actions/setup-ocaml	2025-09-27T21:21:39.9211038Z Get:13 http://azure.archive.ubuntu.com/ubuntu noble-updates/main amd64 lib32asan8 amd64 14.2.0-4ubuntu2~24.04 [2879 kB]
rust-proxy-smoke	Run /./.github/actions/setup-ocaml	2025-09-27T21:21:40.0202869Z Get:14 http://azure.archive.ubuntu.com/ubuntu noble-updates/main amd64 libx32asan8 amd64 14.2.0-4ubuntu2~24.04 [2893 kB]
rust-proxy-smoke	Run /./.github/actions/setup-ocaml	2025-09-27T21:21:40.1279123Z Get:15 http://azure.archive.ubuntu.com/ubuntu noble-updates/main amd64 lib32ubsan1 amd64 14.2.0-4ubuntu2~24.04 [1150 kB]
rust-proxy-smoke	Run /./.github/actions/setup-ocaml	2025-09-27T21:21:40.2101131Z Get:16 http://azure.archive.ubuntu.com/ubuntu noble-updates/main amd64 libx32stdc++6 amd64 14.2.0-4ubuntu2~24.04 [778 kB]
rust-proxy-smoke	Run /./.github/actions/setup-ocaml	2025-09-27T21:21:40.2675801Z Get:17 http://azure.archive.ubuntu.com/ubuntu noble-updates/main amd64 libx32ubsan1 amd64 14.2.0-4ubuntu2~24.04 [1169 kB]
rust-proxy-smoke	Run /./.github/actions/setup-ocaml	2025-09-27T21:21:40.3266503Z Get:18 http://azure.archive.ubuntu.com/ubuntu noble-updates/main amd64 lib32quadmath0 amd64 14.2.0-4ubuntu2~24.04 [227 kB]
rust-proxy-smoke	Run /./.github/actions/setup-ocaml	2025-09-27T21:21:40.3559377Z Get:19 http://azure.archive.ubuntu.com/ubuntu noble-updates/main amd64 libx32quadmath0 amd64 14.2.0-4ubuntu2~24.04 [157 kB]
rust-proxy-smoke	Run /./.github/actions/setup-ocaml	2025-09-27T21:21:40.4279723Z Get:20 http://azure.archive.ubuntu.com/ubuntu noble-updates/main amd64 lib32gcc-13-dev amd64 13.3.0-6ubuntu2~24.04 [2380 kB]
rust-proxy-smoke	Run /./.github/actions/setup-ocaml	2025-09-27T21:21:40.5078868Z Get:21 http://azure.archive.ubuntu.com/ubuntu noble-updates/main amd64 libx32gcc-13-dev amd64 13.3.0-6ubuntu2~24.04 [2190 kB]
rust-proxy-smoke	Run /./.github/actions/setup-ocaml	2025-09-27T21:21:40.5980834Z Get:22 http://azure.archive.ubuntu.com/ubuntu noble-updates/main amd64 gcc-13-multilib amd64 13.3.0-6ubuntu2~24.04 [878 B]
rust-proxy-smoke	Run /./.github/actions/setup-ocaml	2025-09-27T21:21:40.6273665Z Get:23 http://azure.archive.ubuntu.com/ubuntu noble-updates/main amd64 lib32stdc++-13-dev amd64 13.3.0-6ubuntu2~24.04 [1150 kB]
rust-proxy-smoke	Run /./.github/actions/setup-ocaml	2025-09-27T21:21:40.6895851Z Get:24 http://azure.archive.ubuntu.com/ubuntu noble-updates/main amd64 libx32stdc++-13-dev amd64 13.3.0-6ubuntu2~24.04 [1086 kB]
rust-proxy-smoke	Run /./.github/actions/setup-ocaml	2025-09-27T21:21:40.7459678Z Get:25 http://azure.archive.ubuntu.com/ubuntu noble-updates/main amd64 g++-13-multilib amd64 13.3.0-6ubuntu2~24.04 [890 B]
rust-proxy-smoke	Run /./.github/actions/setup-ocaml	2025-09-27T21:21:40.7717264Z Get:26 http://azure.archive.ubuntu.com/ubuntu noble/main amd64 gcc-multilib amd64 4:13.2.0-7ubuntu1 [1474 B]
rust-proxy-smoke	Run /./.github/actions/setup-ocaml	2025-09-27T21:21:40.7972405Z Get:27 http://azure.archive.ubuntu.com/ubuntu noble/main amd64 g++-multilib amd64 4:13.2.0-7ubuntu1 [884 B]
rust-proxy-smoke	Run /./.github/actions/setup-ocaml	2025-09-27T21:21:40.8237951Z Get:28 http://azure.archive.ubuntu.com/ubuntu noble/universe amd64 musl amd64 1.2.4-2 [416 kB]
rust-proxy-smoke	Run /./.github/actions/setup-ocaml	2025-09-27T21:21:40.8531544Z Get:29 http://azure.archive.ubuntu.com/ubuntu noble/universe amd64 musl-dev amd64 1.2.4-2 [616 kB]
rust-proxy-smoke	Run /./.github/actions/setup-ocaml	2025-09-27T21:21:40.9040329Z Get:30 http://azure.archive.ubuntu.com/ubuntu noble/universe amd64 musl-tools amd64 1.2.4-2 [5540 B]
rust-proxy-smoke	Run /./.github/actions/setup-ocaml	2025-09-27T21:21:41.1869730Z Fetched 23.6 MB in 1s (16.3 MB/s)
rust-proxy-smoke	Run /./.github/actions/setup-ocaml	2025-09-27T21:21:41.2555813Z Selecting previously unselected package bubblewrap.
rust-proxy-smoke	Run /./.github/actions/setup-ocaml	2025-09-27T21:21:41.4321020Z (Reading database ... 
rust-proxy-smoke	Run /./.github/actions/setup-ocaml	2025-09-27T21:21:41.4321381Z (Reading database ... 5%
rust-proxy-smoke	Run /./.github/actions/setup-ocaml	2025-09-27T21:21:41.4321611Z (Reading database ... 10%
rust-proxy-smoke	Run /./.github/actions/setup-ocaml	2025-09-27T21:21:41.4321828Z (Reading database ... 15%
rust-proxy-smoke	Run /./.github/actions/setup-ocaml	2025-09-27T21:21:41.4322039Z (Reading database ... 20%
rust-proxy-smoke	Run /./.github/actions/setup-ocaml	2025-09-27T21:21:41.4322246Z (Reading database ... 25%
rust-proxy-smoke	Run /./.github/actions/setup-ocaml	2025-09-27T21:21:41.4322448Z (Reading database ... 30%
rust-proxy-smoke	Run /./.github/actions/setup-ocaml	2025-09-27T21:21:41.4322653Z (Reading database ... 35%
rust-proxy-smoke	Run /./.github/actions/setup-ocaml	2025-09-27T21:21:41.4322855Z (Reading database ... 40%
rust-proxy-smoke	Run /./.github/actions/setup-ocaml	2025-09-27T21:21:41.4323076Z (Reading database ... 45%
rust-proxy-smoke	Run /./.github/actions/setup-ocaml	2025-09-27T21:21:41.4323288Z (Reading database ... 50%
rust-proxy-smoke	Run /./.github/actions/setup-ocaml	2025-09-27T21:21:41.6025346Z (Reading database ... 55%
rust-proxy-smoke	Run /./.github/actions/setup-ocaml	2025-09-27T21:21:42.3399535Z (Reading database ... 60%
rust-proxy-smoke	Run /./.github/actions/setup-ocaml	2025-09-27T21:21:43.0545042Z (Reading database ... 65%
rust-proxy-smoke	Run /./.github/actions/setup-ocaml	2025-09-27T21:21:43.7565179Z (Reading database ... 70%
rust-proxy-smoke	Run /./.github/actions/setup-ocaml	2025-09-27T21:21:44.4323613Z (Reading database ... 75%
rust-proxy-smoke	Run /./.github/actions/setup-ocaml	2025-09-27T21:21:45.2859510Z (Reading database ... 80%
rust-proxy-smoke	Run /./.github/actions/setup-ocaml	2025-09-27T21:21:46.0616981Z (Reading database ... 85%
rust-proxy-smoke	Run /./.github/actions/setup-ocaml	2025-09-27T21:21:47.2010275Z (Reading database ... 90%
rust-proxy-smoke	Run /./.github/actions/setup-ocaml	2025-09-27T21:21:47.9953950Z (Reading database ... 95%
rust-proxy-smoke	Run /./.github/actions/setup-ocaml	2025-09-27T21:21:47.9954352Z (Reading database ... 100%
rust-proxy-smoke	Run /./.github/actions/setup-ocaml	2025-09-27T21:21:47.9954759Z (Reading database ... 214164 files and directories currently installed.)
rust-proxy-smoke	Run /./.github/actions/setup-ocaml	2025-09-27T21:21:48.0002943Z Preparing to unpack .../00-bubblewrap_0.9.0-1ubuntu0.1_amd64.deb ...
rust-proxy-smoke	Run /./.github/actions/setup-ocaml	2025-09-27T21:21:48.0038086Z Unpacking bubblewrap (0.9.0-1ubuntu0.1) ...
rust-proxy-smoke	Run /./.github/actions/setup-ocaml	2025-09-27T21:21:48.0709194Z Selecting previously unselected package libc6-dev-i386.
rust-proxy-smoke	Run /./.github/actions/setup-ocaml	2025-09-27T21:21:48.0843703Z Preparing to unpack .../01-libc6-dev-i386_2.39-0ubuntu8.6_amd64.deb ...
rust-proxy-smoke	Run /./.github/actions/setup-ocaml	2025-09-27T21:21:48.0854109Z Unpacking libc6-dev-i386 (2.39-0ubuntu8.6) ...
rust-proxy-smoke	Run /./.github/actions/setup-ocaml	2025-09-27T21:21:48.2035972Z Selecting previously unselected package libc6-x32.
rust-proxy-smoke	Run /./.github/actions/setup-ocaml	2025-09-27T21:21:48.2170145Z Preparing to unpack .../02-libc6-x32_2.39-0ubuntu8.6_amd64.deb ...
rust-proxy-smoke	Run /./.github/actions/setup-ocaml	2025-09-27T21:21:48.2267437Z Unpacking libc6-x32 (2.39-0ubuntu8.6) ...
rust-proxy-smoke	Run /./.github/actions/setup-ocaml	2025-09-27T21:21:48.3418921Z Selecting previously unselected package libc6-dev-x32.
rust-proxy-smoke	Run /./.github/actions/setup-ocaml	2025-09-27T21:21:48.3558291Z Preparing to unpack .../03-libc6-dev-x32_2.39-0ubuntu8.6_amd64.deb ...
rust-proxy-smoke	Run /./.github/actions/setup-ocaml	2025-09-27T21:21:48.3570311Z Unpacking libc6-dev-x32 (2.39-0ubuntu8.6) ...
rust-proxy-smoke	Run /./.github/actions/setup-ocaml	2025-09-27T21:21:48.4160838Z Selecting previously unselected package libx32gcc-s1.
rust-proxy-smoke	Run /./.github/actions/setup-ocaml	2025-09-27T21:21:48.4298136Z Preparing to unpack .../04-libx32gcc-s1_14.2.0-4ubuntu2~24.04_amd64.deb ...
rust-proxy-smoke	Run /./.github/actions/setup-ocaml	2025-09-27T21:21:48.4309463Z Unpacking libx32gcc-s1 (14.2.0-4ubuntu2~24.04) ...
rust-proxy-smoke	Run /./.github/actions/setup-ocaml	2025-09-27T21:21:48.4546759Z Selecting previously unselected package lib32gomp1.
rust-proxy-smoke	Run /./.github/actions/setup-ocaml	2025-09-27T21:21:48.4682711Z Preparing to unpack .../05-lib32gomp1_14.2.0-4ubuntu2~24.04_amd64.deb ...
rust-proxy-smoke	Run /./.github/actions/setup-ocaml	2025-09-27T21:21:48.4693046Z Unpacking lib32gomp1 (14.2.0-4ubuntu2~24.04) ...
rust-proxy-smoke	Run /./.github/actions/setup-ocaml	2025-09-27T21:21:48.4947333Z Selecting previously unselected package libx32gomp1.
rust-proxy-smoke	Run /./.github/actions/setup-ocaml	2025-09-27T21:21:48.5085285Z Preparing to unpack .../06-libx32gomp1_14.2.0-4ubuntu2~24.04_amd64.deb ...
rust-proxy-smoke	Run /./.github/actions/setup-ocaml	2025-09-27T21:21:48.5096917Z Unpacking libx32gomp1 (14.2.0-4ubuntu2~24.04) ...
rust-proxy-smoke	Run /./.github/actions/setup-ocaml	2025-09-27T21:21:48.5341172Z Selecting previously unselected package lib32itm1.
rust-proxy-smoke	Run /./.github/actions/setup-ocaml	2025-09-27T21:21:48.5478214Z Preparing to unpack .../07-lib32itm1_14.2.0-4ubuntu2~24.04_amd64.deb ...
rust-proxy-smoke	Run /./.github/actions/setup-ocaml	2025-09-27T21:21:48.5489811Z Unpacking lib32itm1 (14.2.0-4ubuntu2~24.04) ...
rust-proxy-smoke	Run /./.github/actions/setup-ocaml	2025-09-27T21:21:48.5739533Z Selecting previously unselected package libx32itm1.
rust-proxy-smoke	Run /./.github/actions/setup-ocaml	2025-09-27T21:21:48.5874805Z Preparing to unpack .../08-libx32itm1_14.2.0-4ubuntu2~24.04_amd64.deb ...
rust-proxy-smoke	Run /./.github/actions/setup-ocaml	2025-09-27T21:21:48.5887064Z Unpacking libx32itm1 (14.2.0-4ubuntu2~24.04) ...
rust-proxy-smoke	Run /./.github/actions/setup-ocaml	2025-09-27T21:21:48.6142850Z Selecting previously unselected package lib32atomic1.
rust-proxy-smoke	Run /./.github/actions/setup-ocaml	2025-09-27T21:21:48.6279691Z Preparing to unpack .../09-lib32atomic1_14.2.0-4ubuntu2~24.04_amd64.deb ...
rust-proxy-smoke	Run /./.github/actions/setup-ocaml	2025-09-27T21:21:48.6290374Z Unpacking lib32atomic1 (14.2.0-4ubuntu2~24.04) ...
rust-proxy-smoke	Run /./.github/actions/setup-ocaml	2025-09-27T21:21:48.6523239Z Selecting previously unselected package libx32atomic1.
rust-proxy-smoke	Run /./.github/actions/setup-ocaml	2025-09-27T21:21:48.6661689Z Preparing to unpack .../10-libx32atomic1_14.2.0-4ubuntu2~24.04_amd64.deb ...
rust-proxy-smoke	Run /./.github/actions/setup-ocaml	2025-09-27T21:21:48.6698508Z Unpacking libx32atomic1 (14.2.0-4ubuntu2~24.04) ...
rust-proxy-smoke	Run /./.github/actions/setup-ocaml	2025-09-27T21:21:48.6923139Z Selecting previously unselected package lib32asan8.
rust-proxy-smoke	Run /./.github/actions/setup-ocaml	2025-09-27T21:21:48.7057847Z Preparing to unpack .../11-lib32asan8_14.2.0-4ubuntu2~24.04_amd64.deb ...
rust-proxy-smoke	Run /./.github/actions/setup-ocaml	2025-09-27T21:21:48.7069329Z Unpacking lib32asan8 (14.2.0-4ubuntu2~24.04) ...
rust-proxy-smoke	Run /./.github/actions/setup-ocaml	2025-09-27T21:21:48.7702841Z Selecting previously unselected package libx32asan8.
rust-proxy-smoke	Run /./.github/actions/setup-ocaml	2025-09-27T21:21:48.7839709Z Preparing to unpack .../12-libx32asan8_14.2.0-4ubuntu2~24.04_amd64.deb ...
rust-proxy-smoke	Run /./.github/actions/setup-ocaml	2025-09-27T21:21:48.7852379Z Unpacking libx32asan8 (14.2.0-4ubuntu2~24.04) ...
rust-proxy-smoke	Run /./.github/actions/setup-ocaml	2025-09-27T21:21:48.8512926Z Selecting previously unselected package lib32ubsan1.
rust-proxy-smoke	Run /./.github/actions/setup-ocaml	2025-09-27T21:21:48.8646470Z Preparing to unpack .../13-lib32ubsan1_14.2.0-4ubuntu2~24.04_amd64.deb ...
rust-proxy-smoke	Run /./.github/actions/setup-ocaml	2025-09-27T21:21:48.8657127Z Unpacking lib32ubsan1 (14.2.0-4ubuntu2~24.04) ...
rust-proxy-smoke	Run /./.github/actions/setup-ocaml	2025-09-27T21:21:48.9034928Z Selecting previously unselected package libx32stdc++6.
rust-proxy-smoke	Run /./.github/actions/setup-ocaml	2025-09-27T21:21:48.9167647Z Preparing to unpack .../14-libx32stdc++6_14.2.0-4ubuntu2~24.04_amd64.deb ...
rust-proxy-smoke	Run /./.github/actions/setup-ocaml	2025-09-27T21:21:48.9179372Z Unpacking libx32stdc++6 (14.2.0-4ubuntu2~24.04) ...
rust-proxy-smoke	Run /./.github/actions/setup-ocaml	2025-09-27T21:21:48.9543160Z Selecting previously unselected package libx32ubsan1.
rust-proxy-smoke	Run /./.github/actions/setup-ocaml	2025-09-27T21:21:48.9675825Z Preparing to unpack .../15-libx32ubsan1_14.2.0-4ubuntu2~24.04_amd64.deb ...
rust-proxy-smoke	Run /./.github/actions/setup-ocaml	2025-09-27T21:21:48.9685900Z Unpacking libx32ubsan1 (14.2.0-4ubuntu2~24.04) ...
rust-proxy-smoke	Run /./.github/actions/setup-ocaml	2025-09-27T21:21:49.0061845Z Selecting previously unselected package lib32quadmath0.
rust-proxy-smoke	Run /./.github/actions/setup-ocaml	2025-09-27T21:21:49.0195704Z Preparing to unpack .../16-lib32quadmath0_14.2.0-4ubuntu2~24.04_amd64.deb ...
rust-proxy-smoke	Run /./.github/actions/setup-ocaml	2025-09-27T21:21:49.0206129Z Unpacking lib32quadmath0 (14.2.0-4ubuntu2~24.04) ...
rust-proxy-smoke	Run /./.github/actions/setup-ocaml	2025-09-27T21:21:49.0457656Z Selecting previously unselected package libx32quadmath0.
rust-proxy-smoke	Run /./.github/actions/setup-ocaml	2025-09-27T21:21:49.0592864Z Preparing to unpack .../17-libx32quadmath0_14.2.0-4ubuntu2~24.04_amd64.deb ...
rust-proxy-smoke	Run /./.github/actions/setup-ocaml	2025-09-27T21:21:49.0610035Z Unpacking libx32quadmath0 (14.2.0-4ubuntu2~24.04) ...
rust-proxy-smoke	Run /./.github/actions/setup-ocaml	2025-09-27T21:21:49.0836397Z Selecting previously unselected package lib32gcc-13-dev.
rust-proxy-smoke	Run /./.github/actions/setup-ocaml	2025-09-27T21:21:49.0969243Z Preparing to unpack .../18-lib32gcc-13-dev_13.3.0-6ubuntu2~24.04_amd64.deb ...
rust-proxy-smoke	Run /./.github/actions/setup-ocaml	2025-09-27T21:21:49.0981849Z Unpacking lib32gcc-13-dev (13.3.0-6ubuntu2~24.04) ...
rust-proxy-smoke	Run /./.github/actions/setup-ocaml	2025-09-27T21:21:49.1597988Z Selecting previously unselected package libx32gcc-13-dev.
rust-proxy-smoke	Run /./.github/actions/setup-ocaml	2025-09-27T21:21:49.1730434Z Preparing to unpack .../19-libx32gcc-13-dev_13.3.0-6ubuntu2~24.04_amd64.deb ...
rust-proxy-smoke	Run /./.github/actions/setup-ocaml	2025-09-27T21:21:49.1739756Z Unpacking libx32gcc-13-dev (13.3.0-6ubuntu2~24.04) ...
rust-proxy-smoke	Run /./.github/actions/setup-ocaml	2025-09-27T21:21:49.2304688Z Selecting previously unselected package gcc-13-multilib.
rust-proxy-smoke	Run /./.github/actions/setup-ocaml	2025-09-27T21:21:49.2440414Z Preparing to unpack .../20-gcc-13-multilib_13.3.0-6ubuntu2~24.04_amd64.deb ...
rust-proxy-smoke	Run /./.github/actions/setup-ocaml	2025-09-27T21:21:49.2453108Z Unpacking gcc-13-multilib (13.3.0-6ubuntu2~24.04) ...
rust-proxy-smoke	Run /./.github/actions/setup-ocaml	2025-09-27T21:21:49.2659744Z Selecting previously unselected package lib32stdc++-13-dev.
rust-proxy-smoke	Run /./.github/actions/setup-ocaml	2025-09-27T21:21:49.2794028Z Preparing to unpack .../21-lib32stdc++-13-dev_13.3.0-6ubuntu2~24.04_amd64.deb ...
rust-proxy-smoke	Run /./.github/actions/setup-ocaml	2025-09-27T21:21:49.2804406Z Unpacking lib32stdc++-13-dev (13.3.0-6ubuntu2~24.04) ...
rust-proxy-smoke	Run /./.github/actions/setup-ocaml	2025-09-27T21:21:49.3408934Z Selecting previously unselected package libx32stdc++-13-dev.
rust-proxy-smoke	Run /./.github/actions/setup-ocaml	2025-09-27T21:21:49.3542067Z Preparing to unpack .../22-libx32stdc++-13-dev_13.3.0-6ubuntu2~24.04_amd64.deb ...
rust-proxy-smoke	Run /./.github/actions/setup-ocaml	2025-09-27T21:21:49.3553054Z Unpacking libx32stdc++-13-dev (13.3.0-6ubuntu2~24.04) ...
rust-proxy-smoke	Run /./.github/actions/setup-ocaml	2025-09-27T21:21:49.4048603Z Selecting previously unselected package g++-13-multilib.
rust-proxy-smoke	Run /./.github/actions/setup-ocaml	2025-09-27T21:21:49.4182286Z Preparing to unpack .../23-g++-13-multilib_13.3.0-6ubuntu2~24.04_amd64.deb ...
rust-proxy-smoke	Run /./.github/actions/setup-ocaml	2025-09-27T21:21:49.4192499Z Unpacking g++-13-multilib (13.3.0-6ubuntu2~24.04) ...
rust-proxy-smoke	Run /./.github/actions/setup-ocaml	2025-09-27T21:21:49.4388389Z Selecting previously unselected package gcc-multilib.
rust-proxy-smoke	Run /./.github/actions/setup-ocaml	2025-09-27T21:21:49.4524880Z Preparing to unpack .../24-gcc-multilib_4%3a13.2.0-7ubuntu1_amd64.deb ...
rust-proxy-smoke	Run /./.github/actions/setup-ocaml	2025-09-27T21:21:49.4535941Z Unpacking gcc-multilib (4:13.2.0-7ubuntu1) ...
rust-proxy-smoke	Run /./.github/actions/setup-ocaml	2025-09-27T21:21:49.4732642Z Selecting previously unselected package g++-multilib.
rust-proxy-smoke	Run /./.github/actions/setup-ocaml	2025-09-27T21:21:49.4867267Z Preparing to unpack .../25-g++-multilib_4%3a13.2.0-7ubuntu1_amd64.deb ...
rust-proxy-smoke	Run /./.github/actions/setup-ocaml	2025-09-27T21:21:49.4878042Z Unpacking g++-multilib (4:13.2.0-7ubuntu1) ...
rust-proxy-smoke	Run /./.github/actions/setup-ocaml	2025-09-27T21:21:49.5077730Z Selecting previously unselected package musl:amd64.
rust-proxy-smoke	Run /./.github/actions/setup-ocaml	2025-09-27T21:21:49.5211822Z Preparing to unpack .../26-musl_1.2.4-2_amd64.deb ...
rust-proxy-smoke	Run /./.github/actions/setup-ocaml	2025-09-27T21:21:49.5222367Z Unpacking musl:amd64 (1.2.4-2) ...
rust-proxy-smoke	Run /./.github/actions/setup-ocaml	2025-09-27T21:21:49.5665228Z Selecting previously unselected package musl-dev:amd64.
rust-proxy-smoke	Run /./.github/actions/setup-ocaml	2025-09-27T21:21:49.5813993Z Preparing to unpack .../27-musl-dev_1.2.4-2_amd64.deb ...
rust-proxy-smoke	Run /./.github/actions/setup-ocaml	2025-09-27T21:21:49.5824641Z Unpacking musl-dev:amd64 (1.2.4-2) ...
rust-proxy-smoke	Run /./.github/actions/setup-ocaml	2025-09-27T21:21:49.6469286Z Selecting previously unselected package musl-tools.
rust-proxy-smoke	Run /./.github/actions/setup-ocaml	2025-09-27T21:21:49.6605294Z Preparing to unpack .../28-musl-tools_1.2.4-2_amd64.deb ...
rust-proxy-smoke	Run /./.github/actions/setup-ocaml	2025-09-27T21:21:49.6657331Z Unpacking musl-tools (1.2.4-2) ...
rust-proxy-smoke	Run /./.github/actions/setup-ocaml	2025-09-27T21:21:49.7322954Z Setting up bubblewrap (0.9.0-1ubuntu0.1) ...
rust-proxy-smoke	Run /./.github/actions/setup-ocaml	2025-09-27T21:21:49.7373170Z Setting up libc6-dev-i386 (2.39-0ubuntu8.6) ...
rust-proxy-smoke	Run /./.github/actions/setup-ocaml	2025-09-27T21:21:49.7401648Z Setting up lib32itm1 (14.2.0-4ubuntu2~24.04) ...
rust-proxy-smoke	Run /./.github/actions/setup-ocaml	2025-09-27T21:21:49.7429574Z Setting up lib32ubsan1 (14.2.0-4ubuntu2~24.04) ...
rust-proxy-smoke	Run /./.github/actions/setup-ocaml	2025-09-27T21:21:49.7454855Z Setting up libc6-x32 (2.39-0ubuntu8.6) ...
rust-proxy-smoke	Run /./.github/actions/setup-ocaml	2025-09-27T21:21:49.7498008Z Setting up libc6-dev-x32 (2.39-0ubuntu8.6) ...
rust-proxy-smoke	Run /./.github/actions/setup-ocaml	2025-09-27T21:21:49.7522177Z Setting up lib32gomp1 (14.2.0-4ubuntu2~24.04) ...
rust-proxy-smoke	Run /./.github/actions/setup-ocaml	2025-09-27T21:21:49.7547489Z Setting up lib32asan8 (14.2.0-4ubuntu2~24.04) ...
rust-proxy-smoke	Run /./.github/actions/setup-ocaml	2025-09-27T21:21:49.7574224Z Setting up libx32gomp1 (14.2.0-4ubuntu2~24.04) ...
rust-proxy-smoke	Run /./.github/actions/setup-ocaml	2025-09-27T21:21:49.7599397Z Setting up musl:amd64 (1.2.4-2) ...
rust-proxy-smoke	Run /./.github/actions/setup-ocaml	2025-09-27T21:21:49.7642498Z Setting up lib32quadmath0 (14.2.0-4ubuntu2~24.04) ...
rust-proxy-smoke	Run /./.github/actions/setup-ocaml	2025-09-27T21:21:49.7667388Z Setting up libx32quadmath0 (14.2.0-4ubuntu2~24.04) ...
rust-proxy-smoke	Run /./.github/actions/setup-ocaml	2025-09-27T21:21:49.7693628Z Setting up lib32atomic1 (14.2.0-4ubuntu2~24.04) ...
rust-proxy-smoke	Run /./.github/actions/setup-ocaml	2025-09-27T21:21:49.7735840Z Setting up libx32atomic1 (14.2.0-4ubuntu2~24.04) ...
rust-proxy-smoke	Run /./.github/actions/setup-ocaml	2025-09-27T21:21:49.7763154Z Setting up libx32gcc-s1 (14.2.0-4ubuntu2~24.04) ...
rust-proxy-smoke	Run /./.github/actions/setup-ocaml	2025-09-27T21:21:49.7790193Z Setting up libx32itm1 (14.2.0-4ubuntu2~24.04) ...
rust-proxy-smoke	Run /./.github/actions/setup-ocaml	2025-09-27T21:21:49.7816721Z Setting up libx32asan8 (14.2.0-4ubuntu2~24.04) ...
rust-proxy-smoke	Run /./.github/actions/setup-ocaml	2025-09-27T21:21:49.7844075Z Setting up musl-dev:amd64 (1.2.4-2) ...
rust-proxy-smoke	Run /./.github/actions/setup-ocaml	2025-09-27T21:21:49.7880034Z Setting up libx32stdc++6 (14.2.0-4ubuntu2~24.04) ...
rust-proxy-smoke	Run /./.github/actions/setup-ocaml	2025-09-27T21:21:49.7907790Z Setting up libx32ubsan1 (14.2.0-4ubuntu2~24.04) ...
rust-proxy-smoke	Run /./.github/actions/setup-ocaml	2025-09-27T21:21:49.7933726Z Setting up lib32gcc-13-dev (13.3.0-6ubuntu2~24.04) ...
rust-proxy-smoke	Run /./.github/actions/setup-ocaml	2025-09-27T21:21:49.7960919Z Setting up musl-tools (1.2.4-2) ...
rust-proxy-smoke	Run /./.github/actions/setup-ocaml	2025-09-27T21:21:49.7989494Z Setting up libx32gcc-13-dev (13.3.0-6ubuntu2~24.04) ...
rust-proxy-smoke	Run /./.github/actions/setup-ocaml	2025-09-27T21:21:49.8014950Z Setting up gcc-13-multilib (13.3.0-6ubuntu2~24.04) ...
rust-proxy-smoke	Run /./.github/actions/setup-ocaml	2025-09-27T21:21:49.8045627Z Setting up lib32stdc++-13-dev (13.3.0-6ubuntu2~24.04) ...
rust-proxy-smoke	Run /./.github/actions/setup-ocaml	2025-09-27T21:21:49.8074150Z Setting up gcc-multilib (4:13.2.0-7ubuntu1) ...
rust-proxy-smoke	Run /./.github/actions/setup-ocaml	2025-09-27T21:21:49.8100958Z Setting up libx32stdc++-13-dev (13.3.0-6ubuntu2~24.04) ...
rust-proxy-smoke	Run /./.github/actions/setup-ocaml	2025-09-27T21:21:49.8127974Z Setting up g++-13-multilib (13.3.0-6ubuntu2~24.04) ...
rust-proxy-smoke	Run /./.github/actions/setup-ocaml	2025-09-27T21:21:49.8156472Z Setting up g++-multilib (4:13.2.0-7ubuntu1) ...
rust-proxy-smoke	Run /./.github/actions/setup-ocaml	2025-09-27T21:21:49.8190711Z Processing triggers for libc-bin (2.39-0ubuntu8.6) ...
rust-proxy-smoke	Run /./.github/actions/setup-ocaml	2025-09-27T21:21:51.9550909Z Processing triggers for man-db (2.12.0-4build2) ...
rust-proxy-smoke	Run /./.github/actions/setup-ocaml	2025-09-27T21:23:38.7749904Z 
rust-proxy-smoke	Run /./.github/actions/setup-ocaml	2025-09-27T21:23:38.7752437Z Running kernel seems to be up-to-date.
rust-proxy-smoke	Run /./.github/actions/setup-ocaml	2025-09-27T21:23:38.7752914Z 
rust-proxy-smoke	Run /./.github/actions/setup-ocaml	2025-09-27T21:23:38.7753095Z Restarting services...
rust-proxy-smoke	Run /./.github/actions/setup-ocaml	2025-09-27T21:23:38.7826078Z 
rust-proxy-smoke	Run /./.github/actions/setup-ocaml	2025-09-27T21:23:38.7826304Z Service restarts being deferred:
rust-proxy-smoke	Run /./.github/actions/setup-ocaml	2025-09-27T21:23:38.7830701Z  systemctl restart hosted-compute-agent.service
rust-proxy-smoke	Run /./.github/actions/setup-ocaml	2025-09-27T21:23:38.7831076Z 
rust-proxy-smoke	Run /./.github/actions/setup-ocaml	2025-09-27T21:23:38.7831306Z No containers need to be restarted.
rust-proxy-smoke	Run /./.github/actions/setup-ocaml	2025-09-27T21:23:38.7831606Z 
rust-proxy-smoke	Run /./.github/actions/setup-ocaml	2025-09-27T21:23:38.7831784Z No user sessions are running outdated binaries.
rust-proxy-smoke	Run /./.github/actions/setup-ocaml	2025-09-27T21:23:38.7832004Z 
rust-proxy-smoke	Run /./.github/actions/setup-ocaml	2025-09-27T21:23:38.7832206Z No VM guests are running outdated hypervisor (qemu) binaries on this host.
rust-proxy-smoke	Run /./.github/actions/setup-ocaml	2025-09-27T21:23:39.6489931Z ##[group]Run mkdir -p "$HOME/.github-tools"
rust-proxy-smoke	Run /./.github/actions/setup-ocaml	2025-09-27T21:23:39.6490284Z [36;1mmkdir -p "$HOME/.github-tools"[0m
rust-proxy-smoke	Run /./.github/actions/setup-ocaml	2025-09-27T21:23:39.6490527Z [36;1m{[0m
rust-proxy-smoke	Run /./.github/actions/setup-ocaml	2025-09-27T21:23:39.6491314Z [36;1m  printf '%s\n' '#!/usr/bin/env bash'[0m
rust-proxy-smoke	Run /./.github/actions/setup-ocaml	2025-09-27T21:23:39.6491645Z [36;1m  printf '%s\n' 'if [[ "$1" == "apt-get" ]]; then'[0m
rust-proxy-smoke	Run /./.github/actions/setup-ocaml	2025-09-27T21:23:39.6491936Z [36;1m  printf '%s\n' '  args=()'[0m
rust-proxy-smoke	Run /./.github/actions/setup-ocaml	2025-09-27T21:23:39.6492202Z [36;1m  printf '%s\n' '  install_seen=false'[0m
rust-proxy-smoke	Run /./.github/actions/setup-ocaml	2025-09-27T21:23:39.6492471Z [36;1m  printf '%s\n' '  for arg in "$@"; do'[0m
rust-proxy-smoke	Run /./.github/actions/setup-ocaml	2025-09-27T21:23:39.6492769Z [36;1m  printf '%s\n' '    if [[ "$arg" == "install" ]]; then'[0m
rust-proxy-smoke	Run /./.github/actions/setup-ocaml	2025-09-27T21:23:39.6493071Z [36;1m  printf '%s\n' '      install_seen=true'[0m
rust-proxy-smoke	Run /./.github/actions/setup-ocaml	2025-09-27T21:23:39.6493329Z [36;1m  printf '%s\n' '    fi'[0m
rust-proxy-smoke	Run /./.github/actions/setup-ocaml	2025-09-27T21:23:39.6493633Z [36;1m  printf '%s\n' '    if [[ "$install_seen" == true && "$arg" == "darcs" ]]; then'[0m
rust-proxy-smoke	Run /./.github/actions/setup-ocaml	2025-09-27T21:23:39.6493974Z [36;1m  printf '%s\n' '      continue'[0m
rust-proxy-smoke	Run /./.github/actions/setup-ocaml	2025-09-27T21:23:39.6494212Z [36;1m  printf '%s\n' '    fi'[0m
rust-proxy-smoke	Run /./.github/actions/setup-ocaml	2025-09-27T21:23:39.6494439Z [36;1m  printf '%s\n' '    args+=("$arg")'[0m
rust-proxy-smoke	Run /./.github/actions/setup-ocaml	2025-09-27T21:23:39.6494683Z [36;1m  printf '%s\n' '  done'[0m
rust-proxy-smoke	Run /./.github/actions/setup-ocaml	2025-09-27T21:23:39.6494933Z [36;1m  printf '%s\n' '  exec /usr/bin/sudo "${args[@]}"'[0m
rust-proxy-smoke	Run /./.github/actions/setup-ocaml	2025-09-27T21:23:39.6495213Z [36;1m  printf '%s\n' 'fi'[0m
rust-proxy-smoke	Run /./.github/actions/setup-ocaml	2025-09-27T21:23:39.6495451Z [36;1m  printf '%s\n' 'exec /usr/bin/sudo "$@"'[0m
rust-proxy-smoke	Run /./.github/actions/setup-ocaml	2025-09-27T21:23:39.6495714Z [36;1m} > "$HOME/.github-tools/sudo"[0m
rust-proxy-smoke	Run /./.github/actions/setup-ocaml	2025-09-27T21:23:39.6495975Z [36;1mchmod +x "$HOME/.github-tools/sudo"[0m
rust-proxy-smoke	Run /./.github/actions/setup-ocaml	2025-09-27T21:23:39.6496284Z [36;1mecho "PATH=$HOME/.github-tools:$PATH" >> "$GITHUB_ENV"[0m
rust-proxy-smoke	Run /./.github/actions/setup-ocaml	2025-09-27T21:23:39.6529059Z shell: /usr/bin/bash --noprofile --norc -e -o pipefail {0}
rust-proxy-smoke	Run /./.github/actions/setup-ocaml	2025-09-27T21:23:39.6529382Z ##[endgroup]
rust-proxy-smoke	Run /./.github/actions/setup-ocaml	2025-09-27T21:23:39.6674751Z ##[group]Run ocaml/setup-ocaml@v2
rust-proxy-smoke	Run /./.github/actions/setup-ocaml	2025-09-27T21:23:39.6674983Z with:
rust-proxy-smoke	Run /./.github/actions/setup-ocaml	2025-09-27T21:23:39.6675158Z   ocaml-compiler: 4.14.1
rust-proxy-smoke	Run /./.github/actions/setup-ocaml	2025-09-27T21:23:39.6675387Z   allow-prerelease-opam: false
rust-proxy-smoke	Run /./.github/actions/setup-ocaml	2025-09-27T21:23:39.6675610Z   opam-pin: true
rust-proxy-smoke	Run /./.github/actions/setup-ocaml	2025-09-27T21:23:39.6675789Z   opam-depext: false
rust-proxy-smoke	Run /./.github/actions/setup-ocaml	2025-09-27T21:23:39.6675992Z   opam-local-packages: *.opam
rust-proxy-smoke	Run /./.github/actions/setup-ocaml	2025-09-27T21:23:39.6676224Z   opam-disable-sandboxing: false
rust-proxy-smoke	Run /./.github/actions/setup-ocaml	2025-09-27T21:23:39.6676447Z   dune-cache: false
rust-proxy-smoke	Run /./.github/actions/setup-ocaml	2025-09-27T21:23:39.6676630Z   cache-prefix: v1
rust-proxy-smoke	Run /./.github/actions/setup-ocaml	2025-09-27T21:23:39.6677100Z   github-token: ***
rust-proxy-smoke	Run /./.github/actions/setup-ocaml	2025-09-27T21:23:39.6677292Z env:
rust-proxy-smoke	Run /./.github/actions/setup-ocaml	2025-09-27T21:23:39.6678261Z   PATH: /home/runner/.github-tools:/snap/bin:/home/runner/.local/bin:/opt/pipx_bin:/home/runner/.cargo/bin:/home/runner/.config/composer/vendor/bin:/usr/local/.ghcup/bin:/home/runner/.dotnet/tools:/usr/local/sbin:/usr/local/bin:/usr/sbin:/usr/bin:/sbin:/bin:/usr/games:/usr/local/games:/snap/bin
rust-proxy-smoke	Run /./.github/actions/setup-ocaml	2025-09-27T21:23:39.6679295Z ##[endgroup]
rust-proxy-smoke	Run /./.github/actions/setup-ocaml	2025-09-27T21:23:39.8435709Z ##[group]Retrieve the opam cache
rust-proxy-smoke	Run /./.github/actions/setup-ocaml	2025-09-27T21:23:40.6016833Z ##[warning]Failed to restore: Cache service responded with 400
rust-proxy-smoke	Run /./.github/actions/setup-ocaml	2025-09-27T21:23:40.6018671Z Cache not found for input keys: v1-setup-ocaml-opam-2.1.6-sandbox-linux-24.04-x86_64-ocaml_base_compiler_4_14_1-2025-39, v1-setup-ocaml-opam-2.1.6-sandbox-linux-24.04-x86_64-ocaml_base_compiler_4_14_1-2025-39, v1-setup-ocaml-opam-2.1.6-sandbox-linux-24.04-x86_64-ocaml_base_compiler_4_14_1-2025-, v1-setup-ocaml-opam-2.1.6-sandbox-linux-24.04-x86_64-ocaml_base_compiler_4_14_1-
rust-proxy-smoke	Run /./.github/actions/setup-ocaml	2025-09-27T21:23:40.6020393Z ##[endgroup]
rust-proxy-smoke	Run /./.github/actions/setup-ocaml	2025-09-27T21:23:40.6020925Z ##[group]Install opam
rust-proxy-smoke	Run /./.github/actions/setup-ocaml	2025-09-27T21:23:41.1501442Z Acquired 2.1.6 from https://github.com/ocaml/opam/releases/download/2.1.6/opam-2.1.6-x86_64-linux
rust-proxy-smoke	Run /./.github/actions/setup-ocaml	2025-09-27T21:23:41.1587202Z Successfully cached opam to /opt/hostedtoolcache/opam/2.1.6/x86_64
rust-proxy-smoke	Run /./.github/actions/setup-ocaml	2025-09-27T21:23:41.1589092Z Added opam to the path
rust-proxy-smoke	Run /./.github/actions/setup-ocaml	2025-09-27T21:23:41.1589887Z ##[endgroup]
rust-proxy-smoke	Run /./.github/actions/setup-ocaml	2025-09-27T21:23:41.1590481Z ##[group]Initialise the opam state
rust-proxy-smoke	Run /./.github/actions/setup-ocaml	2025-09-27T21:23:41.1614061Z [command]/home/runner/.github-tools/sudo apt-get --yes install bubblewrap darcs g++-multilib gcc-multilib mercurial musl-tools rsync
rust-proxy-smoke	Run /./.github/actions/setup-ocaml	2025-09-27T21:23:41.1871232Z Reading package lists...
rust-proxy-smoke	Run /./.github/actions/setup-ocaml	2025-09-27T21:23:41.3611916Z Building dependency tree...
rust-proxy-smoke	Run /./.github/actions/setup-ocaml	2025-09-27T21:23:41.3619585Z Reading state information...
rust-proxy-smoke	Run /./.github/actions/setup-ocaml	2025-09-27T21:23:41.5322418Z bubblewrap is already the newest version (0.9.0-1ubuntu0.1).
rust-proxy-smoke	Run /./.github/actions/setup-ocaml	2025-09-27T21:23:41.5323229Z g++-multilib is already the newest version (4:13.2.0-7ubuntu1).
rust-proxy-smoke	Run /./.github/actions/setup-ocaml	2025-09-27T21:23:41.5323757Z gcc-multilib is already the newest version (4:13.2.0-7ubuntu1).
rust-proxy-smoke	Run /./.github/actions/setup-ocaml	2025-09-27T21:23:41.5324234Z mercurial is already the newest version (6.7.2-1ubuntu2.2).
rust-proxy-smoke	Run /./.github/actions/setup-ocaml	2025-09-27T21:23:41.5324676Z musl-tools is already the newest version (1.2.4-2).
rust-proxy-smoke	Run /./.github/actions/setup-ocaml	2025-09-27T21:23:41.5325095Z rsync is already the newest version (3.2.7-1ubuntu1.2).
rust-proxy-smoke	Run /./.github/actions/setup-ocaml	2025-09-27T21:23:41.5325542Z 0 upgraded, 0 newly installed, 0 to remove and 17 not upgraded.
rust-proxy-smoke	Run /./.github/actions/setup-ocaml	2025-09-27T21:23:41.5360876Z [command]/opt/hostedtoolcache/opam/2.1.6/x86_64/opam init --auto-setup --bare --enable-shell-hook
rust-proxy-smoke	Run /./.github/actions/setup-ocaml	2025-09-27T21:23:41.5546523Z No configuration file found, using built-in defaults.
rust-proxy-smoke	Run /./.github/actions/setup-ocaml	2025-09-27T21:23:41.5550327Z Checking for available remotes: rsync and local, git, mercurial.
rust-proxy-smoke	Run /./.github/actions/setup-ocaml	2025-09-27T21:23:41.5552186Z   - you won't be able to use darcs repositories unless you install the [01mdarcs[0m command on your system.
rust-proxy-smoke	Run /./.github/actions/setup-ocaml	2025-09-27T21:23:41.5553026Z 
rust-proxy-smoke	Run /./.github/actions/setup-ocaml	2025-09-27T21:23:41.5723449Z [31m[ERROR][0m Sandboxing is not working on your platform ubuntu:
rust-proxy-smoke	Run /./.github/actions/setup-ocaml	2025-09-27T21:23:41.5725064Z         "~/.opam/opam-init/hooks/sandbox.sh build sh -c echo SUCCESS >$TMPDIR/opam-sandbox-check-out && cat $TMPDIR/opam-sandbox-check-out; rm -f $TMPDIR/opam-sandbox-check-out" exited with code 1 "bwrap: loopback: Failed RTM_NEWADDR: Operation not permitted"
rust-proxy-smoke	Run /./.github/actions/setup-ocaml	2025-09-27T21:23:41.5726863Z Do you want to disable it?  Note that this will result in less secure package builds, so please ensure that you have some other isolation mechanisms in place (such as running within a container or virtual machine). [y/N] y
rust-proxy-smoke	Run /./.github/actions/setup-ocaml	2025-09-27T21:23:41.5728325Z 
rust-proxy-smoke	Run /./.github/actions/setup-ocaml	2025-09-27T21:23:41.5728909Z [36m<><>[0m [01mFetching repository information[0m [36m><><><><><><><><><><><><><><><><><><><><><>[0m
rust-proxy-smoke	Run /./.github/actions/setup-ocaml	2025-09-27T21:23:44.5595941Z [[32mdefault[0m] Initialised
rust-proxy-smoke	Run /./.github/actions/setup-ocaml	2025-09-27T21:23:56.5342331Z 
rust-proxy-smoke	Run /./.github/actions/setup-ocaml	2025-09-27T21:23:56.5342793Z User configuration:
rust-proxy-smoke	Run /./.github/actions/setup-ocaml	2025-09-27T21:23:56.5412941Z   Updating ~/.bash_profile.
rust-proxy-smoke	Run /./.github/actions/setup-ocaml	2025-09-27T21:23:56.5414137Z [1;34m[NOTE][0m Make sure that ~/.bash_profile is well [04msourced[0m in your ~/.bashrc.
rust-proxy-smoke	Run /./.github/actions/setup-ocaml	2025-09-27T21:23:56.5415094Z 
rust-proxy-smoke	Run /./.github/actions/setup-ocaml	2025-09-27T21:23:57.6655626Z ##[endgroup]
rust-proxy-smoke	Run /./.github/actions/setup-ocaml	2025-09-27T21:23:57.6656403Z ##[group]Remove the opam repositories
rust-proxy-smoke	Run /./.github/actions/setup-ocaml	2025-09-27T21:23:57.6681729Z [command]/opt/hostedtoolcache/opam/2.1.6/x86_64/opam repository list --all-switches --short
rust-proxy-smoke	Run /./.github/actions/setup-ocaml	2025-09-27T21:23:57.7237144Z default
rust-proxy-smoke	Run /./.github/actions/setup-ocaml	2025-09-27T21:23:57.7265428Z [command]/opt/hostedtoolcache/opam/2.1.6/x86_64/opam repository remove default --all-switches
rust-proxy-smoke	Run /./.github/actions/setup-ocaml	2025-09-27T21:23:57.7876155Z ##[endgroup]
rust-proxy-smoke	Run /./.github/actions/setup-ocaml	2025-09-27T21:23:57.7877644Z ##[group]Initialise the opam repositories
rust-proxy-smoke	Run /./.github/actions/setup-ocaml	2025-09-27T21:23:57.7894961Z [command]/opt/hostedtoolcache/opam/2.1.6/x86_64/opam repository add default https://github.com/ocaml/opam-repository.git --all-switches --set-default
rust-proxy-smoke	Run /./.github/actions/setup-ocaml	2025-09-27T21:24:32.4096105Z [[32mdefault[0m] Initialised
rust-proxy-smoke	Run /./.github/actions/setup-ocaml	2025-09-27T21:24:43.7097706Z ##[endgroup]
rust-proxy-smoke	Run /./.github/actions/setup-ocaml	2025-09-27T21:24:43.8466097Z ##[group]Install OCaml
rust-proxy-smoke	Run /./.github/actions/setup-ocaml	2025-09-27T21:24:43.8483288Z [command]/opt/hostedtoolcache/opam/2.1.6/x86_64/opam switch create . --no-install --packages ocaml-base-compiler.4.14.1
rust-proxy-smoke	Run /./.github/actions/setup-ocaml	2025-09-27T21:24:44.0523003Z 
rust-proxy-smoke	Run /./.github/actions/setup-ocaml	2025-09-27T21:24:44.0524185Z [36m<><>[0m [01mInstalling new switch packages[0m [36m<><><><><><><><><><><><><><><><><><><><><><>[0m
rust-proxy-smoke	Run /./.github/actions/setup-ocaml	2025-09-27T21:24:44.0524965Z Switch invariant: ["ocaml-base-compiler" {= "4.14.1"}]
rust-proxy-smoke	Run /./.github/actions/setup-ocaml	2025-09-27T21:24:48.1796317Z 
rust-proxy-smoke	Run /./.github/actions/setup-ocaml	2025-09-27T21:24:48.1797544Z [36m<><>[0m [01mProcessing actions[0m [36m<><><><><><><><><><><><><><><><><><><><><><><><><><><><>[0m
rust-proxy-smoke	Run /./.github/actions/setup-ocaml	2025-09-27T21:24:50.6785266Z [32mâ[0m installed [01mbase-bigarray[0m.base
rust-proxy-smoke	Run /./.github/actions/setup-ocaml	2025-09-27T21:24:50.6792838Z [32mâ[0m installed [01mbase-threads[0m.base
rust-proxy-smoke	Run /./.github/actions/setup-ocaml	2025-09-27T21:24:50.6800507Z [32mâ[0m installed [01mbase-unix[0m.base
rust-proxy-smoke	Run /./.github/actions/setup-ocaml	2025-09-27T21:24:50.6808462Z [32mâ[0m installed [01mocaml-options-vanilla[0m.1
rust-proxy-smoke	Run /./.github/actions/setup-ocaml	2025-09-27T21:24:50.7808699Z [36mâ¬[0m retrieved [01mocaml-config[0m.2  (2 extra sources)
rust-proxy-smoke	Run /./.github/actions/setup-ocaml	2025-09-27T21:24:51.2282658Z [36mâ¬[0m retrieved [01mocaml-base-compiler[0m.4.14.1  (https://github.com/ocaml/ocaml/archive/4.14.1.tar.gz)
rust-proxy-smoke	Run /./.github/actions/setup-ocaml	2025-09-27T21:27:25.2582508Z [32mâ[0m installed [01mocaml-base-compiler[0m.4.14.1
rust-proxy-smoke	Run /./.github/actions/setup-ocaml	2025-09-27T21:27:25.2766765Z [32mâ[0m installed [01mocaml-config[0m.2
rust-proxy-smoke	Run /./.github/actions/setup-ocaml	2025-09-27T21:27:25.3294559Z [32mâ[0m installed [01mocaml[0m.4.14.1
rust-proxy-smoke	Run /./.github/actions/setup-ocaml	2025-09-27T21:27:25.7101753Z Done.
rust-proxy-smoke	Run /./.github/actions/setup-ocaml	2025-09-27T21:27:25.7108995Z # Run [01meval $(opam env)[0m to update the current shell environment
rust-proxy-smoke	Run /./.github/actions/setup-ocaml	2025-09-27T21:27:26.9155932Z ##[endgroup]
rust-proxy-smoke	Run /./.github/actions/setup-ocaml	2025-09-27T21:27:26.9156637Z ##[group]Save the opam cache
rust-proxy-smoke	Run /./.github/actions/setup-ocaml	2025-09-27T21:27:26.9176717Z [command]/opt/hostedtoolcache/opam/2.1.6/x86_64/opam clean --all-switches --download-cache --logs --repo-cache --unused-repositories
rust-proxy-smoke	Run /./.github/actions/setup-ocaml	2025-09-27T21:27:27.1248426Z Cleaning up switch /home/runner/work/latex_perf/latex_perf
rust-proxy-smoke	Run /./.github/actions/setup-ocaml	2025-09-27T21:27:27.2315856Z Updating /home/runner/.opam/repo/repos-config
rust-proxy-smoke	Run /./.github/actions/setup-ocaml	2025-09-27T21:27:27.2317726Z Clearing repository cache
rust-proxy-smoke	Run /./.github/actions/setup-ocaml	2025-09-27T21:27:27.2351928Z Clearing cache of downloaded files
rust-proxy-smoke	Run /./.github/actions/setup-ocaml	2025-09-27T21:27:27.2381505Z Clearing logs
rust-proxy-smoke	Run /./.github/actions/setup-ocaml	2025-09-27T21:27:27.8559740Z [command]/usr/bin/tar --posix -cf cache.tzst --exclude cache.tzst -P -C /home/runner/work/latex_perf/latex_perf --files-from manifest.txt --use-compress-program zstdmt
rust-proxy-smoke	Run /./.github/actions/setup-ocaml	2025-09-27T21:27:29.6947453Z ##[warning]Failed to save: <h2>Our services aren't available right now</h2><p>We're working to restore all services as soon as possible. Please check back soon.</p>0wVbYaAAAAADFpnNBlG/iSop3wAe9IqcvQ0hJMzBFREdFMDMwNwBFZGdl
rust-proxy-smoke	Run /./.github/actions/setup-ocaml	2025-09-27T21:27:29.7674281Z ##[endgroup]
rust-proxy-smoke	Run /./.github/actions/setup-ocaml	2025-09-27T21:27:29.7675651Z ##[group]Retrieve the opam download cache
rust-proxy-smoke	Run /./.github/actions/setup-ocaml	2025-09-27T21:27:29.7987121Z ##[warning]Failed to restore: Cache service responded with 400
rust-proxy-smoke	Run /./.github/actions/setup-ocaml	2025-09-27T21:27:29.7991346Z Cache not found for input keys: v1-setup-ocaml-opam-download-github.com/ocaml/opam-repository.git-4_14_1-2025-8-27-18065098782-26, v1-setup-ocaml-opam-download-github.com/ocaml/opam-repository.git-4_14_1-2025-8-27-18065098782-26, v1-setup-ocaml-opam-download-github.com/ocaml/opam-repository.git-4_14_1-2025-8-27-18065098782-, v1-setup-ocaml-opam-download-github.com/ocaml/opam-repository.git-4_14_1-2025-8-27-, v1-setup-ocaml-opam-download-github.com/ocaml/opam-repository.git-4_14_1-2025-8-
rust-proxy-smoke	Run /./.github/actions/setup-ocaml	2025-09-27T21:27:29.7994232Z ##[endgroup]
rust-proxy-smoke	Run /./.github/actions/setup-ocaml	2025-09-27T21:27:29.8029238Z ##[group]Pin local packages
rust-proxy-smoke	Run /./.github/actions/setup-ocaml	2025-09-27T21:27:29.8041793Z [command]/opt/hostedtoolcache/opam/2.1.6/x86_64/opam pin add latex-perfectionist.dev . --no-action
rust-proxy-smoke	Run /./.github/actions/setup-ocaml	2025-09-27T21:27:36.5572171Z Package latex-perfectionist does not exist, create as a [01mNEW[0m package? [Y/n] y
rust-proxy-smoke	Run /./.github/actions/setup-ocaml	2025-09-27T21:27:36.6786890Z [[32mlatex-perfectionist.dev[0m] synchronised (file:///home/runner/work/latex_perf/latex_perf)
rust-proxy-smoke	Run /./.github/actions/setup-ocaml	2025-09-27T21:27:36.6790111Z [33m[WARNING][0m Failed checks on latex-perfectionist package definition from source at file:///home/runner/work/latex_perf/latex_perf:
rust-proxy-smoke	Run /./.github/actions/setup-ocaml	2025-09-27T21:27:36.6791236Z     [31merror[0m 23: Missing field 'maintainer'
rust-proxy-smoke	Run /./.github/actions/setup-ocaml	2025-09-27T21:27:36.6791674Z   [33mwarning[0m 25: Missing field 'authors'
rust-proxy-smoke	Run /./.github/actions/setup-ocaml	2025-09-27T21:27:36.6792076Z   [33mwarning[0m 35: Missing field 'homepage'
rust-proxy-smoke	Run /./.github/actions/setup-ocaml	2025-09-27T21:27:36.6792486Z   [33mwarning[0m 36: Missing field 'bug-reports'
rust-proxy-smoke	Run /./.github/actions/setup-ocaml	2025-09-27T21:27:36.6808483Z latex-perfectionist is now pinned to [01mgit+file:///home/runner/work/latex_perf/latex_perf#HEAD[0m (version [01mdev[0m)
rust-proxy-smoke	Run /./.github/actions/setup-ocaml	2025-09-27T21:27:37.7692113Z ##[endgroup]
rust-proxy-smoke	Run /./.github/actions/setup-ocaml	2025-09-27T21:27:37.7703275Z [command]/opt/hostedtoolcache/opam/2.1.6/x86_64/opam --version
rust-proxy-smoke	Run /./.github/actions/setup-ocaml	2025-09-27T21:27:37.7835054Z 2.1.6
rust-proxy-smoke	Run /./.github/actions/setup-ocaml	2025-09-27T21:27:37.7861369Z [command]/opt/hostedtoolcache/opam/2.1.6/x86_64/opam exec -- ocaml -version
rust-proxy-smoke	Run /./.github/actions/setup-ocaml	2025-09-27T21:27:37.8153250Z The OCaml toplevel, version 4.14.1
rust-proxy-smoke	Install dune	ï»¿2025-09-27T21:27:37.8296585Z ##[group]Run opam repo add default https://opam.ocaml.org || true
rust-proxy-smoke	Install dune	2025-09-27T21:27:37.8297073Z [36;1mopam repo add default https://opam.ocaml.org || true[0m
rust-proxy-smoke	Install dune	2025-09-27T21:27:37.8297397Z [36;1mopam update -y[0m
rust-proxy-smoke	Install dune	2025-09-27T21:27:37.8297646Z [36;1mopam install -y . --deps-only --with-test[0m
rust-proxy-smoke	Install dune	2025-09-27T21:27:37.8332295Z shell: /usr/bin/bash -e {0}
rust-proxy-smoke	Install dune	2025-09-27T21:27:37.8332534Z env:
rust-proxy-smoke	Install dune	2025-09-27T21:27:37.8333533Z   PATH: /home/runner/.github-tools:/snap/bin:/home/runner/.local/bin:/opt/pipx_bin:/home/runner/.cargo/bin:/home/runner/.config/composer/vendor/bin:/usr/local/.ghcup/bin:/home/runner/.dotnet/tools:/usr/local/sbin:/usr/local/bin:/usr/sbin:/usr/bin:/sbin:/bin:/usr/games:/usr/local/games:/snap/bin
rust-proxy-smoke	Install dune	2025-09-27T21:27:37.8334597Z   OPAMCLI: 2.0
rust-proxy-smoke	Install dune	2025-09-27T21:27:37.8334790Z   OPAMCOLOR: always
rust-proxy-smoke	Install dune	2025-09-27T21:27:37.8334980Z   OPAMERRLOGLEN: 0
rust-proxy-smoke	Install dune	2025-09-27T21:27:37.8335161Z   OPAMJOBS: 4
rust-proxy-smoke	Install dune	2025-09-27T21:27:37.8335340Z   OPAMPRECISETRACKING: 1
rust-proxy-smoke	Install dune	2025-09-27T21:27:37.8335559Z   OPAMSOLVERTIMEOUT: 1000
rust-proxy-smoke	Install dune	2025-09-27T21:27:37.8335789Z   OPAMYES: 1
rust-proxy-smoke	Install dune	2025-09-27T21:27:37.8335960Z   CLICOLOR_FORCE: 1
rust-proxy-smoke	Install dune	2025-09-27T21:27:37.8336137Z ##[endgroup]
rust-proxy-smoke	Install dune	2025-09-27T21:27:37.8917425Z [31m[ERROR][0m Repository default is already set up and points to git+https://github.com/ocaml/opam-repository.git. To change that, use 'opam repository set-url default https://opam.ocaml.org'.
rust-proxy-smoke	Install dune	2025-09-27T21:27:38.1300909Z [1;34m[NOTE][0m latex-perfectionist.dev has previously been updated with --working-dir, not resetting unless explicitly selected
rust-proxy-smoke	Install dune	2025-09-27T21:27:38.1301427Z 
rust-proxy-smoke	Install dune	2025-09-27T21:27:38.1301764Z [36m<><>[0m [01mUpdating package repositories[0m [36m><><><><><><><><><><><><><><><><><><><><><><>[0m
rust-proxy-smoke	Install dune	2025-09-27T21:27:41.7392478Z [[32mdefault[0m] no changes from git+https://github.com/ocaml/opam-repository.git
rust-proxy-smoke	Install dune	2025-09-27T21:27:53.1096698Z [1;34m[NOTE][0m Ignoring uncommitted changes in /home/runner/work/latex_perf/latex_perf (`--working-dir' not active).
rust-proxy-smoke	Install dune	2025-09-27T21:27:53.2616943Z [[32mlatex-perfectionist.dev[0m] synchronised (git+file:///home/runner/work/latex_perf/latex_perf#HEAD)
rust-proxy-smoke	Install dune	2025-09-27T21:27:57.8078208Z The following actions will be performed:
rust-proxy-smoke	Install dune	2025-09-27T21:27:57.8080085Z   [32mâ[0m install [01mocamlbuild[0m          0.16.1
rust-proxy-smoke	Install dune	2025-09-27T21:27:57.8081088Z   [32mâ[0m install [01mconf-gmp[0m            5
rust-proxy-smoke	Install dune	2025-09-27T21:27:57.8081643Z   [32mâ[0m install [01mconf-pkg-config[0m     4
rust-proxy-smoke	Install dune	2025-09-27T21:27:57.8085243Z   [32mâ[0m install [01mocamlfind[0m           1.9.8
rust-proxy-smoke	Install dune	2025-09-27T21:27:57.8085963Z   [32mâ[0m install [01mdune[0m                3.20.2
rust-proxy-smoke	Install dune	2025-09-27T21:27:57.8086590Z   [32mâ[0m install [01mzarith[0m              1.14
rust-proxy-smoke	Install dune	2025-09-27T21:27:57.8087238Z   [32mâ[0m install [01mtopkg[0m               1.1.0
rust-proxy-smoke	Install dune	2025-09-27T21:27:57.8087846Z   [32mâ[0m install [01myojson[0m              3.0.0
rust-proxy-smoke	Install dune	2025-09-27T21:27:57.8088487Z   [32mâ[0m install [01mstdlib-shims[0m        0.3.0
rust-proxy-smoke	Install dune	2025-09-27T21:27:57.8088928Z   [32mâ[0m install [01msexplib0[0m            v0.17.0
rust-proxy-smoke	Install dune	2025-09-27T21:27:57.8089334Z   [32mâ[0m install [01mppx_derivers[0m        1.2.1
rust-proxy-smoke	Install dune	2025-09-27T21:27:57.8089776Z   [32mâ[0m install [01mocaml-syntax-shims[0m  1.0.0
rust-proxy-smoke	Install dune	2025-09-27T21:27:57.8090194Z   [32mâ[0m install [01mocaml-compiler-libs[0m v0.12.4
rust-proxy-smoke	Install dune	2025-09-27T21:27:57.8090899Z   [32mâ[0m install [01mcsexp[0m               1.5.2
rust-proxy-smoke	Install dune	2025-09-27T21:27:57.8091358Z   [32mâ[0m install [01mcppo[0m                1.8.0
rust-proxy-smoke	Install dune	2025-09-27T21:27:57.8091755Z   [32mâ[0m install [01mcoq-core[0m            8.18.0
rust-proxy-smoke	Install dune	2025-09-27T21:27:57.8092134Z   [32mâ[0m install [01muutf[0m                1.0.4
rust-proxy-smoke	Install dune	2025-09-27T21:27:57.8092517Z   [32mâ[0m install [01mppxlib[0m              0.36.0
rust-proxy-smoke	Install dune	2025-09-27T21:27:57.8093265Z   [32mâ[0m install [01mdune-configurator[0m   3.20.2
rust-proxy-smoke	Install dune	2025-09-27T21:27:57.8093635Z   [32mâ[0m install [01mcoqide-server[0m       8.18.0
rust-proxy-smoke	Install dune	2025-09-27T21:27:57.8093964Z   [32mâ[0m install [01mcoq-stdlib[0m          8.18.0
rust-proxy-smoke	Install dune	2025-09-27T21:27:57.8094312Z   [32mâ[0m install [01mppx_deriving[0m        6.1.1
rust-proxy-smoke	Install dune	2025-09-27T21:27:57.8094646Z   [32mâ[0m install [01mbigstringaf[0m         0.10.0
rust-proxy-smoke	Install dune	2025-09-27T21:27:57.8095186Z   [32mâ[0m install [01mcoq[0m                 8.18.0
rust-proxy-smoke	Install dune	2025-09-27T21:27:57.8095503Z   [32mâ[0m install [01mangstrom[0m            0.16.1
rust-proxy-smoke	Install dune	2025-09-27T21:27:57.8095786Z ===== [32mâ[0m 25 =====
rust-proxy-smoke	Install dune	2025-09-27T21:27:57.8099157Z 
rust-proxy-smoke	Install dune	2025-09-27T21:27:57.8099593Z [36m<><>[0m [01mProcessing actions[0m [36m<><><><><><><><><><><><><><><><><><><><><><><><><><><><>[0m
rust-proxy-smoke	Install dune	2025-09-27T21:27:57.8688692Z [36mâ¬[0m retrieved [01mconf-gmp[0m.5  (https://raw.githubusercontent.com/ocaml/opam-source-archives/main/patches/conf-gmp/test.c.4)
rust-proxy-smoke	Install dune	2025-09-27T21:28:00.3795160Z [32mâ[0m installed [01mconf-gmp[0m.5
rust-proxy-smoke	Install dune	2025-09-27T21:28:00.3918660Z [32mâ[0m installed [01mconf-pkg-config[0m.4
rust-proxy-smoke	Install dune	2025-09-27T21:28:00.4072157Z [36mâ¬[0m retrieved [01mangstrom[0m.0.16.1  (https://github.com/inhabitedtype/angstrom/archive/0.16.1.tar.gz)
rust-proxy-smoke	Install dune	2025-09-27T21:28:00.4498867Z [36mâ¬[0m retrieved [01mbigstringaf[0m.0.10.0  (https://github.com/inhabitedtype/bigstringaf/archive/0.10.0.tar.gz)
rust-proxy-smoke	Install dune	2025-09-27T21:28:01.2979021Z [36mâ¬[0m retrieved [01mcoq[0m.8.18.0  (https://github.com/coq/coq/releases/download/V8.18.0/coq-8.18.0.tar.gz)
rust-proxy-smoke	Install dune	2025-09-27T21:28:01.7054294Z [36mâ¬[0m retrieved [01mcoq-core[0m.8.18.0  (cached)
rust-proxy-smoke	Install dune	2025-09-27T21:28:02.0814048Z [36mâ¬[0m retrieved [01mcoq-stdlib[0m.8.18.0  (cached)
rust-proxy-smoke	Install dune	2025-09-27T21:28:02.4591871Z [36mâ¬[0m retrieved [01mcoqide-server[0m.8.18.0  (cached)
rust-proxy-smoke	Install dune	2025-09-27T21:28:02.4970919Z [36mâ¬[0m retrieved [01mcppo[0m.1.8.0  (https://github.com/ocaml-community/cppo/archive/v1.8.0.tar.gz)
rust-proxy-smoke	Install dune	2025-09-27T21:28:02.5064818Z [36mâ¬[0m retrieved [01mcsexp[0m.1.5.2  (https://github.com/ocaml-dune/csexp/releases/download/1.5.2/csexp-1.5.2.tbz)
rust-proxy-smoke	Install dune	2025-09-27T21:28:02.6487907Z [36mâ¬[0m retrieved [01mocaml-compiler-libs[0m.v0.12.4  (https://github.com/janestreet/ocaml-compiler-libs/releases/download/v0.12.4/ocaml-compiler-libs-v0.12.4.tbz)
rust-proxy-smoke	Install dune	2025-09-27T21:28:02.7998404Z [36mâ¬[0m retrieved [01mocaml-syntax-shims[0m.1.0.0  (https://github.com/ocaml-ppx/ocaml-syntax-shims/releases/download/1.0.0/ocaml-syntax-shims-1.0.0.tbz)
rust-proxy-smoke	Install dune	2025-09-27T21:28:03.2922396Z [36mâ¬[0m retrieved [01mocamlbuild[0m.0.16.1  (https://github.com/ocaml/ocamlbuild/archive/refs/tags/0.16.1.tar.gz)
rust-proxy-smoke	Install dune	2025-09-27T21:28:03.6374361Z [36mâ¬[0m retrieved [01mocamlfind[0m.1.9.8  (https://github.com/ocaml/ocamlfind/archive/refs/tags/findlib-1.9.8.tar.gz)
rust-proxy-smoke	Install dune	2025-09-27T21:28:04.4230310Z [36mâ¬[0m retrieved [01mdune[0m.3.20.2  (https://github.com/ocaml/dune/releases/download/3.20.2/dune-3.20.2.tbz)
rust-proxy-smoke	Install dune	2025-09-27T21:28:05.6208081Z [36mâ¬[0m retrieved [01mdune-configurator[0m.3.20.2  (https://github.com/ocaml/dune/releases/download/3.20.2/dune-3.20.2.tbz)
rust-proxy-smoke	Install dune	2025-09-27T21:28:05.6783075Z [36mâ¬[0m retrieved [01mppx_derivers[0m.1.2.1  (https://github.com/ocaml-ppx/ppx_derivers/archive/1.2.1.tar.gz)
rust-proxy-smoke	Install dune	2025-09-27T21:28:05.7235382Z [36mâ¬[0m retrieved [01mppx_deriving[0m.6.1.1  (https://github.com/ocaml-ppx/ppx_deriving/releases/download/v6.1.1/ppx_deriving-6.1.1.tar.gz)
rust-proxy-smoke	Install dune	2025-09-27T21:28:05.9644187Z [36mâ¬[0m retrieved [01mstdlib-shims[0m.0.3.0  (https://github.com/ocaml/stdlib-shims/releases/download/0.3.0/stdlib-shims-0.3.0.tbz)
rust-proxy-smoke	Install dune	2025-09-27T21:28:05.9902268Z [36mâ¬[0m retrieved [01msexplib0[0m.v0.17.0  (https://github.com/janestreet/sexplib0/archive/refs/tags/v0.17.0.tar.gz)
rust-proxy-smoke	Install dune	2025-09-27T21:28:06.0482055Z [36mâ¬[0m retrieved [01mppxlib[0m.0.36.0  (https://github.com/ocaml-ppx/ppxlib/releases/download/0.36.0/ppxlib-0.36.0.tbz)
rust-proxy-smoke	Install dune	2025-09-27T21:28:06.2918663Z [36mâ¬[0m retrieved [01myojson[0m.3.0.0  (https://github.com/ocaml-community/yojson/releases/download/3.0.0/yojson-3.0.0.tbz)
rust-proxy-smoke	Install dune	2025-09-27T21:28:06.5502496Z [36mâ¬[0m retrieved [01mzarith[0m.1.14  (https://github.com/ocaml/Zarith/archive/release-1.14.tar.gz)
rust-proxy-smoke	Install dune	2025-09-27T21:28:07.0528594Z [36mâ¬[0m retrieved [01muutf[0m.1.0.4  (https://erratique.ch/software/uutf/releases/uutf-1.0.4.tbz)
rust-proxy-smoke	Install dune	2025-09-27T21:28:07.2335496Z [36mâ¬[0m retrieved [01mtopkg[0m.1.1.0  (https://erratique.ch/software/topkg/releases/topkg-1.1.0.tbz)
rust-proxy-smoke	Install dune	2025-09-27T21:28:08.2895199Z [32mâ[0m installed [01mocamlbuild[0m.0.16.1
rust-proxy-smoke	Install dune	2025-09-27T21:28:10.0891967Z [32mâ[0m installed [01mocamlfind[0m.1.9.8
rust-proxy-smoke	Install dune	2025-09-27T21:28:14.3488636Z [32mâ[0m installed [01mzarith[0m.1.14
rust-proxy-smoke	Install dune	2025-09-27T21:28:16.8367192Z [32mâ[0m installed [01mtopkg[0m.1.1.0
rust-proxy-smoke	Install dune	2025-09-27T21:28:17.5903395Z [32mâ[0m installed [01muutf[0m.1.0.4
rust-proxy-smoke	Install dune	2025-09-27T21:28:33.7762040Z [32mâ[0m installed [01mdune[0m.3.20.2
rust-proxy-smoke	Install dune	2025-09-27T21:28:34.4364924Z [32mâ[0m installed [01mcsexp[0m.1.5.2
rust-proxy-smoke	Install dune	2025-09-27T21:28:35.9883004Z [32mâ[0m installed [01mcppo[0m.1.8.0
rust-proxy-smoke	Install dune	2025-09-27T21:28:36.0333098Z [32mâ[0m installed [01mocaml-compiler-libs[0m.v0.12.4
rust-proxy-smoke	Install dune	2025-09-27T21:28:36.0897185Z [32mâ[0m installed [01mocaml-syntax-shims[0m.1.0.0
rust-proxy-smoke	Install dune	2025-09-27T21:28:36.2227969Z [32mâ[0m installed [01mppx_derivers[0m.1.2.1
rust-proxy-smoke	Install dune	2025-09-27T21:28:36.5982417Z [32mâ[0m installed [01mstdlib-shims[0m.0.3.0
rust-proxy-smoke	Install dune	2025-09-27T21:28:37.0439379Z [32mâ[0m installed [01msexplib0[0m.v0.17.0
rust-proxy-smoke	Install dune	2025-09-27T21:28:39.1484017Z [32mâ[0m installed [01mdune-configurator[0m.3.20.2
rust-proxy-smoke	Install dune	2025-09-27T21:28:39.7426770Z [32mâ[0m installed [01myojson[0m.3.0.0
rust-proxy-smoke	Install dune	2025-09-27T21:28:40.0529280Z [32mâ[0m installed [01mbigstringaf[0m.0.10.0
rust-proxy-smoke	Install dune	2025-09-27T21:28:41.0042344Z [32mâ[0m installed [01mangstrom[0m.0.16.1
rust-proxy-smoke	Install dune	2025-09-27T21:29:03.7647065Z [32mâ[0m installed [01mppxlib[0m.0.36.0
rust-proxy-smoke	Install dune	2025-09-27T21:29:09.5694710Z [32mâ[0m installed [01mppx_deriving[0m.6.1.1
rust-proxy-smoke	Install dune	2025-09-27T21:29:34.9163690Z [32mâ[0m installed [01mcoq-core[0m.8.18.0
rust-proxy-smoke	Install dune	2025-09-27T21:29:38.5371139Z [32mâ[0m installed [01mcoqide-server[0m.8.18.0
rust-proxy-smoke	Install dune	2025-09-27T21:31:58.9509788Z [32mâ[0m installed [01mcoq-stdlib[0m.8.18.0
rust-proxy-smoke	Install dune	2025-09-27T21:31:59.3415859Z [32mâ[0m installed [01mcoq[0m.8.18.0
rust-proxy-smoke	Install dune	2025-09-27T21:32:01.1935269Z Done.
rust-proxy-smoke	Install dune	2025-09-27T21:32:01.1944205Z # Run [01meval $(opam env)[0m to update the current shell environment
rust-proxy-smoke	Setup Rust	ï»¿2025-09-27T21:32:02.3983798Z ##[group]Run actions-rs/toolchain@v1
rust-proxy-smoke	Setup Rust	2025-09-27T21:32:02.3984076Z with:
rust-proxy-smoke	Setup Rust	2025-09-27T21:32:02.3984242Z   toolchain: stable
rust-proxy-smoke	Setup Rust	2025-09-27T21:32:02.3984431Z   profile: minimal
rust-proxy-smoke	Setup Rust	2025-09-27T21:32:02.3984611Z   override: true
rust-proxy-smoke	Setup Rust	2025-09-27T21:32:02.3984794Z   default: false
rust-proxy-smoke	Setup Rust	2025-09-27T21:32:02.3984956Z env:
rust-proxy-smoke	Setup Rust	2025-09-27T21:32:02.3985920Z   PATH: /home/runner/.github-tools:/snap/bin:/home/runner/.local/bin:/opt/pipx_bin:/home/runner/.cargo/bin:/home/runner/.config/composer/vendor/bin:/usr/local/.ghcup/bin:/home/runner/.dotnet/tools:/usr/local/sbin:/usr/local/bin:/usr/sbin:/usr/bin:/sbin:/bin:/usr/games:/usr/local/games:/snap/bin
rust-proxy-smoke	Setup Rust	2025-09-27T21:32:02.3986986Z   OPAMCLI: 2.0
rust-proxy-smoke	Setup Rust	2025-09-27T21:32:02.3987158Z   OPAMCOLOR: always
rust-proxy-smoke	Setup Rust	2025-09-27T21:32:02.3987341Z   OPAMERRLOGLEN: 0
rust-proxy-smoke	Setup Rust	2025-09-27T21:32:02.3987527Z   OPAMJOBS: 4
rust-proxy-smoke	Setup Rust	2025-09-27T21:32:02.3987708Z   OPAMPRECISETRACKING: 1
rust-proxy-smoke	Setup Rust	2025-09-27T21:32:02.3987915Z   OPAMSOLVERTIMEOUT: 1000
rust-proxy-smoke	Setup Rust	2025-09-27T21:32:02.3988112Z   OPAMYES: 1
rust-proxy-smoke	Setup Rust	2025-09-27T21:32:02.3988273Z   CLICOLOR_FORCE: 1
rust-proxy-smoke	Setup Rust	2025-09-27T21:32:02.3988479Z ##[endgroup]
rust-proxy-smoke	Setup Rust	2025-09-27T21:32:02.4961463Z [command]/home/runner/.cargo/bin/rustup show
rust-proxy-smoke	Setup Rust	2025-09-27T21:32:02.6120840Z Default host: x86_64-unknown-linux-gnu
rust-proxy-smoke	Setup Rust	2025-09-27T21:32:02.6121394Z rustup home:  /home/runner/.rustup
rust-proxy-smoke	Setup Rust	2025-09-27T21:32:02.6121690Z 
rust-proxy-smoke	Setup Rust	2025-09-27T21:32:02.6757350Z installed toolchains
rust-proxy-smoke	Setup Rust	2025-09-27T21:32:02.6758726Z --------------------
rust-proxy-smoke	Setup Rust	2025-09-27T21:32:02.6759197Z 1.89.0-x86_64-unknown-linux-gnu (active, default)
rust-proxy-smoke	Setup Rust	2025-09-27T21:32:02.6759543Z 
rust-proxy-smoke	Setup Rust	2025-09-27T21:32:02.6759659Z active toolchain
rust-proxy-smoke	Setup Rust	2025-09-27T21:32:02.6759933Z ----------------
rust-proxy-smoke	Setup Rust	2025-09-27T21:32:02.6760226Z name: 1.89.0-x86_64-unknown-linux-gnu
rust-proxy-smoke	Setup Rust	2025-09-27T21:32:02.6760815Z active because: it's the default toolchain
rust-proxy-smoke	Setup Rust	2025-09-27T21:32:02.6761202Z installed targets:
rust-proxy-smoke	Setup Rust	2025-09-27T21:32:02.6761881Z   x86_64-unknown-linux-gnu
rust-proxy-smoke	Setup Rust	2025-09-27T21:32:02.6805868Z [command]/home/runner/.cargo/bin/rustup -V
rust-proxy-smoke	Setup Rust	2025-09-27T21:32:02.6861798Z rustup 1.28.2 (e4f3ad6f8 2025-04-28)
rust-proxy-smoke	Setup Rust	2025-09-27T21:32:02.6955769Z info: This is the version for the rustup toolchain manager, not the rustc compiler.
rust-proxy-smoke	Setup Rust	2025-09-27T21:32:03.3046137Z info: The currently active `rustc` version is `rustc 1.89.0 (29483883e 2025-08-04)`
rust-proxy-smoke	Setup Rust	2025-09-27T21:32:03.3075769Z Installed rustup 1.28.2 support profiles
rust-proxy-smoke	Setup Rust	2025-09-27T21:32:03.3078764Z [command]/home/runner/.cargo/bin/rustup set profile minimal
rust-proxy-smoke	Setup Rust	2025-09-27T21:32:03.3336164Z info: profile set to 'minimal'
rust-proxy-smoke	Setup Rust	2025-09-27T21:32:03.3356777Z [command]/home/runner/.cargo/bin/rustup toolchain install stable
rust-proxy-smoke	Setup Rust	2025-09-27T21:32:03.3553944Z info: syncing channel updates for 'stable-x86_64-unknown-linux-gnu'
rust-proxy-smoke	Setup Rust	2025-09-27T21:32:03.5194671Z info: latest update on 2025-09-18, rust version 1.90.0 (1159e78c4 2025-09-14)
rust-proxy-smoke	Setup Rust	2025-09-27T21:32:03.5195226Z info: downloading component 'cargo'
rust-proxy-smoke	Setup Rust	2025-09-27T21:32:03.5691478Z info: downloading component 'rust-std'
rust-proxy-smoke	Setup Rust	2025-09-27T21:32:03.6788235Z info: downloading component 'rustc'
rust-proxy-smoke	Setup Rust	2025-09-27T21:32:03.9257831Z info: installing component 'cargo'
rust-proxy-smoke	Setup Rust	2025-09-27T21:32:04.6197839Z info: installing component 'rust-std'
rust-proxy-smoke	Setup Rust	2025-09-27T21:32:06.4812202Z info: installing component 'rustc'
rust-proxy-smoke	Setup Rust	2025-09-27T21:32:11.2790399Z 
rust-proxy-smoke	Setup Rust	2025-09-27T21:32:11.2885222Z   stable-x86_64-unknown-linux-gnu installed - rustc 1.90.0 (1159e78c4 2025-09-14)
rust-proxy-smoke	Setup Rust	2025-09-27T21:32:11.2885795Z 
rust-proxy-smoke	Setup Rust	2025-09-27T21:32:11.2917307Z [command]/home/runner/.cargo/bin/rustup override set stable
rust-proxy-smoke	Setup Rust	2025-09-27T21:32:11.2981548Z info: override toolchain for '/home/runner/work/latex_perf/latex_perf' set to 'stable-x86_64-unknown-linux-gnu'
rust-proxy-smoke	Setup Rust	2025-09-27T21:32:11.3000917Z ##[group]Gathering installed versions
rust-proxy-smoke	Setup Rust	2025-09-27T21:32:11.3011360Z [command]/home/runner/.cargo/bin/rustc -V
rust-proxy-smoke	Setup Rust	2025-09-27T21:32:11.3497778Z rustc 1.90.0 (1159e78c4 2025-09-14)
rust-proxy-smoke	Setup Rust	2025-09-27T21:32:11.3525545Z ##[warning]The `set-output` command is deprecated and will be disabled soon. Please upgrade to using Environment Files. For more information see: https://github.blog/changelog/2022-10-11-github-actions-deprecating-save-state-and-set-output-commands/
rust-proxy-smoke	Setup Rust	2025-09-27T21:32:11.3529464Z ##[warning]The `set-output` command is deprecated and will be disabled soon. Please upgrade to using Environment Files. For more information see: https://github.blog/changelog/2022-10-11-github-actions-deprecating-save-state-and-set-output-commands/
rust-proxy-smoke	Setup Rust	2025-09-27T21:32:11.3531882Z [command]/home/runner/.cargo/bin/cargo -V
rust-proxy-smoke	Setup Rust	2025-09-27T21:32:11.3981568Z cargo 1.90.0 (840b83a10 2025-07-30)
rust-proxy-smoke	Setup Rust	2025-09-27T21:32:11.3994763Z ##[warning]The `set-output` command is deprecated and will be disabled soon. Please upgrade to using Environment Files. For more information see: https://github.blog/changelog/2022-10-11-github-actions-deprecating-save-state-and-set-output-commands/
rust-proxy-smoke	Setup Rust	2025-09-27T21:32:11.4004281Z [command]/home/runner/.cargo/bin/rustup -V
rust-proxy-smoke	Setup Rust	2025-09-27T21:32:11.4055238Z rustup 1.28.2 (e4f3ad6f8 2025-04-28)
rust-proxy-smoke	Setup Rust	2025-09-27T21:32:11.4055934Z info: This is the version for the rustup toolchain manager, not the rustc compiler.
rust-proxy-smoke	Setup Rust	2025-09-27T21:32:11.4487574Z info: The currently active `rustc` version is `rustc 1.90.0 (1159e78c4 2025-09-14)`
rust-proxy-smoke	Setup Rust	2025-09-27T21:32:11.4513334Z ##[warning]The `set-output` command is deprecated and will be disabled soon. Please upgrade to using Environment Files. For more information see: https://github.blog/changelog/2022-10-11-github-actions-deprecating-save-state-and-set-output-commands/
rust-proxy-smoke	Setup Rust	2025-09-27T21:32:11.4515485Z ##[endgroup]
rust-proxy-smoke	Build service and proxy	ï»¿2025-09-27T21:32:11.4585523Z ##[group]Run opam exec -- dune build latex-parse/src/main_service.exe
rust-proxy-smoke	Build service and proxy	2025-09-27T21:32:11.4585999Z [36;1mopam exec -- dune build latex-parse/src/main_service.exe[0m
rust-proxy-smoke	Build service and proxy	2025-09-27T21:32:11.4586364Z [36;1mcargo build -p elderd_rust_proxy --release[0m
rust-proxy-smoke	Build service and proxy	2025-09-27T21:32:11.4618251Z shell: /usr/bin/bash -e {0}
rust-proxy-smoke	Build service and proxy	2025-09-27T21:32:11.4618489Z env:
rust-proxy-smoke	Build service and proxy	2025-09-27T21:32:11.4619484Z   PATH: /home/runner/.github-tools:/snap/bin:/home/runner/.local/bin:/opt/pipx_bin:/home/runner/.cargo/bin:/home/runner/.config/composer/vendor/bin:/usr/local/.ghcup/bin:/home/runner/.dotnet/tools:/usr/local/sbin:/usr/local/bin:/usr/sbin:/usr/bin:/sbin:/bin:/usr/games:/usr/local/games:/snap/bin
rust-proxy-smoke	Build service and proxy	2025-09-27T21:32:11.4620953Z   OPAMCLI: 2.0
rust-proxy-smoke	Build service and proxy	2025-09-27T21:32:11.4621158Z   OPAMCOLOR: always
rust-proxy-smoke	Build service and proxy	2025-09-27T21:32:11.4621343Z   OPAMERRLOGLEN: 0
rust-proxy-smoke	Build service and proxy	2025-09-27T21:32:11.4621519Z   OPAMJOBS: 4
rust-proxy-smoke	Build service and proxy	2025-09-27T21:32:11.4621693Z   OPAMPRECISETRACKING: 1
rust-proxy-smoke	Build service and proxy	2025-09-27T21:32:11.4621907Z   OPAMSOLVERTIMEOUT: 1000
rust-proxy-smoke	Build service and proxy	2025-09-27T21:32:11.4622102Z   OPAMYES: 1
rust-proxy-smoke	Build service and proxy	2025-09-27T21:32:11.4622296Z   CLICOLOR_FORCE: 1
rust-proxy-smoke	Build service and proxy	2025-09-27T21:32:11.4622472Z ##[endgroup]
rust-proxy-smoke	Build service and proxy	2025-09-27T21:32:11.8184820Z [2m(cd _build/default/latex-parse/src && /usr/bin/gcc -O2 -fno-strict-aliasing -fwrapv -pthread -fPIC -D_FILE_OFFSET_BITS=64 -Wall -fdiagnostics-color=always -g -I /home/runner/work/latex_perf/latex_perf/_opam/lib/ocaml -I /home/runner/work/latex_perf/latex_perf/_opam/lib/ocaml/threads -I /home/runner/work/latex_perf/latex_perf/_opam/lib/uutf -o simd_tokenizer_fixed.o -c simd_tokenizer_fixed.c)[0m
rust-proxy-smoke	Build service and proxy	2025-09-27T21:32:11.8188118Z [1msimd_tokenizer_fixed.c:283:15:[0m [1;35mwarning: [0mâ[1mfind_next_special_neon[0mâ defined but not used [[1;35m-Wunused-function[0m]
rust-proxy-smoke	Build service and proxy	2025-09-27T21:32:11.8189482Z   283 | static size_t [1;35mfind_next_special_neon[0m(const uint8_t *input, size_t start, size_t len) {
rust-proxy-smoke	Build service and proxy	2025-09-27T21:32:11.8190321Z       |               [1;35m^~~~~~~~~~~~~~~~~~~~~~[0m
rust-proxy-smoke	Build service and proxy	2025-09-27T21:32:11.8702280Z [2m(cd _build/default/latex-parse/src && /usr/bin/gcc -O2 -fno-strict-aliasing -fwrapv -pthread -fPIC -D_FILE_OFFSET_BITS=64 -Wall -fdiagnostics-color=always -g -I /home/runner/work/latex_perf/latex_perf/_opam/lib/ocaml -I /home/runner/work/latex_perf/latex_perf/_opam/lib/ocaml/threads -I /home/runner/work/latex_perf/latex_perf/_opam/lib/uutf -o xxh64_simd_stubs.o -c xxh64_simd_stubs.c)[0m
rust-proxy-smoke	Build service and proxy	2025-09-27T21:32:11.8705083Z [1mxxh64_simd_stubs.c:[0m In function â[1mocaml_xxh64_simd[0mâ:
rust-proxy-smoke	Build service and proxy	2025-09-27T21:32:11.8706299Z [1mxxh64_simd_stubs.c:118:7:[0m [1;35mwarning: [0mvariable â[1mhas_simd[0mâ set but not used [[1;35m-Wunused-but-set-variable[0m]
rust-proxy-smoke	Build service and proxy	2025-09-27T21:32:11.8707303Z   118 |   int [1;35mhas_simd[0m = 0;
rust-proxy-smoke	Build service and proxy	2025-09-27T21:32:11.8707787Z       |       [1;35m^~~~~~~~[0m
rust-proxy-smoke	Build service and proxy	2025-09-27T21:32:12.4449347Z [1m[31merror[0m[1m:[0m could not find `Cargo.toml` in `/home/runner/work/latex_perf/latex_perf` or any parent directory
rust-proxy-smoke	Build service and proxy	2025-09-27T21:32:12.4464058Z ##[error]Process completed with exit code 101.
rust-proxy-smoke	Stop processes	ï»¿2025-09-27T21:32:12.4500169Z ##[group]Run if [ -f proxy.pid ]; then kill $(cat proxy.pid) || true; fi
rust-proxy-smoke	Stop processes	2025-09-27T21:32:12.4500914Z [36;1mif [ -f proxy.pid ]; then kill $(cat proxy.pid) || true; fi[0m
rust-proxy-smoke	Stop processes	2025-09-27T21:32:12.4501337Z [36;1mif [ -f service.pid ]; then kill $(cat service.pid) || true; fi[0m
rust-proxy-smoke	Stop processes	2025-09-27T21:32:12.4501687Z [36;1mpkill -f elderd_rust_proxy || true[0m
rust-proxy-smoke	Stop processes	2025-09-27T21:32:12.4501961Z [36;1mpkill -f main_service || true[0m
rust-proxy-smoke	Stop processes	2025-09-27T21:32:12.4533696Z shell: /usr/bin/bash -e {0}
rust-proxy-smoke	Stop processes	2025-09-27T21:32:12.4533931Z env:
rust-proxy-smoke	Stop processes	2025-09-27T21:32:12.4534950Z   PATH: /home/runner/.github-tools:/snap/bin:/home/runner/.local/bin:/opt/pipx_bin:/home/runner/.cargo/bin:/home/runner/.config/composer/vendor/bin:/usr/local/.ghcup/bin:/home/runner/.dotnet/tools:/usr/local/sbin:/usr/local/bin:/usr/sbin:/usr/bin:/sbin:/bin:/usr/games:/usr/local/games:/snap/bin
rust-proxy-smoke	Stop processes	2025-09-27T21:32:12.4536031Z   OPAMCLI: 2.0
rust-proxy-smoke	Stop processes	2025-09-27T21:32:12.4536212Z   OPAMCOLOR: always
rust-proxy-smoke	Stop processes	2025-09-27T21:32:12.4536401Z   OPAMERRLOGLEN: 0
rust-proxy-smoke	Stop processes	2025-09-27T21:32:12.4536581Z   OPAMJOBS: 4
rust-proxy-smoke	Stop processes	2025-09-27T21:32:12.4536801Z   OPAMPRECISETRACKING: 1
rust-proxy-smoke	Stop processes	2025-09-27T21:32:12.4537028Z   OPAMSOLVERTIMEOUT: 1000
rust-proxy-smoke	Stop processes	2025-09-27T21:32:12.4537228Z   OPAMYES: 1
rust-proxy-smoke	Stop processes	2025-09-27T21:32:12.4537398Z   CLICOLOR_FORCE: 1
rust-proxy-smoke	Stop processes	2025-09-27T21:32:12.4537577Z ##[endgroup]
rust-proxy-smoke	Post Run /./.github/actions/setup-ocaml	ï»¿2025-09-27T21:32:12.5024165Z Post job cleanup.
rust-proxy-smoke	Post Run actions/checkout@v4	ï»¿2025-09-27T21:32:12.5073010Z Post job cleanup.
rust-proxy-smoke	Post Run actions/checkout@v4	2025-09-27T21:32:12.5984807Z [command]/usr/bin/git version
rust-proxy-smoke	Post Run actions/checkout@v4	2025-09-27T21:32:12.6020383Z git version 2.51.0
rust-proxy-smoke	Post Run actions/checkout@v4	2025-09-27T21:32:12.6069591Z Temporarily overriding HOME='/home/runner/work/_temp/ecbbfa7b-b8d0-4529-ae63-b5446e348eae' before making global git config changes
rust-proxy-smoke	Post Run actions/checkout@v4	2025-09-27T21:32:12.6071433Z Adding repository directory to the temporary git global config as a safe directory
rust-proxy-smoke	Post Run actions/checkout@v4	2025-09-27T21:32:12.6076171Z [command]/usr/bin/git config --global --add safe.directory /home/runner/work/latex_perf/latex_perf
rust-proxy-smoke	Post Run actions/checkout@v4	2025-09-27T21:32:12.6110273Z [command]/usr/bin/git config --local --name-only --get-regexp core\.sshCommand
rust-proxy-smoke	Post Run actions/checkout@v4	2025-09-27T21:32:12.6142132Z [command]/usr/bin/git submodule foreach --recursive sh -c "git config --local --name-only --get-regexp 'core\.sshCommand' && git config --local --unset-all 'core.sshCommand' || :"
rust-proxy-smoke	Post Run actions/checkout@v4	2025-09-27T21:32:12.6363753Z [command]/usr/bin/git config --local --name-only --get-regexp http\.https\:\/\/github\.com\/\.extraheader
rust-proxy-smoke	Post Run actions/checkout@v4	2025-09-27T21:32:12.6384258Z http.https://github.com/.extraheader
rust-proxy-smoke	Post Run actions/checkout@v4	2025-09-27T21:32:12.6396385Z [command]/usr/bin/git config --local --unset-all http.https://github.com/.extraheader
rust-proxy-smoke	Post Run actions/checkout@v4	2025-09-27T21:32:12.6426624Z [command]/usr/bin/git submodule foreach --recursive sh -c "git config --local --name-only --get-regexp 'http\.https\:\/\/github\.com\/\.extraheader' && git config --local --unset-all 'http.https://github.com/.extraheader' || :"
rust-proxy-smoke	Complete job	ï»¿2025-09-27T21:32:12.6790890Z Cleaning up orphan processes
