l1-smoke	Set up job	ï»¿2025-09-27T21:20:47.7451711Z Current runner version: '2.328.0'
l1-smoke	Set up job	2025-09-27T21:20:47.7479484Z ##[group]Runner Image Provisioner
l1-smoke	Set up job	2025-09-27T21:20:47.7480522Z Hosted Compute Agent
l1-smoke	Set up job	2025-09-27T21:20:47.7481084Z Version: 20250912.392
l1-smoke	Set up job	2025-09-27T21:20:47.7481677Z Commit: d921fda672a98b64f4f82364647e2f10b2267d0b
l1-smoke	Set up job	2025-09-27T21:20:47.7482310Z Build Date: 2025-09-12T15:23:14Z
l1-smoke	Set up job	2025-09-27T21:20:47.7483009Z ##[endgroup]
l1-smoke	Set up job	2025-09-27T21:20:47.7483526Z ##[group]Operating System
l1-smoke	Set up job	2025-09-27T21:20:47.7484071Z Ubuntu
l1-smoke	Set up job	2025-09-27T21:20:47.7484629Z 24.04.3
l1-smoke	Set up job	2025-09-27T21:20:47.7485093Z LTS
l1-smoke	Set up job	2025-09-27T21:20:47.7485499Z ##[endgroup]
l1-smoke	Set up job	2025-09-27T21:20:47.7486072Z ##[group]Runner Image
l1-smoke	Set up job	2025-09-27T21:20:47.7486633Z Image: ubuntu-24.04
l1-smoke	Set up job	2025-09-27T21:20:47.7487096Z Version: 20250922.53.1
l1-smoke	Set up job	2025-09-27T21:20:47.7488269Z Included Software: https://github.com/actions/runner-images/blob/ubuntu24/20250922.53/images/ubuntu/Ubuntu2404-Readme.md
l1-smoke	Set up job	2025-09-27T21:20:47.7489877Z Image Release: https://github.com/actions/runner-images/releases/tag/ubuntu24%2F20250922.53
l1-smoke	Set up job	2025-09-27T21:20:47.7491194Z ##[endgroup]
l1-smoke	Set up job	2025-09-27T21:20:47.7493650Z ##[group]GITHUB_TOKEN Permissions
l1-smoke	Set up job	2025-09-27T21:20:47.7496179Z Actions: write
l1-smoke	Set up job	2025-09-27T21:20:47.7496713Z Attestations: write
l1-smoke	Set up job	2025-09-27T21:20:47.7497225Z Checks: write
l1-smoke	Set up job	2025-09-27T21:20:47.7497760Z Contents: write
l1-smoke	Set up job	2025-09-27T21:20:47.7498522Z Deployments: write
l1-smoke	Set up job	2025-09-27T21:20:47.7499177Z Discussions: write
l1-smoke	Set up job	2025-09-27T21:20:47.7499826Z Issues: write
l1-smoke	Set up job	2025-09-27T21:20:47.7500298Z Metadata: read
l1-smoke	Set up job	2025-09-27T21:20:47.7500784Z Models: read
l1-smoke	Set up job	2025-09-27T21:20:47.7501226Z Packages: write
l1-smoke	Set up job	2025-09-27T21:20:47.7501823Z Pages: write
l1-smoke	Set up job	2025-09-27T21:20:47.7502345Z PullRequests: write
l1-smoke	Set up job	2025-09-27T21:20:47.7502821Z RepositoryProjects: write
l1-smoke	Set up job	2025-09-27T21:20:47.7503524Z SecurityEvents: write
l1-smoke	Set up job	2025-09-27T21:20:47.7504127Z Statuses: write
l1-smoke	Set up job	2025-09-27T21:20:47.7504608Z ##[endgroup]
l1-smoke	Set up job	2025-09-27T21:20:47.7506903Z Secret source: Actions
l1-smoke	Set up job	2025-09-27T21:20:47.7507644Z Prepare workflow directory
l1-smoke	Set up job	2025-09-27T21:20:47.7907129Z Prepare all required actions
l1-smoke	Set up job	2025-09-27T21:20:47.7947774Z Getting action download info
l1-smoke	Set up job	2025-09-27T21:20:48.1999834Z Download action repository 'actions/checkout@v4' (SHA:08eba0b27e820071cde6df949e0beb9ba4906955)
l1-smoke	Set up job	2025-09-27T21:20:48.4864531Z Complete job name: l1-smoke
l1-smoke	Run actions/checkout@v4	ï»¿2025-09-27T21:20:48.5607876Z ##[group]Run actions/checkout@v4
l1-smoke	Run actions/checkout@v4	2025-09-27T21:20:48.5609117Z with:
l1-smoke	Run actions/checkout@v4	2025-09-27T21:20:48.5609578Z   repository: ClanClanClanClan/latex_perf
l1-smoke	Run actions/checkout@v4	2025-09-27T21:20:48.5610376Z   token: ***
l1-smoke	Run actions/checkout@v4	2025-09-27T21:20:48.5610752Z   ssh-strict: true
l1-smoke	Run actions/checkout@v4	2025-09-27T21:20:48.5611140Z   ssh-user: git
l1-smoke	Run actions/checkout@v4	2025-09-27T21:20:48.5611743Z   persist-credentials: true
l1-smoke	Run actions/checkout@v4	2025-09-27T21:20:48.5612379Z   clean: true
l1-smoke	Run actions/checkout@v4	2025-09-27T21:20:48.5612919Z   sparse-checkout-cone-mode: true
l1-smoke	Run actions/checkout@v4	2025-09-27T21:20:48.5613394Z   fetch-depth: 1
l1-smoke	Run actions/checkout@v4	2025-09-27T21:20:48.5613783Z   fetch-tags: false
l1-smoke	Run actions/checkout@v4	2025-09-27T21:20:48.5614177Z   show-progress: true
l1-smoke	Run actions/checkout@v4	2025-09-27T21:20:48.5614579Z   lfs: false
l1-smoke	Run actions/checkout@v4	2025-09-27T21:20:48.5614940Z   submodules: false
l1-smoke	Run actions/checkout@v4	2025-09-27T21:20:48.5615344Z   set-safe-directory: true
l1-smoke	Run actions/checkout@v4	2025-09-27T21:20:48.5616012Z ##[endgroup]
l1-smoke	Run actions/checkout@v4	2025-09-27T21:20:48.6755065Z Syncing repository: ClanClanClanClan/latex_perf
l1-smoke	Run actions/checkout@v4	2025-09-27T21:20:48.6757018Z ##[group]Getting Git version info
l1-smoke	Run actions/checkout@v4	2025-09-27T21:20:48.6757773Z Working directory is '/home/runner/work/latex_perf/latex_perf'
l1-smoke	Run actions/checkout@v4	2025-09-27T21:20:48.6759179Z [command]/usr/bin/git version
l1-smoke	Run actions/checkout@v4	2025-09-27T21:20:48.6829032Z git version 2.51.0
l1-smoke	Run actions/checkout@v4	2025-09-27T21:20:48.6856282Z ##[endgroup]
l1-smoke	Run actions/checkout@v4	2025-09-27T21:20:48.6871543Z Temporarily overriding HOME='/home/runner/work/_temp/cf23fcb4-0f6a-44ca-a083-9decc42ab17f' before making global git config changes
l1-smoke	Run actions/checkout@v4	2025-09-27T21:20:48.6873048Z Adding repository directory to the temporary git global config as a safe directory
l1-smoke	Run actions/checkout@v4	2025-09-27T21:20:48.6877217Z [command]/usr/bin/git config --global --add safe.directory /home/runner/work/latex_perf/latex_perf
l1-smoke	Run actions/checkout@v4	2025-09-27T21:20:48.6917656Z Deleting the contents of '/home/runner/work/latex_perf/latex_perf'
l1-smoke	Run actions/checkout@v4	2025-09-27T21:20:48.6922290Z ##[group]Initializing the repository
l1-smoke	Run actions/checkout@v4	2025-09-27T21:20:48.6926312Z [command]/usr/bin/git init /home/runner/work/latex_perf/latex_perf
l1-smoke	Run actions/checkout@v4	2025-09-27T21:20:48.7045845Z hint: Using 'master' as the name for the initial branch. This default branch name
l1-smoke	Run actions/checkout@v4	2025-09-27T21:20:48.7047898Z hint: is subject to change. To configure the initial branch name to use in all
l1-smoke	Run actions/checkout@v4	2025-09-27T21:20:48.7049723Z hint: of your new repositories, which will suppress this warning, call:
l1-smoke	Run actions/checkout@v4	2025-09-27T21:20:48.7050632Z hint:
l1-smoke	Run actions/checkout@v4	2025-09-27T21:20:48.7051169Z hint: 	git config --global init.defaultBranch <name>
l1-smoke	Run actions/checkout@v4	2025-09-27T21:20:48.7051815Z hint:
l1-smoke	Run actions/checkout@v4	2025-09-27T21:20:48.7052404Z hint: Names commonly chosen instead of 'master' are 'main', 'trunk' and
l1-smoke	Run actions/checkout@v4	2025-09-27T21:20:48.7053331Z hint: 'development'. The just-created branch can be renamed via this command:
l1-smoke	Run actions/checkout@v4	2025-09-27T21:20:48.7054031Z hint:
l1-smoke	Run actions/checkout@v4	2025-09-27T21:20:48.7054430Z hint: 	git branch -m <name>
l1-smoke	Run actions/checkout@v4	2025-09-27T21:20:48.7055164Z hint:
l1-smoke	Run actions/checkout@v4	2025-09-27T21:20:48.7056089Z hint: Disable this message with "git config set advice.defaultBranchName false"
l1-smoke	Run actions/checkout@v4	2025-09-27T21:20:48.7057116Z Initialized empty Git repository in /home/runner/work/latex_perf/latex_perf/.git/
l1-smoke	Run actions/checkout@v4	2025-09-27T21:20:48.7061744Z [command]/usr/bin/git remote add origin https://github.com/ClanClanClanClan/latex_perf
l1-smoke	Run actions/checkout@v4	2025-09-27T21:20:48.7103743Z ##[endgroup]
l1-smoke	Run actions/checkout@v4	2025-09-27T21:20:48.7104504Z ##[group]Disabling automatic garbage collection
l1-smoke	Run actions/checkout@v4	2025-09-27T21:20:48.7109888Z [command]/usr/bin/git config --local gc.auto 0
l1-smoke	Run actions/checkout@v4	2025-09-27T21:20:48.7143410Z ##[endgroup]
l1-smoke	Run actions/checkout@v4	2025-09-27T21:20:48.7144639Z ##[group]Setting up auth
l1-smoke	Run actions/checkout@v4	2025-09-27T21:20:48.7152503Z [command]/usr/bin/git config --local --name-only --get-regexp core\.sshCommand
l1-smoke	Run actions/checkout@v4	2025-09-27T21:20:48.7191068Z [command]/usr/bin/git submodule foreach --recursive sh -c "git config --local --name-only --get-regexp 'core\.sshCommand' && git config --local --unset-all 'core.sshCommand' || :"
l1-smoke	Run actions/checkout@v4	2025-09-27T21:20:48.7539465Z [command]/usr/bin/git config --local --name-only --get-regexp http\.https\:\/\/github\.com\/\.extraheader
l1-smoke	Run actions/checkout@v4	2025-09-27T21:20:48.7571437Z [command]/usr/bin/git submodule foreach --recursive sh -c "git config --local --name-only --get-regexp 'http\.https\:\/\/github\.com\/\.extraheader' && git config --local --unset-all 'http.https://github.com/.extraheader' || :"
l1-smoke	Run actions/checkout@v4	2025-09-27T21:20:48.7804922Z [command]/usr/bin/git config --local http.https://github.com/.extraheader AUTHORIZATION: basic ***
l1-smoke	Run actions/checkout@v4	2025-09-27T21:20:48.7863335Z ##[endgroup]
l1-smoke	Run actions/checkout@v4	2025-09-27T21:20:48.7864146Z ##[group]Fetching the repository
l1-smoke	Run actions/checkout@v4	2025-09-27T21:20:48.7877995Z [command]/usr/bin/git -c protocol.version=2 fetch --no-tags --prune --no-recurse-submodules --depth=1 origin +6acf14e01b575831a3f54eac2db1be0f7c3d9421:refs/remotes/pull/4/merge
l1-smoke	Run actions/checkout@v4	2025-09-27T21:20:49.3760290Z From https://github.com/ClanClanClanClan/latex_perf
l1-smoke	Run actions/checkout@v4	2025-09-27T21:20:49.3761481Z  * [new ref]         6acf14e01b575831a3f54eac2db1be0f7c3d9421 -> pull/4/merge
l1-smoke	Run actions/checkout@v4	2025-09-27T21:20:49.3796629Z ##[endgroup]
l1-smoke	Run actions/checkout@v4	2025-09-27T21:20:49.3798202Z ##[group]Determining the checkout info
l1-smoke	Run actions/checkout@v4	2025-09-27T21:20:49.3800211Z ##[endgroup]
l1-smoke	Run actions/checkout@v4	2025-09-27T21:20:49.3804983Z [command]/usr/bin/git sparse-checkout disable
l1-smoke	Run actions/checkout@v4	2025-09-27T21:20:49.3853192Z [command]/usr/bin/git config --local --unset-all extensions.worktreeConfig
l1-smoke	Run actions/checkout@v4	2025-09-27T21:20:49.3889683Z ##[group]Checking out the ref
l1-smoke	Run actions/checkout@v4	2025-09-27T21:20:49.3894129Z [command]/usr/bin/git checkout --progress --force refs/remotes/pull/4/merge
l1-smoke	Run actions/checkout@v4	2025-09-27T21:20:49.4328556Z Note: switching to 'refs/remotes/pull/4/merge'.
l1-smoke	Run actions/checkout@v4	2025-09-27T21:20:49.4330266Z 
l1-smoke	Run actions/checkout@v4	2025-09-27T21:20:49.4331110Z You are in 'detached HEAD' state. You can look around, make experimental
l1-smoke	Run actions/checkout@v4	2025-09-27T21:20:49.4332426Z changes and commit them, and you can discard any commits you make in this
l1-smoke	Run actions/checkout@v4	2025-09-27T21:20:49.4333654Z state without impacting any branches by switching back to a branch.
l1-smoke	Run actions/checkout@v4	2025-09-27T21:20:49.4334442Z 
l1-smoke	Run actions/checkout@v4	2025-09-27T21:20:49.4334958Z If you want to create a new branch to retain commits you create, you may
l1-smoke	Run actions/checkout@v4	2025-09-27T21:20:49.4336659Z do so (now or later) by using -c with the switch command. Example:
l1-smoke	Run actions/checkout@v4	2025-09-27T21:20:49.4337272Z 
l1-smoke	Run actions/checkout@v4	2025-09-27T21:20:49.4337525Z   git switch -c <new-branch-name>
l1-smoke	Run actions/checkout@v4	2025-09-27T21:20:49.4337931Z 
l1-smoke	Run actions/checkout@v4	2025-09-27T21:20:49.4338184Z Or undo this operation with:
l1-smoke	Run actions/checkout@v4	2025-09-27T21:20:49.4339214Z 
l1-smoke	Run actions/checkout@v4	2025-09-27T21:20:49.4339448Z   git switch -
l1-smoke	Run actions/checkout@v4	2025-09-27T21:20:49.4339900Z 
l1-smoke	Run actions/checkout@v4	2025-09-27T21:20:49.4340376Z Turn off this advice by setting config variable advice.detachedHead to false
l1-smoke	Run actions/checkout@v4	2025-09-27T21:20:49.4341056Z 
l1-smoke	Run actions/checkout@v4	2025-09-27T21:20:49.4341862Z HEAD is now at 6acf14e Merge 07895437ab0cede570fde751cb6861b9d97861e6 into 92bdfe28e9a19447735918ce6f6c8395415acf11
l1-smoke	Run actions/checkout@v4	2025-09-27T21:20:49.4344308Z ##[endgroup]
l1-smoke	Run actions/checkout@v4	2025-09-27T21:20:49.4378894Z [command]/usr/bin/git log -1 --format=%H
l1-smoke	Run actions/checkout@v4	2025-09-27T21:20:49.4405378Z 6acf14e01b575831a3f54eac2db1be0f7c3d9421
l1-smoke	Set up OCaml and OPAM	ï»¿2025-09-27T21:20:49.4731278Z Prepare all required actions
l1-smoke	Set up OCaml and OPAM	2025-09-27T21:20:49.4732138Z Getting action download info
l1-smoke	Set up OCaml and OPAM	2025-09-27T21:20:49.6313778Z Download action repository 'ocaml/setup-ocaml@v2' (SHA:8cc6339f55862749298d198ef84788b8d6acdacc)
l1-smoke	Set up OCaml and OPAM	2025-09-27T21:20:50.4138247Z ##[group]Run ./.github/actions/setup-ocaml
l1-smoke	Set up OCaml and OPAM	2025-09-27T21:20:50.4139715Z with:
l1-smoke	Set up OCaml and OPAM	2025-09-27T21:20:50.4140626Z   ocaml-compiler: 4.14.1
l1-smoke	Set up OCaml and OPAM	2025-09-27T21:20:50.4141658Z   opam-depext: false
l1-smoke	Set up OCaml and OPAM	2025-09-27T21:20:50.4142745Z   allow-prerelease-opam: false
l1-smoke	Set up OCaml and OPAM	2025-09-27T21:20:50.4143850Z   opam-pin: true
l1-smoke	Set up OCaml and OPAM	2025-09-27T21:20:50.4144832Z   opam-local-packages: *.opam
l1-smoke	Set up OCaml and OPAM	2025-09-27T21:20:50.4145992Z   opam-disable-sandboxing: false
l1-smoke	Set up OCaml and OPAM	2025-09-27T21:20:50.4147108Z   dune-cache: false
l1-smoke	Set up OCaml and OPAM	2025-09-27T21:20:50.4148051Z   cache-prefix: v1
l1-smoke	Set up OCaml and OPAM	2025-09-27T21:20:50.4149088Z ##[endgroup]
l1-smoke	Set up OCaml and OPAM	2025-09-27T21:20:50.4288264Z ##[group]Run sudo apt-get update
l1-smoke	Set up OCaml and OPAM	2025-09-27T21:20:50.4289773Z [36;1msudo apt-get update[0m
l1-smoke	Set up OCaml and OPAM	2025-09-27T21:20:50.4290856Z [36;1msudo apt-get install -y \[0m
l1-smoke	Set up OCaml and OPAM	2025-09-27T21:20:50.4292003Z [36;1m  bubblewrap \[0m
l1-smoke	Set up OCaml and OPAM	2025-09-27T21:20:50.4293059Z [36;1m  g++-multilib \[0m
l1-smoke	Set up OCaml and OPAM	2025-09-27T21:20:50.4294052Z [36;1m  gcc-multilib \[0m
l1-smoke	Set up OCaml and OPAM	2025-09-27T21:20:50.4295029Z [36;1m  mercurial \[0m
l1-smoke	Set up OCaml and OPAM	2025-09-27T21:20:50.4295977Z [36;1m  musl-tools \[0m
l1-smoke	Set up OCaml and OPAM	2025-09-27T21:20:50.4296908Z [36;1m  rsync[0m
l1-smoke	Set up OCaml and OPAM	2025-09-27T21:20:50.4338107Z shell: /usr/bin/bash --noprofile --norc -e -o pipefail {0}
l1-smoke	Set up OCaml and OPAM	2025-09-27T21:20:50.4339891Z ##[endgroup]
l1-smoke	Set up OCaml and OPAM	2025-09-27T21:20:50.5191062Z Get:1 file:/etc/apt/apt-mirrors.txt Mirrorlist [144 B]
l1-smoke	Set up OCaml and OPAM	2025-09-27T21:20:50.5595315Z Hit:6 https://packages.microsoft.com/repos/azure-cli noble InRelease
l1-smoke	Set up OCaml and OPAM	2025-09-27T21:20:50.5600610Z Hit:2 http://azure.archive.ubuntu.com/ubuntu noble InRelease
l1-smoke	Set up OCaml and OPAM	2025-09-27T21:20:50.5604046Z Get:7 https://packages.microsoft.com/ubuntu/24.04/prod noble InRelease [3600 B]
l1-smoke	Set up OCaml and OPAM	2025-09-27T21:20:50.5630906Z Get:3 http://azure.archive.ubuntu.com/ubuntu noble-updates InRelease [126 kB]
l1-smoke	Set up OCaml and OPAM	2025-09-27T21:20:50.5660957Z Get:4 http://azure.archive.ubuntu.com/ubuntu noble-backports InRelease [126 kB]
l1-smoke	Set up OCaml and OPAM	2025-09-27T21:20:50.5680799Z Get:5 http://azure.archive.ubuntu.com/ubuntu noble-security InRelease [126 kB]
l1-smoke	Set up OCaml and OPAM	2025-09-27T21:20:50.7532441Z Get:8 https://packages.microsoft.com/ubuntu/24.04/prod noble/main amd64 Packages [57.1 kB]
l1-smoke	Set up OCaml and OPAM	2025-09-27T21:20:50.7667756Z Get:9 https://packages.microsoft.com/ubuntu/24.04/prod noble/main arm64 Packages [39.5 kB]
l1-smoke	Set up OCaml and OPAM	2025-09-27T21:20:50.8105203Z Get:10 http://azure.archive.ubuntu.com/ubuntu noble-updates/main amd64 Packages [1443 kB]
l1-smoke	Set up OCaml and OPAM	2025-09-27T21:20:50.8200418Z Get:11 http://azure.archive.ubuntu.com/ubuntu noble-updates/main Translation-en [282 kB]
l1-smoke	Set up OCaml and OPAM	2025-09-27T21:20:50.8211771Z Get:12 http://azure.archive.ubuntu.com/ubuntu noble-updates/main amd64 Components [175 kB]
l1-smoke	Set up OCaml and OPAM	2025-09-27T21:20:50.8247831Z Get:13 http://azure.archive.ubuntu.com/ubuntu noble-updates/main amd64 c-n-f Metadata [15.3 kB]
l1-smoke	Set up OCaml and OPAM	2025-09-27T21:20:50.8259368Z Get:14 http://azure.archive.ubuntu.com/ubuntu noble-updates/universe amd64 Packages [1485 kB]
l1-smoke	Set up OCaml and OPAM	2025-09-27T21:20:50.8342039Z Get:15 http://azure.archive.ubuntu.com/ubuntu noble-updates/universe Translation-en [299 kB]
l1-smoke	Set up OCaml and OPAM	2025-09-27T21:20:50.8371955Z Get:16 http://azure.archive.ubuntu.com/ubuntu noble-updates/universe amd64 Components [377 kB]
l1-smoke	Set up OCaml and OPAM	2025-09-27T21:20:50.8397171Z Get:17 http://azure.archive.ubuntu.com/ubuntu noble-updates/universe amd64 c-n-f Metadata [31.0 kB]
l1-smoke	Set up OCaml and OPAM	2025-09-27T21:20:50.8408210Z Get:18 http://azure.archive.ubuntu.com/ubuntu noble-updates/restricted amd64 Packages [1957 kB]
l1-smoke	Set up OCaml and OPAM	2025-09-27T21:20:50.8513848Z Get:19 http://azure.archive.ubuntu.com/ubuntu noble-updates/restricted Translation-en [441 kB]
l1-smoke	Set up OCaml and OPAM	2025-09-27T21:20:50.8955168Z Get:20 http://azure.archive.ubuntu.com/ubuntu noble-updates/restricted amd64 Components [212 B]
l1-smoke	Set up OCaml and OPAM	2025-09-27T21:20:50.8964688Z Get:21 http://azure.archive.ubuntu.com/ubuntu noble-updates/multiverse amd64 Components [940 B]
l1-smoke	Set up OCaml and OPAM	2025-09-27T21:20:50.8973971Z Get:22 http://azure.archive.ubuntu.com/ubuntu noble-backports/main amd64 Components [7076 B]
l1-smoke	Set up OCaml and OPAM	2025-09-27T21:20:50.8983867Z Get:23 http://azure.archive.ubuntu.com/ubuntu noble-backports/universe amd64 Packages [28.9 kB]
l1-smoke	Set up OCaml and OPAM	2025-09-27T21:20:50.8996057Z Get:24 http://azure.archive.ubuntu.com/ubuntu noble-backports/universe amd64 Components [11.0 kB]
l1-smoke	Set up OCaml and OPAM	2025-09-27T21:20:50.9004516Z Get:25 http://azure.archive.ubuntu.com/ubuntu noble-backports/universe amd64 c-n-f Metadata [1444 B]
l1-smoke	Set up OCaml and OPAM	2025-09-27T21:20:50.9011938Z Get:26 http://azure.archive.ubuntu.com/ubuntu noble-backports/restricted amd64 Components [216 B]
l1-smoke	Set up OCaml and OPAM	2025-09-27T21:20:50.9020870Z Get:27 http://azure.archive.ubuntu.com/ubuntu noble-backports/multiverse amd64 Components [212 B]
l1-smoke	Set up OCaml and OPAM	2025-09-27T21:20:50.9368551Z Get:28 http://azure.archive.ubuntu.com/ubuntu noble-security/main amd64 Packages [1171 kB]
l1-smoke	Set up OCaml and OPAM	2025-09-27T21:20:50.9437062Z Get:29 http://azure.archive.ubuntu.com/ubuntu noble-security/main Translation-en [198 kB]
l1-smoke	Set up OCaml and OPAM	2025-09-27T21:20:50.9456799Z Get:30 http://azure.archive.ubuntu.com/ubuntu noble-security/main amd64 Components [21.6 kB]
l1-smoke	Set up OCaml and OPAM	2025-09-27T21:20:50.9464306Z Get:31 http://azure.archive.ubuntu.com/ubuntu noble-security/main amd64 c-n-f Metadata [8744 B]
l1-smoke	Set up OCaml and OPAM	2025-09-27T21:20:50.9472520Z Get:32 http://azure.archive.ubuntu.com/ubuntu noble-security/universe amd64 Packages [880 kB]
l1-smoke	Set up OCaml and OPAM	2025-09-27T21:20:50.9525427Z Get:33 http://azure.archive.ubuntu.com/ubuntu noble-security/universe Translation-en [195 kB]
l1-smoke	Set up OCaml and OPAM	2025-09-27T21:20:50.9951273Z Get:34 http://azure.archive.ubuntu.com/ubuntu noble-security/universe amd64 Components [52.3 kB]
l1-smoke	Set up OCaml and OPAM	2025-09-27T21:20:50.9962291Z Get:35 http://azure.archive.ubuntu.com/ubuntu noble-security/universe amd64 c-n-f Metadata [18.0 kB]
l1-smoke	Set up OCaml and OPAM	2025-09-27T21:20:50.9970690Z Get:36 http://azure.archive.ubuntu.com/ubuntu noble-security/restricted amd64 Packages [1872 kB]
l1-smoke	Set up OCaml and OPAM	2025-09-27T21:20:51.0066328Z Get:37 http://azure.archive.ubuntu.com/ubuntu noble-security/restricted Translation-en [423 kB]
l1-smoke	Set up OCaml and OPAM	2025-09-27T21:20:51.0094290Z Get:38 http://azure.archive.ubuntu.com/ubuntu noble-security/restricted amd64 Components [212 B]
l1-smoke	Set up OCaml and OPAM	2025-09-27T21:20:51.0102152Z Get:39 http://azure.archive.ubuntu.com/ubuntu noble-security/multiverse amd64 Components [212 B]
l1-smoke	Set up OCaml and OPAM	2025-09-27T21:21:00.0093688Z Fetched 11.9 MB in 2s (7875 kB/s)
l1-smoke	Set up OCaml and OPAM	2025-09-27T21:21:00.8589302Z Reading package lists...
l1-smoke	Set up OCaml and OPAM	2025-09-27T21:21:00.8946499Z Reading package lists...
l1-smoke	Set up OCaml and OPAM	2025-09-27T21:21:01.1324202Z Building dependency tree...
l1-smoke	Set up OCaml and OPAM	2025-09-27T21:21:01.1333407Z Reading state information...
l1-smoke	Set up OCaml and OPAM	2025-09-27T21:21:01.4609669Z mercurial is already the newest version (6.7.2-1ubuntu2.2).
l1-smoke	Set up OCaml and OPAM	2025-09-27T21:21:01.4610584Z rsync is already the newest version (3.2.7-1ubuntu1.2).
l1-smoke	Set up OCaml and OPAM	2025-09-27T21:21:01.4611164Z The following additional packages will be installed:
l1-smoke	Set up OCaml and OPAM	2025-09-27T21:21:01.4611923Z   g++-13-multilib gcc-13-multilib lib32asan8 lib32atomic1 lib32gcc-13-dev
l1-smoke	Set up OCaml and OPAM	2025-09-27T21:21:01.4612643Z   lib32gomp1 lib32itm1 lib32quadmath0 lib32stdc++-13-dev lib32ubsan1
l1-smoke	Set up OCaml and OPAM	2025-09-27T21:21:01.4616313Z   libc6-dev-i386 libc6-dev-x32 libc6-x32 libx32asan8 libx32atomic1
l1-smoke	Set up OCaml and OPAM	2025-09-27T21:21:01.4617354Z   libx32gcc-13-dev libx32gcc-s1 libx32gomp1 libx32itm1 libx32quadmath0
l1-smoke	Set up OCaml and OPAM	2025-09-27T21:21:01.4622968Z   libx32stdc++-13-dev libx32stdc++6 libx32ubsan1 musl musl-dev
l1-smoke	Set up OCaml and OPAM	2025-09-27T21:21:01.4635503Z Suggested packages:
l1-smoke	Set up OCaml and OPAM	2025-09-27T21:21:01.4635919Z   lib32stdc++6-13-dbg libx32stdc++6-13-dbg
l1-smoke	Set up OCaml and OPAM	2025-09-27T21:21:01.5323841Z The following NEW packages will be installed:
l1-smoke	Set up OCaml and OPAM	2025-09-27T21:21:01.5326417Z   bubblewrap g++-13-multilib g++-multilib gcc-13-multilib gcc-multilib
l1-smoke	Set up OCaml and OPAM	2025-09-27T21:21:01.5328497Z   lib32asan8 lib32atomic1 lib32gcc-13-dev lib32gomp1 lib32itm1 lib32quadmath0
l1-smoke	Set up OCaml and OPAM	2025-09-27T21:21:01.5334489Z   lib32stdc++-13-dev lib32ubsan1 libc6-dev-i386 libc6-dev-x32 libc6-x32
l1-smoke	Set up OCaml and OPAM	2025-09-27T21:21:01.5336200Z   libx32asan8 libx32atomic1 libx32gcc-13-dev libx32gcc-s1 libx32gomp1
l1-smoke	Set up OCaml and OPAM	2025-09-27T21:21:01.5337296Z   libx32itm1 libx32quadmath0 libx32stdc++-13-dev libx32stdc++6 libx32ubsan1
l1-smoke	Set up OCaml and OPAM	2025-09-27T21:21:01.5342559Z   musl musl-dev musl-tools
l1-smoke	Set up OCaml and OPAM	2025-09-27T21:21:01.5610136Z 0 upgraded, 29 newly installed, 0 to remove and 17 not upgraded.
l1-smoke	Set up OCaml and OPAM	2025-09-27T21:21:01.5610792Z Need to get 23.6 MB of archives.
l1-smoke	Set up OCaml and OPAM	2025-09-27T21:21:01.5611301Z After this operation, 94.1 MB of additional disk space will be used.
l1-smoke	Set up OCaml and OPAM	2025-09-27T21:21:01.5611910Z Get:1 file:/etc/apt/apt-mirrors.txt Mirrorlist [144 B]
l1-smoke	Set up OCaml and OPAM	2025-09-27T21:21:01.6353028Z Get:2 http://azure.archive.ubuntu.com/ubuntu noble-updates/main amd64 bubblewrap amd64 0.9.0-1ubuntu0.1 [50.2 kB]
l1-smoke	Set up OCaml and OPAM	2025-09-27T21:21:01.6897216Z Get:3 http://azure.archive.ubuntu.com/ubuntu noble-updates/main amd64 libc6-dev-i386 amd64 2.39-0ubuntu8.6 [1447 kB]
l1-smoke	Set up OCaml and OPAM	2025-09-27T21:21:01.8955919Z Get:4 http://azure.archive.ubuntu.com/ubuntu noble-updates/main amd64 libc6-x32 amd64 2.39-0ubuntu8.6 [2913 kB]
l1-smoke	Set up OCaml and OPAM	2025-09-27T21:21:02.1599052Z Get:5 http://azure.archive.ubuntu.com/ubuntu noble-updates/main amd64 libc6-dev-x32 amd64 2.39-0ubuntu8.6 [1637 kB]
l1-smoke	Set up OCaml and OPAM	2025-09-27T21:21:02.3245132Z Get:6 http://azure.archive.ubuntu.com/ubuntu noble-updates/main amd64 libx32gcc-s1 amd64 14.2.0-4ubuntu2~24.04 [78.5 kB]
l1-smoke	Set up OCaml and OPAM	2025-09-27T21:21:02.3785488Z Get:7 http://azure.archive.ubuntu.com/ubuntu noble-updates/main amd64 lib32gomp1 amd64 14.2.0-4ubuntu2~24.04 [141 kB]
l1-smoke	Set up OCaml and OPAM	2025-09-27T21:21:02.4360250Z Get:8 http://azure.archive.ubuntu.com/ubuntu noble-updates/main amd64 libx32gomp1 amd64 14.2.0-4ubuntu2~24.04 [145 kB]
l1-smoke	Set up OCaml and OPAM	2025-09-27T21:21:02.4989501Z Get:9 http://azure.archive.ubuntu.com/ubuntu noble-updates/main amd64 lib32itm1 amd64 14.2.0-4ubuntu2~24.04 [29.6 kB]
l1-smoke	Set up OCaml and OPAM	2025-09-27T21:21:02.5580755Z Get:10 http://azure.archive.ubuntu.com/ubuntu noble-updates/main amd64 libx32itm1 amd64 14.2.0-4ubuntu2~24.04 [29.8 kB]
l1-smoke	Set up OCaml and OPAM	2025-09-27T21:21:02.6114199Z Get:11 http://azure.archive.ubuntu.com/ubuntu noble-updates/main amd64 lib32atomic1 amd64 14.2.0-4ubuntu2~24.04 [8586 B]
l1-smoke	Set up OCaml and OPAM	2025-09-27T21:21:02.6644592Z Get:12 http://azure.archive.ubuntu.com/ubuntu noble-updates/main amd64 libx32atomic1 amd64 14.2.0-4ubuntu2~24.04 [10.3 kB]
l1-smoke	Set up OCaml and OPAM	2025-09-27T21:21:02.7177852Z Get:13 http://azure.archive.ubuntu.com/ubuntu noble-updates/main amd64 lib32asan8 amd64 14.2.0-4ubuntu2~24.04 [2879 kB]
l1-smoke	Set up OCaml and OPAM	2025-09-27T21:21:02.9406254Z Get:14 http://azure.archive.ubuntu.com/ubuntu noble-updates/main amd64 libx32asan8 amd64 14.2.0-4ubuntu2~24.04 [2893 kB]
l1-smoke	Set up OCaml and OPAM	2025-09-27T21:21:03.1617122Z Get:15 http://azure.archive.ubuntu.com/ubuntu noble-updates/main amd64 lib32ubsan1 amd64 14.2.0-4ubuntu2~24.04 [1150 kB]
l1-smoke	Set up OCaml and OPAM	2025-09-27T21:21:03.3200975Z Get:16 http://azure.archive.ubuntu.com/ubuntu noble-updates/main amd64 libx32stdc++6 amd64 14.2.0-4ubuntu2~24.04 [778 kB]
l1-smoke	Set up OCaml and OPAM	2025-09-27T21:21:03.4300054Z Get:17 http://azure.archive.ubuntu.com/ubuntu noble-updates/main amd64 libx32ubsan1 amd64 14.2.0-4ubuntu2~24.04 [1169 kB]
l1-smoke	Set up OCaml and OPAM	2025-09-27T21:21:03.5907463Z Get:18 http://azure.archive.ubuntu.com/ubuntu noble-updates/main amd64 lib32quadmath0 amd64 14.2.0-4ubuntu2~24.04 [227 kB]
l1-smoke	Set up OCaml and OPAM	2025-09-27T21:21:03.6469339Z Get:19 http://azure.archive.ubuntu.com/ubuntu noble-updates/main amd64 libx32quadmath0 amd64 14.2.0-4ubuntu2~24.04 [157 kB]
l1-smoke	Set up OCaml and OPAM	2025-09-27T21:21:03.7015640Z Get:20 http://azure.archive.ubuntu.com/ubuntu noble-updates/main amd64 lib32gcc-13-dev amd64 13.3.0-6ubuntu2~24.04 [2380 kB]
l1-smoke	Set up OCaml and OPAM	2025-09-27T21:21:03.9137826Z Get:21 http://azure.archive.ubuntu.com/ubuntu noble-updates/main amd64 libx32gcc-13-dev amd64 13.3.0-6ubuntu2~24.04 [2190 kB]
l1-smoke	Set up OCaml and OPAM	2025-09-27T21:21:04.1236396Z Get:22 http://azure.archive.ubuntu.com/ubuntu noble-updates/main amd64 gcc-13-multilib amd64 13.3.0-6ubuntu2~24.04 [878 B]
l1-smoke	Set up OCaml and OPAM	2025-09-27T21:21:04.1773304Z Get:23 http://azure.archive.ubuntu.com/ubuntu noble-updates/main amd64 lib32stdc++-13-dev amd64 13.3.0-6ubuntu2~24.04 [1150 kB]
l1-smoke	Set up OCaml and OPAM	2025-09-27T21:21:04.3355122Z Get:24 http://azure.archive.ubuntu.com/ubuntu noble-updates/main amd64 libx32stdc++-13-dev amd64 13.3.0-6ubuntu2~24.04 [1086 kB]
l1-smoke	Set up OCaml and OPAM	2025-09-27T21:21:04.4955160Z Get:25 http://azure.archive.ubuntu.com/ubuntu noble-updates/main amd64 g++-13-multilib amd64 13.3.0-6ubuntu2~24.04 [890 B]
l1-smoke	Set up OCaml and OPAM	2025-09-27T21:21:04.5484052Z Get:26 http://azure.archive.ubuntu.com/ubuntu noble/main amd64 gcc-multilib amd64 4:13.2.0-7ubuntu1 [1474 B]
l1-smoke	Set up OCaml and OPAM	2025-09-27T21:21:04.6013580Z Get:27 http://azure.archive.ubuntu.com/ubuntu noble/main amd64 g++-multilib amd64 4:13.2.0-7ubuntu1 [884 B]
l1-smoke	Set up OCaml and OPAM	2025-09-27T21:21:04.6551906Z Get:28 http://azure.archive.ubuntu.com/ubuntu noble/universe amd64 musl amd64 1.2.4-2 [416 kB]
l1-smoke	Set up OCaml and OPAM	2025-09-27T21:21:04.7594194Z Get:29 http://azure.archive.ubuntu.com/ubuntu noble/universe amd64 musl-dev amd64 1.2.4-2 [616 kB]
l1-smoke	Set up OCaml and OPAM	2025-09-27T21:21:04.8672278Z Get:30 http://azure.archive.ubuntu.com/ubuntu noble/universe amd64 musl-tools amd64 1.2.4-2 [5540 B]
l1-smoke	Set up OCaml and OPAM	2025-09-27T21:21:05.1690644Z Fetched 23.6 MB in 3s (7110 kB/s)
l1-smoke	Set up OCaml and OPAM	2025-09-27T21:21:05.1929182Z Selecting previously unselected package bubblewrap.
l1-smoke	Set up OCaml and OPAM	2025-09-27T21:21:05.2202223Z (Reading database ... 
l1-smoke	Set up OCaml and OPAM	2025-09-27T21:21:05.2202708Z (Reading database ... 5%
l1-smoke	Set up OCaml and OPAM	2025-09-27T21:21:05.2203185Z (Reading database ... 10%
l1-smoke	Set up OCaml and OPAM	2025-09-27T21:21:05.2203600Z (Reading database ... 15%
l1-smoke	Set up OCaml and OPAM	2025-09-27T21:21:05.2203996Z (Reading database ... 20%
l1-smoke	Set up OCaml and OPAM	2025-09-27T21:21:05.2204380Z (Reading database ... 25%
l1-smoke	Set up OCaml and OPAM	2025-09-27T21:21:05.2204826Z (Reading database ... 30%
l1-smoke	Set up OCaml and OPAM	2025-09-27T21:21:05.2205081Z (Reading database ... 35%
l1-smoke	Set up OCaml and OPAM	2025-09-27T21:21:05.2205324Z (Reading database ... 40%
l1-smoke	Set up OCaml and OPAM	2025-09-27T21:21:05.2205585Z (Reading database ... 45%
l1-smoke	Set up OCaml and OPAM	2025-09-27T21:21:05.2205831Z (Reading database ... 50%
l1-smoke	Set up OCaml and OPAM	2025-09-27T21:21:05.2585176Z (Reading database ... 55%
l1-smoke	Set up OCaml and OPAM	2025-09-27T21:21:05.5065358Z (Reading database ... 60%
l1-smoke	Set up OCaml and OPAM	2025-09-27T21:21:05.6625627Z (Reading database ... 65%
l1-smoke	Set up OCaml and OPAM	2025-09-27T21:21:05.9011627Z (Reading database ... 70%
l1-smoke	Set up OCaml and OPAM	2025-09-27T21:21:06.0700602Z (Reading database ... 75%
l1-smoke	Set up OCaml and OPAM	2025-09-27T21:21:06.3086030Z (Reading database ... 80%
l1-smoke	Set up OCaml and OPAM	2025-09-27T21:21:06.5461211Z (Reading database ... 85%
l1-smoke	Set up OCaml and OPAM	2025-09-27T21:21:06.8012946Z (Reading database ... 90%
l1-smoke	Set up OCaml and OPAM	2025-09-27T21:21:07.0517428Z (Reading database ... 95%
l1-smoke	Set up OCaml and OPAM	2025-09-27T21:21:07.0563845Z (Reading database ... 100%
l1-smoke	Set up OCaml and OPAM	2025-09-27T21:21:07.0564660Z (Reading database ... 214164 files and directories currently installed.)
l1-smoke	Set up OCaml and OPAM	2025-09-27T21:21:07.0565606Z Preparing to unpack .../00-bubblewrap_0.9.0-1ubuntu0.1_amd64.deb ...
l1-smoke	Set up OCaml and OPAM	2025-09-27T21:21:07.0592168Z Unpacking bubblewrap (0.9.0-1ubuntu0.1) ...
l1-smoke	Set up OCaml and OPAM	2025-09-27T21:21:07.1037516Z Selecting previously unselected package libc6-dev-i386.
l1-smoke	Set up OCaml and OPAM	2025-09-27T21:21:07.1180202Z Preparing to unpack .../01-libc6-dev-i386_2.39-0ubuntu8.6_amd64.deb ...
l1-smoke	Set up OCaml and OPAM	2025-09-27T21:21:07.1190964Z Unpacking libc6-dev-i386 (2.39-0ubuntu8.6) ...
l1-smoke	Set up OCaml and OPAM	2025-09-27T21:21:07.2511712Z Selecting previously unselected package libc6-x32.
l1-smoke	Set up OCaml and OPAM	2025-09-27T21:21:07.2656580Z Preparing to unpack .../02-libc6-x32_2.39-0ubuntu8.6_amd64.deb ...
l1-smoke	Set up OCaml and OPAM	2025-09-27T21:21:07.2763168Z Unpacking libc6-x32 (2.39-0ubuntu8.6) ...
l1-smoke	Set up OCaml and OPAM	2025-09-27T21:21:07.3885597Z Selecting previously unselected package libc6-dev-x32.
l1-smoke	Set up OCaml and OPAM	2025-09-27T21:21:07.4028263Z Preparing to unpack .../03-libc6-dev-x32_2.39-0ubuntu8.6_amd64.deb ...
l1-smoke	Set up OCaml and OPAM	2025-09-27T21:21:07.4039916Z Unpacking libc6-dev-x32 (2.39-0ubuntu8.6) ...
l1-smoke	Set up OCaml and OPAM	2025-09-27T21:21:07.4671293Z Selecting previously unselected package libx32gcc-s1.
l1-smoke	Set up OCaml and OPAM	2025-09-27T21:21:07.4813249Z Preparing to unpack .../04-libx32gcc-s1_14.2.0-4ubuntu2~24.04_amd64.deb ...
l1-smoke	Set up OCaml and OPAM	2025-09-27T21:21:07.4823544Z Unpacking libx32gcc-s1 (14.2.0-4ubuntu2~24.04) ...
l1-smoke	Set up OCaml and OPAM	2025-09-27T21:21:07.5073827Z Selecting previously unselected package lib32gomp1.
l1-smoke	Set up OCaml and OPAM	2025-09-27T21:21:07.5215086Z Preparing to unpack .../05-lib32gomp1_14.2.0-4ubuntu2~24.04_amd64.deb ...
l1-smoke	Set up OCaml and OPAM	2025-09-27T21:21:07.5226130Z Unpacking lib32gomp1 (14.2.0-4ubuntu2~24.04) ...
l1-smoke	Set up OCaml and OPAM	2025-09-27T21:21:07.5489888Z Selecting previously unselected package libx32gomp1.
l1-smoke	Set up OCaml and OPAM	2025-09-27T21:21:07.5627961Z Preparing to unpack .../06-libx32gomp1_14.2.0-4ubuntu2~24.04_amd64.deb ...
l1-smoke	Set up OCaml and OPAM	2025-09-27T21:21:07.5638103Z Unpacking libx32gomp1 (14.2.0-4ubuntu2~24.04) ...
l1-smoke	Set up OCaml and OPAM	2025-09-27T21:21:07.5914283Z Selecting previously unselected package lib32itm1.
l1-smoke	Set up OCaml and OPAM	2025-09-27T21:21:07.6072443Z Preparing to unpack .../07-lib32itm1_14.2.0-4ubuntu2~24.04_amd64.deb ...
l1-smoke	Set up OCaml and OPAM	2025-09-27T21:21:07.6086849Z Unpacking lib32itm1 (14.2.0-4ubuntu2~24.04) ...
l1-smoke	Set up OCaml and OPAM	2025-09-27T21:21:07.6351737Z Selecting previously unselected package libx32itm1.
l1-smoke	Set up OCaml and OPAM	2025-09-27T21:21:07.6493763Z Preparing to unpack .../08-libx32itm1_14.2.0-4ubuntu2~24.04_amd64.deb ...
l1-smoke	Set up OCaml and OPAM	2025-09-27T21:21:07.6505695Z Unpacking libx32itm1 (14.2.0-4ubuntu2~24.04) ...
l1-smoke	Set up OCaml and OPAM	2025-09-27T21:21:07.6760395Z Selecting previously unselected package lib32atomic1.
l1-smoke	Set up OCaml and OPAM	2025-09-27T21:21:07.6902756Z Preparing to unpack .../09-lib32atomic1_14.2.0-4ubuntu2~24.04_amd64.deb ...
l1-smoke	Set up OCaml and OPAM	2025-09-27T21:21:07.6919153Z Unpacking lib32atomic1 (14.2.0-4ubuntu2~24.04) ...
l1-smoke	Set up OCaml and OPAM	2025-09-27T21:21:07.7170225Z Selecting previously unselected package libx32atomic1.
l1-smoke	Set up OCaml and OPAM	2025-09-27T21:21:07.7312248Z Preparing to unpack .../10-libx32atomic1_14.2.0-4ubuntu2~24.04_amd64.deb ...
l1-smoke	Set up OCaml and OPAM	2025-09-27T21:21:07.7325412Z Unpacking libx32atomic1 (14.2.0-4ubuntu2~24.04) ...
l1-smoke	Set up OCaml and OPAM	2025-09-27T21:21:07.7584584Z Selecting previously unselected package lib32asan8.
l1-smoke	Set up OCaml and OPAM	2025-09-27T21:21:07.7721641Z Preparing to unpack .../11-lib32asan8_14.2.0-4ubuntu2~24.04_amd64.deb ...
l1-smoke	Set up OCaml and OPAM	2025-09-27T21:21:07.7734719Z Unpacking lib32asan8 (14.2.0-4ubuntu2~24.04) ...
l1-smoke	Set up OCaml and OPAM	2025-09-27T21:21:07.8384309Z Selecting previously unselected package libx32asan8.
l1-smoke	Set up OCaml and OPAM	2025-09-27T21:21:07.8526482Z Preparing to unpack .../12-libx32asan8_14.2.0-4ubuntu2~24.04_amd64.deb ...
l1-smoke	Set up OCaml and OPAM	2025-09-27T21:21:07.8537948Z Unpacking libx32asan8 (14.2.0-4ubuntu2~24.04) ...
l1-smoke	Set up OCaml and OPAM	2025-09-27T21:21:07.9227997Z Selecting previously unselected package lib32ubsan1.
l1-smoke	Set up OCaml and OPAM	2025-09-27T21:21:07.9371576Z Preparing to unpack .../13-lib32ubsan1_14.2.0-4ubuntu2~24.04_amd64.deb ...
l1-smoke	Set up OCaml and OPAM	2025-09-27T21:21:07.9388162Z Unpacking lib32ubsan1 (14.2.0-4ubuntu2~24.04) ...
l1-smoke	Set up OCaml and OPAM	2025-09-27T21:21:07.9795880Z Selecting previously unselected package libx32stdc++6.
l1-smoke	Set up OCaml and OPAM	2025-09-27T21:21:07.9935558Z Preparing to unpack .../14-libx32stdc++6_14.2.0-4ubuntu2~24.04_amd64.deb ...
l1-smoke	Set up OCaml and OPAM	2025-09-27T21:21:07.9948727Z Unpacking libx32stdc++6 (14.2.0-4ubuntu2~24.04) ...
l1-smoke	Set up OCaml and OPAM	2025-09-27T21:21:08.0332270Z Selecting previously unselected package libx32ubsan1.
l1-smoke	Set up OCaml and OPAM	2025-09-27T21:21:08.0472692Z Preparing to unpack .../15-libx32ubsan1_14.2.0-4ubuntu2~24.04_amd64.deb ...
l1-smoke	Set up OCaml and OPAM	2025-09-27T21:21:08.0483203Z Unpacking libx32ubsan1 (14.2.0-4ubuntu2~24.04) ...
l1-smoke	Set up OCaml and OPAM	2025-09-27T21:21:08.0905650Z Selecting previously unselected package lib32quadmath0.
l1-smoke	Set up OCaml and OPAM	2025-09-27T21:21:08.1050409Z Preparing to unpack .../16-lib32quadmath0_14.2.0-4ubuntu2~24.04_amd64.deb ...
l1-smoke	Set up OCaml and OPAM	2025-09-27T21:21:08.1069533Z Unpacking lib32quadmath0 (14.2.0-4ubuntu2~24.04) ...
l1-smoke	Set up OCaml and OPAM	2025-09-27T21:21:08.1359369Z Selecting previously unselected package libx32quadmath0.
l1-smoke	Set up OCaml and OPAM	2025-09-27T21:21:08.1497477Z Preparing to unpack .../17-libx32quadmath0_14.2.0-4ubuntu2~24.04_amd64.deb ...
l1-smoke	Set up OCaml and OPAM	2025-09-27T21:21:08.1510713Z Unpacking libx32quadmath0 (14.2.0-4ubuntu2~24.04) ...
l1-smoke	Set up OCaml and OPAM	2025-09-27T21:21:08.1747317Z Selecting previously unselected package lib32gcc-13-dev.
l1-smoke	Set up OCaml and OPAM	2025-09-27T21:21:08.1884960Z Preparing to unpack .../18-lib32gcc-13-dev_13.3.0-6ubuntu2~24.04_amd64.deb ...
l1-smoke	Set up OCaml and OPAM	2025-09-27T21:21:08.1896843Z Unpacking lib32gcc-13-dev (13.3.0-6ubuntu2~24.04) ...
l1-smoke	Set up OCaml and OPAM	2025-09-27T21:21:08.2600721Z Selecting previously unselected package libx32gcc-13-dev.
l1-smoke	Set up OCaml and OPAM	2025-09-27T21:21:08.2739694Z Preparing to unpack .../19-libx32gcc-13-dev_13.3.0-6ubuntu2~24.04_amd64.deb ...
l1-smoke	Set up OCaml and OPAM	2025-09-27T21:21:08.2750733Z Unpacking libx32gcc-13-dev (13.3.0-6ubuntu2~24.04) ...
l1-smoke	Set up OCaml and OPAM	2025-09-27T21:21:08.3359930Z Selecting previously unselected package gcc-13-multilib.
l1-smoke	Set up OCaml and OPAM	2025-09-27T21:21:08.3503815Z Preparing to unpack .../20-gcc-13-multilib_13.3.0-6ubuntu2~24.04_amd64.deb ...
l1-smoke	Set up OCaml and OPAM	2025-09-27T21:21:08.3517043Z Unpacking gcc-13-multilib (13.3.0-6ubuntu2~24.04) ...
l1-smoke	Set up OCaml and OPAM	2025-09-27T21:21:08.3736463Z Selecting previously unselected package lib32stdc++-13-dev.
l1-smoke	Set up OCaml and OPAM	2025-09-27T21:21:08.3877380Z Preparing to unpack .../21-lib32stdc++-13-dev_13.3.0-6ubuntu2~24.04_amd64.deb ...
l1-smoke	Set up OCaml and OPAM	2025-09-27T21:21:08.3891800Z Unpacking lib32stdc++-13-dev (13.3.0-6ubuntu2~24.04) ...
l1-smoke	Set up OCaml and OPAM	2025-09-27T21:21:08.4535012Z Selecting previously unselected package libx32stdc++-13-dev.
l1-smoke	Set up OCaml and OPAM	2025-09-27T21:21:08.4673910Z Preparing to unpack .../22-libx32stdc++-13-dev_13.3.0-6ubuntu2~24.04_amd64.deb ...
l1-smoke	Set up OCaml and OPAM	2025-09-27T21:21:08.4685616Z Unpacking libx32stdc++-13-dev (13.3.0-6ubuntu2~24.04) ...
l1-smoke	Set up OCaml and OPAM	2025-09-27T21:21:08.5210599Z Selecting previously unselected package g++-13-multilib.
l1-smoke	Set up OCaml and OPAM	2025-09-27T21:21:08.5332791Z Preparing to unpack .../23-g++-13-multilib_13.3.0-6ubuntu2~24.04_amd64.deb ...
l1-smoke	Set up OCaml and OPAM	2025-09-27T21:21:08.5343675Z Unpacking g++-13-multilib (13.3.0-6ubuntu2~24.04) ...
l1-smoke	Set up OCaml and OPAM	2025-09-27T21:21:08.5564604Z Selecting previously unselected package gcc-multilib.
l1-smoke	Set up OCaml and OPAM	2025-09-27T21:21:08.5707115Z Preparing to unpack .../24-gcc-multilib_4%3a13.2.0-7ubuntu1_amd64.deb ...
l1-smoke	Set up OCaml and OPAM	2025-09-27T21:21:08.5717746Z Unpacking gcc-multilib (4:13.2.0-7ubuntu1) ...
l1-smoke	Set up OCaml and OPAM	2025-09-27T21:21:08.5928952Z Selecting previously unselected package g++-multilib.
l1-smoke	Set up OCaml and OPAM	2025-09-27T21:21:08.6069297Z Preparing to unpack .../25-g++-multilib_4%3a13.2.0-7ubuntu1_amd64.deb ...
l1-smoke	Set up OCaml and OPAM	2025-09-27T21:21:08.6081643Z Unpacking g++-multilib (4:13.2.0-7ubuntu1) ...
l1-smoke	Set up OCaml and OPAM	2025-09-27T21:21:08.6308152Z Selecting previously unselected package musl:amd64.
l1-smoke	Set up OCaml and OPAM	2025-09-27T21:21:08.6451381Z Preparing to unpack .../26-musl_1.2.4-2_amd64.deb ...
l1-smoke	Set up OCaml and OPAM	2025-09-27T21:21:08.6463908Z Unpacking musl:amd64 (1.2.4-2) ...
l1-smoke	Set up OCaml and OPAM	2025-09-27T21:21:08.6917802Z Selecting previously unselected package musl-dev:amd64.
l1-smoke	Set up OCaml and OPAM	2025-09-27T21:21:08.7056992Z Preparing to unpack .../27-musl-dev_1.2.4-2_amd64.deb ...
l1-smoke	Set up OCaml and OPAM	2025-09-27T21:21:08.7069708Z Unpacking musl-dev:amd64 (1.2.4-2) ...
l1-smoke	Set up OCaml and OPAM	2025-09-27T21:21:08.7709006Z Selecting previously unselected package musl-tools.
l1-smoke	Set up OCaml and OPAM	2025-09-27T21:21:08.7850037Z Preparing to unpack .../28-musl-tools_1.2.4-2_amd64.deb ...
l1-smoke	Set up OCaml and OPAM	2025-09-27T21:21:08.7862614Z Unpacking musl-tools (1.2.4-2) ...
l1-smoke	Set up OCaml and OPAM	2025-09-27T21:21:08.8334984Z Setting up bubblewrap (0.9.0-1ubuntu0.1) ...
l1-smoke	Set up OCaml and OPAM	2025-09-27T21:21:08.8399901Z Setting up libc6-dev-i386 (2.39-0ubuntu8.6) ...
l1-smoke	Set up OCaml and OPAM	2025-09-27T21:21:08.8429204Z Setting up lib32itm1 (14.2.0-4ubuntu2~24.04) ...
l1-smoke	Set up OCaml and OPAM	2025-09-27T21:21:08.8464844Z Setting up lib32ubsan1 (14.2.0-4ubuntu2~24.04) ...
l1-smoke	Set up OCaml and OPAM	2025-09-27T21:21:08.8491210Z Setting up libc6-x32 (2.39-0ubuntu8.6) ...
l1-smoke	Set up OCaml and OPAM	2025-09-27T21:21:08.8541203Z Setting up libc6-dev-x32 (2.39-0ubuntu8.6) ...
l1-smoke	Set up OCaml and OPAM	2025-09-27T21:21:08.8566413Z Setting up lib32gomp1 (14.2.0-4ubuntu2~24.04) ...
l1-smoke	Set up OCaml and OPAM	2025-09-27T21:21:08.8595933Z Setting up lib32asan8 (14.2.0-4ubuntu2~24.04) ...
l1-smoke	Set up OCaml and OPAM	2025-09-27T21:21:08.8629141Z Setting up libx32gomp1 (14.2.0-4ubuntu2~24.04) ...
l1-smoke	Set up OCaml and OPAM	2025-09-27T21:21:08.8658725Z Setting up musl:amd64 (1.2.4-2) ...
l1-smoke	Set up OCaml and OPAM	2025-09-27T21:21:08.8706692Z Setting up lib32quadmath0 (14.2.0-4ubuntu2~24.04) ...
l1-smoke	Set up OCaml and OPAM	2025-09-27T21:21:08.8734500Z Setting up libx32quadmath0 (14.2.0-4ubuntu2~24.04) ...
l1-smoke	Set up OCaml and OPAM	2025-09-27T21:21:08.8764109Z Setting up lib32atomic1 (14.2.0-4ubuntu2~24.04) ...
l1-smoke	Set up OCaml and OPAM	2025-09-27T21:21:08.8801065Z Setting up libx32atomic1 (14.2.0-4ubuntu2~24.04) ...
l1-smoke	Set up OCaml and OPAM	2025-09-27T21:21:08.8846242Z Setting up libx32gcc-s1 (14.2.0-4ubuntu2~24.04) ...
l1-smoke	Set up OCaml and OPAM	2025-09-27T21:21:08.8892123Z Setting up libx32itm1 (14.2.0-4ubuntu2~24.04) ...
l1-smoke	Set up OCaml and OPAM	2025-09-27T21:21:08.8957420Z Setting up libx32asan8 (14.2.0-4ubuntu2~24.04) ...
l1-smoke	Set up OCaml and OPAM	2025-09-27T21:21:08.9001408Z Setting up musl-dev:amd64 (1.2.4-2) ...
l1-smoke	Set up OCaml and OPAM	2025-09-27T21:21:08.9060188Z Setting up libx32stdc++6 (14.2.0-4ubuntu2~24.04) ...
l1-smoke	Set up OCaml and OPAM	2025-09-27T21:21:08.9107103Z Setting up libx32ubsan1 (14.2.0-4ubuntu2~24.04) ...
l1-smoke	Set up OCaml and OPAM	2025-09-27T21:21:08.9146638Z Setting up lib32gcc-13-dev (13.3.0-6ubuntu2~24.04) ...
l1-smoke	Set up OCaml and OPAM	2025-09-27T21:21:08.9187351Z Setting up musl-tools (1.2.4-2) ...
l1-smoke	Set up OCaml and OPAM	2025-09-27T21:21:08.9234302Z Setting up libx32gcc-13-dev (13.3.0-6ubuntu2~24.04) ...
l1-smoke	Set up OCaml and OPAM	2025-09-27T21:21:08.9275020Z Setting up gcc-13-multilib (13.3.0-6ubuntu2~24.04) ...
l1-smoke	Set up OCaml and OPAM	2025-09-27T21:21:08.9314656Z Setting up lib32stdc++-13-dev (13.3.0-6ubuntu2~24.04) ...
l1-smoke	Set up OCaml and OPAM	2025-09-27T21:21:08.9355215Z Setting up gcc-multilib (4:13.2.0-7ubuntu1) ...
l1-smoke	Set up OCaml and OPAM	2025-09-27T21:21:08.9402967Z Setting up libx32stdc++-13-dev (13.3.0-6ubuntu2~24.04) ...
l1-smoke	Set up OCaml and OPAM	2025-09-27T21:21:08.9440189Z Setting up g++-13-multilib (13.3.0-6ubuntu2~24.04) ...
l1-smoke	Set up OCaml and OPAM	2025-09-27T21:21:08.9478119Z Setting up g++-multilib (4:13.2.0-7ubuntu1) ...
l1-smoke	Set up OCaml and OPAM	2025-09-27T21:21:08.9528126Z Processing triggers for libc-bin (2.39-0ubuntu8.6) ...
l1-smoke	Set up OCaml and OPAM	2025-09-27T21:21:09.0680144Z Processing triggers for man-db (2.12.0-4build2) ...
l1-smoke	Set up OCaml and OPAM	2025-09-27T21:21:25.7574984Z 
l1-smoke	Set up OCaml and OPAM	2025-09-27T21:21:25.7575969Z Running kernel seems to be up-to-date.
l1-smoke	Set up OCaml and OPAM	2025-09-27T21:21:25.7576475Z 
l1-smoke	Set up OCaml and OPAM	2025-09-27T21:21:25.7576637Z Restarting services...
l1-smoke	Set up OCaml and OPAM	2025-09-27T21:21:25.7658732Z 
l1-smoke	Set up OCaml and OPAM	2025-09-27T21:21:25.7659354Z Service restarts being deferred:
l1-smoke	Set up OCaml and OPAM	2025-09-27T21:21:25.7662776Z  systemctl restart hosted-compute-agent.service
l1-smoke	Set up OCaml and OPAM	2025-09-27T21:21:25.7663458Z 
l1-smoke	Set up OCaml and OPAM	2025-09-27T21:21:25.7663618Z No containers need to be restarted.
l1-smoke	Set up OCaml and OPAM	2025-09-27T21:21:25.7663878Z 
l1-smoke	Set up OCaml and OPAM	2025-09-27T21:21:25.7664058Z No user sessions are running outdated binaries.
l1-smoke	Set up OCaml and OPAM	2025-09-27T21:21:25.7664370Z 
l1-smoke	Set up OCaml and OPAM	2025-09-27T21:21:25.7664667Z No VM guests are running outdated hypervisor (qemu) binaries on this host.
l1-smoke	Set up OCaml and OPAM	2025-09-27T21:21:27.1557721Z ##[group]Run mkdir -p "$HOME/.github-tools"
l1-smoke	Set up OCaml and OPAM	2025-09-27T21:21:27.1558108Z [36;1mmkdir -p "$HOME/.github-tools"[0m
l1-smoke	Set up OCaml and OPAM	2025-09-27T21:21:27.1558610Z [36;1m{[0m
l1-smoke	Set up OCaml and OPAM	2025-09-27T21:21:27.1558849Z [36;1m  printf '%s\n' '#!/usr/bin/env bash'[0m
l1-smoke	Set up OCaml and OPAM	2025-09-27T21:21:27.1559169Z [36;1m  printf '%s\n' 'if [[ "$1" == "apt-get" ]]; then'[0m
l1-smoke	Set up OCaml and OPAM	2025-09-27T21:21:27.1559461Z [36;1m  printf '%s\n' '  args=()'[0m
l1-smoke	Set up OCaml and OPAM	2025-09-27T21:21:27.1559746Z [36;1m  printf '%s\n' '  install_seen=false'[0m
l1-smoke	Set up OCaml and OPAM	2025-09-27T21:21:27.1560018Z [36;1m  printf '%s\n' '  for arg in "$@"; do'[0m
l1-smoke	Set up OCaml and OPAM	2025-09-27T21:21:27.1560332Z [36;1m  printf '%s\n' '    if [[ "$arg" == "install" ]]; then'[0m
l1-smoke	Set up OCaml and OPAM	2025-09-27T21:21:27.1560661Z [36;1m  printf '%s\n' '      install_seen=true'[0m
l1-smoke	Set up OCaml and OPAM	2025-09-27T21:21:27.1560929Z [36;1m  printf '%s\n' '    fi'[0m
l1-smoke	Set up OCaml and OPAM	2025-09-27T21:21:27.1561260Z [36;1m  printf '%s\n' '    if [[ "$install_seen" == true && "$arg" == "darcs" ]]; then'[0m
l1-smoke	Set up OCaml and OPAM	2025-09-27T21:21:27.1561624Z [36;1m  printf '%s\n' '      continue'[0m
l1-smoke	Set up OCaml and OPAM	2025-09-27T21:21:27.1561863Z [36;1m  printf '%s\n' '    fi'[0m
l1-smoke	Set up OCaml and OPAM	2025-09-27T21:21:27.1562105Z [36;1m  printf '%s\n' '    args+=("$arg")'[0m
l1-smoke	Set up OCaml and OPAM	2025-09-27T21:21:27.1562354Z [36;1m  printf '%s\n' '  done'[0m
l1-smoke	Set up OCaml and OPAM	2025-09-27T21:21:27.1562614Z [36;1m  printf '%s\n' '  exec /usr/bin/sudo "${args[@]}"'[0m
l1-smoke	Set up OCaml and OPAM	2025-09-27T21:21:27.1562898Z [36;1m  printf '%s\n' 'fi'[0m
l1-smoke	Set up OCaml and OPAM	2025-09-27T21:21:27.1563132Z [36;1m  printf '%s\n' 'exec /usr/bin/sudo "$@"'[0m
l1-smoke	Set up OCaml and OPAM	2025-09-27T21:21:27.1563415Z [36;1m} > "$HOME/.github-tools/sudo"[0m
l1-smoke	Set up OCaml and OPAM	2025-09-27T21:21:27.1563675Z [36;1mchmod +x "$HOME/.github-tools/sudo"[0m
l1-smoke	Set up OCaml and OPAM	2025-09-27T21:21:27.1563998Z [36;1mecho "PATH=$HOME/.github-tools:$PATH" >> "$GITHUB_ENV"[0m
l1-smoke	Set up OCaml and OPAM	2025-09-27T21:21:27.1599276Z shell: /usr/bin/bash --noprofile --norc -e -o pipefail {0}
l1-smoke	Set up OCaml and OPAM	2025-09-27T21:21:27.1599618Z ##[endgroup]
l1-smoke	Set up OCaml and OPAM	2025-09-27T21:21:27.1769473Z ##[group]Run ocaml/setup-ocaml@v2
l1-smoke	Set up OCaml and OPAM	2025-09-27T21:21:27.1769721Z with:
l1-smoke	Set up OCaml and OPAM	2025-09-27T21:21:27.1769894Z   ocaml-compiler: 4.14.1
l1-smoke	Set up OCaml and OPAM	2025-09-27T21:21:27.1770125Z   allow-prerelease-opam: false
l1-smoke	Set up OCaml and OPAM	2025-09-27T21:21:27.1770341Z   opam-pin: true
l1-smoke	Set up OCaml and OPAM	2025-09-27T21:21:27.1770516Z   opam-depext: false
l1-smoke	Set up OCaml and OPAM	2025-09-27T21:21:27.1770717Z   opam-local-packages: *.opam
l1-smoke	Set up OCaml and OPAM	2025-09-27T21:21:27.1770945Z   opam-disable-sandboxing: false
l1-smoke	Set up OCaml and OPAM	2025-09-27T21:21:27.1771163Z   dune-cache: false
l1-smoke	Set up OCaml and OPAM	2025-09-27T21:21:27.1771334Z   cache-prefix: v1
l1-smoke	Set up OCaml and OPAM	2025-09-27T21:21:27.1771835Z   github-token: ***
l1-smoke	Set up OCaml and OPAM	2025-09-27T21:21:27.1772030Z env:
l1-smoke	Set up OCaml and OPAM	2025-09-27T21:21:27.1773011Z   PATH: /home/runner/.github-tools:/snap/bin:/home/runner/.local/bin:/opt/pipx_bin:/home/runner/.cargo/bin:/home/runner/.config/composer/vendor/bin:/usr/local/.ghcup/bin:/home/runner/.dotnet/tools:/usr/local/sbin:/usr/local/bin:/usr/sbin:/usr/bin:/sbin:/bin:/usr/games:/usr/local/games:/snap/bin
l1-smoke	Set up OCaml and OPAM	2025-09-27T21:21:27.1774074Z ##[endgroup]
l1-smoke	Set up OCaml and OPAM	2025-09-27T21:21:27.3790415Z ##[group]Retrieve the opam cache
l1-smoke	Set up OCaml and OPAM	2025-09-27T21:21:28.5914769Z ##[warning]Failed to restore: Cache service responded with 400
l1-smoke	Set up OCaml and OPAM	2025-09-27T21:21:28.5916543Z Cache not found for input keys: v1-setup-ocaml-opam-2.1.6-sandbox-linux-24.04-x86_64-ocaml_base_compiler_4_14_1-2025-39, v1-setup-ocaml-opam-2.1.6-sandbox-linux-24.04-x86_64-ocaml_base_compiler_4_14_1-2025-39, v1-setup-ocaml-opam-2.1.6-sandbox-linux-24.04-x86_64-ocaml_base_compiler_4_14_1-2025-, v1-setup-ocaml-opam-2.1.6-sandbox-linux-24.04-x86_64-ocaml_base_compiler_4_14_1-
l1-smoke	Set up OCaml and OPAM	2025-09-27T21:21:28.5917977Z ##[endgroup]
l1-smoke	Set up OCaml and OPAM	2025-09-27T21:21:28.5918490Z ##[group]Install opam
l1-smoke	Set up OCaml and OPAM	2025-09-27T21:21:29.6909213Z Acquired 2.1.6 from https://github.com/ocaml/opam/releases/download/2.1.6/opam-2.1.6-x86_64-linux
l1-smoke	Set up OCaml and OPAM	2025-09-27T21:21:29.6996898Z Successfully cached opam to /opt/hostedtoolcache/opam/2.1.6/x86_64
l1-smoke	Set up OCaml and OPAM	2025-09-27T21:21:29.6999148Z Added opam to the path
l1-smoke	Set up OCaml and OPAM	2025-09-27T21:21:29.6999877Z ##[endgroup]
l1-smoke	Set up OCaml and OPAM	2025-09-27T21:21:29.7003319Z ##[group]Initialise the opam state
l1-smoke	Set up OCaml and OPAM	2025-09-27T21:21:29.7021141Z [command]/home/runner/.github-tools/sudo apt-get --yes install bubblewrap darcs g++-multilib gcc-multilib mercurial musl-tools rsync
l1-smoke	Set up OCaml and OPAM	2025-09-27T21:21:29.7290692Z Reading package lists...
l1-smoke	Set up OCaml and OPAM	2025-09-27T21:21:29.9751501Z Building dependency tree...
l1-smoke	Set up OCaml and OPAM	2025-09-27T21:21:29.9759659Z Reading state information...
l1-smoke	Set up OCaml and OPAM	2025-09-27T21:21:30.3560247Z bubblewrap is already the newest version (0.9.0-1ubuntu0.1).
l1-smoke	Set up OCaml and OPAM	2025-09-27T21:21:30.3561092Z g++-multilib is already the newest version (4:13.2.0-7ubuntu1).
l1-smoke	Set up OCaml and OPAM	2025-09-27T21:21:30.3561669Z gcc-multilib is already the newest version (4:13.2.0-7ubuntu1).
l1-smoke	Set up OCaml and OPAM	2025-09-27T21:21:30.3562205Z mercurial is already the newest version (6.7.2-1ubuntu2.2).
l1-smoke	Set up OCaml and OPAM	2025-09-27T21:21:30.3562730Z musl-tools is already the newest version (1.2.4-2).
l1-smoke	Set up OCaml and OPAM	2025-09-27T21:21:30.3563175Z rsync is already the newest version (3.2.7-1ubuntu1.2).
l1-smoke	Set up OCaml and OPAM	2025-09-27T21:21:30.3563673Z 0 upgraded, 0 newly installed, 0 to remove and 17 not upgraded.
l1-smoke	Set up OCaml and OPAM	2025-09-27T21:21:30.3599794Z [command]/opt/hostedtoolcache/opam/2.1.6/x86_64/opam init --auto-setup --bare --enable-shell-hook
l1-smoke	Set up OCaml and OPAM	2025-09-27T21:21:30.3760323Z No configuration file found, using built-in defaults.
l1-smoke	Set up OCaml and OPAM	2025-09-27T21:21:30.3763759Z Checking for available remotes: rsync and local, git, mercurial.
l1-smoke	Set up OCaml and OPAM	2025-09-27T21:21:30.3765182Z   - you won't be able to use darcs repositories unless you install the [01mdarcs[0m command on your system.
l1-smoke	Set up OCaml and OPAM	2025-09-27T21:21:30.3765709Z 
l1-smoke	Set up OCaml and OPAM	2025-09-27T21:21:30.3957400Z [31m[ERROR][0m Sandboxing is not working on your platform ubuntu:
l1-smoke	Set up OCaml and OPAM	2025-09-27T21:21:30.3959614Z         "~/.opam/opam-init/hooks/sandbox.sh build sh -c echo SUCCESS >$TMPDIR/opam-sandbox-check-out && cat $TMPDIR/opam-sandbox-check-out; rm -f $TMPDIR/opam-sandbox-check-out" exited with code 1 "bwrap: loopback: Failed RTM_NEWADDR: Operation not permitted"
l1-smoke	Set up OCaml and OPAM	2025-09-27T21:21:30.3961535Z Do you want to disable it?  Note that this will result in less secure package builds, so please ensure that you have some other isolation mechanisms in place (such as running within a container or virtual machine). [y/N] y
l1-smoke	Set up OCaml and OPAM	2025-09-27T21:21:30.3963058Z 
l1-smoke	Set up OCaml and OPAM	2025-09-27T21:21:30.3963784Z [36m<><>[0m [01mFetching repository information[0m [36m><><><><><><><><><><><><><><><><><><><><><>[0m
l1-smoke	Set up OCaml and OPAM	2025-09-27T21:21:33.6040898Z [[32mdefault[0m] Initialised
l1-smoke	Set up OCaml and OPAM	2025-09-27T21:21:46.1386215Z 
l1-smoke	Set up OCaml and OPAM	2025-09-27T21:21:46.1386756Z User configuration:
l1-smoke	Set up OCaml and OPAM	2025-09-27T21:21:46.1430881Z   Updating ~/.bash_profile.
l1-smoke	Set up OCaml and OPAM	2025-09-27T21:21:46.1431998Z [1;34m[NOTE][0m Make sure that ~/.bash_profile is well [04msourced[0m in your ~/.bashrc.
l1-smoke	Set up OCaml and OPAM	2025-09-27T21:21:46.1454823Z 
l1-smoke	Set up OCaml and OPAM	2025-09-27T21:21:47.2456594Z ##[endgroup]
l1-smoke	Set up OCaml and OPAM	2025-09-27T21:21:47.2457507Z ##[group]Remove the opam repositories
l1-smoke	Set up OCaml and OPAM	2025-09-27T21:21:47.2491112Z [command]/opt/hostedtoolcache/opam/2.1.6/x86_64/opam repository list --all-switches --short
l1-smoke	Set up OCaml and OPAM	2025-09-27T21:21:47.3069875Z default
l1-smoke	Set up OCaml and OPAM	2025-09-27T21:21:47.3107664Z [command]/opt/hostedtoolcache/opam/2.1.6/x86_64/opam repository remove default --all-switches
l1-smoke	Set up OCaml and OPAM	2025-09-27T21:21:47.3757461Z ##[endgroup]
l1-smoke	Set up OCaml and OPAM	2025-09-27T21:21:47.3758701Z ##[group]Initialise the opam repositories
l1-smoke	Set up OCaml and OPAM	2025-09-27T21:21:47.3780746Z [command]/opt/hostedtoolcache/opam/2.1.6/x86_64/opam repository add default https://github.com/ocaml/opam-repository.git --all-switches --set-default
l1-smoke	Set up OCaml and OPAM	2025-09-27T21:22:23.8728109Z [[32mdefault[0m] Initialised
l1-smoke	Set up OCaml and OPAM	2025-09-27T21:22:35.4311666Z ##[endgroup]
l1-smoke	Set up OCaml and OPAM	2025-09-27T21:22:35.6927422Z ##[group]Install OCaml
l1-smoke	Set up OCaml and OPAM	2025-09-27T21:22:35.6939211Z [command]/opt/hostedtoolcache/opam/2.1.6/x86_64/opam switch create . --no-install --packages ocaml-base-compiler.4.14.1
l1-smoke	Set up OCaml and OPAM	2025-09-27T21:22:35.9061736Z 
l1-smoke	Set up OCaml and OPAM	2025-09-27T21:22:35.9062676Z [36m<><>[0m [01mInstalling new switch packages[0m [36m<><><><><><><><><><><><><><><><><><><><><><>[0m
l1-smoke	Set up OCaml and OPAM	2025-09-27T21:22:35.9063663Z Switch invariant: ["ocaml-base-compiler" {= "4.14.1"}]
l1-smoke	Set up OCaml and OPAM	2025-09-27T21:22:40.3185632Z 
l1-smoke	Set up OCaml and OPAM	2025-09-27T21:22:40.3186754Z [36m<><>[0m [01mProcessing actions[0m [36m<><><><><><><><><><><><><><><><><><><><><><><><><><><><>[0m
l1-smoke	Set up OCaml and OPAM	2025-09-27T21:22:42.9318508Z [32mâ[0m installed [01mbase-bigarray[0m.base
l1-smoke	Set up OCaml and OPAM	2025-09-27T21:22:42.9326131Z [32mâ[0m installed [01mbase-threads[0m.base
l1-smoke	Set up OCaml and OPAM	2025-09-27T21:22:42.9334985Z [32mâ[0m installed [01mbase-unix[0m.base
l1-smoke	Set up OCaml and OPAM	2025-09-27T21:22:42.9361771Z [32mâ[0m installed [01mocaml-options-vanilla[0m.1
l1-smoke	Set up OCaml and OPAM	2025-09-27T21:22:43.0672192Z [36mâ¬[0m retrieved [01mocaml-config[0m.2  (2 extra sources)
l1-smoke	Set up OCaml and OPAM	2025-09-27T21:22:43.5263087Z [36mâ¬[0m retrieved [01mocaml-base-compiler[0m.4.14.1  (https://github.com/ocaml/ocaml/archive/4.14.1.tar.gz)
l1-smoke	Set up OCaml and OPAM	2025-09-27T21:25:23.7716974Z [32mâ[0m installed [01mocaml-base-compiler[0m.4.14.1
l1-smoke	Set up OCaml and OPAM	2025-09-27T21:25:23.7906224Z [32mâ[0m installed [01mocaml-config[0m.2
l1-smoke	Set up OCaml and OPAM	2025-09-27T21:25:23.8455944Z [32mâ[0m installed [01mocaml[0m.4.14.1
l1-smoke	Set up OCaml and OPAM	2025-09-27T21:25:24.2473220Z Done.
l1-smoke	Set up OCaml and OPAM	2025-09-27T21:25:24.2478039Z # Run [01meval $(opam env)[0m to update the current shell environment
l1-smoke	Set up OCaml and OPAM	2025-09-27T21:25:25.4729251Z ##[endgroup]
l1-smoke	Set up OCaml and OPAM	2025-09-27T21:25:25.4729957Z ##[group]Save the opam cache
l1-smoke	Set up OCaml and OPAM	2025-09-27T21:25:25.4751094Z [command]/opt/hostedtoolcache/opam/2.1.6/x86_64/opam clean --all-switches --download-cache --logs --repo-cache --unused-repositories
l1-smoke	Set up OCaml and OPAM	2025-09-27T21:25:25.6930121Z Cleaning up switch /home/runner/work/latex_perf/latex_perf
l1-smoke	Set up OCaml and OPAM	2025-09-27T21:25:25.8015458Z Updating /home/runner/.opam/repo/repos-config
l1-smoke	Set up OCaml and OPAM	2025-09-27T21:25:25.8016341Z Clearing repository cache
l1-smoke	Set up OCaml and OPAM	2025-09-27T21:25:25.8051989Z Clearing cache of downloaded files
l1-smoke	Set up OCaml and OPAM	2025-09-27T21:25:25.8085966Z Clearing logs
l1-smoke	Set up OCaml and OPAM	2025-09-27T21:25:27.0278639Z [command]/usr/bin/tar --posix -cf cache.tzst --exclude cache.tzst -P -C /home/runner/work/latex_perf/latex_perf --files-from manifest.txt --use-compress-program zstdmt
l1-smoke	Set up OCaml and OPAM	2025-09-27T21:25:28.8531826Z ##[warning]Failed to save: <h2>Our services aren't available right now</h2><p>We're working to restore all services as soon as possible. Please check back soon.</p>0SFbYaAAAAAAyJV2ceZX2SZW27g6RFAxYREVOMzAxMDAwMTA3MDI3AEVkZ2U=
l1-smoke	Set up OCaml and OPAM	2025-09-27T21:25:28.9304865Z ##[endgroup]
l1-smoke	Set up OCaml and OPAM	2025-09-27T21:25:28.9305858Z ##[group]Retrieve the opam download cache
l1-smoke	Set up OCaml and OPAM	2025-09-27T21:25:28.9815465Z ##[warning]Failed to restore: Cache service responded with 400
l1-smoke	Set up OCaml and OPAM	2025-09-27T21:25:28.9821293Z Cache not found for input keys: v1-setup-ocaml-opam-download-github.com/ocaml/opam-repository.git-4_14_1-2025-8-27-18065098780-51, v1-setup-ocaml-opam-download-github.com/ocaml/opam-repository.git-4_14_1-2025-8-27-18065098780-51, v1-setup-ocaml-opam-download-github.com/ocaml/opam-repository.git-4_14_1-2025-8-27-18065098780-, v1-setup-ocaml-opam-download-github.com/ocaml/opam-repository.git-4_14_1-2025-8-27-, v1-setup-ocaml-opam-download-github.com/ocaml/opam-repository.git-4_14_1-2025-8-
l1-smoke	Set up OCaml and OPAM	2025-09-27T21:25:28.9823519Z ##[endgroup]
l1-smoke	Set up OCaml and OPAM	2025-09-27T21:25:28.9864262Z ##[group]Pin local packages
l1-smoke	Set up OCaml and OPAM	2025-09-27T21:25:28.9877783Z [command]/opt/hostedtoolcache/opam/2.1.6/x86_64/opam pin add latex-perfectionist.dev . --no-action
l1-smoke	Set up OCaml and OPAM	2025-09-27T21:25:36.0109938Z Package latex-perfectionist does not exist, create as a [01mNEW[0m package? [Y/n] y
l1-smoke	Set up OCaml and OPAM	2025-09-27T21:25:36.1349994Z [[32mlatex-perfectionist.dev[0m] synchronised (file:///home/runner/work/latex_perf/latex_perf)
l1-smoke	Set up OCaml and OPAM	2025-09-27T21:25:36.1352938Z [33m[WARNING][0m Failed checks on latex-perfectionist package definition from source at file:///home/runner/work/latex_perf/latex_perf:
l1-smoke	Set up OCaml and OPAM	2025-09-27T21:25:36.1354049Z     [31merror[0m 23: Missing field 'maintainer'
l1-smoke	Set up OCaml and OPAM	2025-09-27T21:25:36.1354654Z   [33mwarning[0m 25: Missing field 'authors'
l1-smoke	Set up OCaml and OPAM	2025-09-27T21:25:36.1355270Z   [33mwarning[0m 35: Missing field 'homepage'
l1-smoke	Set up OCaml and OPAM	2025-09-27T21:25:36.1355857Z   [33mwarning[0m 36: Missing field 'bug-reports'
l1-smoke	Set up OCaml and OPAM	2025-09-27T21:25:36.1373388Z latex-perfectionist is now pinned to [01mgit+file:///home/runner/work/latex_perf/latex_perf#HEAD[0m (version [01mdev[0m)
l1-smoke	Set up OCaml and OPAM	2025-09-27T21:25:37.2781274Z ##[endgroup]
l1-smoke	Set up OCaml and OPAM	2025-09-27T21:25:37.2789844Z [command]/opt/hostedtoolcache/opam/2.1.6/x86_64/opam --version
l1-smoke	Set up OCaml and OPAM	2025-09-27T21:25:37.2935590Z 2.1.6
l1-smoke	Set up OCaml and OPAM	2025-09-27T21:25:37.2967850Z [command]/opt/hostedtoolcache/opam/2.1.6/x86_64/opam exec -- ocaml -version
l1-smoke	Set up OCaml and OPAM	2025-09-27T21:25:37.3261808Z The OCaml toplevel, version 4.14.1
l1-smoke	Install dependencies	ï»¿2025-09-27T21:25:37.3415251Z ##[group]Run sudo apt-get update -y
l1-smoke	Install dependencies	2025-09-27T21:25:37.3415593Z [36;1msudo apt-get update -y[0m
l1-smoke	Install dependencies	2025-09-27T21:25:37.3415834Z [36;1msudo apt-get install -y jq[0m
l1-smoke	Install dependencies	2025-09-27T21:25:37.3416154Z [36;1mopam repo add default https://opam.ocaml.org || true[0m
l1-smoke	Install dependencies	2025-09-27T21:25:37.3416474Z [36;1mopam update -y || true[0m
l1-smoke	Install dependencies	2025-09-27T21:25:37.3416742Z [36;1mopam install -y . --deps-only --with-test[0m
l1-smoke	Install dependencies	2025-09-27T21:25:37.3453147Z shell: /usr/bin/bash -e {0}
l1-smoke	Install dependencies	2025-09-27T21:25:37.3453391Z env:
l1-smoke	Install dependencies	2025-09-27T21:25:37.3454383Z   PATH: /home/runner/.github-tools:/snap/bin:/home/runner/.local/bin:/opt/pipx_bin:/home/runner/.cargo/bin:/home/runner/.config/composer/vendor/bin:/usr/local/.ghcup/bin:/home/runner/.dotnet/tools:/usr/local/sbin:/usr/local/bin:/usr/sbin:/usr/bin:/sbin:/bin:/usr/games:/usr/local/games:/snap/bin
l1-smoke	Install dependencies	2025-09-27T21:25:37.3455448Z   OPAMCLI: 2.0
l1-smoke	Install dependencies	2025-09-27T21:25:37.3455633Z   OPAMCOLOR: always
l1-smoke	Install dependencies	2025-09-27T21:25:37.3455829Z   OPAMERRLOGLEN: 0
l1-smoke	Install dependencies	2025-09-27T21:25:37.3456001Z   OPAMJOBS: 4
l1-smoke	Install dependencies	2025-09-27T21:25:37.3456218Z   OPAMPRECISETRACKING: 1
l1-smoke	Install dependencies	2025-09-27T21:25:37.3456425Z   OPAMSOLVERTIMEOUT: 1000
l1-smoke	Install dependencies	2025-09-27T21:25:37.3456612Z   OPAMYES: 1
l1-smoke	Install dependencies	2025-09-27T21:25:37.3456775Z   CLICOLOR_FORCE: 1
l1-smoke	Install dependencies	2025-09-27T21:25:37.3456943Z ##[endgroup]
l1-smoke	Install dependencies	2025-09-27T21:25:37.4462582Z Get:1 file:/etc/apt/apt-mirrors.txt Mirrorlist [144 B]
l1-smoke	Install dependencies	2025-09-27T21:25:37.4786619Z Hit:6 https://packages.microsoft.com/repos/azure-cli noble InRelease
l1-smoke	Install dependencies	2025-09-27T21:25:37.4790431Z Hit:7 https://packages.microsoft.com/ubuntu/24.04/prod noble InRelease
l1-smoke	Install dependencies	2025-09-27T21:25:37.5304592Z Hit:2 http://azure.archive.ubuntu.com/ubuntu noble InRelease
l1-smoke	Install dependencies	2025-09-27T21:25:37.5320651Z Hit:3 http://azure.archive.ubuntu.com/ubuntu noble-updates InRelease
l1-smoke	Install dependencies	2025-09-27T21:25:37.5324575Z Hit:4 http://azure.archive.ubuntu.com/ubuntu noble-backports InRelease
l1-smoke	Install dependencies	2025-09-27T21:25:37.5329870Z Hit:5 http://azure.archive.ubuntu.com/ubuntu noble-security InRelease
l1-smoke	Install dependencies	2025-09-27T21:25:38.8607729Z Reading package lists...
l1-smoke	Install dependencies	2025-09-27T21:25:38.8987097Z Reading package lists...
l1-smoke	Install dependencies	2025-09-27T21:25:39.1565953Z Building dependency tree...
l1-smoke	Install dependencies	2025-09-27T21:25:39.1575585Z Reading state information...
l1-smoke	Install dependencies	2025-09-27T21:25:39.5529170Z jq is already the newest version (1.7.1-3ubuntu0.24.04.1).
l1-smoke	Install dependencies	2025-09-27T21:25:39.5530261Z 0 upgraded, 0 newly installed, 0 to remove and 17 not upgraded.
l1-smoke	Install dependencies	2025-09-27T21:25:39.6093512Z [31m[ERROR][0m Repository default is already set up and points to git+https://github.com/ocaml/opam-repository.git. To change that, use 'opam repository set-url default https://opam.ocaml.org'.
l1-smoke	Install dependencies	2025-09-27T21:25:39.8575822Z [1;34m[NOTE][0m latex-perfectionist.dev has previously been updated with --working-dir, not resetting unless explicitly selected
l1-smoke	Install dependencies	2025-09-27T21:25:39.8576501Z 
l1-smoke	Install dependencies	2025-09-27T21:25:39.8576906Z [36m<><>[0m [01mUpdating package repositories[0m [36m><><><><><><><><><><><><><><><><><><><><><><>[0m
l1-smoke	Install dependencies	2025-09-27T21:25:43.7689013Z [[32mdefault[0m] no changes from git+https://github.com/ocaml/opam-repository.git
l1-smoke	Install dependencies	2025-09-27T21:25:55.6054911Z [1;34m[NOTE][0m Ignoring uncommitted changes in /home/runner/work/latex_perf/latex_perf (`--working-dir' not active).
l1-smoke	Install dependencies	2025-09-27T21:25:55.7573230Z [[32mlatex-perfectionist.dev[0m] synchronised (git+file:///home/runner/work/latex_perf/latex_perf#HEAD)
l1-smoke	Install dependencies	2025-09-27T21:26:00.6217862Z The following actions will be performed:
l1-smoke	Install dependencies	2025-09-27T21:26:00.6220578Z   [32mâ[0m install [01mocamlbuild[0m          0.16.1
l1-smoke	Install dependencies	2025-09-27T21:26:00.6221471Z   [32mâ[0m install [01mconf-gmp[0m            5
l1-smoke	Install dependencies	2025-09-27T21:26:00.6222302Z   [32mâ[0m install [01mconf-pkg-config[0m     4
l1-smoke	Install dependencies	2025-09-27T21:26:00.6223235Z   [32mâ[0m install [01mocamlfind[0m           1.9.8
l1-smoke	Install dependencies	2025-09-27T21:26:00.6224083Z   [32mâ[0m install [01mdune[0m                3.20.2
l1-smoke	Install dependencies	2025-09-27T21:26:00.6225587Z   [32mâ[0m install [01mzarith[0m              1.14
l1-smoke	Install dependencies	2025-09-27T21:26:00.6226396Z   [32mâ[0m install [01mtopkg[0m               1.1.0
l1-smoke	Install dependencies	2025-09-27T21:26:00.6227177Z   [32mâ[0m install [01myojson[0m              3.0.0
l1-smoke	Install dependencies	2025-09-27T21:26:00.6227868Z   [32mâ[0m install [01mstdlib-shims[0m        0.3.0
l1-smoke	Install dependencies	2025-09-27T21:26:00.6229029Z   [32mâ[0m install [01msexplib0[0m            v0.17.0
l1-smoke	Install dependencies	2025-09-27T21:26:00.6229570Z   [32mâ[0m install [01mppx_derivers[0m        1.2.1
l1-smoke	Install dependencies	2025-09-27T21:26:00.6230219Z   [32mâ[0m install [01mocaml-syntax-shims[0m  1.0.0
l1-smoke	Install dependencies	2025-09-27T21:26:00.6230826Z   [32mâ[0m install [01mocaml-compiler-libs[0m v0.12.4
l1-smoke	Install dependencies	2025-09-27T21:26:00.6231437Z   [32mâ[0m install [01mcsexp[0m               1.5.2
l1-smoke	Install dependencies	2025-09-27T21:26:00.6232002Z   [32mâ[0m install [01mcppo[0m                1.8.0
l1-smoke	Install dependencies	2025-09-27T21:26:00.6232576Z   [32mâ[0m install [01mcoq-core[0m            8.18.0
l1-smoke	Install dependencies	2025-09-27T21:26:00.6233154Z   [32mâ[0m install [01muutf[0m                1.0.4
l1-smoke	Install dependencies	2025-09-27T21:26:00.6233761Z   [32mâ[0m install [01mppxlib[0m              0.36.0
l1-smoke	Install dependencies	2025-09-27T21:26:00.6234344Z   [32mâ[0m install [01mdune-configurator[0m   3.20.2
l1-smoke	Install dependencies	2025-09-27T21:26:00.6234933Z   [32mâ[0m install [01mcoqide-server[0m       8.18.0
l1-smoke	Install dependencies	2025-09-27T21:26:00.6235479Z   [32mâ[0m install [01mcoq-stdlib[0m          8.18.0
l1-smoke	Install dependencies	2025-09-27T21:26:00.6236043Z   [32mâ[0m install [01mppx_deriving[0m        6.1.1
l1-smoke	Install dependencies	2025-09-27T21:26:00.6236614Z   [32mâ[0m install [01mbigstringaf[0m         0.10.0
l1-smoke	Install dependencies	2025-09-27T21:26:00.6237188Z   [32mâ[0m install [01mcoq[0m                 8.18.0
l1-smoke	Install dependencies	2025-09-27T21:26:00.6237756Z   [32mâ[0m install [01mangstrom[0m            0.16.1
l1-smoke	Install dependencies	2025-09-27T21:26:00.6238272Z ===== [32mâ[0m 25 =====
l1-smoke	Install dependencies	2025-09-27T21:26:00.6244985Z 
l1-smoke	Install dependencies	2025-09-27T21:26:00.6245561Z [36m<><>[0m [01mProcessing actions[0m [36m<><><><><><><><><><><><><><><><><><><><><><><><><><><><>[0m
l1-smoke	Install dependencies	2025-09-27T21:26:00.7189375Z [36mâ¬[0m retrieved [01mconf-gmp[0m.5  (https://raw.githubusercontent.com/ocaml/opam-source-archives/main/patches/conf-gmp/test.c.4)
l1-smoke	Install dependencies	2025-09-27T21:26:03.2196033Z [32mâ[0m installed [01mconf-gmp[0m.5
l1-smoke	Install dependencies	2025-09-27T21:26:03.2340647Z [32mâ[0m installed [01mconf-pkg-config[0m.4
l1-smoke	Install dependencies	2025-09-27T21:26:03.2476719Z [36mâ¬[0m retrieved [01mangstrom[0m.0.16.1  (https://github.com/inhabitedtype/angstrom/archive/0.16.1.tar.gz)
l1-smoke	Install dependencies	2025-09-27T21:26:03.2908753Z [36mâ¬[0m retrieved [01mbigstringaf[0m.0.10.0  (https://github.com/inhabitedtype/bigstringaf/archive/0.10.0.tar.gz)
l1-smoke	Install dependencies	2025-09-27T21:26:04.1455064Z [36mâ¬[0m retrieved [01mcoq[0m.8.18.0  (https://github.com/coq/coq/releases/download/V8.18.0/coq-8.18.0.tar.gz)
l1-smoke	Install dependencies	2025-09-27T21:26:04.6532221Z [36mâ¬[0m retrieved [01mcoq-core[0m.8.18.0  (cached)
l1-smoke	Install dependencies	2025-09-27T21:26:05.0310983Z [36mâ¬[0m retrieved [01mcoq-stdlib[0m.8.18.0  (cached)
l1-smoke	Install dependencies	2025-09-27T21:26:05.4111154Z [36mâ¬[0m retrieved [01mcoqide-server[0m.8.18.0  (cached)
l1-smoke	Install dependencies	2025-09-27T21:26:05.4498813Z [36mâ¬[0m retrieved [01mcppo[0m.1.8.0  (https://github.com/ocaml-community/cppo/archive/v1.8.0.tar.gz)
l1-smoke	Install dependencies	2025-09-27T21:26:05.4639487Z [36mâ¬[0m retrieved [01mcsexp[0m.1.5.2  (https://github.com/ocaml-dune/csexp/releases/download/1.5.2/csexp-1.5.2.tbz)
l1-smoke	Install dependencies	2025-09-27T21:26:05.7955383Z [36mâ¬[0m retrieved [01mocaml-compiler-libs[0m.v0.12.4  (https://github.com/janestreet/ocaml-compiler-libs/releases/download/v0.12.4/ocaml-compiler-libs-v0.12.4.tbz)
l1-smoke	Install dependencies	2025-09-27T21:26:06.1446195Z [36mâ¬[0m retrieved [01mocaml-syntax-shims[0m.1.0.0  (https://github.com/ocaml-ppx/ocaml-syntax-shims/releases/download/1.0.0/ocaml-syntax-shims-1.0.0.tbz)
l1-smoke	Install dependencies	2025-09-27T21:26:06.8132042Z [36mâ¬[0m retrieved [01mocamlbuild[0m.0.16.1  (https://github.com/ocaml/ocamlbuild/archive/refs/tags/0.16.1.tar.gz)
l1-smoke	Install dependencies	2025-09-27T21:26:07.5005892Z [36mâ¬[0m retrieved [01mdune-configurator[0m.3.20.2  (https://github.com/ocaml/dune/releases/download/3.20.2/dune-3.20.2.tbz)
l1-smoke	Install dependencies	2025-09-27T21:26:08.0644372Z [36mâ¬[0m retrieved [01mdune[0m.3.20.2  (https://github.com/ocaml/dune/releases/download/3.20.2/dune-3.20.2.tbz)
l1-smoke	Install dependencies	2025-09-27T21:26:08.5656777Z [36mâ¬[0m retrieved [01mocamlfind[0m.1.9.8  (https://github.com/ocaml/ocamlfind/archive/refs/tags/findlib-1.9.8.tar.gz)
l1-smoke	Install dependencies	2025-09-27T21:26:08.5901023Z [36mâ¬[0m retrieved [01mppx_derivers[0m.1.2.1  (https://github.com/ocaml-ppx/ppx_derivers/archive/1.2.1.tar.gz)
l1-smoke	Install dependencies	2025-09-27T21:26:08.6130274Z [36mâ¬[0m retrieved [01mppx_deriving[0m.6.1.1  (https://github.com/ocaml-ppx/ppx_deriving/releases/download/v6.1.1/ppx_deriving-6.1.1.tar.gz)
l1-smoke	Install dependencies	2025-09-27T21:26:09.0183356Z [36mâ¬[0m retrieved [01mstdlib-shims[0m.0.3.0  (https://github.com/ocaml/stdlib-shims/releases/download/0.3.0/stdlib-shims-0.3.0.tbz)
l1-smoke	Install dependencies	2025-09-27T21:26:09.1093126Z [36mâ¬[0m retrieved [01msexplib0[0m.v0.17.0  (https://github.com/janestreet/sexplib0/archive/refs/tags/v0.17.0.tar.gz)
l1-smoke	Install dependencies	2025-09-27T21:26:09.2003886Z [36mâ¬[0m retrieved [01mppxlib[0m.0.36.0  (https://github.com/ocaml-ppx/ppxlib/releases/download/0.36.0/ppxlib-0.36.0.tbz)
l1-smoke	Install dependencies	2025-09-27T21:26:09.6579317Z [36mâ¬[0m retrieved [01myojson[0m.3.0.0  (https://github.com/ocaml-community/yojson/releases/download/3.0.0/yojson-3.0.0.tbz)
l1-smoke	Install dependencies	2025-09-27T21:26:10.1903711Z [36mâ¬[0m retrieved [01muutf[0m.1.0.4  (https://erratique.ch/software/uutf/releases/uutf-1.0.4.tbz)
l1-smoke	Install dependencies	2025-09-27T21:26:10.2948998Z [36mâ¬[0m retrieved [01mzarith[0m.1.14  (https://github.com/ocaml/Zarith/archive/release-1.14.tar.gz)
l1-smoke	Install dependencies	2025-09-27T21:26:10.3576957Z [36mâ¬[0m retrieved [01mtopkg[0m.1.1.0  (https://erratique.ch/software/topkg/releases/topkg-1.1.0.tbz)
l1-smoke	Install dependencies	2025-09-27T21:26:11.7235466Z [32mâ[0m installed [01mocamlbuild[0m.0.16.1
l1-smoke	Install dependencies	2025-09-27T21:26:13.1444086Z [32mâ[0m installed [01mocamlfind[0m.1.9.8
l1-smoke	Install dependencies	2025-09-27T21:26:17.7627627Z [32mâ[0m installed [01mzarith[0m.1.14
l1-smoke	Install dependencies	2025-09-27T21:26:20.3250077Z [32mâ[0m installed [01mtopkg[0m.1.1.0
l1-smoke	Install dependencies	2025-09-27T21:26:21.0774625Z [32mâ[0m installed [01muutf[0m.1.0.4
l1-smoke	Install dependencies	2025-09-27T21:26:38.7649021Z [32mâ[0m installed [01mdune[0m.3.20.2
l1-smoke	Install dependencies	2025-09-27T21:26:39.4513988Z [32mâ[0m installed [01mcsexp[0m.1.5.2
l1-smoke	Install dependencies	2025-09-27T21:26:41.0091683Z [32mâ[0m installed [01mocaml-compiler-libs[0m.v0.12.4
l1-smoke	Install dependencies	2025-09-27T21:26:41.0469847Z [32mâ[0m installed [01mcppo[0m.1.8.0
l1-smoke	Install dependencies	2025-09-27T21:26:41.0934712Z [32mâ[0m installed [01mocaml-syntax-shims[0m.1.0.0
l1-smoke	Install dependencies	2025-09-27T21:26:41.3445447Z [32mâ[0m installed [01mppx_derivers[0m.1.2.1
l1-smoke	Install dependencies	2025-09-27T21:26:41.6710349Z [32mâ[0m installed [01mstdlib-shims[0m.0.3.0
l1-smoke	Install dependencies	2025-09-27T21:26:42.0743343Z [32mâ[0m installed [01msexplib0[0m.v0.17.0
l1-smoke	Install dependencies	2025-09-27T21:26:44.4240159Z [32mâ[0m installed [01mdune-configurator[0m.3.20.2
l1-smoke	Install dependencies	2025-09-27T21:26:45.0720360Z [32mâ[0m installed [01myojson[0m.3.0.0
l1-smoke	Install dependencies	2025-09-27T21:26:45.4370503Z [32mâ[0m installed [01mbigstringaf[0m.0.10.0
l1-smoke	Install dependencies	2025-09-27T21:26:46.4804559Z [32mâ[0m installed [01mangstrom[0m.0.16.1
l1-smoke	Install dependencies	2025-09-27T21:27:11.3830707Z [32mâ[0m installed [01mppxlib[0m.0.36.0
l1-smoke	Install dependencies	2025-09-27T21:27:17.5068987Z [32mâ[0m installed [01mppx_deriving[0m.6.1.1
l1-smoke	Install dependencies	2025-09-27T21:27:43.8330802Z [32mâ[0m installed [01mcoq-core[0m.8.18.0
l1-smoke	Install dependencies	2025-09-27T21:27:47.5416544Z [32mâ[0m installed [01mcoqide-server[0m.8.18.0
l1-smoke	Install dependencies	2025-09-27T21:30:14.3523530Z [32mâ[0m installed [01mcoq-stdlib[0m.8.18.0
l1-smoke	Install dependencies	2025-09-27T21:30:14.7557915Z [32mâ[0m installed [01mcoq[0m.8.18.0
l1-smoke	Install dependencies	2025-09-27T21:30:16.7017349Z Done.
l1-smoke	Install dependencies	2025-09-27T21:30:16.7026269Z # Run [01meval $(opam env)[0m to update the current shell environment
l1-smoke	Build service and REST	ï»¿2025-09-27T21:30:17.9238157Z ##[group]Run opam exec -- dune build latex-parse/src/main_service.exe latex-parse/src/rest_api_server.exe
l1-smoke	Build service and REST	2025-09-27T21:30:17.9239359Z [36;1mopam exec -- dune build latex-parse/src/main_service.exe latex-parse/src/rest_api_server.exe[0m
l1-smoke	Build service and REST	2025-09-27T21:30:17.9272538Z shell: /usr/bin/bash -e {0}
l1-smoke	Build service and REST	2025-09-27T21:30:17.9272788Z env:
l1-smoke	Build service and REST	2025-09-27T21:30:17.9273852Z   PATH: /home/runner/.github-tools:/snap/bin:/home/runner/.local/bin:/opt/pipx_bin:/home/runner/.cargo/bin:/home/runner/.config/composer/vendor/bin:/usr/local/.ghcup/bin:/home/runner/.dotnet/tools:/usr/local/sbin:/usr/local/bin:/usr/sbin:/usr/bin:/sbin:/bin:/usr/games:/usr/local/games:/snap/bin
l1-smoke	Build service and REST	2025-09-27T21:30:17.9274992Z   OPAMCLI: 2.0
l1-smoke	Build service and REST	2025-09-27T21:30:17.9275167Z   OPAMCOLOR: always
l1-smoke	Build service and REST	2025-09-27T21:30:17.9275613Z   OPAMERRLOGLEN: 0
l1-smoke	Build service and REST	2025-09-27T21:30:17.9275795Z   OPAMJOBS: 4
l1-smoke	Build service and REST	2025-09-27T21:30:17.9275980Z   OPAMPRECISETRACKING: 1
l1-smoke	Build service and REST	2025-09-27T21:30:17.9276197Z   OPAMSOLVERTIMEOUT: 1000
l1-smoke	Build service and REST	2025-09-27T21:30:17.9276394Z   OPAMYES: 1
l1-smoke	Build service and REST	2025-09-27T21:30:17.9276563Z   CLICOLOR_FORCE: 1
l1-smoke	Build service and REST	2025-09-27T21:30:17.9276786Z ##[endgroup]
l1-smoke	Build service and REST	2025-09-27T21:30:18.3608636Z [2m(cd _build/default/latex-parse/src && /usr/bin/gcc -O2 -fno-strict-aliasing -fwrapv -pthread -fPIC -D_FILE_OFFSET_BITS=64 -Wall -fdiagnostics-color=always -g -I /home/runner/work/latex_perf/latex_perf/_opam/lib/ocaml -I /home/runner/work/latex_perf/latex_perf/_opam/lib/ocaml/threads -I /home/runner/work/latex_perf/latex_perf/_opam/lib/uutf -o simd_tokenizer_fixed.o -c simd_tokenizer_fixed.c)[0m
l1-smoke	Build service and REST	2025-09-27T21:30:18.3611784Z [1msimd_tokenizer_fixed.c:283:15:[0m [1;35mwarning: [0mâ[1mfind_next_special_neon[0mâ defined but not used [[1;35m-Wunused-function[0m]
l1-smoke	Build service and REST	2025-09-27T21:30:18.3613190Z   283 | static size_t [1;35mfind_next_special_neon[0m(const uint8_t *input, size_t start, size_t len) {
l1-smoke	Build service and REST	2025-09-27T21:30:18.3614414Z       |               [1;35m^~~~~~~~~~~~~~~~~~~~~~[0m
l1-smoke	Build service and REST	2025-09-27T21:30:18.4219273Z [2m(cd _build/default/latex-parse/src && /usr/bin/gcc -O2 -fno-strict-aliasing -fwrapv -pthread -fPIC -D_FILE_OFFSET_BITS=64 -Wall -fdiagnostics-color=always -g -I /home/runner/work/latex_perf/latex_perf/_opam/lib/ocaml -I /home/runner/work/latex_perf/latex_perf/_opam/lib/ocaml/threads -I /home/runner/work/latex_perf/latex_perf/_opam/lib/uutf -o xxh64_simd_stubs.o -c xxh64_simd_stubs.c)[0m
l1-smoke	Build service and REST	2025-09-27T21:30:18.4246627Z [1mxxh64_simd_stubs.c:[0m In function â[1mocaml_xxh64_simd[0mâ:
l1-smoke	Build service and REST	2025-09-27T21:30:18.4250339Z [1mxxh64_simd_stubs.c:118:7:[0m [1;35mwarning: [0mvariable â[1mhas_simd[0mâ set but not used [[1;35m-Wunused-but-set-variable[0m]
l1-smoke	Build service and REST	2025-09-27T21:30:18.4254958Z   118 |   int [1;35mhas_simd[0m = 0;
l1-smoke	Build service and REST	2025-09-27T21:30:18.4255449Z       |       [1;35m^~~~~~~~[0m
l1-smoke	Run service and REST	ï»¿2025-09-27T21:30:19.0534452Z ##[group]Run rm -f /tmp/l0_lex_svc.sock
l1-smoke	Run service and REST	2025-09-27T21:30:19.0534800Z [36;1mrm -f /tmp/l0_lex_svc.sock[0m
l1-smoke	Run service and REST	2025-09-27T21:30:19.0535144Z [36;1mopam exec -- ./_build/default/latex-parse/src/main_service.exe &[0m
l1-smoke	Run service and REST	2025-09-27T21:30:19.0535474Z [36;1msleep 0.5[0m
l1-smoke	Run service and REST	2025-09-27T21:30:19.0535807Z [36;1mopam exec -- ./_build/default/latex-parse/src/rest_api_server.exe -p 8080 &[0m
l1-smoke	Run service and REST	2025-09-27T21:30:19.0536191Z [36;1msleep 0.5[0m
l1-smoke	Run service and REST	2025-09-27T21:30:19.0568613Z shell: /usr/bin/bash -e {0}
l1-smoke	Run service and REST	2025-09-27T21:30:19.0568863Z env:
l1-smoke	Run service and REST	2025-09-27T21:30:19.0569853Z   PATH: /home/runner/.github-tools:/snap/bin:/home/runner/.local/bin:/opt/pipx_bin:/home/runner/.cargo/bin:/home/runner/.config/composer/vendor/bin:/usr/local/.ghcup/bin:/home/runner/.dotnet/tools:/usr/local/sbin:/usr/local/bin:/usr/sbin:/usr/bin:/sbin:/bin:/usr/games:/usr/local/games:/snap/bin
l1-smoke	Run service and REST	2025-09-27T21:30:19.0570887Z   OPAMCLI: 2.0
l1-smoke	Run service and REST	2025-09-27T21:30:19.0571084Z   OPAMCOLOR: always
l1-smoke	Run service and REST	2025-09-27T21:30:19.0571262Z   OPAMERRLOGLEN: 0
l1-smoke	Run service and REST	2025-09-27T21:30:19.0571451Z   OPAMJOBS: 4
l1-smoke	Run service and REST	2025-09-27T21:30:19.0571667Z   OPAMPRECISETRACKING: 1
l1-smoke	Run service and REST	2025-09-27T21:30:19.0571894Z   OPAMSOLVERTIMEOUT: 1000
l1-smoke	Run service and REST	2025-09-27T21:30:19.0572085Z   OPAMYES: 1
l1-smoke	Run service and REST	2025-09-27T21:30:19.0572251Z   CLICOLOR_FORCE: 1
l1-smoke	Run service and REST	2025-09-27T21:30:19.0572423Z ##[endgroup]
l1-smoke	Run service and REST	2025-09-27T21:30:19.0795444Z [svc] listening at /tmp/l0_lex_svc.sock
l1-smoke	Run service and REST	2025-09-27T21:30:19.5825464Z Connected to SIMD service at /tmp/l0_lex_svc.sock
l1-smoke	Run service and REST	2025-09-27T21:30:19.5826448Z REST API Server listening on port 8080
l1-smoke	Run service and REST	2025-09-27T21:30:19.5827175Z Endpoints:
l1-smoke	Run service and REST	2025-09-27T21:30:19.5827661Z   POST /tokenize - Tokenize LaTeX content
l1-smoke	Run service and REST	2025-09-27T21:30:19.5828115Z   GET /health   - Health check
l1-smoke	Run service and REST	2025-09-27T21:30:19.5828861Z   GET /metrics  - Prometheus metrics
l1-smoke	Run service and REST	2025-09-27T21:30:19.5829140Z 
l1-smoke	L1 smokes	ï»¿2025-09-27T21:30:25.0726302Z ##[group]Run bash scripts/smoke_rules_l1.sh
l1-smoke	L1 smokes	2025-09-27T21:30:25.0726654Z [36;1mbash scripts/smoke_rules_l1.sh[0m
l1-smoke	L1 smokes	2025-09-27T21:30:25.0758985Z shell: /usr/bin/bash -e {0}
l1-smoke	L1 smokes	2025-09-27T21:30:25.0759227Z env:
l1-smoke	L1 smokes	2025-09-27T21:30:25.0760284Z   PATH: /home/runner/.github-tools:/snap/bin:/home/runner/.local/bin:/opt/pipx_bin:/home/runner/.cargo/bin:/home/runner/.config/composer/vendor/bin:/usr/local/.ghcup/bin:/home/runner/.dotnet/tools:/usr/local/sbin:/usr/local/bin:/usr/sbin:/usr/bin:/sbin:/bin:/usr/games:/usr/local/games:/snap/bin
l1-smoke	L1 smokes	2025-09-27T21:30:25.0761608Z   OPAMCLI: 2.0
l1-smoke	L1 smokes	2025-09-27T21:30:25.0761786Z   OPAMCOLOR: always
l1-smoke	L1 smokes	2025-09-27T21:30:25.0761977Z   OPAMERRLOGLEN: 0
l1-smoke	L1 smokes	2025-09-27T21:30:25.0762154Z   OPAMJOBS: 4
l1-smoke	L1 smokes	2025-09-27T21:30:25.0762335Z   OPAMPRECISETRACKING: 1
l1-smoke	L1 smokes	2025-09-27T21:30:25.0762543Z   OPAMSOLVERTIMEOUT: 1000
l1-smoke	L1 smokes	2025-09-27T21:30:25.0762744Z   OPAMYES: 1
l1-smoke	L1 smokes	2025-09-27T21:30:25.0762919Z   CLICOLOR_FORCE: 1
l1-smoke	L1 smokes	2025-09-27T21:30:25.0763098Z ##[endgroup]
l1-smoke	L1 smokes	2025-09-27T21:30:25.0863547Z awk: cmd. line:21: warning: regexp escape sequence `\"' is not a known regexp operator
l1-smoke	L1 smokes	2025-09-27T21:30:25.1137715Z [l1-smoke] FAIL: corpora/l1/CMD-001_deprecated_after_expansion.tex expected:[CMD-001] forbid:[] messages:[;] got: MOD-001 
l1-smoke	L1 smokes	2025-09-27T21:30:25.1375794Z [l1-smoke] FAIL: corpora/l1/CMD-003_deep_sectioning.tex expected:[CMD-003] forbid:[] messages:[;] got:  
l1-smoke	L1 smokes	2025-09-27T21:30:25.1586899Z [l1-smoke] PASS: corpora/l1/MOD-001_mixed_bf_textbf.tex -> expect:[MOD-001] forbid:[] messages:[;]
l1-smoke	L1 smokes	2025-09-27T21:30:25.1796203Z [l1-smoke] PASS: corpora/l1/EXP-001_incomplete_expansion.tex -> expect:[EXP-001] forbid:[] messages:[;]
l1-smoke	L1 smokes	2025-09-27T21:30:25.2027663Z [l1-smoke] PASS: corpora/l1/MOD-002_mixed_bf_textbf_para.tex -> expect:[MOD-002 EXP-001] forbid:[] messages:[;]
l1-smoke	L1 smokes	2025-09-27T21:30:25.2235178Z [l1-smoke] PASS: corpora/l1/MOD-003_mixed_it_textit_para.tex -> expect:[MOD-003] forbid:[] messages:[;]
l1-smoke	L1 smokes	2025-09-27T21:30:25.2441243Z [l1-smoke] PASS: corpora/l1/MOD-004_mixed_rm_textrm_para.tex -> expect:[MOD-004] forbid:[] messages:[;]
l1-smoke	L1 smokes	2025-09-27T21:30:25.2646156Z [l1-smoke] PASS: corpora/l1/MOD-005_mixed_tt_texttt_para.tex -> expect:[MOD-005] forbid:[] messages:[;]
l1-smoke	L1 smokes	2025-09-27T21:30:25.2864614Z [l1-smoke] PASS: corpora/l1/MOD-006_mixed_sf_textsf_para.tex -> expect:[MOD-006] forbid:[] messages:[;]
l1-smoke	L1 smokes	2025-09-27T21:30:25.3106918Z [l1-smoke] PASS: corpora/l1/MOD-007_mixed_sc_textsc_para.tex -> expect:[MOD-007] forbid:[] messages:[;]
l1-smoke	L1 smokes	2025-09-27T21:30:25.3333087Z [l1-smoke] FAIL: corpora/l1/MOD-008_mixed_bfseries_textbf_para.tex expected:[MOD-008] forbid:[] messages:[;] got: EXP-001 
l1-smoke	L1 smokes	2025-09-27T21:30:25.3541721Z [l1-smoke] PASS: corpora/l1/MOD-009_mixed_itshape_textit_para.tex -> expect:[MOD-009] forbid:[] messages:[;]
l1-smoke	L1 smokes	2025-09-27T21:30:25.3752240Z [l1-smoke] PASS: corpora/l1/MOD-010_mixed_sffamily_textsf_para.tex -> expect:[MOD-010] forbid:[] messages:[;]
l1-smoke	L1 smokes	2025-09-27T21:30:25.3980228Z [l1-smoke] PASS: corpora/l1/MOD-011_mixed_ttfamily_texttt_para.tex -> expect:[MOD-011] forbid:[] messages:[;]
l1-smoke	L1 smokes	2025-09-27T21:30:25.4224276Z [l1-smoke] PASS: corpora/l1/MOD-012_mixed_rmfamily_textrm_para.tex -> expect:[MOD-012] forbid:[] messages:[;]
l1-smoke	L1 smokes	2025-09-27T21:30:25.4472931Z [l1-smoke] PASS: corpora/l1/MOD-013_mixed_scshape_textsc_para.tex -> expect:[MOD-013] forbid:[] messages:[;]
l1-smoke	L1 smokes	2025-09-27T21:30:25.4694826Z [l1-smoke] PASS: corpora/l1/MOD-002_paragraph_separated_bf_textbf.tex -> expect:[] forbid:[MOD-002] messages:[;]
l1-smoke	L1 smokes	2025-09-27T21:30:25.4914971Z [l1-smoke] PASS: corpora/l1/MOD-003_paragraph_separated_it_textit.tex -> expect:[] forbid:[MOD-003] messages:[;]
l1-smoke	L1 smokes	2025-09-27T21:30:25.5135617Z [l1-smoke] PASS: corpora/l1/MOD-004_paragraph_separated_rm_textrm.tex -> expect:[] forbid:[MOD-004] messages:[;]
l1-smoke	L1 smokes	2025-09-27T21:30:25.5348905Z [l1-smoke] PASS: corpora/l1/MOD-005_paragraph_separated_tt_texttt.tex -> expect:[] forbid:[MOD-005] messages:[;]
l1-smoke	L1 smokes	2025-09-27T21:30:25.5561440Z [l1-smoke] PASS: corpora/l1/MOD-006_paragraph_separated_sf_textsf.tex -> expect:[] forbid:[MOD-006] messages:[;]
l1-smoke	L1 smokes	2025-09-27T21:30:25.5767571Z [l1-smoke] PASS: corpora/l1/MOD-007_paragraph_separated_sc_textsc.tex -> expect:[] forbid:[MOD-007] messages:[;]
l1-smoke	L1 smokes	2025-09-27T21:30:25.6009496Z [l1-smoke] FAIL: corpora/l1/MOD-008_paragraph_separated_bfseries_textbf.tex expected:[MOD-020] forbid:[MOD-008] messages:[;] got: EXP-001 
l1-smoke	L1 smokes	2025-09-27T21:30:25.6242970Z [l1-smoke] PASS: corpora/l1/MOD-009_paragraph_separated_itshape_textit.tex -> expect:[MOD-021] forbid:[MOD-009] messages:[;]
l1-smoke	L1 smokes	2025-09-27T21:30:25.6477924Z [l1-smoke] PASS: corpora/l1/MOD-010_paragraph_separated_sffamily_textsf.tex -> expect:[MOD-023] forbid:[MOD-010] messages:[;]
l1-smoke	L1 smokes	2025-09-27T21:30:25.6762496Z [l1-smoke] PASS: corpora/l1/MOD-011_paragraph_separated_ttfamily_texttt.tex -> expect:[MOD-024] forbid:[MOD-011] messages:[;]
l1-smoke	L1 smokes	2025-09-27T21:30:25.7058779Z [l1-smoke] PASS: corpora/l1/MOD-012_paragraph_separated_rmfamily_textrm.tex -> expect:[MOD-022] forbid:[MOD-012] messages:[;]
l1-smoke	L1 smokes	2025-09-27T21:30:25.7274251Z [l1-smoke] PASS: corpora/l1/MOD-013_paragraph_separated_scshape_textsc.tex -> expect:[] forbid:[MOD-013] messages:[;]
l1-smoke	L1 smokes	2025-09-27T21:30:25.7275301Z [l1-smoke] Summary: pass=24 fail=4
l1-smoke	L1 smokes	2025-09-27T21:30:25.7283992Z ##[error]Process completed with exit code 1.
l1-smoke	Teardown	ï»¿2025-09-27T21:30:25.7314939Z ##[group]Run pkill -f rest_api_server || true
l1-smoke	Teardown	2025-09-27T21:30:25.7315297Z [36;1mpkill -f rest_api_server || true[0m
l1-smoke	Teardown	2025-09-27T21:30:25.7315566Z [36;1mpkill -f main_service || true[0m
l1-smoke	Teardown	2025-09-27T21:30:25.7347975Z shell: /usr/bin/bash -e {0}
l1-smoke	Teardown	2025-09-27T21:30:25.7348216Z env:
l1-smoke	Teardown	2025-09-27T21:30:25.7349444Z   PATH: /home/runner/.github-tools:/snap/bin:/home/runner/.local/bin:/opt/pipx_bin:/home/runner/.cargo/bin:/home/runner/.config/composer/vendor/bin:/usr/local/.ghcup/bin:/home/runner/.dotnet/tools:/usr/local/sbin:/usr/local/bin:/usr/sbin:/usr/bin:/sbin:/bin:/usr/games:/usr/local/games:/snap/bin
l1-smoke	Teardown	2025-09-27T21:30:25.7350528Z   OPAMCLI: 2.0
l1-smoke	Teardown	2025-09-27T21:30:25.7350715Z   OPAMCOLOR: always
l1-smoke	Teardown	2025-09-27T21:30:25.7350897Z   OPAMERRLOGLEN: 0
l1-smoke	Teardown	2025-09-27T21:30:25.7351081Z   OPAMJOBS: 4
l1-smoke	Teardown	2025-09-27T21:30:25.7351259Z   OPAMPRECISETRACKING: 1
l1-smoke	Teardown	2025-09-27T21:30:25.7351473Z   OPAMSOLVERTIMEOUT: 1000
l1-smoke	Teardown	2025-09-27T21:30:25.7351676Z   OPAMYES: 1
l1-smoke	Teardown	2025-09-27T21:30:25.7351836Z   CLICOLOR_FORCE: 1
l1-smoke	Teardown	2025-09-27T21:30:25.7352015Z ##[endgroup]
l1-smoke	Post Set up OCaml and OPAM	ï»¿2025-09-27T21:30:25.7736475Z Post job cleanup.
l1-smoke	Post Run actions/checkout@v4	ï»¿2025-09-27T21:30:25.7791578Z Post job cleanup.
l1-smoke	Post Run actions/checkout@v4	2025-09-27T21:30:25.8834776Z [command]/usr/bin/git version
l1-smoke	Post Run actions/checkout@v4	2025-09-27T21:30:25.8876931Z git version 2.51.0
l1-smoke	Post Run actions/checkout@v4	2025-09-27T21:30:25.8933028Z Temporarily overriding HOME='/home/runner/work/_temp/fac9a799-d881-4dad-94f4-5f3f16cc023b' before making global git config changes
l1-smoke	Post Run actions/checkout@v4	2025-09-27T21:30:25.8934577Z Adding repository directory to the temporary git global config as a safe directory
l1-smoke	Post Run actions/checkout@v4	2025-09-27T21:30:25.8940145Z [command]/usr/bin/git config --global --add safe.directory /home/runner/work/latex_perf/latex_perf
l1-smoke	Post Run actions/checkout@v4	2025-09-27T21:30:25.8982509Z [command]/usr/bin/git config --local --name-only --get-regexp core\.sshCommand
l1-smoke	Post Run actions/checkout@v4	2025-09-27T21:30:25.9020976Z [command]/usr/bin/git submodule foreach --recursive sh -c "git config --local --name-only --get-regexp 'core\.sshCommand' && git config --local --unset-all 'core.sshCommand' || :"
l1-smoke	Post Run actions/checkout@v4	2025-09-27T21:30:25.9266721Z [command]/usr/bin/git config --local --name-only --get-regexp http\.https\:\/\/github\.com\/\.extraheader
l1-smoke	Post Run actions/checkout@v4	2025-09-27T21:30:25.9293448Z http.https://github.com/.extraheader
l1-smoke	Post Run actions/checkout@v4	2025-09-27T21:30:25.9306823Z [command]/usr/bin/git config --local --unset-all http.https://github.com/.extraheader
l1-smoke	Post Run actions/checkout@v4	2025-09-27T21:30:25.9342299Z [command]/usr/bin/git submodule foreach --recursive sh -c "git config --local --name-only --get-regexp 'http\.https\:\/\/github\.com\/\.extraheader' && git config --local --unset-all 'http.https://github.com/.extraheader' || :"
l1-smoke	Complete job	ï»¿2025-09-27T21:30:25.9704208Z Cleaning up orphan processes
